[0.013s][info][gc,init] CardTable entry size: 512
[0.013s][info][gc     ] Using G1
[0.014s][info][gc,init] Version: 21.0.4+7-LTS (release)
[0.014s][info][gc,init] CPUs: 16 total, 16 available
[0.014s][info][gc,init] Memory: 16384M
[0.014s][info][gc,init] Large Page Support: Disabled
[0.014s][info][gc,init] NUMA Support: Disabled
[0.014s][info][gc,init] Compressed Oops: Enabled (Zero based)
[0.014s][info][gc,init] Heap Region Size: 2M
[0.014s][info][gc,init] Heap Min Capacity: 8M
[0.014s][info][gc,init] Heap Initial Capacity: 256M
[0.014s][info][gc,init] Heap Max Capacity: 4G
[0.014s][info][gc,init] Pre-touch: Disabled
[0.014s][info][gc,init] Parallel Workers: 13
[0.014s][info][gc,init] Concurrent Workers: 3
[0.014s][info][gc,init] Concurrent Refinement Workers: 13
[0.014s][info][gc,init] Periodic GC: Disabled
[0.022s][info][gc,metaspace] CDS archive(s) mapped at: [0x000000012f000000-0x000000012fca9000-0x000000012fca9000), size 13275136, SharedBaseAddress: 0x000000012f000000, ArchiveRelocationMode: 1.
[0.022s][info][gc,metaspace] Compressed class space mapped at: 0x0000000130000000-0x0000000170000000, reserved size: 1073741824
[0.022s][info][gc,metaspace] Narrow klass base: 0x000000012f000000, Narrow klass shift: 0, Narrow klass range: 0x100000000
[14.244s][info][gc,start    ] GC(0) Pause Full (System.gc())
[14.244s][info][gc,task     ] GC(0) Using 6 workers of 13 for full compaction
[14.244s][info][gc,phases,start] GC(0) Phase 1: Mark live objects
[14.247s][info][gc,phases      ] GC(0) Phase 1: Mark live objects 2.761ms
[14.247s][info][gc,phases,start] GC(0) Phase 2: Prepare compaction
[14.248s][info][gc,phases      ] GC(0) Phase 2: Prepare compaction 1.055ms
[14.248s][info][gc,phases,start] GC(0) Phase 3: Adjust pointers
[14.249s][info][gc,phases      ] GC(0) Phase 3: Adjust pointers 1.115ms
[14.249s][info][gc,phases,start] GC(0) Phase 4: Compact heap
[14.251s][info][gc,phases      ] GC(0) Phase 4: Compact heap 1.412ms
[14.251s][info][gc,phases,start] GC(0) Phase 5: Reset Metadata
[14.251s][info][gc,phases      ] GC(0) Phase 5: Reset Metadata 0.144ms
[14.253s][info][gc,heap        ] GC(0) Eden regions: 6->0(6)
[14.254s][info][gc,heap        ] GC(0) Survivor regions: 0->0(0)
[14.254s][info][gc,heap        ] GC(0) Old regions: 1->6
[14.254s][info][gc,heap        ] GC(0) Humongous regions: 0->0
[14.254s][info][gc,metaspace   ] GC(0) Metaspace: 9191K(9408K)->9191K(9408K) NonClass: 8170K(8256K)->8170K(8256K) Class: 1020K(1152K)->1020K(1152K)
[14.254s][info][gc             ] GC(0) Pause Full (System.gc()) 11M->2M(40M) 9.895ms
[14.254s][info][gc,cpu         ] GC(0) User=0.02s Sys=0.01s Real=0.01s
[14.283s][info][gc,start       ] GC(1) Pause Young (Normal) (G1 Evacuation Pause)
[14.283s][info][gc,task        ] GC(1) Using 13 workers of 13 for evacuation
[14.284s][info][gc,phases      ] GC(1)   Pre Evacuate Collection Set: 0.1ms
[14.284s][info][gc,phases      ] GC(1)   Merge Heap Roots: 0.1ms
[14.284s][info][gc,phases      ] GC(1)   Evacuate Collection Set: 0.6ms
[14.284s][info][gc,phases      ] GC(1)   Post Evacuate Collection Set: 0.2ms
[14.284s][info][gc,phases      ] GC(1)   Other: 0.5ms
[14.284s][info][gc,heap        ] GC(1) Eden regions: 6->0(7)
[14.284s][info][gc,heap        ] GC(1) Survivor regions: 0->1(1)
[14.284s][info][gc,heap        ] GC(1) Old regions: 6->6
[14.284s][info][gc,heap        ] GC(1) Humongous regions: 0->0
[14.284s][info][gc,metaspace   ] GC(1) Metaspace: 9376K(9600K)->9376K(9600K) NonClass: 8337K(8448K)->8337K(8448K) Class: 1039K(1152K)->1039K(1152K)
[14.284s][info][gc             ] GC(1) Pause Young (Normal) (G1 Evacuation Pause) 14M->3M(40M) 1.739ms
[14.284s][info][gc,cpu         ] GC(1) User=0.01s Sys=0.00s Real=0.00s
[14.303s][info][gc,start       ] GC(2) Pause Young (Normal) (G1 Evacuation Pause)
[14.303s][info][gc,task        ] GC(2) Using 12 workers of 13 for evacuation
[14.304s][info][gc,phases      ] GC(2)   Pre Evacuate Collection Set: 0.1ms
[14.304s][info][gc,phases      ] GC(2)   Merge Heap Roots: 0.1ms
[14.304s][info][gc,phases      ] GC(2)   Evacuate Collection Set: 0.6ms
[14.304s][info][gc,phases      ] GC(2)   Post Evacuate Collection Set: 0.2ms
[14.304s][info][gc,phases      ] GC(2)   Other: 0.1ms
[14.304s][info][gc,heap        ] GC(2) Eden regions: 7->0(11)
[14.304s][info][gc,heap        ] GC(2) Survivor regions: 1->1(1)
[14.304s][info][gc,heap        ] GC(2) Old regions: 6->6
[14.304s][info][gc,heap        ] GC(2) Humongous regions: 0->0
[14.304s][info][gc,metaspace   ] GC(2) Metaspace: 9381K(9600K)->9381K(9600K) NonClass: 8341K(8448K)->8341K(8448K) Class: 1039K(1152K)->1039K(1152K)
[14.304s][info][gc             ] GC(2) Pause Young (Normal) (G1 Evacuation Pause) 17M->3M(40M) 1.201ms
[14.304s][info][gc,cpu         ] GC(2) User=0.01s Sys=0.00s Real=0.00s
[14.330s][info][gc,start       ] GC(3) Pause Young (Normal) (G1 Evacuation Pause)
[14.330s][info][gc,task        ] GC(3) Using 11 workers of 13 for evacuation
[14.332s][info][gc,phases      ] GC(3)   Pre Evacuate Collection Set: 0.2ms
[14.332s][info][gc,phases      ] GC(3)   Merge Heap Roots: 0.1ms
[14.332s][info][gc,phases      ] GC(3)   Evacuate Collection Set: 0.7ms
[14.332s][info][gc,phases      ] GC(3)   Post Evacuate Collection Set: 0.3ms
[14.332s][info][gc,phases      ] GC(3)   Other: 0.1ms
[14.332s][info][gc,heap        ] GC(3) Eden regions: 11->0(11)
[14.332s][info][gc,heap        ] GC(3) Survivor regions: 1->1(2)
[14.332s][info][gc,heap        ] GC(3) Old regions: 6->6
[14.332s][info][gc,heap        ] GC(3) Humongous regions: 0->0
[14.332s][info][gc,metaspace   ] GC(3) Metaspace: 9387K(9600K)->9387K(9600K) NonClass: 8347K(8448K)->8347K(8448K) Class: 1039K(1152K)->1039K(1152K)
[14.332s][info][gc             ] GC(3) Pause Young (Normal) (G1 Evacuation Pause) 25M->3M(40M) 1.798ms
[14.332s][info][gc,cpu         ] GC(3) User=0.00s Sys=0.01s Real=0.00s
[14.341s][info][gc,start       ] GC(4) Pause Young (Normal) (G1 Evacuation Pause)
[14.341s][info][gc,task        ] GC(4) Using 9 workers of 13 for evacuation
[14.342s][info][gc,phases      ] GC(4)   Pre Evacuate Collection Set: 0.2ms
[14.342s][info][gc,phases      ] GC(4)   Merge Heap Roots: 0.1ms
[14.342s][info][gc,phases      ] GC(4)   Evacuate Collection Set: 0.4ms
[14.342s][info][gc,phases      ] GC(4)   Post Evacuate Collection Set: 0.2ms
[14.342s][info][gc,phases      ] GC(4)   Other: 0.0ms
[14.342s][info][gc,heap        ] GC(4) Eden regions: 11->0(11)
[14.342s][info][gc,heap        ] GC(4) Survivor regions: 1->1(2)
[14.342s][info][gc,heap        ] GC(4) Old regions: 6->6
[14.342s][info][gc,heap        ] GC(4) Humongous regions: 0->0
[14.342s][info][gc,metaspace   ] GC(4) Metaspace: 9389K(9600K)->9389K(9600K) NonClass: 8349K(8448K)->8349K(8448K) Class: 1039K(1152K)->1039K(1152K)
[14.342s][info][gc             ] GC(4) Pause Young (Normal) (G1 Evacuation Pause) 25M->3M(40M) 1.231ms
[14.342s][info][gc,cpu         ] GC(4) User=0.01s Sys=0.00s Real=0.00s
[14.348s][info][gc,start       ] GC(5) Pause Young (Normal) (G1 Evacuation Pause)
[14.349s][info][gc,task        ] GC(5) Using 8 workers of 13 for evacuation
[14.350s][info][gc,phases      ] GC(5)   Pre Evacuate Collection Set: 0.1ms
[14.350s][info][gc,phases      ] GC(5)   Merge Heap Roots: 0.1ms
[14.350s][info][gc,phases      ] GC(5)   Evacuate Collection Set: 0.3ms
[14.350s][info][gc,phases      ] GC(5)   Post Evacuate Collection Set: 0.5ms
[14.350s][info][gc,phases      ] GC(5)   Other: 0.1ms
[14.350s][info][gc,heap        ] GC(5) Eden regions: 11->0(43)
[14.350s][info][gc,heap        ] GC(5) Survivor regions: 1->1(2)
[14.350s][info][gc,heap        ] GC(5) Old regions: 6->6
[14.350s][info][gc,heap        ] GC(5) Humongous regions: 0->0
[14.350s][info][gc,metaspace   ] GC(5) Metaspace: 9389K(9600K)->9389K(9600K) NonClass: 8349K(8448K)->8349K(8448K) Class: 1039K(1152K)->1039K(1152K)
[14.350s][info][gc             ] GC(5) Pause Young (Normal) (G1 Evacuation Pause) 25M->3M(148M) 1.206ms
[14.350s][info][gc,cpu         ] GC(5) User=0.01s Sys=0.00s Real=0.00s
[14.409s][info][gc,start       ] GC(6) Pause Young (Normal) (G1 Evacuation Pause)
[14.409s][info][gc,task        ] GC(6) Using 8 workers of 13 for evacuation
[14.410s][info][gc,phases      ] GC(6)   Pre Evacuate Collection Set: 0.1ms
[14.410s][info][gc,phases      ] GC(6)   Merge Heap Roots: 0.1ms
[14.410s][info][gc,phases      ] GC(6)   Evacuate Collection Set: 0.5ms
[14.410s][info][gc,phases      ] GC(6)   Post Evacuate Collection Set: 0.2ms
[14.410s][info][gc,phases      ] GC(6)   Other: 0.1ms
[14.410s][info][gc,heap        ] GC(6) Eden regions: 43->0(43)
[14.410s][info][gc,heap        ] GC(6) Survivor regions: 1->1(6)
[14.410s][info][gc,heap        ] GC(6) Old regions: 6->6
[14.410s][info][gc,heap        ] GC(6) Humongous regions: 0->0
[14.410s][info][gc,metaspace   ] GC(6) Metaspace: 9389K(9600K)->9389K(9600K) NonClass: 8349K(8448K)->8349K(8448K) Class: 1039K(1152K)->1039K(1152K)
[14.410s][info][gc             ] GC(6) Pause Young (Normal) (G1 Evacuation Pause) 89M->3M(148M) 1.144ms
[14.410s][info][gc,cpu         ] GC(6) User=0.00s Sys=0.00s Real=0.01s
[14.428s][info][gc,start       ] GC(7) Pause Young (Normal) (G1 Evacuation Pause)
[14.428s][info][gc,task        ] GC(7) Using 8 workers of 13 for evacuation
[14.429s][info][gc,phases      ] GC(7)   Pre Evacuate Collection Set: 0.1ms
[14.429s][info][gc,phases      ] GC(7)   Merge Heap Roots: 0.1ms
[14.429s][info][gc,phases      ] GC(7)   Evacuate Collection Set: 0.4ms
[14.429s][info][gc,phases      ] GC(7)   Post Evacuate Collection Set: 0.2ms
[14.429s][info][gc,phases      ] GC(7)   Other: 0.0ms
[14.429s][info][gc,heap        ] GC(7) Eden regions: 43->0(43)
[14.429s][info][gc,heap        ] GC(7) Survivor regions: 1->1(6)
[14.429s][info][gc,heap        ] GC(7) Old regions: 6->6
[14.429s][info][gc,heap        ] GC(7) Humongous regions: 0->0
[14.429s][info][gc,metaspace   ] GC(7) Metaspace: 9389K(9600K)->9389K(9600K) NonClass: 8349K(8448K)->8349K(8448K) Class: 1039K(1152K)->1039K(1152K)
[14.429s][info][gc             ] GC(7) Pause Young (Normal) (G1 Evacuation Pause) 89M->3M(148M) 0.911ms
[14.429s][info][gc,cpu         ] GC(7) User=0.00s Sys=0.00s Real=0.00s
[14.452s][info][gc,start       ] GC(8) Pause Young (Normal) (G1 Evacuation Pause)
[14.452s][info][gc,task        ] GC(8) Using 8 workers of 13 for evacuation
[14.453s][info][gc,phases      ] GC(8)   Pre Evacuate Collection Set: 0.1ms
[14.453s][info][gc,phases      ] GC(8)   Merge Heap Roots: 0.1ms
[14.453s][info][gc,phases      ] GC(8)   Evacuate Collection Set: 0.3ms
[14.453s][info][gc,phases      ] GC(8)   Post Evacuate Collection Set: 0.4ms
[14.453s][info][gc,phases      ] GC(8)   Other: 0.1ms
[14.453s][info][gc,heap        ] GC(8) Eden regions: 43->0(43)
[14.453s][info][gc,heap        ] GC(8) Survivor regions: 1->1(6)
[14.453s][info][gc,heap        ] GC(8) Old regions: 6->6
[14.453s][info][gc,heap        ] GC(8) Humongous regions: 0->0
[14.453s][info][gc,metaspace   ] GC(8) Metaspace: 9389K(9600K)->9389K(9600K) NonClass: 8349K(8448K)->8349K(8448K) Class: 1039K(1152K)->1039K(1152K)
[14.453s][info][gc             ] GC(8) Pause Young (Normal) (G1 Evacuation Pause) 89M->3M(148M) 1.094ms
[14.453s][info][gc,cpu         ] GC(8) User=0.01s Sys=0.00s Real=0.00s
[14.470s][info][gc,start       ] GC(9) Pause Young (Normal) (G1 Evacuation Pause)
[14.470s][info][gc,task        ] GC(9) Using 8 workers of 13 for evacuation
[14.472s][info][gc,phases      ] GC(9)   Pre Evacuate Collection Set: 0.1ms
[14.472s][info][gc,phases      ] GC(9)   Merge Heap Roots: 0.1ms
[14.472s][info][gc,phases      ] GC(9)   Evacuate Collection Set: 0.3ms
[14.472s][info][gc,phases      ] GC(9)   Post Evacuate Collection Set: 0.6ms
[14.472s][info][gc,phases      ] GC(9)   Other: 0.1ms
[14.472s][info][gc,heap        ] GC(9) Eden regions: 43->0(70)
[14.472s][info][gc,heap        ] GC(9) Survivor regions: 1->1(6)
[14.472s][info][gc,heap        ] GC(9) Old regions: 6->6
[14.472s][info][gc,heap        ] GC(9) Humongous regions: 0->0
[14.472s][info][gc,metaspace   ] GC(9) Metaspace: 9389K(9600K)->9389K(9600K) NonClass: 8349K(8448K)->8349K(8448K) Class: 1039K(1152K)->1039K(1152K)
[14.472s][info][gc             ] GC(9) Pause Young (Normal) (G1 Evacuation Pause) 89M->3M(238M) 1.309ms
[14.472s][info][gc,cpu         ] GC(9) User=0.00s Sys=0.00s Real=0.00s
[14.532s][info][gc,start       ] GC(10) Pause Young (Normal) (G1 Evacuation Pause)
[14.532s][info][gc,task        ] GC(10) Using 8 workers of 13 for evacuation
[14.533s][info][gc,phases      ] GC(10)   Pre Evacuate Collection Set: 0.1ms
[14.533s][info][gc,phases      ] GC(10)   Merge Heap Roots: 0.1ms
[14.533s][info][gc,phases      ] GC(10)   Evacuate Collection Set: 0.4ms
[14.533s][info][gc,phases      ] GC(10)   Post Evacuate Collection Set: 0.5ms
[14.533s][info][gc,phases      ] GC(10)   Other: 0.0ms
[14.533s][info][gc,heap        ] GC(10) Eden regions: 70->0(70)
[14.533s][info][gc,heap        ] GC(10) Survivor regions: 1->1(9)
[14.533s][info][gc,heap        ] GC(10) Old regions: 6->6
[14.533s][info][gc,heap        ] GC(10) Humongous regions: 0->0
[14.533s][info][gc,metaspace   ] GC(10) Metaspace: 9389K(9600K)->9389K(9600K) NonClass: 8349K(8448K)->8349K(8448K) Class: 1039K(1152K)->1039K(1152K)
[14.533s][info][gc             ] GC(10) Pause Young (Normal) (G1 Evacuation Pause) 143M->3M(238M) 1.274ms
[14.533s][info][gc,cpu         ] GC(10) User=0.00s Sys=0.00s Real=0.00s
[14.560s][info][gc,start       ] GC(11) Pause Young (Normal) (G1 Evacuation Pause)
[14.560s][info][gc,task        ] GC(11) Using 8 workers of 13 for evacuation
[14.561s][info][gc,phases      ] GC(11)   Pre Evacuate Collection Set: 0.1ms
[14.561s][info][gc,phases      ] GC(11)   Merge Heap Roots: 0.1ms
[14.561s][info][gc,phases      ] GC(11)   Evacuate Collection Set: 0.3ms
[14.561s][info][gc,phases      ] GC(11)   Post Evacuate Collection Set: 0.4ms
[14.561s][info][gc,phases      ] GC(11)   Other: 0.1ms
[14.561s][info][gc,heap        ] GC(11) Eden regions: 70->0(70)
[14.561s][info][gc,heap        ] GC(11) Survivor regions: 1->1(9)
[14.561s][info][gc,heap        ] GC(11) Old regions: 6->6
[14.561s][info][gc,heap        ] GC(11) Humongous regions: 0->0
[14.561s][info][gc,metaspace   ] GC(11) Metaspace: 9389K(9600K)->9389K(9600K) NonClass: 8349K(8448K)->8349K(8448K) Class: 1039K(1152K)->1039K(1152K)
[14.561s][info][gc             ] GC(11) Pause Young (Normal) (G1 Evacuation Pause) 143M->3M(238M) 1.171ms
[14.561s][info][gc,cpu         ] GC(11) User=0.00s Sys=0.00s Real=0.01s
[14.585s][info][gc,start       ] GC(12) Pause Young (Normal) (G1 Evacuation Pause)
[14.585s][info][gc,task        ] GC(12) Using 8 workers of 13 for evacuation
[14.586s][info][gc,phases      ] GC(12)   Pre Evacuate Collection Set: 0.1ms
[14.586s][info][gc,phases      ] GC(12)   Merge Heap Roots: 0.1ms
[14.586s][info][gc,phases      ] GC(12)   Evacuate Collection Set: 0.3ms
[14.586s][info][gc,phases      ] GC(12)   Post Evacuate Collection Set: 0.4ms
[14.586s][info][gc,phases      ] GC(12)   Other: 0.1ms
[14.586s][info][gc,heap        ] GC(12) Eden regions: 70->0(70)
[14.586s][info][gc,heap        ] GC(12) Survivor regions: 1->1(9)
[14.586s][info][gc,heap        ] GC(12) Old regions: 6->6
[14.586s][info][gc,heap        ] GC(12) Humongous regions: 0->0
[14.586s][info][gc,metaspace   ] GC(12) Metaspace: 9389K(9600K)->9389K(9600K) NonClass: 8349K(8448K)->8349K(8448K) Class: 1039K(1152K)->1039K(1152K)
[14.586s][info][gc             ] GC(12) Pause Young (Normal) (G1 Evacuation Pause) 143M->3M(238M) 1.255ms
[14.586s][info][gc,cpu         ] GC(12) User=0.00s Sys=0.00s Real=0.00s
[14.609s][info][gc,start       ] GC(13) Pause Young (Normal) (G1 Evacuation Pause)
[14.609s][info][gc,task        ] GC(13) Using 8 workers of 13 for evacuation
[14.610s][info][gc,phases      ] GC(13)   Pre Evacuate Collection Set: 0.1ms
[14.610s][info][gc,phases      ] GC(13)   Merge Heap Roots: 0.1ms
[14.610s][info][gc,phases      ] GC(13)   Evacuate Collection Set: 0.3ms
[14.610s][info][gc,phases      ] GC(13)   Post Evacuate Collection Set: 0.8ms
[14.610s][info][gc,phases      ] GC(13)   Other: 0.0ms
[14.610s][info][gc,heap        ] GC(13) Eden regions: 70->0(97)
[14.610s][info][gc,heap        ] GC(13) Survivor regions: 1->1(9)
[14.610s][info][gc,heap        ] GC(13) Old regions: 6->6
[14.610s][info][gc,heap        ] GC(13) Humongous regions: 0->0
[14.610s][info][gc,metaspace   ] GC(13) Metaspace: 9389K(9600K)->9389K(9600K) NonClass: 8349K(8448K)->8349K(8448K) Class: 1039K(1152K)->1039K(1152K)
[14.610s][info][gc             ] GC(13) Pause Young (Normal) (G1 Evacuation Pause) 143M->3M(328M) 1.597ms
[14.610s][info][gc,cpu         ] GC(13) User=0.01s Sys=0.00s Real=0.01s
[14.677s][info][gc,start       ] GC(14) Pause Young (Normal) (G1 Evacuation Pause)
[14.677s][info][gc,task        ] GC(14) Using 8 workers of 13 for evacuation
[14.678s][info][gc,phases      ] GC(14)   Pre Evacuate Collection Set: 0.1ms
[14.678s][info][gc,phases      ] GC(14)   Merge Heap Roots: 0.1ms
[14.678s][info][gc,phases      ] GC(14)   Evacuate Collection Set: 0.4ms
[14.678s][info][gc,phases      ] GC(14)   Post Evacuate Collection Set: 0.4ms
[14.678s][info][gc,phases      ] GC(14)   Other: 0.1ms
[14.678s][info][gc,heap        ] GC(14) Eden regions: 97->0(97)
[14.678s][info][gc,heap        ] GC(14) Survivor regions: 1->1(13)
[14.678s][info][gc,heap        ] GC(14) Old regions: 6->6
[14.678s][info][gc,heap        ] GC(14) Humongous regions: 0->0
[14.678s][info][gc,metaspace   ] GC(14) Metaspace: 9389K(9600K)->9389K(9600K) NonClass: 8349K(8448K)->8349K(8448K) Class: 1039K(1152K)->1039K(1152K)
[14.678s][info][gc             ] GC(14) Pause Young (Normal) (G1 Evacuation Pause) 197M->3M(328M) 1.288ms
[14.678s][info][gc,cpu         ] GC(14) User=0.01s Sys=0.00s Real=0.00s
[14.711s][info][gc,start       ] GC(15) Pause Young (Normal) (G1 Evacuation Pause)
[14.711s][info][gc,task        ] GC(15) Using 8 workers of 13 for evacuation
[14.712s][info][gc,phases      ] GC(15)   Pre Evacuate Collection Set: 0.1ms
[14.712s][info][gc,phases      ] GC(15)   Merge Heap Roots: 0.1ms
[14.712s][info][gc,phases      ] GC(15)   Evacuate Collection Set: 0.4ms
[14.712s][info][gc,phases      ] GC(15)   Post Evacuate Collection Set: 0.3ms
[14.712s][info][gc,phases      ] GC(15)   Other: 0.1ms
[14.712s][info][gc,heap        ] GC(15) Eden regions: 97->0(97)
[14.712s][info][gc,heap        ] GC(15) Survivor regions: 1->1(13)
[14.712s][info][gc,heap        ] GC(15) Old regions: 6->6
[14.712s][info][gc,heap        ] GC(15) Humongous regions: 0->0
[14.712s][info][gc,metaspace   ] GC(15) Metaspace: 9389K(9600K)->9389K(9600K) NonClass: 8349K(8448K)->8349K(8448K) Class: 1039K(1152K)->1039K(1152K)
[14.712s][info][gc             ] GC(15) Pause Young (Normal) (G1 Evacuation Pause) 197M->3M(328M) 1.194ms
[14.712s][info][gc,cpu         ] GC(15) User=0.00s Sys=0.00s Real=0.00s
[14.749s][info][gc,start       ] GC(16) Pause Young (Normal) (G1 Evacuation Pause)
[14.749s][info][gc,task        ] GC(16) Using 8 workers of 13 for evacuation
[14.750s][info][gc,phases      ] GC(16)   Pre Evacuate Collection Set: 0.2ms
[14.751s][info][gc,phases      ] GC(16)   Merge Heap Roots: 0.2ms
[14.751s][info][gc,phases      ] GC(16)   Evacuate Collection Set: 0.7ms
[14.751s][info][gc,phases      ] GC(16)   Post Evacuate Collection Set: 0.4ms
[14.751s][info][gc,phases      ] GC(16)   Other: 0.1ms
[14.751s][info][gc,heap        ] GC(16) Eden regions: 97->0(97)
[14.751s][info][gc,heap        ] GC(16) Survivor regions: 1->1(13)
[14.751s][info][gc,heap        ] GC(16) Old regions: 6->7
[14.751s][info][gc,heap        ] GC(16) Humongous regions: 0->0
[14.751s][info][gc,metaspace   ] GC(16) Metaspace: 9389K(9600K)->9389K(9600K) NonClass: 8349K(8448K)->8349K(8448K) Class: 1039K(1152K)->1039K(1152K)
[14.751s][info][gc             ] GC(16) Pause Young (Normal) (G1 Evacuation Pause) 197M->3M(328M) 1.682ms
[14.751s][info][gc,cpu         ] GC(16) User=0.01s Sys=0.01s Real=0.01s
[14.787s][info][gc,start       ] GC(17) Pause Young (Normal) (G1 Evacuation Pause)
[14.787s][info][gc,task        ] GC(17) Using 8 workers of 13 for evacuation
[14.788s][info][gc,phases      ] GC(17)   Pre Evacuate Collection Set: 0.1ms
[14.788s][info][gc,phases      ] GC(17)   Merge Heap Roots: 0.2ms
[14.788s][info][gc,phases      ] GC(17)   Evacuate Collection Set: 0.2ms
[14.788s][info][gc,phases      ] GC(17)   Post Evacuate Collection Set: 0.7ms
[14.788s][info][gc,phases      ] GC(17)   Other: 0.0ms
[14.788s][info][gc,heap        ] GC(17) Eden regions: 97->0(127)
[14.788s][info][gc,heap        ] GC(17) Survivor regions: 1->1(13)
[14.788s][info][gc,heap        ] GC(17) Old regions: 7->7
[14.788s][info][gc,heap        ] GC(17) Humongous regions: 0->0
[14.788s][info][gc,metaspace   ] GC(17) Metaspace: 9389K(9600K)->9389K(9600K) NonClass: 8349K(8448K)->8349K(8448K) Class: 1039K(1152K)->1039K(1152K)
[14.788s][info][gc             ] GC(17) Pause Young (Normal) (G1 Evacuation Pause) 197M->3M(428M) 1.343ms
[14.788s][info][gc,cpu         ] GC(17) User=0.00s Sys=0.00s Real=0.00s
[14.874s][info][gc,start       ] GC(18) Pause Young (Normal) (G1 Evacuation Pause)
[14.874s][info][gc,task        ] GC(18) Using 10 workers of 13 for evacuation
[14.875s][info][gc,phases      ] GC(18)   Pre Evacuate Collection Set: 0.1ms
[14.875s][info][gc,phases      ] GC(18)   Merge Heap Roots: 0.1ms
[14.875s][info][gc,phases      ] GC(18)   Evacuate Collection Set: 0.4ms
[14.875s][info][gc,phases      ] GC(18)   Post Evacuate Collection Set: 0.5ms
[14.875s][info][gc,phases      ] GC(18)   Other: 0.1ms
[14.875s][info][gc,heap        ] GC(18) Eden regions: 127->0(127)
[14.875s][info][gc,heap        ] GC(18) Survivor regions: 1->1(16)
[14.875s][info][gc,heap        ] GC(18) Old regions: 7->7
[14.875s][info][gc,heap        ] GC(18) Humongous regions: 0->0
[14.875s][info][gc,metaspace   ] GC(18) Metaspace: 9389K(9600K)->9389K(9600K) NonClass: 8349K(8448K)->8349K(8448K) Class: 1039K(1152K)->1039K(1152K)
[14.875s][info][gc             ] GC(18) Pause Young (Normal) (G1 Evacuation Pause) 257M->3M(428M) 1.330ms
[14.875s][info][gc,cpu         ] GC(18) User=0.00s Sys=0.00s Real=0.00s
[14.924s][info][gc,start       ] GC(19) Pause Young (Normal) (G1 Evacuation Pause)
[14.924s][info][gc,task        ] GC(19) Using 10 workers of 13 for evacuation
[14.925s][info][gc,phases      ] GC(19)   Pre Evacuate Collection Set: 0.1ms
[14.925s][info][gc,phases      ] GC(19)   Merge Heap Roots: 0.1ms
[14.925s][info][gc,phases      ] GC(19)   Evacuate Collection Set: 0.4ms
[14.925s][info][gc,phases      ] GC(19)   Post Evacuate Collection Set: 0.4ms
[14.925s][info][gc,phases      ] GC(19)   Other: 0.1ms
[14.925s][info][gc,heap        ] GC(19) Eden regions: 127->0(127)
[14.925s][info][gc,heap        ] GC(19) Survivor regions: 1->1(16)
[14.925s][info][gc,heap        ] GC(19) Old regions: 7->7
[14.925s][info][gc,heap        ] GC(19) Humongous regions: 0->0
[14.925s][info][gc,metaspace   ] GC(19) Metaspace: 9389K(9600K)->9389K(9600K) NonClass: 8349K(8448K)->8349K(8448K) Class: 1039K(1152K)->1039K(1152K)
[14.925s][info][gc             ] GC(19) Pause Young (Normal) (G1 Evacuation Pause) 257M->3M(428M) 1.278ms
[14.925s][info][gc,cpu         ] GC(19) User=0.01s Sys=0.00s Real=0.00s
[14.972s][info][gc,start       ] GC(20) Pause Young (Normal) (G1 Evacuation Pause)
[14.972s][info][gc,task        ] GC(20) Using 10 workers of 13 for evacuation
[14.973s][info][gc,phases      ] GC(20)   Pre Evacuate Collection Set: 0.1ms
[14.973s][info][gc,phases      ] GC(20)   Merge Heap Roots: 0.1ms
[14.973s][info][gc,phases      ] GC(20)   Evacuate Collection Set: 0.3ms
[14.973s][info][gc,phases      ] GC(20)   Post Evacuate Collection Set: 0.4ms
[14.973s][info][gc,phases      ] GC(20)   Other: 0.0ms
[14.973s][info][gc,heap        ] GC(20) Eden regions: 127->0(127)
[14.973s][info][gc,heap        ] GC(20) Survivor regions: 1->1(16)
[14.973s][info][gc,heap        ] GC(20) Old regions: 7->7
[14.973s][info][gc,heap        ] GC(20) Humongous regions: 0->0
[14.973s][info][gc,metaspace   ] GC(20) Metaspace: 9389K(9600K)->9389K(9600K) NonClass: 8349K(8448K)->8349K(8448K) Class: 1039K(1152K)->1039K(1152K)
[14.973s][info][gc             ] GC(20) Pause Young (Normal) (G1 Evacuation Pause) 257M->3M(428M) 1.180ms
[14.973s][info][gc,cpu         ] GC(20) User=0.00s Sys=0.00s Real=0.00s
[15.019s][info][gc,start       ] GC(21) Pause Young (Normal) (G1 Evacuation Pause)
[15.019s][info][gc,task        ] GC(21) Using 10 workers of 13 for evacuation
[15.020s][info][gc,phases      ] GC(21)   Pre Evacuate Collection Set: 0.1ms
[15.020s][info][gc,phases      ] GC(21)   Merge Heap Roots: 0.2ms
[15.020s][info][gc,phases      ] GC(21)   Evacuate Collection Set: 0.3ms
[15.020s][info][gc,phases      ] GC(21)   Post Evacuate Collection Set: 0.4ms
[15.020s][info][gc,phases      ] GC(21)   Other: 0.1ms
[15.020s][info][gc,heap        ] GC(21) Eden regions: 127->0(127)
[15.020s][info][gc,heap        ] GC(21) Survivor regions: 1->1(16)
[15.020s][info][gc,heap        ] GC(21) Old regions: 7->7
[15.020s][info][gc,heap        ] GC(21) Humongous regions: 0->0
[15.020s][info][gc,metaspace   ] GC(21) Metaspace: 9389K(9600K)->9389K(9600K) NonClass: 8349K(8448K)->8349K(8448K) Class: 1039K(1152K)->1039K(1152K)
[15.020s][info][gc             ] GC(21) Pause Young (Normal) (G1 Evacuation Pause) 257M->3M(428M) 1.264ms
[15.020s][info][gc,cpu         ] GC(21) User=0.00s Sys=0.01s Real=0.01s
[15.066s][info][gc,start       ] GC(22) Pause Young (Normal) (G1 Evacuation Pause)
[15.066s][info][gc,task        ] GC(22) Using 10 workers of 13 for evacuation
[15.067s][info][gc,phases      ] GC(22)   Pre Evacuate Collection Set: 0.1ms
[15.067s][info][gc,phases      ] GC(22)   Merge Heap Roots: 0.1ms
[15.067s][info][gc,phases      ] GC(22)   Evacuate Collection Set: 0.3ms
[15.067s][info][gc,phases      ] GC(22)   Post Evacuate Collection Set: 0.6ms
[15.067s][info][gc,phases      ] GC(22)   Other: 0.0ms
[15.067s][info][gc,heap        ] GC(22) Eden regions: 127->0(153)
[15.067s][info][gc,heap        ] GC(22) Survivor regions: 1->1(16)
[15.067s][info][gc,heap        ] GC(22) Old regions: 7->7
[15.067s][info][gc,heap        ] GC(22) Humongous regions: 0->0
[15.067s][info][gc,metaspace   ] GC(22) Metaspace: 9389K(9600K)->9389K(9600K) NonClass: 8349K(8448K)->8349K(8448K) Class: 1039K(1152K)->1039K(1152K)
[15.067s][info][gc             ] GC(22) Pause Young (Normal) (G1 Evacuation Pause) 257M->3M(514M) 1.383ms
[15.067s][info][gc,cpu         ] GC(22) User=0.00s Sys=0.00s Real=0.00s
[15.164s][info][gc,start       ] GC(23) Pause Young (Normal) (G1 Evacuation Pause)
[15.164s][info][gc,task        ] GC(23) Using 12 workers of 13 for evacuation
[15.165s][info][gc,phases      ] GC(23)   Pre Evacuate Collection Set: 0.1ms
[15.165s][info][gc,phases      ] GC(23)   Merge Heap Roots: 0.1ms
[15.165s][info][gc,phases      ] GC(23)   Evacuate Collection Set: 0.3ms
[15.165s][info][gc,phases      ] GC(23)   Post Evacuate Collection Set: 0.3ms
[15.165s][info][gc,phases      ] GC(23)   Other: 0.1ms
[15.165s][info][gc,heap        ] GC(23) Eden regions: 153->0(153)
[15.165s][info][gc,heap        ] GC(23) Survivor regions: 1->1(20)
[15.165s][info][gc,heap        ] GC(23) Old regions: 7->7
[15.165s][info][gc,heap        ] GC(23) Humongous regions: 0->0
[15.165s][info][gc,metaspace   ] GC(23) Metaspace: 9389K(9600K)->9389K(9600K) NonClass: 8349K(8448K)->8349K(8448K) Class: 1039K(1152K)->1039K(1152K)
[15.165s][info][gc             ] GC(23) Pause Young (Normal) (G1 Evacuation Pause) 309M->3M(514M) 1.237ms
[15.165s][info][gc,cpu         ] GC(23) User=0.01s Sys=0.00s Real=0.00s
[15.241s][info][gc,start       ] GC(24) Pause Young (Normal) (G1 Evacuation Pause)
[15.241s][info][gc,task        ] GC(24) Using 12 workers of 13 for evacuation
[15.242s][info][gc,phases      ] GC(24)   Pre Evacuate Collection Set: 0.2ms
[15.242s][info][gc,phases      ] GC(24)   Merge Heap Roots: 0.1ms
[15.242s][info][gc,phases      ] GC(24)   Evacuate Collection Set: 0.3ms
[15.242s][info][gc,phases      ] GC(24)   Post Evacuate Collection Set: 0.4ms
[15.242s][info][gc,phases      ] GC(24)   Other: 0.1ms
[15.242s][info][gc,heap        ] GC(24) Eden regions: 153->0(153)
[15.242s][info][gc,heap        ] GC(24) Survivor regions: 1->1(20)
[15.242s][info][gc,heap        ] GC(24) Old regions: 7->7
[15.242s][info][gc,heap        ] GC(24) Humongous regions: 0->0
[15.242s][info][gc,metaspace   ] GC(24) Metaspace: 9391K(9600K)->9391K(9600K) NonClass: 8351K(8448K)->8351K(8448K) Class: 1039K(1152K)->1039K(1152K)
[15.242s][info][gc             ] GC(24) Pause Young (Normal) (G1 Evacuation Pause) 309M->3M(514M) 1.319ms
[15.242s][info][gc,cpu         ] GC(24) User=0.01s Sys=0.00s Real=0.00s
[15.301s][info][gc,start       ] GC(25) Pause Young (Normal) (G1 Evacuation Pause)
[15.301s][info][gc,task        ] GC(25) Using 12 workers of 13 for evacuation
[15.302s][info][gc,phases      ] GC(25)   Pre Evacuate Collection Set: 0.1ms
[15.302s][info][gc,phases      ] GC(25)   Merge Heap Roots: 0.1ms
[15.302s][info][gc,phases      ] GC(25)   Evacuate Collection Set: 0.4ms
[15.302s][info][gc,phases      ] GC(25)   Post Evacuate Collection Set: 0.3ms
[15.302s][info][gc,phases      ] GC(25)   Other: 0.0ms
[15.302s][info][gc,heap        ] GC(25) Eden regions: 153->0(153)
[15.302s][info][gc,heap        ] GC(25) Survivor regions: 1->1(20)
[15.302s][info][gc,heap        ] GC(25) Old regions: 7->7
[15.302s][info][gc,heap        ] GC(25) Humongous regions: 0->0
[15.302s][info][gc,metaspace   ] GC(25) Metaspace: 9391K(9600K)->9391K(9600K) NonClass: 8351K(8448K)->8351K(8448K) Class: 1039K(1152K)->1039K(1152K)
[15.302s][info][gc             ] GC(25) Pause Young (Normal) (G1 Evacuation Pause) 309M->3M(514M) 1.094ms
[15.302s][info][gc,cpu         ] GC(25) User=0.00s Sys=0.00s Real=0.00s
[15.363s][info][gc,start       ] GC(26) Pause Young (Normal) (G1 Evacuation Pause)
[15.363s][info][gc,task        ] GC(26) Using 12 workers of 13 for evacuation
[15.364s][info][gc,phases      ] GC(26)   Pre Evacuate Collection Set: 0.1ms
[15.364s][info][gc,phases      ] GC(26)   Merge Heap Roots: 0.1ms
[15.364s][info][gc,phases      ] GC(26)   Evacuate Collection Set: 0.4ms
[15.364s][info][gc,phases      ] GC(26)   Post Evacuate Collection Set: 0.4ms
[15.364s][info][gc,phases      ] GC(26)   Other: 0.0ms
[15.364s][info][gc,heap        ] GC(26) Eden regions: 153->0(153)
[15.364s][info][gc,heap        ] GC(26) Survivor regions: 1->1(20)
[15.364s][info][gc,heap        ] GC(26) Old regions: 7->7
[15.364s][info][gc,heap        ] GC(26) Humongous regions: 0->0
[15.364s][info][gc,metaspace   ] GC(26) Metaspace: 9391K(9600K)->9391K(9600K) NonClass: 8351K(8448K)->8351K(8448K) Class: 1039K(1152K)->1039K(1152K)
[15.364s][info][gc             ] GC(26) Pause Young (Normal) (G1 Evacuation Pause) 309M->3M(514M) 1.259ms
[15.364s][info][gc,cpu         ] GC(26) User=0.00s Sys=0.00s Real=0.00s
[15.425s][info][gc,start       ] GC(27) Pause Young (Normal) (G1 Evacuation Pause)
[15.425s][info][gc,task        ] GC(27) Using 12 workers of 13 for evacuation
[15.426s][info][gc,phases      ] GC(27)   Pre Evacuate Collection Set: 0.1ms
[15.426s][info][gc,phases      ] GC(27)   Merge Heap Roots: 0.1ms
[15.426s][info][gc,phases      ] GC(27)   Evacuate Collection Set: 0.4ms
[15.426s][info][gc,phases      ] GC(27)   Post Evacuate Collection Set: 0.4ms
[15.426s][info][gc,phases      ] GC(27)   Other: 0.0ms
[15.426s][info][gc,heap        ] GC(27) Eden regions: 153->0(153)
[15.426s][info][gc,heap        ] GC(27) Survivor regions: 1->1(20)
[15.426s][info][gc,heap        ] GC(27) Old regions: 7->7
[15.426s][info][gc,heap        ] GC(27) Humongous regions: 0->0
[15.426s][info][gc,metaspace   ] GC(27) Metaspace: 9391K(9600K)->9391K(9600K) NonClass: 8351K(8448K)->8351K(8448K) Class: 1039K(1152K)->1039K(1152K)
[15.426s][info][gc             ] GC(27) Pause Young (Normal) (G1 Evacuation Pause) 309M->3M(514M) 1.222ms
[15.426s][info][gc,cpu         ] GC(27) User=0.00s Sys=0.00s Real=0.00s
[15.485s][info][gc,start       ] GC(28) Pause Young (Normal) (G1 Evacuation Pause)
[15.485s][info][gc,task        ] GC(28) Using 12 workers of 13 for evacuation
[15.486s][info][gc,phases      ] GC(28)   Pre Evacuate Collection Set: 0.1ms
[15.486s][info][gc,phases      ] GC(28)   Merge Heap Roots: 0.1ms
[15.486s][info][gc,phases      ] GC(28)   Evacuate Collection Set: 0.5ms
[15.486s][info][gc,phases      ] GC(28)   Post Evacuate Collection Set: 0.5ms
[15.486s][info][gc,phases      ] GC(28)   Other: 0.1ms
[15.486s][info][gc,heap        ] GC(28) Eden regions: 153->0(153)
[15.486s][info][gc,heap        ] GC(28) Survivor regions: 1->1(20)
[15.486s][info][gc,heap        ] GC(28) Old regions: 7->7
[15.486s][info][gc,heap        ] GC(28) Humongous regions: 0->0
[15.486s][info][gc,metaspace   ] GC(28) Metaspace: 9391K(9600K)->9391K(9600K) NonClass: 8351K(8448K)->8351K(8448K) Class: 1039K(1152K)->1039K(1152K)
[15.487s][info][gc             ] GC(28) Pause Young (Normal) (G1 Evacuation Pause) 309M->3M(514M) 1.494ms
[15.487s][info][gc,cpu         ] GC(28) User=0.01s Sys=0.00s Real=0.00s
[15.543s][info][gc,start       ] GC(29) Pause Young (Normal) (G1 Evacuation Pause)
[15.543s][info][gc,task        ] GC(29) Using 12 workers of 13 for evacuation
[15.545s][info][gc,phases      ] GC(29)   Pre Evacuate Collection Set: 0.2ms
[15.545s][info][gc,phases      ] GC(29)   Merge Heap Roots: 0.1ms
[15.545s][info][gc,phases      ] GC(29)   Evacuate Collection Set: 0.4ms
[15.545s][info][gc,phases      ] GC(29)   Post Evacuate Collection Set: 0.4ms
[15.545s][info][gc,phases      ] GC(29)   Other: 0.2ms
[15.545s][info][gc,heap        ] GC(29) Eden regions: 153->0(153)
[15.545s][info][gc,heap        ] GC(29) Survivor regions: 1->1(20)
[15.545s][info][gc,heap        ] GC(29) Old regions: 7->7
[15.545s][info][gc,heap        ] GC(29) Humongous regions: 0->0
[15.545s][info][gc,metaspace   ] GC(29) Metaspace: 9391K(9600K)->9391K(9600K) NonClass: 8351K(8448K)->8351K(8448K) Class: 1039K(1152K)->1039K(1152K)
[15.545s][info][gc             ] GC(29) Pause Young (Normal) (G1 Evacuation Pause) 309M->3M(514M) 1.530ms
[15.545s][info][gc,cpu         ] GC(29) User=0.00s Sys=0.01s Real=0.00s
[15.605s][info][gc,start       ] GC(30) Pause Young (Normal) (G1 Evacuation Pause)
[15.605s][info][gc,task        ] GC(30) Using 12 workers of 13 for evacuation
[15.606s][info][gc,phases      ] GC(30)   Pre Evacuate Collection Set: 0.1ms
[15.606s][info][gc,phases      ] GC(30)   Merge Heap Roots: 0.1ms
[15.606s][info][gc,phases      ] GC(30)   Evacuate Collection Set: 0.3ms
[15.606s][info][gc,phases      ] GC(30)   Post Evacuate Collection Set: 0.6ms
[15.606s][info][gc,phases      ] GC(30)   Other: 0.1ms
[15.606s][info][gc,heap        ] GC(30) Eden regions: 153->0(153)
[15.606s][info][gc,heap        ] GC(30) Survivor regions: 1->1(20)
[15.606s][info][gc,heap        ] GC(30) Old regions: 7->7
[15.606s][info][gc,heap        ] GC(30) Humongous regions: 0->0
[15.606s][info][gc,metaspace   ] GC(30) Metaspace: 9391K(9600K)->9391K(9600K) NonClass: 8351K(8448K)->8351K(8448K) Class: 1039K(1152K)->1039K(1152K)
[15.607s][info][gc             ] GC(30) Pause Young (Normal) (G1 Evacuation Pause) 309M->3M(514M) 1.454ms
[15.607s][info][gc,cpu         ] GC(30) User=0.01s Sys=0.00s Real=0.00s
[15.679s][info][gc,start       ] GC(31) Pause Young (Normal) (G1 Evacuation Pause)
[15.679s][info][gc,task        ] GC(31) Using 12 workers of 13 for evacuation
[15.680s][info][gc,phases      ] GC(31)   Pre Evacuate Collection Set: 0.1ms
[15.680s][info][gc,phases      ] GC(31)   Merge Heap Roots: 0.1ms
[15.680s][info][gc,phases      ] GC(31)   Evacuate Collection Set: 0.4ms
[15.680s][info][gc,phases      ] GC(31)   Post Evacuate Collection Set: 0.5ms
[15.680s][info][gc,phases      ] GC(31)   Other: 0.1ms
[15.680s][info][gc,heap        ] GC(31) Eden regions: 153->0(184)
[15.680s][info][gc,heap        ] GC(31) Survivor regions: 1->1(20)
[15.680s][info][gc,heap        ] GC(31) Old regions: 7->7
[15.680s][info][gc,heap        ] GC(31) Humongous regions: 0->0
[15.680s][info][gc,metaspace   ] GC(31) Metaspace: 9391K(9600K)->9391K(9600K) NonClass: 8351K(8448K)->8351K(8448K) Class: 1039K(1152K)->1039K(1152K)
[15.681s][info][gc             ] GC(31) Pause Young (Normal) (G1 Evacuation Pause) 309M->3M(618M) 1.411ms
[15.681s][info][gc,cpu         ] GC(31) User=0.01s Sys=0.00s Real=0.01s
[15.802s][info][gc,start       ] GC(32) Pause Young (Normal) (G1 Evacuation Pause)
[15.802s][info][gc,task        ] GC(32) Using 13 workers of 13 for evacuation
[15.803s][info][gc,phases      ] GC(32)   Pre Evacuate Collection Set: 0.1ms
[15.803s][info][gc,phases      ] GC(32)   Merge Heap Roots: 0.1ms
[15.803s][info][gc,phases      ] GC(32)   Evacuate Collection Set: 0.4ms
[15.803s][info][gc,phases      ] GC(32)   Post Evacuate Collection Set: 0.5ms
[15.803s][info][gc,phases      ] GC(32)   Other: 0.1ms
[15.803s][info][gc,heap        ] GC(32) Eden regions: 184->0(184)
[15.803s][info][gc,heap        ] GC(32) Survivor regions: 1->1(24)
[15.803s][info][gc,heap        ] GC(32) Old regions: 7->7
[15.803s][info][gc,heap        ] GC(32) Humongous regions: 0->0
[15.803s][info][gc,metaspace   ] GC(32) Metaspace: 9391K(9600K)->9391K(9600K) NonClass: 8351K(8448K)->8351K(8448K) Class: 1039K(1152K)->1039K(1152K)
[15.803s][info][gc             ] GC(32) Pause Young (Normal) (G1 Evacuation Pause) 371M->3M(618M) 1.329ms
[15.803s][info][gc,cpu         ] GC(32) User=0.01s Sys=0.00s Real=0.00s
[15.882s][info][gc,start       ] GC(33) Pause Young (Normal) (G1 Evacuation Pause)
[15.882s][info][gc,task        ] GC(33) Using 13 workers of 13 for evacuation
[15.884s][info][gc,phases      ] GC(33)   Pre Evacuate Collection Set: 0.2ms
[15.884s][info][gc,phases      ] GC(33)   Merge Heap Roots: 0.1ms
[15.884s][info][gc,phases      ] GC(33)   Evacuate Collection Set: 0.5ms
[15.884s][info][gc,phases      ] GC(33)   Post Evacuate Collection Set: 0.5ms
[15.884s][info][gc,phases      ] GC(33)   Other: 0.1ms
[15.884s][info][gc,heap        ] GC(33) Eden regions: 184->0(184)
[15.884s][info][gc,heap        ] GC(33) Survivor regions: 1->1(24)
[15.884s][info][gc,heap        ] GC(33) Old regions: 7->7
[15.884s][info][gc,heap        ] GC(33) Humongous regions: 0->0
[15.884s][info][gc,metaspace   ] GC(33) Metaspace: 9391K(9600K)->9391K(9600K) NonClass: 8351K(8448K)->8351K(8448K) Class: 1039K(1152K)->1039K(1152K)
[15.884s][info][gc             ] GC(33) Pause Young (Normal) (G1 Evacuation Pause) 371M->3M(618M) 1.510ms
[15.884s][info][gc,cpu         ] GC(33) User=0.00s Sys=0.00s Real=0.00s
[15.964s][info][gc,start       ] GC(34) Pause Young (Normal) (G1 Evacuation Pause)
[15.964s][info][gc,task        ] GC(34) Using 13 workers of 13 for evacuation
[15.965s][info][gc,phases      ] GC(34)   Pre Evacuate Collection Set: 0.1ms
[15.965s][info][gc,phases      ] GC(34)   Merge Heap Roots: 0.1ms
[15.965s][info][gc,phases      ] GC(34)   Evacuate Collection Set: 0.4ms
[15.965s][info][gc,phases      ] GC(34)   Post Evacuate Collection Set: 0.4ms
[15.965s][info][gc,phases      ] GC(34)   Other: 0.1ms
[15.965s][info][gc,heap        ] GC(34) Eden regions: 184->0(184)
[15.966s][info][gc,heap        ] GC(34) Survivor regions: 1->1(24)
[15.966s][info][gc,heap        ] GC(34) Old regions: 7->7
[15.966s][info][gc,heap        ] GC(34) Humongous regions: 0->0
[15.966s][info][gc,metaspace   ] GC(34) Metaspace: 9391K(9600K)->9391K(9600K) NonClass: 8351K(8448K)->8351K(8448K) Class: 1039K(1152K)->1039K(1152K)
[15.966s][info][gc             ] GC(34) Pause Young (Normal) (G1 Evacuation Pause) 371M->3M(618M) 1.293ms
[15.966s][info][gc,cpu         ] GC(34) User=0.00s Sys=0.00s Real=0.00s
[16.036s][info][gc,start       ] GC(35) Pause Young (Normal) (G1 Evacuation Pause)
[16.036s][info][gc,task        ] GC(35) Using 13 workers of 13 for evacuation
[16.037s][info][gc,phases      ] GC(35)   Pre Evacuate Collection Set: 0.1ms
[16.037s][info][gc,phases      ] GC(35)   Merge Heap Roots: 0.1ms
[16.037s][info][gc,phases      ] GC(35)   Evacuate Collection Set: 0.4ms
[16.037s][info][gc,phases      ] GC(35)   Post Evacuate Collection Set: 0.4ms
[16.037s][info][gc,phases      ] GC(35)   Other: 0.1ms
[16.037s][info][gc,heap        ] GC(35) Eden regions: 184->0(184)
[16.037s][info][gc,heap        ] GC(35) Survivor regions: 1->1(24)
[16.037s][info][gc,heap        ] GC(35) Old regions: 7->7
[16.037s][info][gc,heap        ] GC(35) Humongous regions: 0->0
[16.037s][info][gc,metaspace   ] GC(35) Metaspace: 9391K(9600K)->9391K(9600K) NonClass: 8351K(8448K)->8351K(8448K) Class: 1039K(1152K)->1039K(1152K)
[16.037s][info][gc             ] GC(35) Pause Young (Normal) (G1 Evacuation Pause) 371M->3M(618M) 1.270ms
[16.037s][info][gc,cpu         ] GC(35) User=0.00s Sys=0.01s Real=0.00s
[16.109s][info][gc,start       ] GC(36) Pause Young (Normal) (G1 Evacuation Pause)
[16.109s][info][gc,task        ] GC(36) Using 13 workers of 13 for evacuation
[16.110s][info][gc,phases      ] GC(36)   Pre Evacuate Collection Set: 0.2ms
[16.110s][info][gc,phases      ] GC(36)   Merge Heap Roots: 0.1ms
[16.110s][info][gc,phases      ] GC(36)   Evacuate Collection Set: 0.3ms
[16.110s][info][gc,phases      ] GC(36)   Post Evacuate Collection Set: 0.5ms
[16.110s][info][gc,phases      ] GC(36)   Other: 0.1ms
[16.110s][info][gc,heap        ] GC(36) Eden regions: 184->0(184)
[16.110s][info][gc,heap        ] GC(36) Survivor regions: 1->1(24)
[16.110s][info][gc,heap        ] GC(36) Old regions: 7->7
[16.110s][info][gc,heap        ] GC(36) Humongous regions: 0->0
[16.110s][info][gc,metaspace   ] GC(36) Metaspace: 9392K(9600K)->9392K(9600K) NonClass: 8352K(8448K)->8352K(8448K) Class: 1039K(1152K)->1039K(1152K)
[16.110s][info][gc             ] GC(36) Pause Young (Normal) (G1 Evacuation Pause) 371M->3M(618M) 1.465ms
[16.110s][info][gc,cpu         ] GC(36) User=0.00s Sys=0.00s Real=0.01s
[16.927s][info][gc,heap,exit   ] Heap
[16.927s][info][gc,heap,exit   ]  garbage-first heap   total 632832K, used 353562K [0x0000000700000000, 0x0000000800000000)
[16.927s][info][gc,heap,exit   ]   region size 2048K, 172 young (352256K), 1 survivors (2048K)
[16.927s][info][gc,heap,exit   ]  Metaspace       used 9425K, committed 9664K, reserved 1114112K
[16.927s][info][gc,heap,exit   ]   class space    used 1042K, committed 1152K, reserved 1048576K
