[0.009s][info][gc,init] CardTable entry size: 512
[0.009s][info][gc     ] Using G1
[0.010s][info][gc,init] Version: 21.0.4+7-LTS (release)
[0.010s][info][gc,init] CPUs: 16 total, 16 available
[0.010s][info][gc,init] Memory: 16384M
[0.010s][info][gc,init] Large Page Support: Disabled
[0.010s][info][gc,init] NUMA Support: Disabled
[0.010s][info][gc,init] Compressed Oops: Enabled (Zero based)
[0.010s][info][gc,init] Heap Region Size: 2M
[0.010s][info][gc,init] Heap Min Capacity: 8M
[0.010s][info][gc,init] Heap Initial Capacity: 256M
[0.010s][info][gc,init] Heap Max Capacity: 4G
[0.011s][info][gc,init] Pre-touch: Disabled
[0.011s][info][gc,init] Parallel Workers: 13
[0.011s][info][gc,init] Concurrent Workers: 3
[0.011s][info][gc,init] Concurrent Refinement Workers: 13
[0.011s][info][gc,init] Periodic GC: Disabled
[0.018s][info][gc,metaspace] CDS archive(s) mapped at: [0x000000012f000000-0x000000012fca9000-0x000000012fca9000), size 13275136, SharedBaseAddress: 0x000000012f000000, ArchiveRelocationMode: 1.
[0.018s][info][gc,metaspace] Compressed class space mapped at: 0x0000000130000000-0x0000000170000000, reserved size: 1073741824
[0.018s][info][gc,metaspace] Narrow klass base: 0x000000012f000000, Narrow klass shift: 0, Narrow klass range: 0x100000000
[4.489s][info][gc,heap,exit] Heap
[4.489s][info][gc,heap,exit]  garbage-first heap   total 264192K, used 11277K [0x0000000700000000, 0x0000000800000000)
[4.489s][info][gc,heap,exit]   region size 2048K, 5 young (10240K), 0 survivors (0K)
[4.489s][info][gc,heap,exit]  Metaspace       used 9068K, committed 9344K, reserved 1114112K
[4.489s][info][gc,heap,exit]   class space    used 1019K, committed 1152K, reserved 1048576K
