[0.009s][info][gc,init] CardTable entry size: 512
[0.010s][info][gc     ] Using G1
[0.011s][info][gc,init] Version: 21.0.4+7-LTS (release)
[0.011s][info][gc,init] CPUs: 16 total, 16 available
[0.011s][info][gc,init] Memory: 16384M
[0.011s][info][gc,init] Large Page Support: Disabled
[0.011s][info][gc,init] NUMA Support: Disabled
[0.011s][info][gc,init] Compressed Oops: Enabled (Zero based)
[0.011s][info][gc,init] Heap Region Size: 2M
[0.011s][info][gc,init] Heap Min Capacity: 8M
[0.011s][info][gc,init] Heap Initial Capacity: 256M
[0.011s][info][gc,init] Heap Max Capacity: 4G
[0.011s][info][gc,init] Pre-touch: Disabled
[0.011s][info][gc,init] Parallel Workers: 13
[0.011s][info][gc,init] Concurrent Workers: 3
[0.011s][info][gc,init] Concurrent Refinement Workers: 13
[0.011s][info][gc,init] Periodic GC: Disabled
[0.019s][info][gc,metaspace] CDS archive(s) mapped at: [0x000000012a000000-0x000000012aca9000-0x000000012aca9000), size 13275136, SharedBaseAddress: 0x000000012a000000, ArchiveRelocationMode: 1.
[0.019s][info][gc,metaspace] Compressed class space mapped at: 0x000000012b000000-0x000000016b000000, reserved size: 1073741824
[0.019s][info][gc,metaspace] Narrow klass base: 0x000000012a000000, Narrow klass shift: 0, Narrow klass range: 0x100000000
[14.433s][info][gc,start    ] GC(0) Pause Full (System.gc())
[14.434s][info][gc,task     ] GC(0) Using 6 workers of 13 for full compaction
[14.434s][info][gc,phases,start] GC(0) Phase 1: Mark live objects
[14.437s][info][gc,phases      ] GC(0) Phase 1: Mark live objects 2.911ms
[14.437s][info][gc,phases,start] GC(0) Phase 2: Prepare compaction
[14.438s][info][gc,phases      ] GC(0) Phase 2: Prepare compaction 1.062ms
[14.438s][info][gc,phases,start] GC(0) Phase 3: Adjust pointers
[14.439s][info][gc,phases      ] GC(0) Phase 3: Adjust pointers 1.120ms
[14.439s][info][gc,phases,start] GC(0) Phase 4: Compact heap
[14.441s][info][gc,phases      ] GC(0) Phase 4: Compact heap 1.401ms
[14.441s][info][gc,phases,start] GC(0) Phase 5: Reset Metadata
[14.441s][info][gc,phases      ] GC(0) Phase 5: Reset Metadata 0.139ms
[14.443s][info][gc,heap        ] GC(0) Eden regions: 6->0(6)
[14.443s][info][gc,heap        ] GC(0) Survivor regions: 0->0(0)
[14.443s][info][gc,heap        ] GC(0) Old regions: 1->6
[14.443s][info][gc,heap        ] GC(0) Humongous regions: 0->0
[14.443s][info][gc,metaspace   ] GC(0) Metaspace: 9326K(9536K)->9326K(9536K) NonClass: 8286K(8384K)->8286K(8384K) Class: 1039K(1152K)->1039K(1152K)
[14.443s][info][gc             ] GC(0) Pause Full (System.gc()) 12M->2M(40M) 10.147ms
[14.443s][info][gc,cpu         ] GC(0) User=0.02s Sys=0.01s Real=0.01s
[14.475s][info][gc,start       ] GC(1) Pause Young (Normal) (G1 Evacuation Pause)
[14.475s][info][gc,task        ] GC(1) Using 12 workers of 13 for evacuation
[14.477s][info][gc,phases      ] GC(1)   Pre Evacuate Collection Set: 0.1ms
[14.477s][info][gc,phases      ] GC(1)   Merge Heap Roots: 0.1ms
[14.477s][info][gc,phases      ] GC(1)   Evacuate Collection Set: 0.8ms
[14.477s][info][gc,phases      ] GC(1)   Post Evacuate Collection Set: 0.2ms
[14.477s][info][gc,phases      ] GC(1)   Other: 0.4ms
[14.477s][info][gc,heap        ] GC(1) Eden regions: 6->0(10)
[14.477s][info][gc,heap        ] GC(1) Survivor regions: 0->1(1)
[14.477s][info][gc,heap        ] GC(1) Old regions: 6->6
[14.477s][info][gc,heap        ] GC(1) Humongous regions: 0->0
[14.477s][info][gc,metaspace   ] GC(1) Metaspace: 9543K(9792K)->9543K(9792K) NonClass: 8481K(8576K)->8481K(8576K) Class: 1062K(1216K)->1062K(1216K)
[14.477s][info][gc             ] GC(1) Pause Young (Normal) (G1 Evacuation Pause) 14M->3M(40M) 1.891ms
[14.477s][info][gc,cpu         ] GC(1) User=0.00s Sys=0.01s Real=0.01s
[14.497s][info][gc,start       ] GC(2) Pause Young (Normal) (G1 Evacuation Pause)
[14.497s][info][gc,task        ] GC(2) Using 10 workers of 13 for evacuation
[14.498s][info][gc,phases      ] GC(2)   Pre Evacuate Collection Set: 0.1ms
[14.498s][info][gc,phases      ] GC(2)   Merge Heap Roots: 0.1ms
[14.498s][info][gc,phases      ] GC(2)   Evacuate Collection Set: 0.3ms
[14.498s][info][gc,phases      ] GC(2)   Post Evacuate Collection Set: 0.2ms
[14.498s][info][gc,phases      ] GC(2)   Other: 0.0ms
[14.498s][info][gc,heap        ] GC(2) Eden regions: 10->0(11)
[14.498s][info][gc,heap        ] GC(2) Survivor regions: 1->1(2)
[14.498s][info][gc,heap        ] GC(2) Old regions: 6->6
[14.498s][info][gc,heap        ] GC(2) Humongous regions: 0->0
[14.498s][info][gc,metaspace   ] GC(2) Metaspace: 9567K(9856K)->9567K(9856K) NonClass: 8504K(8640K)->8504K(8640K) Class: 1063K(1216K)->1063K(1216K)
[14.498s][info][gc             ] GC(2) Pause Young (Normal) (G1 Evacuation Pause) 23M->2M(40M) 0.892ms
[14.498s][info][gc,cpu         ] GC(2) User=0.00s Sys=0.00s Real=0.00s
[14.506s][info][gc,start       ] GC(3) Pause Young (Normal) (G1 Evacuation Pause)
[14.506s][info][gc,task        ] GC(3) Using 9 workers of 13 for evacuation
[14.507s][info][gc,phases      ] GC(3)   Pre Evacuate Collection Set: 0.1ms
[14.507s][info][gc,phases      ] GC(3)   Merge Heap Roots: 0.1ms
[14.507s][info][gc,phases      ] GC(3)   Evacuate Collection Set: 0.2ms
[14.507s][info][gc,phases      ] GC(3)   Post Evacuate Collection Set: 0.2ms
[14.507s][info][gc,phases      ] GC(3)   Other: 0.0ms
[14.507s][info][gc,heap        ] GC(3) Eden regions: 11->0(11)
[14.507s][info][gc,heap        ] GC(3) Survivor regions: 1->1(2)
[14.507s][info][gc,heap        ] GC(3) Old regions: 6->6
[14.507s][info][gc,heap        ] GC(3) Humongous regions: 0->0
[14.507s][info][gc,metaspace   ] GC(3) Metaspace: 9571K(9856K)->9571K(9856K) NonClass: 8508K(8640K)->8508K(8640K) Class: 1063K(1216K)->1063K(1216K)
[14.507s][info][gc             ] GC(3) Pause Young (Normal) (G1 Evacuation Pause) 24M->2M(40M) 0.798ms
[14.507s][info][gc,cpu         ] GC(3) User=0.00s Sys=0.00s Real=0.00s
[14.512s][info][gc,start       ] GC(4) Pause Young (Normal) (G1 Evacuation Pause)
[14.512s][info][gc,task        ] GC(4) Using 8 workers of 13 for evacuation
[14.513s][info][gc,phases      ] GC(4)   Pre Evacuate Collection Set: 0.1ms
[14.513s][info][gc,phases      ] GC(4)   Merge Heap Roots: 0.0ms
[14.513s][info][gc,phases      ] GC(4)   Evacuate Collection Set: 0.2ms
[14.513s][info][gc,phases      ] GC(4)   Post Evacuate Collection Set: 0.2ms
[14.513s][info][gc,phases      ] GC(4)   Other: 0.0ms
[14.513s][info][gc,heap        ] GC(4) Eden regions: 11->0(11)
[14.513s][info][gc,heap        ] GC(4) Survivor regions: 1->1(2)
[14.513s][info][gc,heap        ] GC(4) Old regions: 6->6
[14.513s][info][gc,heap        ] GC(4) Humongous regions: 0->0
[14.513s][info][gc,metaspace   ] GC(4) Metaspace: 9571K(9856K)->9571K(9856K) NonClass: 8508K(8640K)->8508K(8640K) Class: 1063K(1216K)->1063K(1216K)
[14.513s][info][gc             ] GC(4) Pause Young (Normal) (G1 Evacuation Pause) 24M->2M(40M) 0.724ms
[14.513s][info][gc,cpu         ] GC(4) User=0.00s Sys=0.01s Real=0.00s
[14.517s][info][gc,start       ] GC(5) Pause Young (Normal) (G1 Evacuation Pause)
[14.517s][info][gc,task        ] GC(5) Using 8 workers of 13 for evacuation
[14.518s][info][gc,phases      ] GC(5)   Pre Evacuate Collection Set: 0.1ms
[14.518s][info][gc,phases      ] GC(5)   Merge Heap Roots: 0.1ms
[14.518s][info][gc,phases      ] GC(5)   Evacuate Collection Set: 0.4ms
[14.518s][info][gc,phases      ] GC(5)   Post Evacuate Collection Set: 0.4ms
[14.518s][info][gc,phases      ] GC(5)   Other: 0.0ms
[14.518s][info][gc,heap        ] GC(5) Eden regions: 11->0(43)
[14.518s][info][gc,heap        ] GC(5) Survivor regions: 1->1(2)
[14.518s][info][gc,heap        ] GC(5) Old regions: 6->6
[14.518s][info][gc,heap        ] GC(5) Humongous regions: 0->0
[14.518s][info][gc,metaspace   ] GC(5) Metaspace: 9571K(9856K)->9571K(9856K) NonClass: 8508K(8640K)->8508K(8640K) Class: 1063K(1216K)->1063K(1216K)
[14.518s][info][gc             ] GC(5) Pause Young (Normal) (G1 Evacuation Pause) 24M->2M(148M) 1.153ms
[14.518s][info][gc,cpu         ] GC(5) User=0.01s Sys=0.00s Real=0.00s
[14.568s][info][gc,start       ] GC(6) Pause Young (Normal) (G1 Evacuation Pause)
[14.568s][info][gc,task        ] GC(6) Using 8 workers of 13 for evacuation
[14.569s][info][gc,phases      ] GC(6)   Pre Evacuate Collection Set: 0.1ms
[14.569s][info][gc,phases      ] GC(6)   Merge Heap Roots: 0.1ms
[14.569s][info][gc,phases      ] GC(6)   Evacuate Collection Set: 0.3ms
[14.569s][info][gc,phases      ] GC(6)   Post Evacuate Collection Set: 0.2ms
[14.569s][info][gc,phases      ] GC(6)   Other: 0.1ms
[14.569s][info][gc,heap        ] GC(6) Eden regions: 43->0(43)
[14.569s][info][gc,heap        ] GC(6) Survivor regions: 1->1(6)
[14.569s][info][gc,heap        ] GC(6) Old regions: 6->6
[14.569s][info][gc,heap        ] GC(6) Humongous regions: 0->0
[14.569s][info][gc,metaspace   ] GC(6) Metaspace: 9571K(9856K)->9571K(9856K) NonClass: 8508K(8640K)->8508K(8640K) Class: 1063K(1216K)->1063K(1216K)
[14.569s][info][gc             ] GC(6) Pause Young (Normal) (G1 Evacuation Pause) 88M->2M(148M) 1.003ms
[14.569s][info][gc,cpu         ] GC(6) User=0.00s Sys=0.00s Real=0.00s
[14.589s][info][gc,start       ] GC(7) Pause Young (Normal) (G1 Evacuation Pause)
[14.589s][info][gc,task        ] GC(7) Using 8 workers of 13 for evacuation
[14.590s][info][gc,phases      ] GC(7)   Pre Evacuate Collection Set: 0.1ms
[14.590s][info][gc,phases      ] GC(7)   Merge Heap Roots: 0.1ms
[14.590s][info][gc,phases      ] GC(7)   Evacuate Collection Set: 0.4ms
[14.590s][info][gc,phases      ] GC(7)   Post Evacuate Collection Set: 0.3ms
[14.590s][info][gc,phases      ] GC(7)   Other: 0.1ms
[14.590s][info][gc,heap        ] GC(7) Eden regions: 43->0(43)
[14.590s][info][gc,heap        ] GC(7) Survivor regions: 1->1(6)
[14.590s][info][gc,heap        ] GC(7) Old regions: 6->6
[14.590s][info][gc,heap        ] GC(7) Humongous regions: 0->0
[14.590s][info][gc,metaspace   ] GC(7) Metaspace: 9571K(9856K)->9571K(9856K) NonClass: 8508K(8640K)->8508K(8640K) Class: 1063K(1216K)->1063K(1216K)
[14.590s][info][gc             ] GC(7) Pause Young (Normal) (G1 Evacuation Pause) 88M->2M(148M) 1.095ms
[14.590s][info][gc,cpu         ] GC(7) User=0.00s Sys=0.00s Real=0.00s
[14.611s][info][gc,start       ] GC(8) Pause Young (Normal) (G1 Evacuation Pause)
[14.611s][info][gc,task        ] GC(8) Using 8 workers of 13 for evacuation
[14.612s][info][gc,phases      ] GC(8)   Pre Evacuate Collection Set: 0.1ms
[14.612s][info][gc,phases      ] GC(8)   Merge Heap Roots: 0.1ms
[14.612s][info][gc,phases      ] GC(8)   Evacuate Collection Set: 0.3ms
[14.612s][info][gc,phases      ] GC(8)   Post Evacuate Collection Set: 0.3ms
[14.612s][info][gc,phases      ] GC(8)   Other: 0.1ms
[14.612s][info][gc,heap        ] GC(8) Eden regions: 43->0(43)
[14.612s][info][gc,heap        ] GC(8) Survivor regions: 1->1(6)
[14.612s][info][gc,heap        ] GC(8) Old regions: 6->6
[14.612s][info][gc,heap        ] GC(8) Humongous regions: 0->0
[14.612s][info][gc,metaspace   ] GC(8) Metaspace: 9571K(9856K)->9571K(9856K) NonClass: 8508K(8640K)->8508K(8640K) Class: 1063K(1216K)->1063K(1216K)
[14.612s][info][gc             ] GC(8) Pause Young (Normal) (G1 Evacuation Pause) 88M->2M(148M) 1.018ms
[14.612s][info][gc,cpu         ] GC(8) User=0.00s Sys=0.00s Real=0.00s
[14.628s][info][gc,start       ] GC(9) Pause Young (Normal) (G1 Evacuation Pause)
[14.628s][info][gc,task        ] GC(9) Using 8 workers of 13 for evacuation
[14.629s][info][gc,phases      ] GC(9)   Pre Evacuate Collection Set: 0.1ms
[14.629s][info][gc,phases      ] GC(9)   Merge Heap Roots: 0.1ms
[14.629s][info][gc,phases      ] GC(9)   Evacuate Collection Set: 0.4ms
[14.629s][info][gc,phases      ] GC(9)   Post Evacuate Collection Set: 0.6ms
[14.629s][info][gc,phases      ] GC(9)   Other: 0.1ms
[14.629s][info][gc,heap        ] GC(9) Eden regions: 43->0(78)
[14.629s][info][gc,heap        ] GC(9) Survivor regions: 1->1(6)
[14.629s][info][gc,heap        ] GC(9) Old regions: 6->6
[14.629s][info][gc,heap        ] GC(9) Humongous regions: 0->0
[14.629s][info][gc,metaspace   ] GC(9) Metaspace: 9571K(9856K)->9571K(9856K) NonClass: 8508K(8640K)->8508K(8640K) Class: 1063K(1216K)->1063K(1216K)
[14.629s][info][gc             ] GC(9) Pause Young (Normal) (G1 Evacuation Pause) 88M->2M(266M) 1.357ms
[14.629s][info][gc,cpu         ] GC(9) User=0.00s Sys=0.00s Real=0.00s
[14.704s][info][gc,start       ] GC(10) Pause Young (Normal) (G1 Evacuation Pause)
[14.704s][info][gc,task        ] GC(10) Using 8 workers of 13 for evacuation
[14.705s][info][gc,phases      ] GC(10)   Pre Evacuate Collection Set: 0.1ms
[14.705s][info][gc,phases      ] GC(10)   Merge Heap Roots: 0.1ms
[14.705s][info][gc,phases      ] GC(10)   Evacuate Collection Set: 0.4ms
[14.705s][info][gc,phases      ] GC(10)   Post Evacuate Collection Set: 0.4ms
[14.705s][info][gc,phases      ] GC(10)   Other: 0.1ms
[14.705s][info][gc,heap        ] GC(10) Eden regions: 78->0(78)
[14.705s][info][gc,heap        ] GC(10) Survivor regions: 1->1(10)
[14.705s][info][gc,heap        ] GC(10) Old regions: 6->6
[14.705s][info][gc,heap        ] GC(10) Humongous regions: 0->0
[14.705s][info][gc,metaspace   ] GC(10) Metaspace: 9571K(9856K)->9571K(9856K) NonClass: 8508K(8640K)->8508K(8640K) Class: 1063K(1216K)->1063K(1216K)
[14.705s][info][gc             ] GC(10) Pause Young (Normal) (G1 Evacuation Pause) 158M->2M(266M) 1.283ms
[14.705s][info][gc,cpu         ] GC(10) User=0.00s Sys=0.00s Real=0.00s
[14.732s][info][gc,start       ] GC(11) Pause Young (Normal) (G1 Evacuation Pause)
[14.732s][info][gc,task        ] GC(11) Using 8 workers of 13 for evacuation
[14.733s][info][gc,phases      ] GC(11)   Pre Evacuate Collection Set: 0.1ms
[14.733s][info][gc,phases      ] GC(11)   Merge Heap Roots: 0.1ms
[14.733s][info][gc,phases      ] GC(11)   Evacuate Collection Set: 0.4ms
[14.733s][info][gc,phases      ] GC(11)   Post Evacuate Collection Set: 0.3ms
[14.733s][info][gc,phases      ] GC(11)   Other: 0.1ms
[14.733s][info][gc,heap        ] GC(11) Eden regions: 78->0(78)
[14.734s][info][gc,heap        ] GC(11) Survivor regions: 1->1(10)
[14.734s][info][gc,heap        ] GC(11) Old regions: 6->6
[14.734s][info][gc,heap        ] GC(11) Humongous regions: 0->0
[14.734s][info][gc,metaspace   ] GC(11) Metaspace: 9571K(9856K)->9571K(9856K) NonClass: 8508K(8640K)->8508K(8640K) Class: 1063K(1216K)->1063K(1216K)
[14.734s][info][gc             ] GC(11) Pause Young (Normal) (G1 Evacuation Pause) 158M->2M(266M) 1.132ms
[14.734s][info][gc,cpu         ] GC(11) User=0.00s Sys=0.00s Real=0.00s
[14.761s][info][gc,start       ] GC(12) Pause Young (Normal) (G1 Evacuation Pause)
[14.761s][info][gc,task        ] GC(12) Using 8 workers of 13 for evacuation
[14.762s][info][gc,phases      ] GC(12)   Pre Evacuate Collection Set: 0.1ms
[14.762s][info][gc,phases      ] GC(12)   Merge Heap Roots: 0.1ms
[14.762s][info][gc,phases      ] GC(12)   Evacuate Collection Set: 0.3ms
[14.762s][info][gc,phases      ] GC(12)   Post Evacuate Collection Set: 0.5ms
[14.762s][info][gc,phases      ] GC(12)   Other: 0.0ms
[14.762s][info][gc,heap        ] GC(12) Eden regions: 78->0(78)
[14.762s][info][gc,heap        ] GC(12) Survivor regions: 1->1(10)
[14.762s][info][gc,heap        ] GC(12) Old regions: 6->6
[14.762s][info][gc,heap        ] GC(12) Humongous regions: 0->0
[14.762s][info][gc,metaspace   ] GC(12) Metaspace: 9571K(9856K)->9571K(9856K) NonClass: 8508K(8640K)->8508K(8640K) Class: 1063K(1216K)->1063K(1216K)
[14.762s][info][gc             ] GC(12) Pause Young (Normal) (G1 Evacuation Pause) 158M->2M(266M) 1.222ms
[14.762s][info][gc,cpu         ] GC(12) User=0.00s Sys=0.00s Real=0.00s
[14.786s][info][gc,start       ] GC(13) Pause Young (Normal) (G1 Evacuation Pause)
[14.786s][info][gc,task        ] GC(13) Using 8 workers of 13 for evacuation
[14.787s][info][gc,phases      ] GC(13)   Pre Evacuate Collection Set: 0.1ms
[14.787s][info][gc,phases      ] GC(13)   Merge Heap Roots: 0.1ms
[14.787s][info][gc,phases      ] GC(13)   Evacuate Collection Set: 0.3ms
[14.787s][info][gc,phases      ] GC(13)   Post Evacuate Collection Set: 0.7ms
[14.787s][info][gc,phases      ] GC(13)   Other: 0.0ms
[14.787s][info][gc,heap        ] GC(13) Eden regions: 78->0(108)
[14.787s][info][gc,heap        ] GC(13) Survivor regions: 1->1(10)
[14.787s][info][gc,heap        ] GC(13) Old regions: 6->6
[14.787s][info][gc,heap        ] GC(13) Humongous regions: 0->0
[14.787s][info][gc,metaspace   ] GC(13) Metaspace: 9571K(9856K)->9571K(9856K) NonClass: 8508K(8640K)->8508K(8640K) Class: 1063K(1216K)->1063K(1216K)
[14.787s][info][gc             ] GC(13) Pause Young (Normal) (G1 Evacuation Pause) 158M->2M(364M) 1.360ms
[14.787s][info][gc,cpu         ] GC(13) User=0.00s Sys=0.00s Real=0.01s
[14.868s][info][gc,start       ] GC(14) Pause Young (Normal) (G1 Evacuation Pause)
[14.868s][info][gc,task        ] GC(14) Using 8 workers of 13 for evacuation
[14.869s][info][gc,phases      ] GC(14)   Pre Evacuate Collection Set: 0.1ms
[14.869s][info][gc,phases      ] GC(14)   Merge Heap Roots: 0.1ms
[14.869s][info][gc,phases      ] GC(14)   Evacuate Collection Set: 0.3ms
[14.869s][info][gc,phases      ] GC(14)   Post Evacuate Collection Set: 0.5ms
[14.869s][info][gc,phases      ] GC(14)   Other: 0.1ms
[14.869s][info][gc,heap        ] GC(14) Eden regions: 108->0(108)
[14.869s][info][gc,heap        ] GC(14) Survivor regions: 1->1(14)
[14.869s][info][gc,heap        ] GC(14) Old regions: 6->6
[14.869s][info][gc,heap        ] GC(14) Humongous regions: 0->0
[14.869s][info][gc,metaspace   ] GC(14) Metaspace: 9571K(9856K)->9571K(9856K) NonClass: 8508K(8640K)->8508K(8640K) Class: 1063K(1216K)->1063K(1216K)
[14.869s][info][gc             ] GC(14) Pause Young (Normal) (G1 Evacuation Pause) 218M->2M(364M) 1.364ms
[14.869s][info][gc,cpu         ] GC(14) User=0.01s Sys=0.01s Real=0.00s
[14.908s][info][gc,start       ] GC(15) Pause Young (Normal) (G1 Evacuation Pause)
[14.908s][info][gc,task        ] GC(15) Using 8 workers of 13 for evacuation
[14.909s][info][gc,phases      ] GC(15)   Pre Evacuate Collection Set: 0.1ms
[14.909s][info][gc,phases      ] GC(15)   Merge Heap Roots: 0.1ms
[14.909s][info][gc,phases      ] GC(15)   Evacuate Collection Set: 0.3ms
[14.909s][info][gc,phases      ] GC(15)   Post Evacuate Collection Set: 0.3ms
[14.909s][info][gc,phases      ] GC(15)   Other: 0.1ms
[14.909s][info][gc,heap        ] GC(15) Eden regions: 108->0(108)
[14.909s][info][gc,heap        ] GC(15) Survivor regions: 1->1(14)
[14.909s][info][gc,heap        ] GC(15) Old regions: 6->6
[14.909s][info][gc,heap        ] GC(15) Humongous regions: 0->0
[14.909s][info][gc,metaspace   ] GC(15) Metaspace: 9571K(9856K)->9571K(9856K) NonClass: 8508K(8640K)->8508K(8640K) Class: 1063K(1216K)->1063K(1216K)
[14.909s][info][gc             ] GC(15) Pause Young (Normal) (G1 Evacuation Pause) 218M->2M(364M) 0.897ms
[14.909s][info][gc,cpu         ] GC(15) User=0.00s Sys=0.00s Real=0.00s
[14.944s][info][gc,start       ] GC(16) Pause Young (Normal) (G1 Evacuation Pause)
[14.944s][info][gc,task        ] GC(16) Using 8 workers of 13 for evacuation
[14.945s][info][gc,phases      ] GC(16)   Pre Evacuate Collection Set: 0.1ms
[14.945s][info][gc,phases      ] GC(16)   Merge Heap Roots: 0.1ms
[14.945s][info][gc,phases      ] GC(16)   Evacuate Collection Set: 0.4ms
[14.945s][info][gc,phases      ] GC(16)   Post Evacuate Collection Set: 0.4ms
[14.945s][info][gc,phases      ] GC(16)   Other: 0.1ms
[14.945s][info][gc,heap        ] GC(16) Eden regions: 108->0(108)
[14.945s][info][gc,heap        ] GC(16) Survivor regions: 1->1(14)
[14.945s][info][gc,heap        ] GC(16) Old regions: 6->7
[14.945s][info][gc,heap        ] GC(16) Humongous regions: 0->0
[14.945s][info][gc,metaspace   ] GC(16) Metaspace: 9571K(9856K)->9571K(9856K) NonClass: 8508K(8640K)->8508K(8640K) Class: 1063K(1216K)->1063K(1216K)
[14.945s][info][gc             ] GC(16) Pause Young (Normal) (G1 Evacuation Pause) 218M->2M(364M) 1.186ms
[14.945s][info][gc,cpu         ] GC(16) User=0.01s Sys=0.00s Real=0.00s
[14.986s][info][gc,start       ] GC(17) Pause Young (Normal) (G1 Evacuation Pause)
[14.986s][info][gc,task        ] GC(17) Using 8 workers of 13 for evacuation
[14.987s][info][gc,phases      ] GC(17)   Pre Evacuate Collection Set: 0.1ms
[14.987s][info][gc,phases      ] GC(17)   Merge Heap Roots: 0.1ms
[14.987s][info][gc,phases      ] GC(17)   Evacuate Collection Set: 0.3ms
[14.987s][info][gc,phases      ] GC(17)   Post Evacuate Collection Set: 0.4ms
[14.987s][info][gc,phases      ] GC(17)   Other: 0.1ms
[14.987s][info][gc,heap        ] GC(17) Eden regions: 108->0(108)
[14.987s][info][gc,heap        ] GC(17) Survivor regions: 1->1(14)
[14.987s][info][gc,heap        ] GC(17) Old regions: 7->7
[14.987s][info][gc,heap        ] GC(17) Humongous regions: 0->0
[14.987s][info][gc,metaspace   ] GC(17) Metaspace: 9571K(9856K)->9571K(9856K) NonClass: 8508K(8640K)->8508K(8640K) Class: 1063K(1216K)->1063K(1216K)
[14.987s][info][gc             ] GC(17) Pause Young (Normal) (G1 Evacuation Pause) 218M->3M(364M) 1.157ms
[14.987s][info][gc,cpu         ] GC(17) User=0.00s Sys=0.00s Real=0.01s
[15.026s][info][gc,start       ] GC(18) Pause Young (Normal) (G1 Evacuation Pause)
[15.026s][info][gc,task        ] GC(18) Using 8 workers of 13 for evacuation
[15.027s][info][gc,phases      ] GC(18)   Pre Evacuate Collection Set: 0.1ms
[15.027s][info][gc,phases      ] GC(18)   Merge Heap Roots: 0.1ms
[15.027s][info][gc,phases      ] GC(18)   Evacuate Collection Set: 0.3ms
[15.027s][info][gc,phases      ] GC(18)   Post Evacuate Collection Set: 0.6ms
[15.027s][info][gc,phases      ] GC(18)   Other: 0.1ms
[15.027s][info][gc,heap        ] GC(18) Eden regions: 108->0(130)
[15.027s][info][gc,heap        ] GC(18) Survivor regions: 1->1(14)
[15.027s][info][gc,heap        ] GC(18) Old regions: 7->7
[15.027s][info][gc,heap        ] GC(18) Humongous regions: 0->0
[15.027s][info][gc,metaspace   ] GC(18) Metaspace: 9571K(9856K)->9571K(9856K) NonClass: 8508K(8640K)->8508K(8640K) Class: 1063K(1216K)->1063K(1216K)
[15.027s][info][gc             ] GC(18) Pause Young (Normal) (G1 Evacuation Pause) 219M->3M(438M) 1.231ms
[15.027s][info][gc,cpu         ] GC(18) User=0.00s Sys=0.00s Real=0.01s
[15.112s][info][gc,start       ] GC(19) Pause Young (Normal) (G1 Evacuation Pause)
[15.116s][info][gc,task        ] GC(19) Using 10 workers of 13 for evacuation
[15.117s][info][gc,phases      ] GC(19)   Pre Evacuate Collection Set: 0.2ms
[15.117s][info][gc,phases      ] GC(19)   Merge Heap Roots: 0.1ms
[15.117s][info][gc,phases      ] GC(19)   Evacuate Collection Set: 0.2ms
[15.117s][info][gc,phases      ] GC(19)   Post Evacuate Collection Set: 0.3ms
[15.117s][info][gc,phases      ] GC(19)   Other: 0.1ms
[15.117s][info][gc,heap        ] GC(19) Eden regions: 130->0(130)
[15.117s][info][gc,heap        ] GC(19) Survivor regions: 1->1(17)
[15.117s][info][gc,heap        ] GC(19) Old regions: 7->7
[15.117s][info][gc,heap        ] GC(19) Humongous regions: 0->0
[15.117s][info][gc,metaspace   ] GC(19) Metaspace: 9571K(9856K)->9571K(9856K) NonClass: 8508K(8640K)->8508K(8640K) Class: 1063K(1216K)->1063K(1216K)
[15.117s][info][gc             ] GC(19) Pause Young (Normal) (G1 Evacuation Pause) 263M->3M(438M) 5.060ms
[15.117s][info][gc,cpu         ] GC(19) User=0.00s Sys=0.00s Real=0.01s
[15.170s][info][gc,start       ] GC(20) Pause Young (Normal) (G1 Evacuation Pause)
[15.170s][info][gc,task        ] GC(20) Using 10 workers of 13 for evacuation
[15.171s][info][gc,phases      ] GC(20)   Pre Evacuate Collection Set: 0.1ms
[15.171s][info][gc,phases      ] GC(20)   Merge Heap Roots: 0.1ms
[15.171s][info][gc,phases      ] GC(20)   Evacuate Collection Set: 0.4ms
[15.171s][info][gc,phases      ] GC(20)   Post Evacuate Collection Set: 0.4ms
[15.171s][info][gc,phases      ] GC(20)   Other: 0.1ms
[15.171s][info][gc,heap        ] GC(20) Eden regions: 130->0(130)
[15.171s][info][gc,heap        ] GC(20) Survivor regions: 1->1(17)
[15.171s][info][gc,heap        ] GC(20) Old regions: 7->7
[15.171s][info][gc,heap        ] GC(20) Humongous regions: 0->0
[15.171s][info][gc,metaspace   ] GC(20) Metaspace: 9571K(9856K)->9571K(9856K) NonClass: 8508K(8640K)->8508K(8640K) Class: 1063K(1216K)->1063K(1216K)
[15.171s][info][gc             ] GC(20) Pause Young (Normal) (G1 Evacuation Pause) 263M->3M(438M) 1.214ms
[15.171s][info][gc,cpu         ] GC(20) User=0.00s Sys=0.00s Real=0.00s
[15.219s][info][gc,start       ] GC(21) Pause Young (Normal) (G1 Evacuation Pause)
[15.219s][info][gc,task        ] GC(21) Using 10 workers of 13 for evacuation
[15.220s][info][gc,phases      ] GC(21)   Pre Evacuate Collection Set: 0.1ms
[15.220s][info][gc,phases      ] GC(21)   Merge Heap Roots: 0.1ms
[15.220s][info][gc,phases      ] GC(21)   Evacuate Collection Set: 0.4ms
[15.220s][info][gc,phases      ] GC(21)   Post Evacuate Collection Set: 0.4ms
[15.220s][info][gc,phases      ] GC(21)   Other: 0.0ms
[15.220s][info][gc,heap        ] GC(21) Eden regions: 130->0(130)
[15.220s][info][gc,heap        ] GC(21) Survivor regions: 1->1(17)
[15.220s][info][gc,heap        ] GC(21) Old regions: 7->7
[15.220s][info][gc,heap        ] GC(21) Humongous regions: 0->0
[15.220s][info][gc,metaspace   ] GC(21) Metaspace: 9571K(9856K)->9571K(9856K) NonClass: 8508K(8640K)->8508K(8640K) Class: 1063K(1216K)->1063K(1216K)
[15.221s][info][gc             ] GC(21) Pause Young (Normal) (G1 Evacuation Pause) 263M->3M(438M) 1.298ms
[15.221s][info][gc,cpu         ] GC(21) User=0.00s Sys=0.00s Real=0.00s
[15.268s][info][gc,start       ] GC(22) Pause Young (Normal) (G1 Evacuation Pause)
[15.268s][info][gc,task        ] GC(22) Using 10 workers of 13 for evacuation
[15.269s][info][gc,phases      ] GC(22)   Pre Evacuate Collection Set: 0.1ms
[15.269s][info][gc,phases      ] GC(22)   Merge Heap Roots: 0.1ms
[15.269s][info][gc,phases      ] GC(22)   Evacuate Collection Set: 0.4ms
[15.269s][info][gc,phases      ] GC(22)   Post Evacuate Collection Set: 0.4ms
[15.269s][info][gc,phases      ] GC(22)   Other: 0.1ms
[15.269s][info][gc,heap        ] GC(22) Eden regions: 130->0(130)
[15.269s][info][gc,heap        ] GC(22) Survivor regions: 1->1(17)
[15.269s][info][gc,heap        ] GC(22) Old regions: 7->7
[15.269s][info][gc,heap        ] GC(22) Humongous regions: 0->0
[15.269s][info][gc,metaspace   ] GC(22) Metaspace: 9571K(9856K)->9571K(9856K) NonClass: 8508K(8640K)->8508K(8640K) Class: 1063K(1216K)->1063K(1216K)
[15.269s][info][gc             ] GC(22) Pause Young (Normal) (G1 Evacuation Pause) 263M->3M(438M) 1.214ms
[15.269s][info][gc,cpu         ] GC(22) User=0.00s Sys=0.00s Real=0.00s
[15.316s][info][gc,start       ] GC(23) Pause Young (Normal) (G1 Evacuation Pause)
[15.316s][info][gc,task        ] GC(23) Using 10 workers of 13 for evacuation
[15.317s][info][gc,phases      ] GC(23)   Pre Evacuate Collection Set: 0.1ms
[15.317s][info][gc,phases      ] GC(23)   Merge Heap Roots: 0.1ms
[15.317s][info][gc,phases      ] GC(23)   Evacuate Collection Set: 0.4ms
[15.317s][info][gc,phases      ] GC(23)   Post Evacuate Collection Set: 0.7ms
[15.317s][info][gc,phases      ] GC(23)   Other: 0.0ms
[15.317s][info][gc,heap        ] GC(23) Eden regions: 130->0(156)
[15.317s][info][gc,heap        ] GC(23) Survivor regions: 1->1(17)
[15.317s][info][gc,heap        ] GC(23) Old regions: 7->7
[15.317s][info][gc,heap        ] GC(23) Humongous regions: 0->0
[15.317s][info][gc,metaspace   ] GC(23) Metaspace: 9571K(9856K)->9571K(9856K) NonClass: 8508K(8640K)->8508K(8640K) Class: 1063K(1216K)->1063K(1216K)
[15.317s][info][gc             ] GC(23) Pause Young (Normal) (G1 Evacuation Pause) 263M->3M(526M) 1.435ms
[15.317s][info][gc,cpu         ] GC(23) User=0.00s Sys=0.00s Real=0.00s
[15.413s][info][gc,start       ] GC(24) Pause Young (Normal) (G1 Evacuation Pause)
[15.414s][info][gc,task        ] GC(24) Using 12 workers of 13 for evacuation
[15.415s][info][gc,phases      ] GC(24)   Pre Evacuate Collection Set: 0.2ms
[15.415s][info][gc,phases      ] GC(24)   Merge Heap Roots: 0.1ms
[15.415s][info][gc,phases      ] GC(24)   Evacuate Collection Set: 0.3ms
[15.415s][info][gc,phases      ] GC(24)   Post Evacuate Collection Set: 0.5ms
[15.415s][info][gc,phases      ] GC(24)   Other: 0.1ms
[15.415s][info][gc,heap        ] GC(24) Eden regions: 156->0(156)
[15.415s][info][gc,heap        ] GC(24) Survivor regions: 1->1(20)
[15.415s][info][gc,heap        ] GC(24) Old regions: 7->7
[15.415s][info][gc,heap        ] GC(24) Humongous regions: 0->0
[15.415s][info][gc,metaspace   ] GC(24) Metaspace: 9571K(9856K)->9571K(9856K) NonClass: 8508K(8640K)->8508K(8640K) Class: 1063K(1216K)->1063K(1216K)
[15.415s][info][gc             ] GC(24) Pause Young (Normal) (G1 Evacuation Pause) 315M->3M(526M) 1.355ms
[15.415s][info][gc,cpu         ] GC(24) User=0.01s Sys=0.00s Real=0.00s
[15.475s][info][gc,start       ] GC(25) Pause Young (Normal) (G1 Evacuation Pause)
[15.475s][info][gc,task        ] GC(25) Using 12 workers of 13 for evacuation
[15.476s][info][gc,phases      ] GC(25)   Pre Evacuate Collection Set: 0.1ms
[15.476s][info][gc,phases      ] GC(25)   Merge Heap Roots: 0.1ms
[15.476s][info][gc,phases      ] GC(25)   Evacuate Collection Set: 0.4ms
[15.476s][info][gc,phases      ] GC(25)   Post Evacuate Collection Set: 0.5ms
[15.476s][info][gc,phases      ] GC(25)   Other: 0.0ms
[15.476s][info][gc,heap        ] GC(25) Eden regions: 156->0(156)
[15.476s][info][gc,heap        ] GC(25) Survivor regions: 1->1(20)
[15.476s][info][gc,heap        ] GC(25) Old regions: 7->7
[15.476s][info][gc,heap        ] GC(25) Humongous regions: 0->0
[15.476s][info][gc,metaspace   ] GC(25) Metaspace: 9571K(9856K)->9571K(9856K) NonClass: 8508K(8640K)->8508K(8640K) Class: 1063K(1216K)->1063K(1216K)
[15.476s][info][gc             ] GC(25) Pause Young (Normal) (G1 Evacuation Pause) 315M->3M(526M) 1.301ms
[15.476s][info][gc,cpu         ] GC(25) User=0.00s Sys=0.00s Real=0.01s
[15.535s][info][gc,start       ] GC(26) Pause Young (Normal) (G1 Evacuation Pause)
[15.535s][info][gc,task        ] GC(26) Using 12 workers of 13 for evacuation
[15.536s][info][gc,phases      ] GC(26)   Pre Evacuate Collection Set: 0.1ms
[15.536s][info][gc,phases      ] GC(26)   Merge Heap Roots: 0.1ms
[15.536s][info][gc,phases      ] GC(26)   Evacuate Collection Set: 0.4ms
[15.536s][info][gc,phases      ] GC(26)   Post Evacuate Collection Set: 0.3ms
[15.536s][info][gc,phases      ] GC(26)   Other: 0.1ms
[15.536s][info][gc,heap        ] GC(26) Eden regions: 156->0(156)
[15.536s][info][gc,heap        ] GC(26) Survivor regions: 1->1(20)
[15.536s][info][gc,heap        ] GC(26) Old regions: 7->7
[15.536s][info][gc,heap        ] GC(26) Humongous regions: 0->0
[15.536s][info][gc,metaspace   ] GC(26) Metaspace: 9571K(9856K)->9571K(9856K) NonClass: 8508K(8640K)->8508K(8640K) Class: 1063K(1216K)->1063K(1216K)
[15.536s][info][gc             ] GC(26) Pause Young (Normal) (G1 Evacuation Pause) 315M->3M(526M) 1.097ms
[15.536s][info][gc,cpu         ] GC(26) User=0.00s Sys=0.00s Real=0.01s
[15.592s][info][gc,start       ] GC(27) Pause Young (Normal) (G1 Evacuation Pause)
[15.593s][info][gc,task        ] GC(27) Using 12 workers of 13 for evacuation
[15.594s][info][gc,phases      ] GC(27)   Pre Evacuate Collection Set: 0.1ms
[15.594s][info][gc,phases      ] GC(27)   Merge Heap Roots: 0.1ms
[15.594s][info][gc,phases      ] GC(27)   Evacuate Collection Set: 0.3ms
[15.594s][info][gc,phases      ] GC(27)   Post Evacuate Collection Set: 0.5ms
[15.594s][info][gc,phases      ] GC(27)   Other: 0.0ms
[15.594s][info][gc,heap        ] GC(27) Eden regions: 156->0(156)
[15.594s][info][gc,heap        ] GC(27) Survivor regions: 1->1(20)
[15.594s][info][gc,heap        ] GC(27) Old regions: 7->7
[15.594s][info][gc,heap        ] GC(27) Humongous regions: 0->0
[15.594s][info][gc,metaspace   ] GC(27) Metaspace: 9571K(9856K)->9571K(9856K) NonClass: 8508K(8640K)->8508K(8640K) Class: 1063K(1216K)->1063K(1216K)
[15.594s][info][gc             ] GC(27) Pause Young (Normal) (G1 Evacuation Pause) 315M->3M(526M) 1.231ms
[15.594s][info][gc,cpu         ] GC(27) User=0.00s Sys=0.01s Real=0.00s
[15.658s][info][gc,start       ] GC(28) Pause Young (Normal) (G1 Evacuation Pause)
[15.658s][info][gc,task        ] GC(28) Using 12 workers of 13 for evacuation
[15.659s][info][gc,phases      ] GC(28)   Pre Evacuate Collection Set: 0.1ms
[15.659s][info][gc,phases      ] GC(28)   Merge Heap Roots: 0.1ms
[15.659s][info][gc,phases      ] GC(28)   Evacuate Collection Set: 0.3ms
[15.659s][info][gc,phases      ] GC(28)   Post Evacuate Collection Set: 0.4ms
[15.659s][info][gc,phases      ] GC(28)   Other: 0.1ms
[15.659s][info][gc,heap        ] GC(28) Eden regions: 156->0(156)
[15.659s][info][gc,heap        ] GC(28) Survivor regions: 1->1(20)
[15.659s][info][gc,heap        ] GC(28) Old regions: 7->7
[15.659s][info][gc,heap        ] GC(28) Humongous regions: 0->0
[15.659s][info][gc,metaspace   ] GC(28) Metaspace: 9571K(9856K)->9571K(9856K) NonClass: 8508K(8640K)->8508K(8640K) Class: 1063K(1216K)->1063K(1216K)
[15.659s][info][gc             ] GC(28) Pause Young (Normal) (G1 Evacuation Pause) 315M->3M(526M) 1.242ms
[15.659s][info][gc,cpu         ] GC(28) User=0.01s Sys=0.00s Real=0.00s
[15.722s][info][gc,start       ] GC(29) Pause Young (Normal) (G1 Evacuation Pause)
[15.722s][info][gc,task        ] GC(29) Using 12 workers of 13 for evacuation
[15.723s][info][gc,phases      ] GC(29)   Pre Evacuate Collection Set: 0.1ms
[15.723s][info][gc,phases      ] GC(29)   Merge Heap Roots: 0.1ms
[15.723s][info][gc,phases      ] GC(29)   Evacuate Collection Set: 0.4ms
[15.723s][info][gc,phases      ] GC(29)   Post Evacuate Collection Set: 0.5ms
[15.723s][info][gc,phases      ] GC(29)   Other: 0.1ms
[15.723s][info][gc,heap        ] GC(29) Eden regions: 156->0(156)
[15.723s][info][gc,heap        ] GC(29) Survivor regions: 1->1(20)
[15.723s][info][gc,heap        ] GC(29) Old regions: 7->7
[15.723s][info][gc,heap        ] GC(29) Humongous regions: 0->0
[15.723s][info][gc,metaspace   ] GC(29) Metaspace: 9572K(9856K)->9572K(9856K) NonClass: 8509K(8640K)->8509K(8640K) Class: 1063K(1216K)->1063K(1216K)
[15.723s][info][gc             ] GC(29) Pause Young (Normal) (G1 Evacuation Pause) 315M->3M(526M) 1.324ms
[15.723s][info][gc,cpu         ] GC(29) User=0.01s Sys=0.00s Real=0.00s
[15.780s][info][gc,start       ] GC(30) Pause Young (Normal) (G1 Evacuation Pause)
[15.780s][info][gc,task        ] GC(30) Using 12 workers of 13 for evacuation
[15.781s][info][gc,phases      ] GC(30)   Pre Evacuate Collection Set: 0.2ms
[15.781s][info][gc,phases      ] GC(30)   Merge Heap Roots: 0.1ms
[15.781s][info][gc,phases      ] GC(30)   Evacuate Collection Set: 0.5ms
[15.781s][info][gc,phases      ] GC(30)   Post Evacuate Collection Set: 0.4ms
[15.781s][info][gc,phases      ] GC(30)   Other: 0.1ms
[15.781s][info][gc,heap        ] GC(30) Eden regions: 156->0(156)
[15.781s][info][gc,heap        ] GC(30) Survivor regions: 1->1(20)
[15.781s][info][gc,heap        ] GC(30) Old regions: 7->7
[15.781s][info][gc,heap        ] GC(30) Humongous regions: 0->0
[15.781s][info][gc,metaspace   ] GC(30) Metaspace: 9572K(9856K)->9572K(9856K) NonClass: 8509K(8640K)->8509K(8640K) Class: 1063K(1216K)->1063K(1216K)
[15.781s][info][gc             ] GC(30) Pause Young (Normal) (G1 Evacuation Pause) 315M->3M(526M) 1.347ms
[15.781s][info][gc,cpu         ] GC(30) User=0.01s Sys=0.00s Real=0.00s
[15.838s][info][gc,start       ] GC(31) Pause Young (Normal) (G1 Evacuation Pause)
[15.838s][info][gc,task        ] GC(31) Using 12 workers of 13 for evacuation
[15.839s][info][gc,phases      ] GC(31)   Pre Evacuate Collection Set: 0.1ms
[15.839s][info][gc,phases      ] GC(31)   Merge Heap Roots: 0.1ms
[15.839s][info][gc,phases      ] GC(31)   Evacuate Collection Set: 0.4ms
[15.839s][info][gc,phases      ] GC(31)   Post Evacuate Collection Set: 0.4ms
[15.839s][info][gc,phases      ] GC(31)   Other: 0.0ms
[15.839s][info][gc,heap        ] GC(31) Eden regions: 156->0(156)
[15.840s][info][gc,heap        ] GC(31) Survivor regions: 1->1(20)
[15.840s][info][gc,heap        ] GC(31) Old regions: 7->7
[15.840s][info][gc,heap        ] GC(31) Humongous regions: 0->0
[15.840s][info][gc,metaspace   ] GC(31) Metaspace: 9572K(9856K)->9572K(9856K) NonClass: 8509K(8640K)->8509K(8640K) Class: 1063K(1216K)->1063K(1216K)
[15.840s][info][gc             ] GC(31) Pause Young (Normal) (G1 Evacuation Pause) 315M->3M(526M) 1.291ms
[15.840s][info][gc,cpu         ] GC(31) User=0.00s Sys=0.00s Real=0.00s
[15.896s][info][gc,start       ] GC(32) Pause Young (Normal) (G1 Evacuation Pause)
[15.896s][info][gc,task        ] GC(32) Using 12 workers of 13 for evacuation
[15.897s][info][gc,phases      ] GC(32)   Pre Evacuate Collection Set: 0.1ms
[15.897s][info][gc,phases      ] GC(32)   Merge Heap Roots: 0.1ms
[15.897s][info][gc,phases      ] GC(32)   Evacuate Collection Set: 0.5ms
[15.897s][info][gc,phases      ] GC(32)   Post Evacuate Collection Set: 0.4ms
[15.897s][info][gc,phases      ] GC(32)   Other: 0.1ms
[15.897s][info][gc,heap        ] GC(32) Eden regions: 156->0(156)
[15.897s][info][gc,heap        ] GC(32) Survivor regions: 1->1(20)
[15.897s][info][gc,heap        ] GC(32) Old regions: 7->7
[15.897s][info][gc,heap        ] GC(32) Humongous regions: 0->0
[15.897s][info][gc,metaspace   ] GC(32) Metaspace: 9572K(9856K)->9572K(9856K) NonClass: 8509K(8640K)->8509K(8640K) Class: 1063K(1216K)->1063K(1216K)
[15.897s][info][gc             ] GC(32) Pause Young (Normal) (G1 Evacuation Pause) 315M->3M(526M) 1.316ms
[15.897s][info][gc,cpu         ] GC(32) User=0.00s Sys=0.01s Real=0.00s
[15.953s][info][gc,start       ] GC(33) Pause Young (Normal) (G1 Evacuation Pause)
[15.953s][info][gc,task        ] GC(33) Using 12 workers of 13 for evacuation
[15.955s][info][gc,phases      ] GC(33)   Pre Evacuate Collection Set: 0.1ms
[15.955s][info][gc,phases      ] GC(33)   Merge Heap Roots: 0.1ms
[15.955s][info][gc,phases      ] GC(33)   Evacuate Collection Set: 0.4ms
[15.955s][info][gc,phases      ] GC(33)   Post Evacuate Collection Set: 0.4ms
[15.955s][info][gc,phases      ] GC(33)   Other: 0.1ms
[15.955s][info][gc,heap        ] GC(33) Eden regions: 156->0(156)
[15.955s][info][gc,heap        ] GC(33) Survivor regions: 1->1(20)
[15.955s][info][gc,heap        ] GC(33) Old regions: 7->7
[15.955s][info][gc,heap        ] GC(33) Humongous regions: 0->0
[15.955s][info][gc,metaspace   ] GC(33) Metaspace: 9572K(9856K)->9572K(9856K) NonClass: 8509K(8640K)->8509K(8640K) Class: 1063K(1216K)->1063K(1216K)
[15.955s][info][gc             ] GC(33) Pause Young (Normal) (G1 Evacuation Pause) 315M->3M(526M) 1.264ms
[15.955s][info][gc,cpu         ] GC(33) User=0.00s Sys=0.00s Real=0.00s
[16.010s][info][gc,start       ] GC(34) Pause Young (Normal) (G1 Evacuation Pause)
[16.011s][info][gc,task        ] GC(34) Using 12 workers of 13 for evacuation
[16.012s][info][gc,phases      ] GC(34)   Pre Evacuate Collection Set: 0.1ms
[16.012s][info][gc,phases      ] GC(34)   Merge Heap Roots: 0.1ms
[16.012s][info][gc,phases      ] GC(34)   Evacuate Collection Set: 0.4ms
[16.012s][info][gc,phases      ] GC(34)   Post Evacuate Collection Set: 0.5ms
[16.012s][info][gc,phases      ] GC(34)   Other: 0.0ms
[16.012s][info][gc,heap        ] GC(34) Eden regions: 156->0(156)
[16.012s][info][gc,heap        ] GC(34) Survivor regions: 1->1(20)
[16.012s][info][gc,heap        ] GC(34) Old regions: 7->7
[16.012s][info][gc,heap        ] GC(34) Humongous regions: 0->0
[16.012s][info][gc,metaspace   ] GC(34) Metaspace: 9573K(9856K)->9573K(9856K) NonClass: 8510K(8640K)->8510K(8640K) Class: 1063K(1216K)->1063K(1216K)
[16.012s][info][gc             ] GC(34) Pause Young (Normal) (G1 Evacuation Pause) 315M->3M(526M) 1.372ms
[16.012s][info][gc,cpu         ] GC(34) User=0.00s Sys=0.00s Real=0.00s
[16.068s][info][gc,start       ] GC(35) Pause Young (Normal) (G1 Evacuation Pause)
[16.068s][info][gc,task        ] GC(35) Using 12 workers of 13 for evacuation
[16.069s][info][gc,phases      ] GC(35)   Pre Evacuate Collection Set: 0.1ms
[16.069s][info][gc,phases      ] GC(35)   Merge Heap Roots: 0.1ms
[16.069s][info][gc,phases      ] GC(35)   Evacuate Collection Set: 0.4ms
[16.069s][info][gc,phases      ] GC(35)   Post Evacuate Collection Set: 0.5ms
[16.069s][info][gc,phases      ] GC(35)   Other: 0.0ms
[16.069s][info][gc,heap        ] GC(35) Eden regions: 156->0(156)
[16.069s][info][gc,heap        ] GC(35) Survivor regions: 1->1(20)
[16.069s][info][gc,heap        ] GC(35) Old regions: 7->7
[16.069s][info][gc,heap        ] GC(35) Humongous regions: 0->0
[16.069s][info][gc,metaspace   ] GC(35) Metaspace: 9573K(9856K)->9573K(9856K) NonClass: 8510K(8640K)->8510K(8640K) Class: 1063K(1216K)->1063K(1216K)
[16.069s][info][gc             ] GC(35) Pause Young (Normal) (G1 Evacuation Pause) 315M->3M(526M) 1.373ms
[16.069s][info][gc,cpu         ] GC(35) User=0.01s Sys=0.00s Real=0.00s
[16.126s][info][gc,start       ] GC(36) Pause Young (Normal) (G1 Evacuation Pause)
[16.126s][info][gc,task        ] GC(36) Using 12 workers of 13 for evacuation
[16.128s][info][gc,phases      ] GC(36)   Pre Evacuate Collection Set: 0.2ms
[16.128s][info][gc,phases      ] GC(36)   Merge Heap Roots: 0.1ms
[16.128s][info][gc,phases      ] GC(36)   Evacuate Collection Set: 0.4ms
[16.128s][info][gc,phases      ] GC(36)   Post Evacuate Collection Set: 0.5ms
[16.128s][info][gc,phases      ] GC(36)   Other: 0.1ms
[16.128s][info][gc,heap        ] GC(36) Eden regions: 156->0(156)
[16.128s][info][gc,heap        ] GC(36) Survivor regions: 1->1(20)
[16.128s][info][gc,heap        ] GC(36) Old regions: 7->7
[16.128s][info][gc,heap        ] GC(36) Humongous regions: 0->0
[16.128s][info][gc,metaspace   ] GC(36) Metaspace: 9573K(9856K)->9573K(9856K) NonClass: 8510K(8640K)->8510K(8640K) Class: 1063K(1216K)->1063K(1216K)
[16.128s][info][gc             ] GC(36) Pause Young (Normal) (G1 Evacuation Pause) 315M->3M(526M) 1.486ms
[16.128s][info][gc,cpu         ] GC(36) User=0.01s Sys=0.00s Real=0.00s
[16.184s][info][gc,start       ] GC(37) Pause Young (Normal) (G1 Evacuation Pause)
[16.184s][info][gc,task        ] GC(37) Using 12 workers of 13 for evacuation
[16.186s][info][gc,phases      ] GC(37)   Pre Evacuate Collection Set: 0.1ms
[16.186s][info][gc,phases      ] GC(37)   Merge Heap Roots: 0.1ms
[16.186s][info][gc,phases      ] GC(37)   Evacuate Collection Set: 0.4ms
[16.186s][info][gc,phases      ] GC(37)   Post Evacuate Collection Set: 0.5ms
[16.186s][info][gc,phases      ] GC(37)   Other: 0.0ms
[16.186s][info][gc,heap        ] GC(37) Eden regions: 156->0(156)
[16.186s][info][gc,heap        ] GC(37) Survivor regions: 1->1(20)
[16.186s][info][gc,heap        ] GC(37) Old regions: 7->7
[16.186s][info][gc,heap        ] GC(37) Humongous regions: 0->0
[16.186s][info][gc,metaspace   ] GC(37) Metaspace: 9573K(9856K)->9573K(9856K) NonClass: 8510K(8640K)->8510K(8640K) Class: 1063K(1216K)->1063K(1216K)
[16.186s][info][gc             ] GC(37) Pause Young (Normal) (G1 Evacuation Pause) 315M->3M(526M) 1.363ms
[16.186s][info][gc,cpu         ] GC(37) User=0.01s Sys=0.00s Real=0.00s
[16.247s][info][gc,start       ] GC(38) Pause Young (Normal) (G1 Evacuation Pause)
[16.247s][info][gc,task        ] GC(38) Using 12 workers of 13 for evacuation
[16.248s][info][gc,phases      ] GC(38)   Pre Evacuate Collection Set: 0.1ms
[16.248s][info][gc,phases      ] GC(38)   Merge Heap Roots: 0.1ms
[16.248s][info][gc,phases      ] GC(38)   Evacuate Collection Set: 0.4ms
[16.248s][info][gc,phases      ] GC(38)   Post Evacuate Collection Set: 0.7ms
[16.248s][info][gc,phases      ] GC(38)   Other: 0.0ms
[16.248s][info][gc,heap        ] GC(38) Eden regions: 156->0(188)
[16.248s][info][gc,heap        ] GC(38) Survivor regions: 1->1(20)
[16.248s][info][gc,heap        ] GC(38) Old regions: 7->7
[16.248s][info][gc,heap        ] GC(38) Humongous regions: 0->0
[16.248s][info][gc,metaspace   ] GC(38) Metaspace: 9573K(9856K)->9573K(9856K) NonClass: 8510K(8640K)->8510K(8640K) Class: 1063K(1216K)->1063K(1216K)
[16.248s][info][gc             ] GC(38) Pause Young (Normal) (G1 Evacuation Pause) 315M->3M(632M) 1.506ms
[16.248s][info][gc,cpu         ] GC(38) User=0.00s Sys=0.00s Real=0.00s
[16.359s][info][gc,start       ] GC(39) Pause Young (Normal) (G1 Evacuation Pause)
[16.359s][info][gc,task        ] GC(39) Using 13 workers of 13 for evacuation
[16.360s][info][gc,phases      ] GC(39)   Pre Evacuate Collection Set: 0.1ms
[16.360s][info][gc,phases      ] GC(39)   Merge Heap Roots: 0.1ms
[16.360s][info][gc,phases      ] GC(39)   Evacuate Collection Set: 0.3ms
[16.360s][info][gc,phases      ] GC(39)   Post Evacuate Collection Set: 0.4ms
[16.360s][info][gc,phases      ] GC(39)   Other: 0.1ms
[16.360s][info][gc,heap        ] GC(39) Eden regions: 188->0(188)
[16.360s][info][gc,heap        ] GC(39) Survivor regions: 1->1(24)
[16.360s][info][gc,heap        ] GC(39) Old regions: 7->7
[16.360s][info][gc,heap        ] GC(39) Humongous regions: 0->0
[16.360s][info][gc,metaspace   ] GC(39) Metaspace: 9573K(9856K)->9573K(9856K) NonClass: 8510K(8640K)->8510K(8640K) Class: 1063K(1216K)->1063K(1216K)
[16.360s][info][gc             ] GC(39) Pause Young (Normal) (G1 Evacuation Pause) 379M->3M(632M) 1.220ms
[16.360s][info][gc,cpu         ] GC(39) User=0.00s Sys=0.00s Real=0.00s
[16.431s][info][gc,start       ] GC(40) Pause Young (Normal) (G1 Evacuation Pause)
[16.431s][info][gc,task        ] GC(40) Using 13 workers of 13 for evacuation
[16.432s][info][gc,phases      ] GC(40)   Pre Evacuate Collection Set: 0.1ms
[16.432s][info][gc,phases      ] GC(40)   Merge Heap Roots: 0.1ms
[16.432s][info][gc,phases      ] GC(40)   Evacuate Collection Set: 0.4ms
[16.432s][info][gc,phases      ] GC(40)   Post Evacuate Collection Set: 0.3ms
[16.432s][info][gc,phases      ] GC(40)   Other: 0.0ms
[16.432s][info][gc,heap        ] GC(40) Eden regions: 188->0(188)
[16.432s][info][gc,heap        ] GC(40) Survivor regions: 1->1(24)
[16.432s][info][gc,heap        ] GC(40) Old regions: 7->7
[16.432s][info][gc,heap        ] GC(40) Humongous regions: 0->0
[16.432s][info][gc,metaspace   ] GC(40) Metaspace: 9573K(9856K)->9573K(9856K) NonClass: 8510K(8640K)->8510K(8640K) Class: 1063K(1216K)->1063K(1216K)
[16.432s][info][gc             ] GC(40) Pause Young (Normal) (G1 Evacuation Pause) 379M->3M(632M) 1.171ms
[16.432s][info][gc,cpu         ] GC(40) User=0.00s Sys=0.00s Real=0.00s
[16.500s][info][gc,start       ] GC(41) Pause Young (Normal) (G1 Evacuation Pause)
[16.500s][info][gc,task        ] GC(41) Using 13 workers of 13 for evacuation
[16.501s][info][gc,phases      ] GC(41)   Pre Evacuate Collection Set: 0.1ms
[16.501s][info][gc,phases      ] GC(41)   Merge Heap Roots: 0.1ms
[16.501s][info][gc,phases      ] GC(41)   Evacuate Collection Set: 0.4ms
[16.501s][info][gc,phases      ] GC(41)   Post Evacuate Collection Set: 0.3ms
[16.501s][info][gc,phases      ] GC(41)   Other: 0.0ms
[16.501s][info][gc,heap        ] GC(41) Eden regions: 188->0(188)
[16.501s][info][gc,heap        ] GC(41) Survivor regions: 1->1(24)
[16.501s][info][gc,heap        ] GC(41) Old regions: 7->7
[16.501s][info][gc,heap        ] GC(41) Humongous regions: 0->0
[16.501s][info][gc,metaspace   ] GC(41) Metaspace: 9573K(9856K)->9573K(9856K) NonClass: 8510K(8640K)->8510K(8640K) Class: 1063K(1216K)->1063K(1216K)
[16.501s][info][gc             ] GC(41) Pause Young (Normal) (G1 Evacuation Pause) 379M->3M(632M) 1.036ms
[16.501s][info][gc,cpu         ] GC(41) User=0.00s Sys=0.00s Real=0.00s
[16.572s][info][gc,start       ] GC(42) Pause Young (Normal) (G1 Evacuation Pause)
[16.572s][info][gc,task        ] GC(42) Using 13 workers of 13 for evacuation
[16.572s][info][gc,phases      ] GC(42)   Pre Evacuate Collection Set: 0.1ms
[16.572s][info][gc,phases      ] GC(42)   Merge Heap Roots: 0.1ms
[16.572s][info][gc,phases      ] GC(42)   Evacuate Collection Set: 0.3ms
[16.572s][info][gc,phases      ] GC(42)   Post Evacuate Collection Set: 0.2ms
[16.572s][info][gc,phases      ] GC(42)   Other: 0.0ms
[16.573s][info][gc,heap        ] GC(42) Eden regions: 188->0(188)
[16.573s][info][gc,heap        ] GC(42) Survivor regions: 1->1(24)
[16.573s][info][gc,heap        ] GC(42) Old regions: 7->7
[16.573s][info][gc,heap        ] GC(42) Humongous regions: 0->0
[16.573s][info][gc,metaspace   ] GC(42) Metaspace: 9573K(9856K)->9573K(9856K) NonClass: 8510K(8640K)->8510K(8640K) Class: 1063K(1216K)->1063K(1216K)
[16.573s][info][gc             ] GC(42) Pause Young (Normal) (G1 Evacuation Pause) 379M->3M(632M) 0.843ms
[16.573s][info][gc,cpu         ] GC(42) User=0.00s Sys=0.00s Real=0.00s
[16.646s][info][gc,start       ] GC(43) Pause Young (Normal) (G1 Evacuation Pause)
[16.646s][info][gc,task        ] GC(43) Using 13 workers of 13 for evacuation
[16.647s][info][gc,phases      ] GC(43)   Pre Evacuate Collection Set: 0.2ms
[16.647s][info][gc,phases      ] GC(43)   Merge Heap Roots: 0.1ms
[16.647s][info][gc,phases      ] GC(43)   Evacuate Collection Set: 0.4ms
[16.647s][info][gc,phases      ] GC(43)   Post Evacuate Collection Set: 0.5ms
[16.647s][info][gc,phases      ] GC(43)   Other: 0.1ms
[16.647s][info][gc,heap        ] GC(43) Eden regions: 188->0(188)
[16.647s][info][gc,heap        ] GC(43) Survivor regions: 1->1(24)
[16.647s][info][gc,heap        ] GC(43) Old regions: 7->7
[16.647s][info][gc,heap        ] GC(43) Humongous regions: 0->0
[16.647s][info][gc,metaspace   ] GC(43) Metaspace: 9573K(9856K)->9573K(9856K) NonClass: 8510K(8640K)->8510K(8640K) Class: 1063K(1216K)->1063K(1216K)
[16.647s][info][gc             ] GC(43) Pause Young (Normal) (G1 Evacuation Pause) 379M->3M(632M) 1.452ms
[16.647s][info][gc,cpu         ] GC(43) User=0.00s Sys=0.01s Real=0.00s
[16.714s][info][gc,start       ] GC(44) Pause Young (Normal) (G1 Evacuation Pause)
[16.714s][info][gc,task        ] GC(44) Using 13 workers of 13 for evacuation
[16.716s][info][gc,phases      ] GC(44)   Pre Evacuate Collection Set: 0.1ms
[16.716s][info][gc,phases      ] GC(44)   Merge Heap Roots: 0.1ms
[16.716s][info][gc,phases      ] GC(44)   Evacuate Collection Set: 0.5ms
[16.716s][info][gc,phases      ] GC(44)   Post Evacuate Collection Set: 0.5ms
[16.716s][info][gc,phases      ] GC(44)   Other: 0.1ms
[16.716s][info][gc,heap        ] GC(44) Eden regions: 188->0(188)
[16.716s][info][gc,heap        ] GC(44) Survivor regions: 1->1(24)
[16.716s][info][gc,heap        ] GC(44) Old regions: 7->7
[16.716s][info][gc,heap        ] GC(44) Humongous regions: 0->0
[16.716s][info][gc,metaspace   ] GC(44) Metaspace: 9573K(9856K)->9573K(9856K) NonClass: 8510K(8640K)->8510K(8640K) Class: 1063K(1216K)->1063K(1216K)
[16.716s][info][gc             ] GC(44) Pause Young (Normal) (G1 Evacuation Pause) 379M->3M(632M) 1.504ms
[16.716s][info][gc,cpu         ] GC(44) User=0.00s Sys=0.00s Real=0.00s
[16.783s][info][gc,start       ] GC(45) Pause Young (Normal) (G1 Evacuation Pause)
[16.783s][info][gc,task        ] GC(45) Using 13 workers of 13 for evacuation
[16.784s][info][gc,phases      ] GC(45)   Pre Evacuate Collection Set: 0.1ms
[16.784s][info][gc,phases      ] GC(45)   Merge Heap Roots: 0.1ms
[16.784s][info][gc,phases      ] GC(45)   Evacuate Collection Set: 0.6ms
[16.784s][info][gc,phases      ] GC(45)   Post Evacuate Collection Set: 0.5ms
[16.784s][info][gc,phases      ] GC(45)   Other: 0.0ms
[16.784s][info][gc,heap        ] GC(45) Eden regions: 188->0(188)
[16.784s][info][gc,heap        ] GC(45) Survivor regions: 1->1(24)
[16.784s][info][gc,heap        ] GC(45) Old regions: 7->7
[16.785s][info][gc,heap        ] GC(45) Humongous regions: 0->0
[16.785s][info][gc,metaspace   ] GC(45) Metaspace: 9573K(9856K)->9573K(9856K) NonClass: 8510K(8640K)->8510K(8640K) Class: 1063K(1216K)->1063K(1216K)
[16.785s][info][gc             ] GC(45) Pause Young (Normal) (G1 Evacuation Pause) 379M->3M(632M) 1.497ms
[16.785s][info][gc,cpu         ] GC(45) User=0.00s Sys=0.00s Real=0.00s
[16.853s][info][gc,start       ] GC(46) Pause Young (Normal) (G1 Evacuation Pause)
[16.853s][info][gc,task        ] GC(46) Using 13 workers of 13 for evacuation
[16.854s][info][gc,phases      ] GC(46)   Pre Evacuate Collection Set: 0.1ms
[16.854s][info][gc,phases      ] GC(46)   Merge Heap Roots: 0.1ms
[16.854s][info][gc,phases      ] GC(46)   Evacuate Collection Set: 0.4ms
[16.854s][info][gc,phases      ] GC(46)   Post Evacuate Collection Set: 0.5ms
[16.854s][info][gc,phases      ] GC(46)   Other: 0.1ms
[16.854s][info][gc,heap        ] GC(46) Eden regions: 188->0(188)
[16.854s][info][gc,heap        ] GC(46) Survivor regions: 1->1(24)
[16.854s][info][gc,heap        ] GC(46) Old regions: 7->7
[16.854s][info][gc,heap        ] GC(46) Humongous regions: 0->0
[16.855s][info][gc,metaspace   ] GC(46) Metaspace: 9573K(9856K)->9573K(9856K) NonClass: 8510K(8640K)->8510K(8640K) Class: 1063K(1216K)->1063K(1216K)
[16.855s][info][gc             ] GC(46) Pause Young (Normal) (G1 Evacuation Pause) 379M->3M(632M) 1.339ms
[16.855s][info][gc,cpu         ] GC(46) User=0.01s Sys=0.00s Real=0.00s
[16.924s][info][gc,start       ] GC(47) Pause Young (Normal) (G1 Evacuation Pause)
[16.924s][info][gc,task        ] GC(47) Using 13 workers of 13 for evacuation
[16.925s][info][gc,phases      ] GC(47)   Pre Evacuate Collection Set: 0.1ms
[16.925s][info][gc,phases      ] GC(47)   Merge Heap Roots: 0.1ms
[16.925s][info][gc,phases      ] GC(47)   Evacuate Collection Set: 0.5ms
[16.925s][info][gc,phases      ] GC(47)   Post Evacuate Collection Set: 0.5ms
[16.925s][info][gc,phases      ] GC(47)   Other: 0.0ms
[16.925s][info][gc,heap        ] GC(47) Eden regions: 188->0(188)
[16.925s][info][gc,heap        ] GC(47) Survivor regions: 1->1(24)
[16.925s][info][gc,heap        ] GC(47) Old regions: 7->7
[16.925s][info][gc,heap        ] GC(47) Humongous regions: 0->0
[16.925s][info][gc,metaspace   ] GC(47) Metaspace: 9573K(9856K)->9573K(9856K) NonClass: 8510K(8640K)->8510K(8640K) Class: 1063K(1216K)->1063K(1216K)
[16.925s][info][gc             ] GC(47) Pause Young (Normal) (G1 Evacuation Pause) 379M->3M(632M) 1.437ms
[16.925s][info][gc,cpu         ] GC(47) User=0.01s Sys=0.00s Real=0.00s
[16.994s][info][gc,start       ] GC(48) Pause Young (Normal) (G1 Evacuation Pause)
[16.994s][info][gc,task        ] GC(48) Using 13 workers of 13 for evacuation
[16.995s][info][gc,phases      ] GC(48)   Pre Evacuate Collection Set: 0.1ms
[16.995s][info][gc,phases      ] GC(48)   Merge Heap Roots: 0.1ms
[16.995s][info][gc,phases      ] GC(48)   Evacuate Collection Set: 0.4ms
[16.995s][info][gc,phases      ] GC(48)   Post Evacuate Collection Set: 0.4ms
[16.995s][info][gc,phases      ] GC(48)   Other: 0.1ms
[16.995s][info][gc,heap        ] GC(48) Eden regions: 188->0(188)
[16.995s][info][gc,heap        ] GC(48) Survivor regions: 1->1(24)
[16.995s][info][gc,heap        ] GC(48) Old regions: 7->7
[16.995s][info][gc,heap        ] GC(48) Humongous regions: 0->0
[16.995s][info][gc,metaspace   ] GC(48) Metaspace: 9573K(9856K)->9573K(9856K) NonClass: 8510K(8640K)->8510K(8640K) Class: 1063K(1216K)->1063K(1216K)
[16.995s][info][gc             ] GC(48) Pause Young (Normal) (G1 Evacuation Pause) 379M->3M(632M) 1.133ms
[16.995s][info][gc,cpu         ] GC(48) User=0.00s Sys=0.00s Real=0.00s
[17.061s][info][gc,start       ] GC(49) Pause Young (Normal) (G1 Evacuation Pause)
[17.061s][info][gc,task        ] GC(49) Using 13 workers of 13 for evacuation
[17.062s][info][gc,phases      ] GC(49)   Pre Evacuate Collection Set: 0.1ms
[17.062s][info][gc,phases      ] GC(49)   Merge Heap Roots: 0.1ms
[17.062s][info][gc,phases      ] GC(49)   Evacuate Collection Set: 0.5ms
[17.062s][info][gc,phases      ] GC(49)   Post Evacuate Collection Set: 0.5ms
[17.062s][info][gc,phases      ] GC(49)   Other: 0.1ms
[17.062s][info][gc,heap        ] GC(49) Eden regions: 188->0(188)
[17.062s][info][gc,heap        ] GC(49) Survivor regions: 1->1(24)
[17.062s][info][gc,heap        ] GC(49) Old regions: 7->7
[17.062s][info][gc,heap        ] GC(49) Humongous regions: 0->0
[17.062s][info][gc,metaspace   ] GC(49) Metaspace: 9573K(9856K)->9573K(9856K) NonClass: 8510K(8640K)->8510K(8640K) Class: 1063K(1216K)->1063K(1216K)
[17.062s][info][gc             ] GC(49) Pause Young (Normal) (G1 Evacuation Pause) 379M->3M(632M) 1.458ms
[17.062s][info][gc,cpu         ] GC(49) User=0.00s Sys=0.00s Real=0.00s
[17.132s][info][gc,start       ] GC(50) Pause Young (Normal) (G1 Evacuation Pause)
[17.132s][info][gc,task        ] GC(50) Using 13 workers of 13 for evacuation
[17.134s][info][gc,phases      ] GC(50)   Pre Evacuate Collection Set: 0.1ms
[17.134s][info][gc,phases      ] GC(50)   Merge Heap Roots: 0.1ms
[17.134s][info][gc,phases      ] GC(50)   Evacuate Collection Set: 0.5ms
[17.134s][info][gc,phases      ] GC(50)   Post Evacuate Collection Set: 0.5ms
[17.134s][info][gc,phases      ] GC(50)   Other: 0.0ms
[17.134s][info][gc,heap        ] GC(50) Eden regions: 188->0(188)
[17.134s][info][gc,heap        ] GC(50) Survivor regions: 1->1(24)
[17.134s][info][gc,heap        ] GC(50) Old regions: 7->7
[17.134s][info][gc,heap        ] GC(50) Humongous regions: 0->0
[17.134s][info][gc,metaspace   ] GC(50) Metaspace: 9573K(9856K)->9573K(9856K) NonClass: 8510K(8640K)->8510K(8640K) Class: 1063K(1216K)->1063K(1216K)
[17.134s][info][gc             ] GC(50) Pause Young (Normal) (G1 Evacuation Pause) 379M->3M(632M) 1.462ms
[17.134s][info][gc,cpu         ] GC(50) User=0.00s Sys=0.01s Real=0.00s
[17.201s][info][gc,start       ] GC(51) Pause Young (Normal) (G1 Evacuation Pause)
[17.201s][info][gc,task        ] GC(51) Using 13 workers of 13 for evacuation
[17.202s][info][gc,phases      ] GC(51)   Pre Evacuate Collection Set: 0.2ms
[17.202s][info][gc,phases      ] GC(51)   Merge Heap Roots: 0.1ms
[17.203s][info][gc,phases      ] GC(51)   Evacuate Collection Set: 0.5ms
[17.203s][info][gc,phases      ] GC(51)   Post Evacuate Collection Set: 0.5ms
[17.203s][info][gc,phases      ] GC(51)   Other: 0.0ms
[17.203s][info][gc,heap        ] GC(51) Eden regions: 188->0(188)
[17.203s][info][gc,heap        ] GC(51) Survivor regions: 1->1(24)
[17.203s][info][gc,heap        ] GC(51) Old regions: 7->7
[17.203s][info][gc,heap        ] GC(51) Humongous regions: 0->0
[17.203s][info][gc,metaspace   ] GC(51) Metaspace: 9573K(9856K)->9573K(9856K) NonClass: 8510K(8640K)->8510K(8640K) Class: 1063K(1216K)->1063K(1216K)
[17.203s][info][gc             ] GC(51) Pause Young (Normal) (G1 Evacuation Pause) 379M->3M(632M) 1.508ms
[17.203s][info][gc,cpu         ] GC(51) User=0.00s Sys=0.00s Real=0.00s
[17.277s][info][gc,start       ] GC(52) Pause Young (Normal) (G1 Evacuation Pause)
[17.277s][info][gc,task        ] GC(52) Using 13 workers of 13 for evacuation
[17.278s][info][gc,phases      ] GC(52)   Pre Evacuate Collection Set: 0.1ms
[17.278s][info][gc,phases      ] GC(52)   Merge Heap Roots: 0.1ms
[17.278s][info][gc,phases      ] GC(52)   Evacuate Collection Set: 0.5ms
[17.278s][info][gc,phases      ] GC(52)   Post Evacuate Collection Set: 0.5ms
[17.278s][info][gc,phases      ] GC(52)   Other: 0.1ms
[17.278s][info][gc,heap        ] GC(52) Eden regions: 188->0(188)
[17.278s][info][gc,heap        ] GC(52) Survivor regions: 1->1(24)
[17.278s][info][gc,heap        ] GC(52) Old regions: 7->7
[17.278s][info][gc,heap        ] GC(52) Humongous regions: 0->0
[17.278s][info][gc,metaspace   ] GC(52) Metaspace: 9573K(9856K)->9573K(9856K) NonClass: 8510K(8640K)->8510K(8640K) Class: 1063K(1216K)->1063K(1216K)
[17.278s][info][gc             ] GC(52) Pause Young (Normal) (G1 Evacuation Pause) 379M->3M(632M) 1.442ms
[17.278s][info][gc,cpu         ] GC(52) User=0.00s Sys=0.00s Real=0.00s
[17.347s][info][gc,start       ] GC(53) Pause Young (Normal) (G1 Evacuation Pause)
[17.347s][info][gc,task        ] GC(53) Using 13 workers of 13 for evacuation
[17.348s][info][gc,phases      ] GC(53)   Pre Evacuate Collection Set: 0.1ms
[17.348s][info][gc,phases      ] GC(53)   Merge Heap Roots: 0.1ms
[17.348s][info][gc,phases      ] GC(53)   Evacuate Collection Set: 0.5ms
[17.348s][info][gc,phases      ] GC(53)   Post Evacuate Collection Set: 0.5ms
[17.348s][info][gc,phases      ] GC(53)   Other: 0.1ms
[17.348s][info][gc,heap        ] GC(53) Eden regions: 188->0(188)
[17.348s][info][gc,heap        ] GC(53) Survivor regions: 1->1(24)
[17.348s][info][gc,heap        ] GC(53) Old regions: 7->7
[17.348s][info][gc,heap        ] GC(53) Humongous regions: 0->0
[17.348s][info][gc,metaspace   ] GC(53) Metaspace: 9573K(9856K)->9573K(9856K) NonClass: 8510K(8640K)->8510K(8640K) Class: 1063K(1216K)->1063K(1216K)
[17.348s][info][gc             ] GC(53) Pause Young (Normal) (G1 Evacuation Pause) 379M->3M(632M) 1.450ms
[17.348s][info][gc,cpu         ] GC(53) User=0.00s Sys=0.00s Real=0.00s
[17.417s][info][gc,start       ] GC(54) Pause Young (Normal) (G1 Evacuation Pause)
[17.417s][info][gc,task        ] GC(54) Using 13 workers of 13 for evacuation
[17.418s][info][gc,phases      ] GC(54)   Pre Evacuate Collection Set: 0.1ms
[17.418s][info][gc,phases      ] GC(54)   Merge Heap Roots: 0.1ms
[17.418s][info][gc,phases      ] GC(54)   Evacuate Collection Set: 0.5ms
[17.418s][info][gc,phases      ] GC(54)   Post Evacuate Collection Set: 0.5ms
[17.418s][info][gc,phases      ] GC(54)   Other: 0.0ms
[17.418s][info][gc,heap        ] GC(54) Eden regions: 188->0(188)
[17.418s][info][gc,heap        ] GC(54) Survivor regions: 1->1(24)
[17.418s][info][gc,heap        ] GC(54) Old regions: 7->7
[17.418s][info][gc,heap        ] GC(54) Humongous regions: 0->0
[17.418s][info][gc,metaspace   ] GC(54) Metaspace: 9573K(9856K)->9573K(9856K) NonClass: 8510K(8640K)->8510K(8640K) Class: 1063K(1216K)->1063K(1216K)
[17.418s][info][gc             ] GC(54) Pause Young (Normal) (G1 Evacuation Pause) 379M->3M(632M) 1.444ms
[17.418s][info][gc,cpu         ] GC(54) User=0.01s Sys=0.00s Real=0.00s
[17.485s][info][gc,start       ] GC(55) Pause Young (Normal) (G1 Evacuation Pause)
[17.485s][info][gc,task        ] GC(55) Using 13 workers of 13 for evacuation
[17.486s][info][gc,phases      ] GC(55)   Pre Evacuate Collection Set: 0.1ms
[17.486s][info][gc,phases      ] GC(55)   Merge Heap Roots: 0.1ms
[17.486s][info][gc,phases      ] GC(55)   Evacuate Collection Set: 0.5ms
[17.486s][info][gc,phases      ] GC(55)   Post Evacuate Collection Set: 0.5ms
[17.486s][info][gc,phases      ] GC(55)   Other: 0.1ms
[17.486s][info][gc,heap        ] GC(55) Eden regions: 188->0(188)
[17.486s][info][gc,heap        ] GC(55) Survivor regions: 1->1(24)
[17.486s][info][gc,heap        ] GC(55) Old regions: 7->7
[17.486s][info][gc,heap        ] GC(55) Humongous regions: 0->0
[17.486s][info][gc,metaspace   ] GC(55) Metaspace: 9573K(9856K)->9573K(9856K) NonClass: 8510K(8640K)->8510K(8640K) Class: 1063K(1216K)->1063K(1216K)
[17.486s][info][gc             ] GC(55) Pause Young (Normal) (G1 Evacuation Pause) 379M->3M(632M) 1.416ms
[17.486s][info][gc,cpu         ] GC(55) User=0.01s Sys=0.00s Real=0.01s
[17.558s][info][gc,start       ] GC(56) Pause Young (Normal) (G1 Evacuation Pause)
[17.558s][info][gc,task        ] GC(56) Using 13 workers of 13 for evacuation
[17.558s][info][gc,phases      ] GC(56)   Pre Evacuate Collection Set: 0.1ms
[17.558s][info][gc,phases      ] GC(56)   Merge Heap Roots: 0.1ms
[17.558s][info][gc,phases      ] GC(56)   Evacuate Collection Set: 0.3ms
[17.558s][info][gc,phases      ] GC(56)   Post Evacuate Collection Set: 0.3ms
[17.558s][info][gc,phases      ] GC(56)   Other: 0.0ms
[17.558s][info][gc,heap        ] GC(56) Eden regions: 188->0(188)
[17.558s][info][gc,heap        ] GC(56) Survivor regions: 1->1(24)
[17.558s][info][gc,heap        ] GC(56) Old regions: 7->7
[17.558s][info][gc,heap        ] GC(56) Humongous regions: 0->0
[17.558s][info][gc,metaspace   ] GC(56) Metaspace: 9573K(9856K)->9573K(9856K) NonClass: 8510K(8640K)->8510K(8640K) Class: 1063K(1216K)->1063K(1216K)
[17.558s][info][gc             ] GC(56) Pause Young (Normal) (G1 Evacuation Pause) 379M->3M(632M) 0.918ms
[17.558s][info][gc,cpu         ] GC(56) User=0.00s Sys=0.00s Real=0.00s
[17.627s][info][gc,start       ] GC(57) Pause Young (Normal) (G1 Evacuation Pause)
[17.628s][info][gc,task        ] GC(57) Using 13 workers of 13 for evacuation
[17.629s][info][gc,phases      ] GC(57)   Pre Evacuate Collection Set: 0.1ms
[17.629s][info][gc,phases      ] GC(57)   Merge Heap Roots: 0.1ms
[17.629s][info][gc,phases      ] GC(57)   Evacuate Collection Set: 0.5ms
[17.629s][info][gc,phases      ] GC(57)   Post Evacuate Collection Set: 0.5ms
[17.629s][info][gc,phases      ] GC(57)   Other: 0.0ms
[17.629s][info][gc,heap        ] GC(57) Eden regions: 188->0(188)
[17.629s][info][gc,heap        ] GC(57) Survivor regions: 1->1(24)
[17.629s][info][gc,heap        ] GC(57) Old regions: 7->7
[17.629s][info][gc,heap        ] GC(57) Humongous regions: 0->0
[17.629s][info][gc,metaspace   ] GC(57) Metaspace: 9573K(9856K)->9573K(9856K) NonClass: 8510K(8640K)->8510K(8640K) Class: 1063K(1216K)->1063K(1216K)
[17.629s][info][gc             ] GC(57) Pause Young (Normal) (G1 Evacuation Pause) 379M->3M(632M) 1.406ms
[17.629s][info][gc,cpu         ] GC(57) User=0.00s Sys=0.00s Real=0.00s
[17.697s][info][gc,start       ] GC(58) Pause Young (Normal) (G1 Evacuation Pause)
[17.697s][info][gc,task        ] GC(58) Using 13 workers of 13 for evacuation
[17.699s][info][gc,phases      ] GC(58)   Pre Evacuate Collection Set: 0.1ms
[17.699s][info][gc,phases      ] GC(58)   Merge Heap Roots: 0.1ms
[17.699s][info][gc,phases      ] GC(58)   Evacuate Collection Set: 0.4ms
[17.699s][info][gc,phases      ] GC(58)   Post Evacuate Collection Set: 0.4ms
[17.699s][info][gc,phases      ] GC(58)   Other: 0.0ms
[17.699s][info][gc,heap        ] GC(58) Eden regions: 188->0(188)
[17.699s][info][gc,heap        ] GC(58) Survivor regions: 1->1(24)
[17.699s][info][gc,heap        ] GC(58) Old regions: 7->7
[17.699s][info][gc,heap        ] GC(58) Humongous regions: 0->0
[17.699s][info][gc,metaspace   ] GC(58) Metaspace: 9573K(9856K)->9573K(9856K) NonClass: 8510K(8640K)->8510K(8640K) Class: 1063K(1216K)->1063K(1216K)
[17.699s][info][gc             ] GC(58) Pause Young (Normal) (G1 Evacuation Pause) 379M->3M(632M) 1.284ms
[17.699s][info][gc,cpu         ] GC(58) User=0.00s Sys=0.00s Real=0.00s
[17.773s][info][gc,start       ] GC(59) Pause Young (Normal) (G1 Evacuation Pause)
[17.773s][info][gc,task        ] GC(59) Using 13 workers of 13 for evacuation
[17.775s][info][gc,phases      ] GC(59)   Pre Evacuate Collection Set: 0.1ms
[17.775s][info][gc,phases      ] GC(59)   Merge Heap Roots: 0.1ms
[17.775s][info][gc,phases      ] GC(59)   Evacuate Collection Set: 0.4ms
[17.775s][info][gc,phases      ] GC(59)   Post Evacuate Collection Set: 0.5ms
[17.775s][info][gc,phases      ] GC(59)   Other: 0.1ms
[17.775s][info][gc,heap        ] GC(59) Eden regions: 188->0(188)
[17.775s][info][gc,heap        ] GC(59) Survivor regions: 1->1(24)
[17.775s][info][gc,heap        ] GC(59) Old regions: 7->7
[17.775s][info][gc,heap        ] GC(59) Humongous regions: 0->0
[17.775s][info][gc,metaspace   ] GC(59) Metaspace: 9573K(9856K)->9573K(9856K) NonClass: 8510K(8640K)->8510K(8640K) Class: 1063K(1216K)->1063K(1216K)
[17.775s][info][gc             ] GC(59) Pause Young (Normal) (G1 Evacuation Pause) 379M->3M(632M) 1.397ms
[17.775s][info][gc,cpu         ] GC(59) User=0.00s Sys=0.01s Real=0.00s
[17.851s][info][gc,start       ] GC(60) Pause Young (Normal) (G1 Evacuation Pause)
[17.851s][info][gc,task        ] GC(60) Using 13 workers of 13 for evacuation
[17.852s][info][gc,phases      ] GC(60)   Pre Evacuate Collection Set: 0.1ms
[17.852s][info][gc,phases      ] GC(60)   Merge Heap Roots: 0.1ms
[17.852s][info][gc,phases      ] GC(60)   Evacuate Collection Set: 0.4ms
[17.852s][info][gc,phases      ] GC(60)   Post Evacuate Collection Set: 0.3ms
[17.852s][info][gc,phases      ] GC(60)   Other: 0.1ms
[17.852s][info][gc,heap        ] GC(60) Eden regions: 188->0(188)
[17.852s][info][gc,heap        ] GC(60) Survivor regions: 1->1(24)
[17.852s][info][gc,heap        ] GC(60) Old regions: 7->7
[17.852s][info][gc,heap        ] GC(60) Humongous regions: 0->0
[17.852s][info][gc,metaspace   ] GC(60) Metaspace: 9573K(9856K)->9573K(9856K) NonClass: 8510K(8640K)->8510K(8640K) Class: 1063K(1216K)->1063K(1216K)
[17.852s][info][gc             ] GC(60) Pause Young (Normal) (G1 Evacuation Pause) 379M->3M(632M) 1.113ms
[17.852s][info][gc,cpu         ] GC(60) User=0.00s Sys=0.00s Real=0.00s
[17.924s][info][gc,start       ] GC(61) Pause Young (Normal) (G1 Evacuation Pause)
[17.924s][info][gc,task        ] GC(61) Using 13 workers of 13 for evacuation
[17.925s][info][gc,phases      ] GC(61)   Pre Evacuate Collection Set: 0.1ms
[17.925s][info][gc,phases      ] GC(61)   Merge Heap Roots: 0.1ms
[17.925s][info][gc,phases      ] GC(61)   Evacuate Collection Set: 0.4ms
[17.925s][info][gc,phases      ] GC(61)   Post Evacuate Collection Set: 0.5ms
[17.925s][info][gc,phases      ] GC(61)   Other: 0.1ms
[17.925s][info][gc,heap        ] GC(61) Eden regions: 188->0(188)
[17.925s][info][gc,heap        ] GC(61) Survivor regions: 1->1(24)
[17.925s][info][gc,heap        ] GC(61) Old regions: 7->7
[17.925s][info][gc,heap        ] GC(61) Humongous regions: 0->0
[17.925s][info][gc,metaspace   ] GC(61) Metaspace: 9573K(9856K)->9573K(9856K) NonClass: 8510K(8640K)->8510K(8640K) Class: 1063K(1216K)->1063K(1216K)
[17.925s][info][gc             ] GC(61) Pause Young (Normal) (G1 Evacuation Pause) 379M->3M(632M) 1.354ms
[17.925s][info][gc,cpu         ] GC(61) User=0.01s Sys=0.00s Real=0.00s
[17.996s][info][gc,start       ] GC(62) Pause Young (Normal) (G1 Evacuation Pause)
[17.996s][info][gc,task        ] GC(62) Using 13 workers of 13 for evacuation
[17.997s][info][gc,phases      ] GC(62)   Pre Evacuate Collection Set: 0.1ms
[17.997s][info][gc,phases      ] GC(62)   Merge Heap Roots: 0.1ms
[17.997s][info][gc,phases      ] GC(62)   Evacuate Collection Set: 0.4ms
[17.997s][info][gc,phases      ] GC(62)   Post Evacuate Collection Set: 0.3ms
[17.997s][info][gc,phases      ] GC(62)   Other: 0.1ms
[17.997s][info][gc,heap        ] GC(62) Eden regions: 188->0(188)
[17.997s][info][gc,heap        ] GC(62) Survivor regions: 1->1(24)
[17.997s][info][gc,heap        ] GC(62) Old regions: 7->7
[17.997s][info][gc,heap        ] GC(62) Humongous regions: 0->0
[17.997s][info][gc,metaspace   ] GC(62) Metaspace: 9573K(9856K)->9573K(9856K) NonClass: 8510K(8640K)->8510K(8640K) Class: 1063K(1216K)->1063K(1216K)
[17.997s][info][gc             ] GC(62) Pause Young (Normal) (G1 Evacuation Pause) 379M->3M(632M) 1.157ms
[17.997s][info][gc,cpu         ] GC(62) User=0.00s Sys=0.00s Real=0.01s
[18.064s][info][gc,start       ] GC(63) Pause Young (Normal) (G1 Evacuation Pause)
[18.064s][info][gc,task        ] GC(63) Using 13 workers of 13 for evacuation
[18.065s][info][gc,phases      ] GC(63)   Pre Evacuate Collection Set: 0.1ms
[18.065s][info][gc,phases      ] GC(63)   Merge Heap Roots: 0.1ms
[18.065s][info][gc,phases      ] GC(63)   Evacuate Collection Set: 0.5ms
[18.065s][info][gc,phases      ] GC(63)   Post Evacuate Collection Set: 0.5ms
[18.065s][info][gc,phases      ] GC(63)   Other: 0.1ms
[18.065s][info][gc,heap        ] GC(63) Eden regions: 188->0(188)
[18.065s][info][gc,heap        ] GC(63) Survivor regions: 1->1(24)
[18.065s][info][gc,heap        ] GC(63) Old regions: 7->7
[18.065s][info][gc,heap        ] GC(63) Humongous regions: 0->0
[18.065s][info][gc,metaspace   ] GC(63) Metaspace: 9573K(9856K)->9573K(9856K) NonClass: 8510K(8640K)->8510K(8640K) Class: 1063K(1216K)->1063K(1216K)
[18.065s][info][gc             ] GC(63) Pause Young (Normal) (G1 Evacuation Pause) 379M->3M(632M) 1.372ms
[18.065s][info][gc,cpu         ] GC(63) User=0.00s Sys=0.00s Real=0.00s
[18.136s][info][gc,start       ] GC(64) Pause Young (Normal) (G1 Evacuation Pause)
[18.136s][info][gc,task        ] GC(64) Using 13 workers of 13 for evacuation
[18.137s][info][gc,phases      ] GC(64)   Pre Evacuate Collection Set: 0.1ms
[18.137s][info][gc,phases      ] GC(64)   Merge Heap Roots: 0.1ms
[18.137s][info][gc,phases      ] GC(64)   Evacuate Collection Set: 0.4ms
[18.137s][info][gc,phases      ] GC(64)   Post Evacuate Collection Set: 0.4ms
[18.137s][info][gc,phases      ] GC(64)   Other: 0.1ms
[18.137s][info][gc,heap        ] GC(64) Eden regions: 188->0(188)
[18.137s][info][gc,heap        ] GC(64) Survivor regions: 1->1(24)
[18.137s][info][gc,heap        ] GC(64) Old regions: 7->7
[18.137s][info][gc,heap        ] GC(64) Humongous regions: 0->0
[18.137s][info][gc,metaspace   ] GC(64) Metaspace: 9573K(9856K)->9573K(9856K) NonClass: 8510K(8640K)->8510K(8640K) Class: 1063K(1216K)->1063K(1216K)
[18.137s][info][gc             ] GC(64) Pause Young (Normal) (G1 Evacuation Pause) 379M->3M(632M) 1.219ms
[18.137s][info][gc,cpu         ] GC(64) User=0.00s Sys=0.00s Real=0.01s
[18.205s][info][gc,start       ] GC(65) Pause Young (Normal) (G1 Evacuation Pause)
[18.206s][info][gc,task        ] GC(65) Using 13 workers of 13 for evacuation
[18.207s][info][gc,phases      ] GC(65)   Pre Evacuate Collection Set: 0.1ms
[18.207s][info][gc,phases      ] GC(65)   Merge Heap Roots: 0.1ms
[18.207s][info][gc,phases      ] GC(65)   Evacuate Collection Set: 0.5ms
[18.207s][info][gc,phases      ] GC(65)   Post Evacuate Collection Set: 0.5ms
[18.207s][info][gc,phases      ] GC(65)   Other: 0.1ms
[18.207s][info][gc,heap        ] GC(65) Eden regions: 188->0(188)
[18.207s][info][gc,heap        ] GC(65) Survivor regions: 1->1(24)
[18.207s][info][gc,heap        ] GC(65) Old regions: 7->7
[18.207s][info][gc,heap        ] GC(65) Humongous regions: 0->0
[18.207s][info][gc,metaspace   ] GC(65) Metaspace: 9573K(9856K)->9573K(9856K) NonClass: 8510K(8640K)->8510K(8640K) Class: 1063K(1216K)->1063K(1216K)
[18.207s][info][gc             ] GC(65) Pause Young (Normal) (G1 Evacuation Pause) 379M->3M(632M) 1.471ms
[18.207s][info][gc,cpu         ] GC(65) User=0.01s Sys=0.00s Real=0.01s
[18.283s][info][gc,start       ] GC(66) Pause Young (Normal) (G1 Evacuation Pause)
[18.283s][info][gc,task        ] GC(66) Using 13 workers of 13 for evacuation
[18.285s][info][gc,phases      ] GC(66)   Pre Evacuate Collection Set: 0.2ms
[18.285s][info][gc,phases      ] GC(66)   Merge Heap Roots: 0.1ms
[18.285s][info][gc,phases      ] GC(66)   Evacuate Collection Set: 0.5ms
[18.285s][info][gc,phases      ] GC(66)   Post Evacuate Collection Set: 0.5ms
[18.285s][info][gc,phases      ] GC(66)   Other: 0.1ms
[18.285s][info][gc,heap        ] GC(66) Eden regions: 188->0(188)
[18.285s][info][gc,heap        ] GC(66) Survivor regions: 1->1(24)
[18.285s][info][gc,heap        ] GC(66) Old regions: 7->7
[18.285s][info][gc,heap        ] GC(66) Humongous regions: 0->0
[18.285s][info][gc,metaspace   ] GC(66) Metaspace: 9573K(9856K)->9573K(9856K) NonClass: 8510K(8640K)->8510K(8640K) Class: 1063K(1216K)->1063K(1216K)
[18.285s][info][gc             ] GC(66) Pause Young (Normal) (G1 Evacuation Pause) 379M->3M(632M) 1.538ms
[18.285s][info][gc,cpu         ] GC(66) User=0.01s Sys=0.00s Real=0.00s
[18.351s][info][gc,start       ] GC(67) Pause Young (Normal) (G1 Evacuation Pause)
[18.351s][info][gc,task        ] GC(67) Using 13 workers of 13 for evacuation
[18.352s][info][gc,phases      ] GC(67)   Pre Evacuate Collection Set: 0.1ms
[18.352s][info][gc,phases      ] GC(67)   Merge Heap Roots: 0.1ms
[18.352s][info][gc,phases      ] GC(67)   Evacuate Collection Set: 0.5ms
[18.352s][info][gc,phases      ] GC(67)   Post Evacuate Collection Set: 0.4ms
[18.352s][info][gc,phases      ] GC(67)   Other: 0.0ms
[18.352s][info][gc,heap        ] GC(67) Eden regions: 188->0(188)
[18.352s][info][gc,heap        ] GC(67) Survivor regions: 1->1(24)
[18.352s][info][gc,heap        ] GC(67) Old regions: 7->7
[18.352s][info][gc,heap        ] GC(67) Humongous regions: 0->0
[18.352s][info][gc,metaspace   ] GC(67) Metaspace: 9573K(9856K)->9573K(9856K) NonClass: 8510K(8640K)->8510K(8640K) Class: 1063K(1216K)->1063K(1216K)
[18.353s][info][gc             ] GC(67) Pause Young (Normal) (G1 Evacuation Pause) 379M->3M(632M) 1.352ms
[18.353s][info][gc,cpu         ] GC(67) User=0.01s Sys=0.00s Real=0.00s
[18.419s][info][gc,start       ] GC(68) Pause Young (Normal) (G1 Evacuation Pause)
[18.419s][info][gc,task        ] GC(68) Using 13 workers of 13 for evacuation
[18.420s][info][gc,phases      ] GC(68)   Pre Evacuate Collection Set: 0.1ms
[18.420s][info][gc,phases      ] GC(68)   Merge Heap Roots: 0.1ms
[18.420s][info][gc,phases      ] GC(68)   Evacuate Collection Set: 0.5ms
[18.420s][info][gc,phases      ] GC(68)   Post Evacuate Collection Set: 0.5ms
[18.420s][info][gc,phases      ] GC(68)   Other: 0.1ms
[18.420s][info][gc,heap        ] GC(68) Eden regions: 188->0(188)
[18.420s][info][gc,heap        ] GC(68) Survivor regions: 1->1(24)
[18.420s][info][gc,heap        ] GC(68) Old regions: 7->7
[18.420s][info][gc,heap        ] GC(68) Humongous regions: 0->0
[18.420s][info][gc,metaspace   ] GC(68) Metaspace: 9573K(9856K)->9573K(9856K) NonClass: 8510K(8640K)->8510K(8640K) Class: 1063K(1216K)->1063K(1216K)
[18.420s][info][gc             ] GC(68) Pause Young (Normal) (G1 Evacuation Pause) 379M->3M(632M) 1.442ms
[18.420s][info][gc,cpu         ] GC(68) User=0.01s Sys=0.01s Real=0.00s
[18.488s][info][gc,start       ] GC(69) Pause Young (Normal) (G1 Evacuation Pause)
[18.488s][info][gc,task        ] GC(69) Using 13 workers of 13 for evacuation
[18.489s][info][gc,phases      ] GC(69)   Pre Evacuate Collection Set: 0.1ms
[18.489s][info][gc,phases      ] GC(69)   Merge Heap Roots: 0.1ms
[18.489s][info][gc,phases      ] GC(69)   Evacuate Collection Set: 0.3ms
[18.489s][info][gc,phases      ] GC(69)   Post Evacuate Collection Set: 0.4ms
[18.489s][info][gc,phases      ] GC(69)   Other: 0.1ms
[18.489s][info][gc,heap        ] GC(69) Eden regions: 188->0(188)
[18.489s][info][gc,heap        ] GC(69) Survivor regions: 1->1(24)
[18.489s][info][gc,heap        ] GC(69) Old regions: 7->7
[18.489s][info][gc,heap        ] GC(69) Humongous regions: 0->0
[18.489s][info][gc,metaspace   ] GC(69) Metaspace: 9573K(9856K)->9573K(9856K) NonClass: 8510K(8640K)->8510K(8640K) Class: 1063K(1216K)->1063K(1216K)
[18.489s][info][gc             ] GC(69) Pause Young (Normal) (G1 Evacuation Pause) 379M->3M(632M) 1.197ms
[18.489s][info][gc,cpu         ] GC(69) User=0.00s Sys=0.00s Real=0.00s
[18.568s][info][gc,start       ] GC(70) Pause Young (Normal) (G1 Evacuation Pause)
[18.568s][info][gc,task        ] GC(70) Using 13 workers of 13 for evacuation
[18.569s][info][gc,phases      ] GC(70)   Pre Evacuate Collection Set: 0.1ms
[18.569s][info][gc,phases      ] GC(70)   Merge Heap Roots: 0.1ms
[18.569s][info][gc,phases      ] GC(70)   Evacuate Collection Set: 0.3ms
[18.569s][info][gc,phases      ] GC(70)   Post Evacuate Collection Set: 0.4ms
[18.569s][info][gc,phases      ] GC(70)   Other: 0.1ms
[18.569s][info][gc,heap        ] GC(70) Eden regions: 188->0(188)
[18.569s][info][gc,heap        ] GC(70) Survivor regions: 1->1(24)
[18.569s][info][gc,heap        ] GC(70) Old regions: 7->7
[18.569s][info][gc,heap        ] GC(70) Humongous regions: 0->0
[18.569s][info][gc,metaspace   ] GC(70) Metaspace: 9573K(9856K)->9573K(9856K) NonClass: 8510K(8640K)->8510K(8640K) Class: 1063K(1216K)->1063K(1216K)
[18.569s][info][gc             ] GC(70) Pause Young (Normal) (G1 Evacuation Pause) 379M->3M(632M) 1.182ms
[18.569s][info][gc,cpu         ] GC(70) User=0.00s Sys=0.00s Real=0.00s
[18.642s][info][gc,start       ] GC(71) Pause Young (Normal) (G1 Evacuation Pause)
[18.642s][info][gc,task        ] GC(71) Using 13 workers of 13 for evacuation
[18.643s][info][gc,phases      ] GC(71)   Pre Evacuate Collection Set: 0.1ms
[18.643s][info][gc,phases      ] GC(71)   Merge Heap Roots: 0.1ms
[18.643s][info][gc,phases      ] GC(71)   Evacuate Collection Set: 0.4ms
[18.643s][info][gc,phases      ] GC(71)   Post Evacuate Collection Set: 0.3ms
[18.643s][info][gc,phases      ] GC(71)   Other: 0.0ms
[18.643s][info][gc,heap        ] GC(71) Eden regions: 188->0(188)
[18.643s][info][gc,heap        ] GC(71) Survivor regions: 1->1(24)
[18.643s][info][gc,heap        ] GC(71) Old regions: 7->7
[18.643s][info][gc,heap        ] GC(71) Humongous regions: 0->0
[18.643s][info][gc,metaspace   ] GC(71) Metaspace: 9573K(9856K)->9573K(9856K) NonClass: 8510K(8640K)->8510K(8640K) Class: 1063K(1216K)->1063K(1216K)
[18.643s][info][gc             ] GC(71) Pause Young (Normal) (G1 Evacuation Pause) 379M->3M(632M) 1.093ms
[18.643s][info][gc,cpu         ] GC(71) User=0.01s Sys=0.00s Real=0.00s
[18.716s][info][gc,start       ] GC(72) Pause Young (Normal) (G1 Evacuation Pause)
[18.716s][info][gc,task        ] GC(72) Using 13 workers of 13 for evacuation
[18.717s][info][gc,phases      ] GC(72)   Pre Evacuate Collection Set: 0.1ms
[18.717s][info][gc,phases      ] GC(72)   Merge Heap Roots: 0.1ms
[18.717s][info][gc,phases      ] GC(72)   Evacuate Collection Set: 0.5ms
[18.717s][info][gc,phases      ] GC(72)   Post Evacuate Collection Set: 0.4ms
[18.717s][info][gc,phases      ] GC(72)   Other: 0.0ms
[18.717s][info][gc,heap        ] GC(72) Eden regions: 188->0(188)
[18.717s][info][gc,heap        ] GC(72) Survivor regions: 1->1(24)
[18.717s][info][gc,heap        ] GC(72) Old regions: 7->7
[18.717s][info][gc,heap        ] GC(72) Humongous regions: 0->0
[18.717s][info][gc,metaspace   ] GC(72) Metaspace: 9573K(9856K)->9573K(9856K) NonClass: 8510K(8640K)->8510K(8640K) Class: 1063K(1216K)->1063K(1216K)
[18.717s][info][gc             ] GC(72) Pause Young (Normal) (G1 Evacuation Pause) 379M->3M(632M) 1.363ms
[18.717s][info][gc,cpu         ] GC(72) User=0.00s Sys=0.00s Real=0.00s
[18.790s][info][gc,start       ] GC(73) Pause Young (Normal) (G1 Evacuation Pause)
[18.791s][info][gc,task        ] GC(73) Using 13 workers of 13 for evacuation
[18.791s][info][gc,phases      ] GC(73)   Pre Evacuate Collection Set: 0.1ms
[18.791s][info][gc,phases      ] GC(73)   Merge Heap Roots: 0.1ms
[18.791s][info][gc,phases      ] GC(73)   Evacuate Collection Set: 0.3ms
[18.791s][info][gc,phases      ] GC(73)   Post Evacuate Collection Set: 0.3ms
[18.791s][info][gc,phases      ] GC(73)   Other: 0.1ms
[18.791s][info][gc,heap        ] GC(73) Eden regions: 188->0(188)
[18.791s][info][gc,heap        ] GC(73) Survivor regions: 1->1(24)
[18.791s][info][gc,heap        ] GC(73) Old regions: 7->7
[18.791s][info][gc,heap        ] GC(73) Humongous regions: 0->0
[18.791s][info][gc,metaspace   ] GC(73) Metaspace: 9573K(9856K)->9573K(9856K) NonClass: 8510K(8640K)->8510K(8640K) Class: 1063K(1216K)->1063K(1216K)
[18.792s][info][gc             ] GC(73) Pause Young (Normal) (G1 Evacuation Pause) 379M->3M(632M) 1.058ms
[18.792s][info][gc,cpu         ] GC(73) User=0.01s Sys=0.00s Real=0.00s
[18.864s][info][gc,start       ] GC(74) Pause Young (Normal) (G1 Evacuation Pause)
[18.864s][info][gc,task        ] GC(74) Using 13 workers of 13 for evacuation
[18.865s][info][gc,phases      ] GC(74)   Pre Evacuate Collection Set: 0.1ms
[18.865s][info][gc,phases      ] GC(74)   Merge Heap Roots: 0.1ms
[18.865s][info][gc,phases      ] GC(74)   Evacuate Collection Set: 0.2ms
[18.865s][info][gc,phases      ] GC(74)   Post Evacuate Collection Set: 0.2ms
[18.865s][info][gc,phases      ] GC(74)   Other: 0.0ms
[18.865s][info][gc,heap        ] GC(74) Eden regions: 188->0(188)
[18.865s][info][gc,heap        ] GC(74) Survivor regions: 1->1(24)
[18.865s][info][gc,heap        ] GC(74) Old regions: 7->7
[18.865s][info][gc,heap        ] GC(74) Humongous regions: 0->0
[18.865s][info][gc,metaspace   ] GC(74) Metaspace: 9573K(9856K)->9573K(9856K) NonClass: 8510K(8640K)->8510K(8640K) Class: 1063K(1216K)->1063K(1216K)
[18.865s][info][gc             ] GC(74) Pause Young (Normal) (G1 Evacuation Pause) 379M->3M(632M) 0.866ms
[18.865s][info][gc,cpu         ] GC(74) User=0.01s Sys=0.00s Real=0.00s
[18.939s][info][gc,start       ] GC(75) Pause Young (Normal) (G1 Evacuation Pause)
[18.939s][info][gc,task        ] GC(75) Using 13 workers of 13 for evacuation
[18.940s][info][gc,phases      ] GC(75)   Pre Evacuate Collection Set: 0.1ms
[18.940s][info][gc,phases      ] GC(75)   Merge Heap Roots: 0.1ms
[18.940s][info][gc,phases      ] GC(75)   Evacuate Collection Set: 0.3ms
[18.940s][info][gc,phases      ] GC(75)   Post Evacuate Collection Set: 0.3ms
[18.940s][info][gc,phases      ] GC(75)   Other: 0.0ms
[18.940s][info][gc,heap        ] GC(75) Eden regions: 188->0(188)
[18.940s][info][gc,heap        ] GC(75) Survivor regions: 1->1(24)
[18.940s][info][gc,heap        ] GC(75) Old regions: 7->7
[18.940s][info][gc,heap        ] GC(75) Humongous regions: 0->0
[18.940s][info][gc,metaspace   ] GC(75) Metaspace: 9573K(9856K)->9573K(9856K) NonClass: 8510K(8640K)->8510K(8640K) Class: 1063K(1216K)->1063K(1216K)
[18.940s][info][gc             ] GC(75) Pause Young (Normal) (G1 Evacuation Pause) 379M->3M(632M) 0.955ms
[18.940s][info][gc,cpu         ] GC(75) User=0.00s Sys=0.00s Real=0.00s
[19.015s][info][gc,start       ] GC(76) Pause Young (Normal) (G1 Evacuation Pause)
[19.015s][info][gc,task        ] GC(76) Using 13 workers of 13 for evacuation
[19.016s][info][gc,phases      ] GC(76)   Pre Evacuate Collection Set: 0.1ms
[19.016s][info][gc,phases      ] GC(76)   Merge Heap Roots: 0.1ms
[19.016s][info][gc,phases      ] GC(76)   Evacuate Collection Set: 0.4ms
[19.016s][info][gc,phases      ] GC(76)   Post Evacuate Collection Set: 0.3ms
[19.016s][info][gc,phases      ] GC(76)   Other: 0.1ms
[19.016s][info][gc,heap        ] GC(76) Eden regions: 188->0(188)
[19.016s][info][gc,heap        ] GC(76) Survivor regions: 1->1(24)
[19.016s][info][gc,heap        ] GC(76) Old regions: 7->7
[19.016s][info][gc,heap        ] GC(76) Humongous regions: 0->0
[19.016s][info][gc,metaspace   ] GC(76) Metaspace: 9573K(9856K)->9573K(9856K) NonClass: 8510K(8640K)->8510K(8640K) Class: 1063K(1216K)->1063K(1216K)
[19.016s][info][gc             ] GC(76) Pause Young (Normal) (G1 Evacuation Pause) 379M->3M(632M) 1.146ms
[19.016s][info][gc,cpu         ] GC(76) User=0.00s Sys=0.00s Real=0.00s
[19.088s][info][gc,start       ] GC(77) Pause Young (Normal) (G1 Evacuation Pause)
[19.088s][info][gc,task        ] GC(77) Using 13 workers of 13 for evacuation
[19.088s][info][gc,phases      ] GC(77)   Pre Evacuate Collection Set: 0.1ms
[19.088s][info][gc,phases      ] GC(77)   Merge Heap Roots: 0.1ms
[19.088s][info][gc,phases      ] GC(77)   Evacuate Collection Set: 0.3ms
[19.088s][info][gc,phases      ] GC(77)   Post Evacuate Collection Set: 0.3ms
[19.088s][info][gc,phases      ] GC(77)   Other: 0.0ms
[19.088s][info][gc,heap        ] GC(77) Eden regions: 188->0(188)
[19.088s][info][gc,heap        ] GC(77) Survivor regions: 1->1(24)
[19.088s][info][gc,heap        ] GC(77) Old regions: 7->7
[19.088s][info][gc,heap        ] GC(77) Humongous regions: 0->0
[19.088s][info][gc,metaspace   ] GC(77) Metaspace: 9573K(9856K)->9573K(9856K) NonClass: 8510K(8640K)->8510K(8640K) Class: 1063K(1216K)->1063K(1216K)
[19.088s][info][gc             ] GC(77) Pause Young (Normal) (G1 Evacuation Pause) 379M->3M(632M) 0.920ms
[19.088s][info][gc,cpu         ] GC(77) User=0.01s Sys=0.00s Real=0.00s
[19.163s][info][gc,start       ] GC(78) Pause Young (Normal) (G1 Evacuation Pause)
[19.163s][info][gc,task        ] GC(78) Using 13 workers of 13 for evacuation
[19.164s][info][gc,phases      ] GC(78)   Pre Evacuate Collection Set: 0.1ms
[19.164s][info][gc,phases      ] GC(78)   Merge Heap Roots: 0.1ms
[19.164s][info][gc,phases      ] GC(78)   Evacuate Collection Set: 0.4ms
[19.164s][info][gc,phases      ] GC(78)   Post Evacuate Collection Set: 0.4ms
[19.164s][info][gc,phases      ] GC(78)   Other: 0.1ms
[19.164s][info][gc,heap        ] GC(78) Eden regions: 188->0(188)
[19.164s][info][gc,heap        ] GC(78) Survivor regions: 1->1(24)
[19.164s][info][gc,heap        ] GC(78) Old regions: 7->7
[19.164s][info][gc,heap        ] GC(78) Humongous regions: 0->0
[19.164s][info][gc,metaspace   ] GC(78) Metaspace: 9573K(9856K)->9573K(9856K) NonClass: 8510K(8640K)->8510K(8640K) Class: 1063K(1216K)->1063K(1216K)
[19.164s][info][gc             ] GC(78) Pause Young (Normal) (G1 Evacuation Pause) 379M->3M(632M) 1.215ms
[19.164s][info][gc,cpu         ] GC(78) User=0.00s Sys=0.00s Real=0.00s
[19.238s][info][gc,start       ] GC(79) Pause Young (Normal) (G1 Evacuation Pause)
[19.238s][info][gc,task        ] GC(79) Using 13 workers of 13 for evacuation
[19.239s][info][gc,phases      ] GC(79)   Pre Evacuate Collection Set: 0.1ms
[19.239s][info][gc,phases      ] GC(79)   Merge Heap Roots: 0.1ms
[19.239s][info][gc,phases      ] GC(79)   Evacuate Collection Set: 0.3ms
[19.239s][info][gc,phases      ] GC(79)   Post Evacuate Collection Set: 0.2ms
[19.239s][info][gc,phases      ] GC(79)   Other: 0.0ms
[19.239s][info][gc,heap        ] GC(79) Eden regions: 188->0(188)
[19.239s][info][gc,heap        ] GC(79) Survivor regions: 1->1(24)
[19.239s][info][gc,heap        ] GC(79) Old regions: 7->7
[19.239s][info][gc,heap        ] GC(79) Humongous regions: 0->0
[19.239s][info][gc,metaspace   ] GC(79) Metaspace: 9573K(9856K)->9573K(9856K) NonClass: 8510K(8640K)->8510K(8640K) Class: 1063K(1216K)->1063K(1216K)
[19.239s][info][gc             ] GC(79) Pause Young (Normal) (G1 Evacuation Pause) 379M->3M(632M) 0.875ms
[19.239s][info][gc,cpu         ] GC(79) User=0.00s Sys=0.01s Real=0.00s
[19.318s][info][gc,start       ] GC(80) Pause Young (Normal) (G1 Evacuation Pause)
[19.318s][info][gc,task        ] GC(80) Using 13 workers of 13 for evacuation
[19.319s][info][gc,phases      ] GC(80)   Pre Evacuate Collection Set: 0.2ms
[19.319s][info][gc,phases      ] GC(80)   Merge Heap Roots: 0.1ms
[19.319s][info][gc,phases      ] GC(80)   Evacuate Collection Set: 0.4ms
[19.319s][info][gc,phases      ] GC(80)   Post Evacuate Collection Set: 0.4ms
[19.319s][info][gc,phases      ] GC(80)   Other: 0.1ms
[19.320s][info][gc,heap        ] GC(80) Eden regions: 188->0(188)
[19.320s][info][gc,heap        ] GC(80) Survivor regions: 1->1(24)
[19.320s][info][gc,heap        ] GC(80) Old regions: 7->7
[19.320s][info][gc,heap        ] GC(80) Humongous regions: 0->0
[19.320s][info][gc,metaspace   ] GC(80) Metaspace: 9573K(9856K)->9573K(9856K) NonClass: 8510K(8640K)->8510K(8640K) Class: 1063K(1216K)->1063K(1216K)
[19.320s][info][gc             ] GC(80) Pause Young (Normal) (G1 Evacuation Pause) 379M->3M(632M) 1.437ms
[19.320s][info][gc,cpu         ] GC(80) User=0.00s Sys=0.01s Real=0.00s
[19.406s][info][gc,start       ] GC(81) Pause Young (Normal) (G1 Evacuation Pause)
[19.406s][info][gc,task        ] GC(81) Using 13 workers of 13 for evacuation
[19.407s][info][gc,phases      ] GC(81)   Pre Evacuate Collection Set: 0.1ms
[19.407s][info][gc,phases      ] GC(81)   Merge Heap Roots: 0.1ms
[19.407s][info][gc,phases      ] GC(81)   Evacuate Collection Set: 0.3ms
[19.407s][info][gc,phases      ] GC(81)   Post Evacuate Collection Set: 0.4ms
[19.407s][info][gc,phases      ] GC(81)   Other: 0.1ms
[19.407s][info][gc,heap        ] GC(81) Eden regions: 188->0(188)
[19.407s][info][gc,heap        ] GC(81) Survivor regions: 1->1(24)
[19.407s][info][gc,heap        ] GC(81) Old regions: 7->7
[19.407s][info][gc,heap        ] GC(81) Humongous regions: 0->0
[19.407s][info][gc,metaspace   ] GC(81) Metaspace: 9573K(9856K)->9573K(9856K) NonClass: 8510K(8640K)->8510K(8640K) Class: 1063K(1216K)->1063K(1216K)
[19.407s][info][gc             ] GC(81) Pause Young (Normal) (G1 Evacuation Pause) 379M->3M(632M) 1.138ms
[19.407s][info][gc,cpu         ] GC(81) User=0.01s Sys=0.01s Real=0.01s
[19.483s][info][gc,start       ] GC(82) Pause Young (Normal) (G1 Evacuation Pause)
[19.483s][info][gc,task        ] GC(82) Using 13 workers of 13 for evacuation
[19.484s][info][gc,phases      ] GC(82)   Pre Evacuate Collection Set: 0.1ms
[19.484s][info][gc,phases      ] GC(82)   Merge Heap Roots: 0.1ms
[19.484s][info][gc,phases      ] GC(82)   Evacuate Collection Set: 0.3ms
[19.484s][info][gc,phases      ] GC(82)   Post Evacuate Collection Set: 0.2ms
[19.484s][info][gc,phases      ] GC(82)   Other: 0.1ms
[19.484s][info][gc,heap        ] GC(82) Eden regions: 188->0(188)
[19.484s][info][gc,heap        ] GC(82) Survivor regions: 1->1(24)
[19.484s][info][gc,heap        ] GC(82) Old regions: 7->7
[19.484s][info][gc,heap        ] GC(82) Humongous regions: 0->0
[19.484s][info][gc,metaspace   ] GC(82) Metaspace: 9573K(9856K)->9573K(9856K) NonClass: 8510K(8640K)->8510K(8640K) Class: 1063K(1216K)->1063K(1216K)
[19.484s][info][gc             ] GC(82) Pause Young (Normal) (G1 Evacuation Pause) 379M->3M(632M) 0.898ms
[19.484s][info][gc,cpu         ] GC(82) User=0.00s Sys=0.00s Real=0.00s
[19.560s][info][gc,start       ] GC(83) Pause Young (Normal) (G1 Evacuation Pause)
[19.560s][info][gc,task        ] GC(83) Using 13 workers of 13 for evacuation
[19.560s][info][gc,phases      ] GC(83)   Pre Evacuate Collection Set: 0.1ms
[19.560s][info][gc,phases      ] GC(83)   Merge Heap Roots: 0.1ms
[19.560s][info][gc,phases      ] GC(83)   Evacuate Collection Set: 0.3ms
[19.560s][info][gc,phases      ] GC(83)   Post Evacuate Collection Set: 0.3ms
[19.561s][info][gc,phases      ] GC(83)   Other: 0.1ms
[19.561s][info][gc,heap        ] GC(83) Eden regions: 188->0(188)
[19.561s][info][gc,heap        ] GC(83) Survivor regions: 1->1(24)
[19.561s][info][gc,heap        ] GC(83) Old regions: 7->7
[19.561s][info][gc,heap        ] GC(83) Humongous regions: 0->0
[19.561s][info][gc,metaspace   ] GC(83) Metaspace: 9573K(9856K)->9573K(9856K) NonClass: 8510K(8640K)->8510K(8640K) Class: 1063K(1216K)->1063K(1216K)
[19.561s][info][gc             ] GC(83) Pause Young (Normal) (G1 Evacuation Pause) 379M->3M(632M) 0.981ms
[19.561s][info][gc,cpu         ] GC(83) User=0.00s Sys=0.00s Real=0.00s
[19.637s][info][gc,start       ] GC(84) Pause Young (Normal) (G1 Evacuation Pause)
[19.637s][info][gc,task        ] GC(84) Using 13 workers of 13 for evacuation
[19.638s][info][gc,phases      ] GC(84)   Pre Evacuate Collection Set: 0.1ms
[19.638s][info][gc,phases      ] GC(84)   Merge Heap Roots: 0.1ms
[19.638s][info][gc,phases      ] GC(84)   Evacuate Collection Set: 0.3ms
[19.638s][info][gc,phases      ] GC(84)   Post Evacuate Collection Set: 0.3ms
[19.638s][info][gc,phases      ] GC(84)   Other: 0.1ms
[19.638s][info][gc,heap        ] GC(84) Eden regions: 188->0(188)
[19.638s][info][gc,heap        ] GC(84) Survivor regions: 1->1(24)
[19.638s][info][gc,heap        ] GC(84) Old regions: 7->7
[19.638s][info][gc,heap        ] GC(84) Humongous regions: 0->0
[19.638s][info][gc,metaspace   ] GC(84) Metaspace: 9573K(9856K)->9573K(9856K) NonClass: 8510K(8640K)->8510K(8640K) Class: 1063K(1216K)->1063K(1216K)
[19.638s][info][gc             ] GC(84) Pause Young (Normal) (G1 Evacuation Pause) 379M->3M(632M) 1.028ms
[19.638s][info][gc,cpu         ] GC(84) User=0.00s Sys=0.00s Real=0.00s
[19.712s][info][gc,start       ] GC(85) Pause Young (Normal) (G1 Evacuation Pause)
[19.712s][info][gc,task        ] GC(85) Using 13 workers of 13 for evacuation
[19.713s][info][gc,phases      ] GC(85)   Pre Evacuate Collection Set: 0.1ms
[19.713s][info][gc,phases      ] GC(85)   Merge Heap Roots: 0.1ms
[19.713s][info][gc,phases      ] GC(85)   Evacuate Collection Set: 0.5ms
[19.713s][info][gc,phases      ] GC(85)   Post Evacuate Collection Set: 0.5ms
[19.713s][info][gc,phases      ] GC(85)   Other: 0.1ms
[19.713s][info][gc,heap        ] GC(85) Eden regions: 188->0(188)
[19.713s][info][gc,heap        ] GC(85) Survivor regions: 1->1(24)
[19.713s][info][gc,heap        ] GC(85) Old regions: 7->7
[19.713s][info][gc,heap        ] GC(85) Humongous regions: 0->0
[19.713s][info][gc,metaspace   ] GC(85) Metaspace: 9573K(9856K)->9573K(9856K) NonClass: 8510K(8640K)->8510K(8640K) Class: 1063K(1216K)->1063K(1216K)
[19.713s][info][gc             ] GC(85) Pause Young (Normal) (G1 Evacuation Pause) 379M->3M(632M) 1.459ms
[19.713s][info][gc,cpu         ] GC(85) User=0.00s Sys=0.00s Real=0.00s
[19.786s][info][gc,start       ] GC(86) Pause Young (Normal) (G1 Evacuation Pause)
[19.786s][info][gc,task        ] GC(86) Using 13 workers of 13 for evacuation
[19.787s][info][gc,phases      ] GC(86)   Pre Evacuate Collection Set: 0.1ms
[19.787s][info][gc,phases      ] GC(86)   Merge Heap Roots: 0.1ms
[19.787s][info][gc,phases      ] GC(86)   Evacuate Collection Set: 0.3ms
[19.787s][info][gc,phases      ] GC(86)   Post Evacuate Collection Set: 0.3ms
[19.787s][info][gc,phases      ] GC(86)   Other: 0.0ms
[19.787s][info][gc,heap        ] GC(86) Eden regions: 188->0(188)
[19.787s][info][gc,heap        ] GC(86) Survivor regions: 1->1(24)
[19.787s][info][gc,heap        ] GC(86) Old regions: 7->7
[19.787s][info][gc,heap        ] GC(86) Humongous regions: 0->0
[19.787s][info][gc,metaspace   ] GC(86) Metaspace: 9573K(9856K)->9573K(9856K) NonClass: 8510K(8640K)->8510K(8640K) Class: 1063K(1216K)->1063K(1216K)
[19.787s][info][gc             ] GC(86) Pause Young (Normal) (G1 Evacuation Pause) 379M->3M(632M) 0.977ms
[19.787s][info][gc,cpu         ] GC(86) User=0.00s Sys=0.00s Real=0.00s
[19.861s][info][gc,start       ] GC(87) Pause Young (Normal) (G1 Evacuation Pause)
[19.861s][info][gc,task        ] GC(87) Using 13 workers of 13 for evacuation
[19.862s][info][gc,phases      ] GC(87)   Pre Evacuate Collection Set: 0.1ms
[19.862s][info][gc,phases      ] GC(87)   Merge Heap Roots: 0.1ms
[19.862s][info][gc,phases      ] GC(87)   Evacuate Collection Set: 0.5ms
[19.862s][info][gc,phases      ] GC(87)   Post Evacuate Collection Set: 0.5ms
[19.862s][info][gc,phases      ] GC(87)   Other: 0.1ms
[19.862s][info][gc,heap        ] GC(87) Eden regions: 188->0(188)
[19.862s][info][gc,heap        ] GC(87) Survivor regions: 1->1(24)
[19.862s][info][gc,heap        ] GC(87) Old regions: 7->7
[19.862s][info][gc,heap        ] GC(87) Humongous regions: 0->0
[19.862s][info][gc,metaspace   ] GC(87) Metaspace: 9574K(9856K)->9574K(9856K) NonClass: 8511K(8640K)->8511K(8640K) Class: 1063K(1216K)->1063K(1216K)
[19.862s][info][gc             ] GC(87) Pause Young (Normal) (G1 Evacuation Pause) 379M->3M(632M) 1.470ms
[19.862s][info][gc,cpu         ] GC(87) User=0.01s Sys=0.00s Real=0.00s
[19.876s][info][gc,heap,exit   ] Heap
[19.876s][info][gc,heap,exit   ]  garbage-first heap   total 647168K, used 75824K [0x0000000700000000, 0x0000000800000000)
[19.876s][info][gc,heap,exit   ]   region size 2048K, 37 young (75776K), 1 survivors (2048K)
[19.876s][info][gc,heap,exit   ]  Metaspace       used 9575K, committed 9856K, reserved 1114112K
[19.876s][info][gc,heap,exit   ]   class space    used 1063K, committed 1216K, reserved 1048576K
