[0.013s][info][gc,init] CardTable entry size: 512
[0.014s][info][gc     ] Using G1
[0.015s][info][gc,init] Version: 21.0.4+7-LTS (release)
[0.015s][info][gc,init] CPUs: 16 total, 16 available
[0.015s][info][gc,init] Memory: 16384M
[0.015s][info][gc,init] Large Page Support: Disabled
[0.015s][info][gc,init] NUMA Support: Disabled
[0.015s][info][gc,init] Compressed Oops: Enabled (Zero based)
[0.015s][info][gc,init] Heap Region Size: 2M
[0.015s][info][gc,init] Heap Min Capacity: 8M
[0.015s][info][gc,init] Heap Initial Capacity: 256M
[0.015s][info][gc,init] Heap Max Capacity: 4G
[0.015s][info][gc,init] Pre-touch: Disabled
[0.015s][info][gc,init] Parallel Workers: 13
[0.015s][info][gc,init] Concurrent Workers: 3
[0.015s][info][gc,init] Concurrent Refinement Workers: 13
[0.015s][info][gc,init] Periodic GC: Disabled
[0.023s][info][gc,metaspace] CDS archive(s) mapped at: [0x000000012e000000-0x000000012eca9000-0x000000012eca9000), size 13275136, SharedBaseAddress: 0x000000012e000000, ArchiveRelocationMode: 1.
[0.023s][info][gc,metaspace] Compressed class space mapped at: 0x000000012f000000-0x000000016f000000, reserved size: 1073741824
[0.023s][info][gc,metaspace] Narrow klass base: 0x000000012e000000, Narrow klass shift: 0, Narrow klass range: 0x100000000
[3.543s][info][gc,start    ] GC(0) Pause Full (System.gc())
[3.543s][info][gc,task     ] GC(0) Using 6 workers of 13 for full compaction
[3.543s][info][gc,phases,start] GC(0) Phase 1: Mark live objects
[3.546s][info][gc,phases      ] GC(0) Phase 1: Mark live objects 2.887ms
[3.546s][info][gc,phases,start] GC(0) Phase 2: Prepare compaction
[3.547s][info][gc,phases      ] GC(0) Phase 2: Prepare compaction 0.990ms
[3.547s][info][gc,phases,start] GC(0) Phase 3: Adjust pointers
[3.548s][info][gc,phases      ] GC(0) Phase 3: Adjust pointers 0.820ms
[3.548s][info][gc,phases,start] GC(0) Phase 4: Compact heap
[3.550s][info][gc,phases      ] GC(0) Phase 4: Compact heap 1.336ms
[3.550s][info][gc,phases,start] GC(0) Phase 5: Reset Metadata
[3.550s][info][gc,phases      ] GC(0) Phase 5: Reset Metadata 0.131ms
[3.552s][info][gc,heap        ] GC(0) Eden regions: 5->0(6)
[3.552s][info][gc,heap        ] GC(0) Survivor regions: 0->0(0)
[3.552s][info][gc,heap        ] GC(0) Old regions: 1->6
[3.552s][info][gc,heap        ] GC(0) Humongous regions: 0->0
[3.552s][info][gc,metaspace   ] GC(0) Metaspace: 8866K(9152K)->8866K(9152K) NonClass: 7847K(8000K)->7847K(8000K) Class: 1018K(1152K)->1018K(1152K)
[3.552s][info][gc             ] GC(0) Pause Full (System.gc()) 9M->2M(40M) 9.249ms
[3.552s][info][gc,cpu         ] GC(0) User=0.02s Sys=0.01s Real=0.01s
[3.577s][info][gc,start       ] GC(1) Pause Young (Normal) (G1 Evacuation Pause)
[3.577s][info][gc,task        ] GC(1) Using 13 workers of 13 for evacuation
[3.579s][info][gc,phases      ] GC(1)   Pre Evacuate Collection Set: 0.1ms
[3.579s][info][gc,phases      ] GC(1)   Merge Heap Roots: 0.1ms
[3.579s][info][gc,phases      ] GC(1)   Evacuate Collection Set: 1.3ms
[3.579s][info][gc,phases      ] GC(1)   Post Evacuate Collection Set: 0.2ms
[3.579s][info][gc,phases      ] GC(1)   Other: 0.5ms
[3.579s][info][gc,heap        ] GC(1) Eden regions: 6->0(5)
[3.579s][info][gc,heap        ] GC(1) Survivor regions: 0->1(1)
[3.579s][info][gc,heap        ] GC(1) Old regions: 6->7
[3.579s][info][gc,heap        ] GC(1) Humongous regions: 0->0
[3.579s][info][gc,metaspace   ] GC(1) Metaspace: 9051K(9344K)->9051K(9344K) NonClass: 8016K(8192K)->8016K(8192K) Class: 1035K(1152K)->1035K(1152K)
[3.579s][info][gc             ] GC(1) Pause Young (Normal) (G1 Evacuation Pause) 14M->6M(40M) 2.389ms
[3.579s][info][gc,cpu         ] GC(1) User=0.00s Sys=0.01s Real=0.00s
[3.587s][info][gc,start       ] GC(2) Pause Young (Normal) (G1 Evacuation Pause)
[3.587s][info][gc,task        ] GC(2) Using 10 workers of 13 for evacuation
[3.587s][info][gc,phases      ] GC(2)   Pre Evacuate Collection Set: 0.1ms
[3.587s][info][gc,phases      ] GC(2)   Merge Heap Roots: 0.1ms
[3.587s][info][gc,phases      ] GC(2)   Evacuate Collection Set: 0.2ms
[3.587s][info][gc,phases      ] GC(2)   Post Evacuate Collection Set: 0.2ms
[3.587s][info][gc,phases      ] GC(2)   Other: 0.1ms
[3.587s][info][gc,heap        ] GC(2) Eden regions: 5->0(7)
[3.587s][info][gc,heap        ] GC(2) Survivor regions: 1->1(1)
[3.587s][info][gc,heap        ] GC(2) Old regions: 7->7
[3.587s][info][gc,heap        ] GC(2) Humongous regions: 0->0
[3.587s][info][gc,metaspace   ] GC(2) Metaspace: 9073K(9344K)->9073K(9344K) NonClass: 8035K(8192K)->8035K(8192K) Class: 1037K(1152K)->1037K(1152K)
[3.588s][info][gc             ] GC(2) Pause Young (Normal) (G1 Evacuation Pause) 16M->4M(40M) 0.796ms
[3.588s][info][gc,cpu         ] GC(2) User=0.00s Sys=0.00s Real=0.00s
[3.598s][info][gc,start       ] GC(3) Pause Young (Normal) (G1 Evacuation Pause)
[3.598s][info][gc,task        ] GC(3) Using 9 workers of 13 for evacuation
[3.599s][info][gc,phases      ] GC(3)   Pre Evacuate Collection Set: 0.1ms
[3.599s][info][gc,phases      ] GC(3)   Merge Heap Roots: 0.1ms
[3.599s][info][gc,phases      ] GC(3)   Evacuate Collection Set: 0.3ms
[3.599s][info][gc,phases      ] GC(3)   Post Evacuate Collection Set: 0.4ms
[3.599s][info][gc,phases      ] GC(3)   Other: 0.1ms
[3.599s][info][gc,heap        ] GC(3) Eden regions: 7->0(9)
[3.599s][info][gc,heap        ] GC(3) Survivor regions: 1->1(1)
[3.599s][info][gc,heap        ] GC(3) Old regions: 7->7
[3.599s][info][gc,heap        ] GC(3) Humongous regions: 0->0
[3.599s][info][gc,metaspace   ] GC(3) Metaspace: 9073K(9344K)->9073K(9344K) NonClass: 8035K(8192K)->8035K(8192K) Class: 1037K(1152K)->1037K(1152K)
[3.599s][info][gc             ] GC(3) Pause Young (Normal) (G1 Evacuation Pause) 18M->4M(40M) 1.116ms
[3.599s][info][gc,cpu         ] GC(3) User=0.00s Sys=0.00s Real=0.00s
[3.612s][info][gc,start       ] GC(4) Pause Young (Normal) (G1 Evacuation Pause)
[3.612s][info][gc,task        ] GC(4) Using 8 workers of 13 for evacuation
[3.613s][info][gc,phases      ] GC(4)   Pre Evacuate Collection Set: 0.2ms
[3.613s][info][gc,phases      ] GC(4)   Merge Heap Roots: 0.1ms
[3.613s][info][gc,phases      ] GC(4)   Evacuate Collection Set: 0.2ms
[3.613s][info][gc,phases      ] GC(4)   Post Evacuate Collection Set: 0.4ms
[3.613s][info][gc,phases      ] GC(4)   Other: 0.1ms
[3.613s][info][gc,heap        ] GC(4) Eden regions: 9->0(10)
[3.613s][info][gc,heap        ] GC(4) Survivor regions: 1->1(2)
[3.613s][info][gc,heap        ] GC(4) Old regions: 7->7
[3.613s][info][gc,heap        ] GC(4) Humongous regions: 0->0
[3.613s][info][gc,metaspace   ] GC(4) Metaspace: 9077K(9344K)->9077K(9344K) NonClass: 8039K(8192K)->8039K(8192K) Class: 1037K(1152K)->1037K(1152K)
[3.613s][info][gc             ] GC(4) Pause Young (Normal) (G1 Evacuation Pause) 22M->4M(40M) 1.183ms
[3.613s][info][gc,cpu         ] GC(4) User=0.01s Sys=0.00s Real=0.00s
[3.620s][info][gc,start       ] GC(5) Pause Young (Normal) (G1 Evacuation Pause)
[3.620s][info][gc,task        ] GC(5) Using 8 workers of 13 for evacuation
[3.621s][info][gc,phases      ] GC(5)   Pre Evacuate Collection Set: 0.2ms
[3.621s][info][gc,phases      ] GC(5)   Merge Heap Roots: 0.1ms
[3.621s][info][gc,phases      ] GC(5)   Evacuate Collection Set: 0.2ms
[3.621s][info][gc,phases      ] GC(5)   Post Evacuate Collection Set: 0.6ms
[3.621s][info][gc,phases      ] GC(5)   Other: 0.0ms
[3.621s][info][gc,heap        ] GC(5) Eden regions: 10->0(43)
[3.621s][info][gc,heap        ] GC(5) Survivor regions: 1->1(2)
[3.621s][info][gc,heap        ] GC(5) Old regions: 7->7
[3.621s][info][gc,heap        ] GC(5) Humongous regions: 0->0
[3.621s][info][gc,metaspace   ] GC(5) Metaspace: 9077K(9344K)->9077K(9344K) NonClass: 8039K(8192K)->8039K(8192K) Class: 1037K(1152K)->1037K(1152K)
[3.621s][info][gc             ] GC(5) Pause Young (Normal) (G1 Evacuation Pause) 24M->4M(148M) 1.359ms
[3.621s][info][gc,cpu         ] GC(5) User=0.01s Sys=0.00s Real=0.01s
[3.681s][info][gc,start       ] GC(6) Pause Young (Normal) (G1 Evacuation Pause)
[3.681s][info][gc,task        ] GC(6) Using 8 workers of 13 for evacuation
[3.681s][info][gc,phases      ] GC(6)   Pre Evacuate Collection Set: 0.1ms
[3.681s][info][gc,phases      ] GC(6)   Merge Heap Roots: 0.0ms
[3.681s][info][gc,phases      ] GC(6)   Evacuate Collection Set: 0.2ms
[3.681s][info][gc,phases      ] GC(6)   Post Evacuate Collection Set: 0.2ms
[3.681s][info][gc,phases      ] GC(6)   Other: 0.1ms
[3.681s][info][gc,heap        ] GC(6) Eden regions: 43->0(43)
[3.681s][info][gc,heap        ] GC(6) Survivor regions: 1->1(6)
[3.681s][info][gc,heap        ] GC(6) Old regions: 7->7
[3.681s][info][gc,heap        ] GC(6) Humongous regions: 0->0
[3.681s][info][gc,metaspace   ] GC(6) Metaspace: 9080K(9344K)->9080K(9344K) NonClass: 8042K(8192K)->8042K(8192K) Class: 1037K(1152K)->1037K(1152K)
[3.681s][info][gc             ] GC(6) Pause Young (Normal) (G1 Evacuation Pause) 90M->4M(148M) 0.701ms
[3.681s][info][gc,cpu         ] GC(6) User=0.00s Sys=0.00s Real=0.00s
[3.700s][info][gc,start       ] GC(7) Pause Young (Normal) (G1 Evacuation Pause)
[3.700s][info][gc,task        ] GC(7) Using 8 workers of 13 for evacuation
[3.701s][info][gc,phases      ] GC(7)   Pre Evacuate Collection Set: 0.1ms
[3.701s][info][gc,phases      ] GC(7)   Merge Heap Roots: 0.0ms
[3.701s][info][gc,phases      ] GC(7)   Evacuate Collection Set: 0.3ms
[3.701s][info][gc,phases      ] GC(7)   Post Evacuate Collection Set: 0.3ms
[3.701s][info][gc,phases      ] GC(7)   Other: 0.1ms
[3.701s][info][gc,heap        ] GC(7) Eden regions: 43->0(43)
[3.701s][info][gc,heap        ] GC(7) Survivor regions: 1->1(6)
[3.701s][info][gc,heap        ] GC(7) Old regions: 7->7
[3.701s][info][gc,heap        ] GC(7) Humongous regions: 0->0
[3.701s][info][gc,metaspace   ] GC(7) Metaspace: 9080K(9344K)->9080K(9344K) NonClass: 8042K(8192K)->8042K(8192K) Class: 1037K(1152K)->1037K(1152K)
[3.701s][info][gc             ] GC(7) Pause Young (Normal) (G1 Evacuation Pause) 90M->4M(148M) 1.028ms
[3.701s][info][gc,cpu         ] GC(7) User=0.00s Sys=0.00s Real=0.01s
[3.732s][info][gc,start       ] GC(8) Pause Young (Normal) (G1 Evacuation Pause)
[3.732s][info][gc,task        ] GC(8) Using 8 workers of 13 for evacuation
[3.733s][info][gc,phases      ] GC(8)   Pre Evacuate Collection Set: 0.1ms
[3.733s][info][gc,phases      ] GC(8)   Merge Heap Roots: 0.1ms
[3.733s][info][gc,phases      ] GC(8)   Evacuate Collection Set: 0.2ms
[3.733s][info][gc,phases      ] GC(8)   Post Evacuate Collection Set: 0.3ms
[3.733s][info][gc,phases      ] GC(8)   Other: 0.1ms
[3.733s][info][gc,heap        ] GC(8) Eden regions: 43->0(43)
[3.733s][info][gc,heap        ] GC(8) Survivor regions: 1->1(6)
[3.733s][info][gc,heap        ] GC(8) Old regions: 7->7
[3.733s][info][gc,heap        ] GC(8) Humongous regions: 0->0
[3.733s][info][gc,metaspace   ] GC(8) Metaspace: 9083K(9344K)->9083K(9344K) NonClass: 8046K(8192K)->8046K(8192K) Class: 1037K(1152K)->1037K(1152K)
[3.733s][info][gc             ] GC(8) Pause Young (Normal) (G1 Evacuation Pause) 90M->4M(148M) 0.962ms
[3.733s][info][gc,cpu         ] GC(8) User=0.00s Sys=0.00s Real=0.00s
[3.755s][info][gc,start       ] GC(9) Pause Young (Normal) (G1 Evacuation Pause)
[3.755s][info][gc,task        ] GC(9) Using 8 workers of 13 for evacuation
[3.756s][info][gc,phases      ] GC(9)   Pre Evacuate Collection Set: 0.1ms
[3.756s][info][gc,phases      ] GC(9)   Merge Heap Roots: 0.1ms
[3.756s][info][gc,phases      ] GC(9)   Evacuate Collection Set: 0.3ms
[3.756s][info][gc,phases      ] GC(9)   Post Evacuate Collection Set: 0.4ms
[3.756s][info][gc,phases      ] GC(9)   Other: 0.1ms
[3.756s][info][gc,heap        ] GC(9) Eden regions: 43->0(43)
[3.756s][info][gc,heap        ] GC(9) Survivor regions: 1->1(6)
[3.756s][info][gc,heap        ] GC(9) Old regions: 7->7
[3.756s][info][gc,heap        ] GC(9) Humongous regions: 0->0
[3.756s][info][gc,metaspace   ] GC(9) Metaspace: 9102K(9344K)->9102K(9344K) NonClass: 8064K(8192K)->8064K(8192K) Class: 1037K(1152K)->1037K(1152K)
[3.756s][info][gc             ] GC(9) Pause Young (Normal) (G1 Evacuation Pause) 90M->4M(148M) 0.993ms
[3.756s][info][gc,cpu         ] GC(9) User=0.00s Sys=0.00s Real=0.00s
[3.776s][info][gc,start       ] GC(10) Pause Young (Normal) (G1 Evacuation Pause)
[3.776s][info][gc,task        ] GC(10) Using 8 workers of 13 for evacuation
[3.777s][info][gc,phases      ] GC(10)   Pre Evacuate Collection Set: 0.1ms
[3.777s][info][gc,phases      ] GC(10)   Merge Heap Roots: 0.1ms
[3.777s][info][gc,phases      ] GC(10)   Evacuate Collection Set: 0.3ms
[3.777s][info][gc,phases      ] GC(10)   Post Evacuate Collection Set: 0.4ms
[3.777s][info][gc,phases      ] GC(10)   Other: 0.1ms
[3.777s][info][gc,heap        ] GC(10) Eden regions: 43->0(73)
[3.777s][info][gc,heap        ] GC(10) Survivor regions: 1->1(6)
[3.777s][info][gc,heap        ] GC(10) Old regions: 7->7
[3.777s][info][gc,heap        ] GC(10) Humongous regions: 0->0
[3.777s][info][gc,metaspace   ] GC(10) Metaspace: 9102K(9344K)->9102K(9344K) NonClass: 8064K(8192K)->8064K(8192K) Class: 1037K(1152K)->1037K(1152K)
[3.777s][info][gc             ] GC(10) Pause Young (Normal) (G1 Evacuation Pause) 90M->4M(248M) 1.166ms
[3.777s][info][gc,cpu         ] GC(10) User=0.01s Sys=0.00s Real=0.00s
[3.855s][info][gc,start       ] GC(11) Pause Young (Normal) (G1 Evacuation Pause)
[3.855s][info][gc,task        ] GC(11) Using 8 workers of 13 for evacuation
[3.856s][info][gc,phases      ] GC(11)   Pre Evacuate Collection Set: 0.1ms
[3.856s][info][gc,phases      ] GC(11)   Merge Heap Roots: 0.0ms
[3.856s][info][gc,phases      ] GC(11)   Evacuate Collection Set: 0.2ms
[3.856s][info][gc,phases      ] GC(11)   Post Evacuate Collection Set: 0.3ms
[3.856s][info][gc,phases      ] GC(11)   Other: 0.1ms
[3.856s][info][gc,heap        ] GC(11) Eden regions: 73->0(73)
[3.856s][info][gc,heap        ] GC(11) Survivor regions: 1->1(10)
[3.856s][info][gc,heap        ] GC(11) Old regions: 7->7
[3.856s][info][gc,heap        ] GC(11) Humongous regions: 0->0
[3.856s][info][gc,metaspace   ] GC(11) Metaspace: 9106K(9344K)->9106K(9344K) NonClass: 8067K(8192K)->8067K(8192K) Class: 1038K(1152K)->1038K(1152K)
[3.856s][info][gc             ] GC(11) Pause Young (Normal) (G1 Evacuation Pause) 150M->4M(248M) 0.958ms
[3.856s][info][gc,cpu         ] GC(11) User=0.00s Sys=0.00s Real=0.00s
[3.892s][info][gc,start       ] GC(12) Pause Young (Normal) (G1 Evacuation Pause)
[3.892s][info][gc,task        ] GC(12) Using 8 workers of 13 for evacuation
[3.893s][info][gc,phases      ] GC(12)   Pre Evacuate Collection Set: 0.1ms
[3.893s][info][gc,phases      ] GC(12)   Merge Heap Roots: 0.0ms
[3.893s][info][gc,phases      ] GC(12)   Evacuate Collection Set: 0.2ms
[3.893s][info][gc,phases      ] GC(12)   Post Evacuate Collection Set: 0.3ms
[3.893s][info][gc,phases      ] GC(12)   Other: 0.1ms
[3.893s][info][gc,heap        ] GC(12) Eden regions: 73->0(73)
[3.893s][info][gc,heap        ] GC(12) Survivor regions: 1->1(10)
[3.893s][info][gc,heap        ] GC(12) Old regions: 7->7
[3.893s][info][gc,heap        ] GC(12) Humongous regions: 0->0
[3.893s][info][gc,metaspace   ] GC(12) Metaspace: 9106K(9344K)->9106K(9344K) NonClass: 8067K(8192K)->8067K(8192K) Class: 1038K(1152K)->1038K(1152K)
[3.893s][info][gc             ] GC(12) Pause Young (Normal) (G1 Evacuation Pause) 150M->4M(248M) 0.784ms
[3.893s][info][gc,cpu         ] GC(12) User=0.00s Sys=0.00s Real=0.00s
[3.925s][info][gc,start       ] GC(13) Pause Young (Normal) (G1 Evacuation Pause)
[3.925s][info][gc,task        ] GC(13) Using 8 workers of 13 for evacuation
[3.925s][info][gc,phases      ] GC(13)   Pre Evacuate Collection Set: 0.1ms
[3.925s][info][gc,phases      ] GC(13)   Merge Heap Roots: 0.0ms
[3.926s][info][gc,phases      ] GC(13)   Evacuate Collection Set: 0.2ms
[3.926s][info][gc,phases      ] GC(13)   Post Evacuate Collection Set: 0.2ms
[3.926s][info][gc,phases      ] GC(13)   Other: 0.1ms
[3.926s][info][gc,heap        ] GC(13) Eden regions: 73->0(73)
[3.926s][info][gc,heap        ] GC(13) Survivor regions: 1->1(10)
[3.926s][info][gc,heap        ] GC(13) Old regions: 7->7
[3.926s][info][gc,heap        ] GC(13) Humongous regions: 0->0
[3.926s][info][gc,metaspace   ] GC(13) Metaspace: 9106K(9344K)->9106K(9344K) NonClass: 8067K(8192K)->8067K(8192K) Class: 1038K(1152K)->1038K(1152K)
[3.926s][info][gc             ] GC(13) Pause Young (Normal) (G1 Evacuation Pause) 150M->4M(248M) 0.754ms
[3.926s][info][gc,cpu         ] GC(13) User=0.00s Sys=0.00s Real=0.00s
[3.953s][info][gc,start       ] GC(14) Pause Young (Normal) (G1 Evacuation Pause)
[3.954s][info][gc,task        ] GC(14) Using 8 workers of 13 for evacuation
[3.954s][info][gc,phases      ] GC(14)   Pre Evacuate Collection Set: 0.1ms
[3.954s][info][gc,phases      ] GC(14)   Merge Heap Roots: 0.1ms
[3.954s][info][gc,phases      ] GC(14)   Evacuate Collection Set: 0.3ms
[3.954s][info][gc,phases      ] GC(14)   Post Evacuate Collection Set: 0.4ms
[3.954s][info][gc,phases      ] GC(14)   Other: 0.0ms
[3.954s][info][gc,heap        ] GC(14) Eden regions: 73->0(73)
[3.954s][info][gc,heap        ] GC(14) Survivor regions: 1->1(10)
[3.954s][info][gc,heap        ] GC(14) Old regions: 7->7
[3.954s][info][gc,heap        ] GC(14) Humongous regions: 0->0
[3.954s][info][gc,metaspace   ] GC(14) Metaspace: 9106K(9344K)->9106K(9344K) NonClass: 8067K(8192K)->8067K(8192K) Class: 1038K(1152K)->1038K(1152K)
[3.955s][info][gc             ] GC(14) Pause Young (Normal) (G1 Evacuation Pause) 150M->4M(248M) 1.031ms
[3.955s][info][gc,cpu         ] GC(14) User=0.00s Sys=0.00s Real=0.00s
[3.982s][info][gc,start       ] GC(15) Pause Young (Normal) (G1 Evacuation Pause)
[3.982s][info][gc,task        ] GC(15) Using 8 workers of 13 for evacuation
[3.983s][info][gc,phases      ] GC(15)   Pre Evacuate Collection Set: 0.1ms
[3.983s][info][gc,phases      ] GC(15)   Merge Heap Roots: 0.1ms
[3.983s][info][gc,phases      ] GC(15)   Evacuate Collection Set: 0.4ms
[3.984s][info][gc,phases      ] GC(15)   Post Evacuate Collection Set: 0.5ms
[3.984s][info][gc,phases      ] GC(15)   Other: 0.1ms
[3.984s][info][gc,heap        ] GC(15) Eden regions: 73->0(90)
[3.984s][info][gc,heap        ] GC(15) Survivor regions: 1->1(10)
[3.984s][info][gc,heap        ] GC(15) Old regions: 7->7
[3.984s][info][gc,heap        ] GC(15) Humongous regions: 0->0
[3.984s][info][gc,metaspace   ] GC(15) Metaspace: 9106K(9344K)->9106K(9344K) NonClass: 8067K(8192K)->8067K(8192K) Class: 1038K(1152K)->1038K(1152K)
[3.984s][info][gc             ] GC(15) Pause Young (Normal) (G1 Evacuation Pause) 150M->4M(304M) 1.188ms
[3.984s][info][gc,cpu         ] GC(15) User=0.00s Sys=0.01s Real=0.00s
[4.043s][info][gc,start       ] GC(16) Pause Young (Normal) (G1 Evacuation Pause)
[4.043s][info][gc,task        ] GC(16) Using 8 workers of 13 for evacuation
[4.044s][info][gc,phases      ] GC(16)   Pre Evacuate Collection Set: 0.1ms
[4.044s][info][gc,phases      ] GC(16)   Merge Heap Roots: 0.1ms
[4.044s][info][gc,phases      ] GC(16)   Evacuate Collection Set: 0.2ms
[4.044s][info][gc,phases      ] GC(16)   Post Evacuate Collection Set: 0.3ms
[4.044s][info][gc,phases      ] GC(16)   Other: 0.1ms
[4.044s][info][gc,heap        ] GC(16) Eden regions: 90->0(90)
[4.044s][info][gc,heap        ] GC(16) Survivor regions: 1->1(12)
[4.044s][info][gc,heap        ] GC(16) Old regions: 7->7
[4.044s][info][gc,heap        ] GC(16) Humongous regions: 0->0
[4.044s][info][gc,metaspace   ] GC(16) Metaspace: 9106K(9344K)->9106K(9344K) NonClass: 8067K(8192K)->8067K(8192K) Class: 1038K(1152K)->1038K(1152K)
[4.044s][info][gc             ] GC(16) Pause Young (Normal) (G1 Evacuation Pause) 184M->4M(304M) 1.059ms
[4.044s][info][gc,cpu         ] GC(16) User=0.00s Sys=0.00s Real=0.00s
[4.087s][info][gc,start       ] GC(17) Pause Young (Normal) (G1 Evacuation Pause)
[4.087s][info][gc,task        ] GC(17) Using 8 workers of 13 for evacuation
[4.088s][info][gc,phases      ] GC(17)   Pre Evacuate Collection Set: 0.1ms
[4.088s][info][gc,phases      ] GC(17)   Merge Heap Roots: 0.1ms
[4.088s][info][gc,phases      ] GC(17)   Evacuate Collection Set: 0.2ms
[4.088s][info][gc,phases      ] GC(17)   Post Evacuate Collection Set: 0.4ms
[4.088s][info][gc,phases      ] GC(17)   Other: 0.1ms
[4.088s][info][gc,heap        ] GC(17) Eden regions: 90->0(90)
[4.088s][info][gc,heap        ] GC(17) Survivor regions: 1->1(12)
[4.088s][info][gc,heap        ] GC(17) Old regions: 7->7
[4.088s][info][gc,heap        ] GC(17) Humongous regions: 0->0
[4.088s][info][gc,metaspace   ] GC(17) Metaspace: 9106K(9344K)->9106K(9344K) NonClass: 8067K(8192K)->8067K(8192K) Class: 1038K(1152K)->1038K(1152K)
[4.088s][info][gc             ] GC(17) Pause Young (Normal) (G1 Evacuation Pause) 184M->4M(304M) 1.118ms
[4.088s][info][gc,cpu         ] GC(17) User=0.00s Sys=0.00s Real=0.00s
[4.122s][info][gc,start       ] GC(18) Pause Young (Normal) (G1 Evacuation Pause)
[4.122s][info][gc,task        ] GC(18) Using 8 workers of 13 for evacuation
[4.123s][info][gc,phases      ] GC(18)   Pre Evacuate Collection Set: 0.1ms
[4.123s][info][gc,phases      ] GC(18)   Merge Heap Roots: 0.1ms
[4.123s][info][gc,phases      ] GC(18)   Evacuate Collection Set: 0.2ms
[4.123s][info][gc,phases      ] GC(18)   Post Evacuate Collection Set: 0.4ms
[4.123s][info][gc,phases      ] GC(18)   Other: 0.1ms
[4.123s][info][gc,heap        ] GC(18) Eden regions: 90->0(90)
[4.123s][info][gc,heap        ] GC(18) Survivor regions: 1->1(12)
[4.123s][info][gc,heap        ] GC(18) Old regions: 7->7
[4.123s][info][gc,heap        ] GC(18) Humongous regions: 0->0
[4.123s][info][gc,metaspace   ] GC(18) Metaspace: 9106K(9344K)->9106K(9344K) NonClass: 8067K(8192K)->8067K(8192K) Class: 1038K(1152K)->1038K(1152K)
[4.123s][info][gc             ] GC(18) Pause Young (Normal) (G1 Evacuation Pause) 184M->4M(304M) 1.097ms
[4.123s][info][gc,cpu         ] GC(18) User=0.00s Sys=0.00s Real=0.00s
[4.156s][info][gc,start       ] GC(19) Pause Young (Normal) (G1 Evacuation Pause)
[4.156s][info][gc,task        ] GC(19) Using 8 workers of 13 for evacuation
[4.157s][info][gc,phases      ] GC(19)   Pre Evacuate Collection Set: 0.1ms
[4.157s][info][gc,phases      ] GC(19)   Merge Heap Roots: 0.1ms
[4.157s][info][gc,phases      ] GC(19)   Evacuate Collection Set: 0.2ms
[4.157s][info][gc,phases      ] GC(19)   Post Evacuate Collection Set: 0.4ms
[4.157s][info][gc,phases      ] GC(19)   Other: 0.1ms
[4.157s][info][gc,heap        ] GC(19) Eden regions: 90->0(108)
[4.157s][info][gc,heap        ] GC(19) Survivor regions: 1->1(12)
[4.157s][info][gc,heap        ] GC(19) Old regions: 7->7
[4.157s][info][gc,heap        ] GC(19) Humongous regions: 0->0
[4.158s][info][gc,metaspace   ] GC(19) Metaspace: 9106K(9344K)->9106K(9344K) NonClass: 8067K(8192K)->8067K(8192K) Class: 1038K(1152K)->1038K(1152K)
[4.158s][info][gc             ] GC(19) Pause Young (Normal) (G1 Evacuation Pause) 184M->4M(366M) 1.131ms
[4.158s][info][gc,cpu         ] GC(19) User=0.00s Sys=0.00s Real=0.00s
[4.224s][info][gc,start       ] GC(20) Pause Young (Normal) (G1 Evacuation Pause)
[4.224s][info][gc,task        ] GC(20) Using 8 workers of 13 for evacuation
[4.225s][info][gc,phases      ] GC(20)   Pre Evacuate Collection Set: 0.1ms
[4.225s][info][gc,phases      ] GC(20)   Merge Heap Roots: 0.1ms
[4.225s][info][gc,phases      ] GC(20)   Evacuate Collection Set: 0.3ms
[4.225s][info][gc,phases      ] GC(20)   Post Evacuate Collection Set: 0.4ms
[4.225s][info][gc,phases      ] GC(20)   Other: 0.1ms
[4.225s][info][gc,heap        ] GC(20) Eden regions: 108->0(108)
[4.225s][info][gc,heap        ] GC(20) Survivor regions: 1->1(14)
[4.225s][info][gc,heap        ] GC(20) Old regions: 7->7
[4.225s][info][gc,heap        ] GC(20) Humongous regions: 0->0
[4.225s][info][gc,metaspace   ] GC(20) Metaspace: 9106K(9344K)->9106K(9344K) NonClass: 8067K(8192K)->8067K(8192K) Class: 1038K(1152K)->1038K(1152K)
[4.225s][info][gc             ] GC(20) Pause Young (Normal) (G1 Evacuation Pause) 220M->4M(366M) 1.128ms
[4.225s][info][gc,cpu         ] GC(20) User=0.00s Sys=0.00s Real=0.00s
[4.266s][info][gc,start       ] GC(21) Pause Young (Normal) (G1 Evacuation Pause)
[4.267s][info][gc,task        ] GC(21) Using 8 workers of 13 for evacuation
[4.268s][info][gc,phases      ] GC(21)   Pre Evacuate Collection Set: 0.1ms
[4.268s][info][gc,phases      ] GC(21)   Merge Heap Roots: 0.1ms
[4.268s][info][gc,phases      ] GC(21)   Evacuate Collection Set: 0.3ms
[4.268s][info][gc,phases      ] GC(21)   Post Evacuate Collection Set: 0.4ms
[4.268s][info][gc,phases      ] GC(21)   Other: 0.1ms
[4.268s][info][gc,heap        ] GC(21) Eden regions: 108->0(108)
[4.268s][info][gc,heap        ] GC(21) Survivor regions: 1->1(14)
[4.268s][info][gc,heap        ] GC(21) Old regions: 7->7
[4.268s][info][gc,heap        ] GC(21) Humongous regions: 0->0
[4.268s][info][gc,metaspace   ] GC(21) Metaspace: 9106K(9344K)->9106K(9344K) NonClass: 8067K(8192K)->8067K(8192K) Class: 1038K(1152K)->1038K(1152K)
[4.268s][info][gc             ] GC(21) Pause Young (Normal) (G1 Evacuation Pause) 220M->4M(366M) 1.272ms
[4.268s][info][gc,cpu         ] GC(21) User=0.00s Sys=0.01s Real=0.00s
[4.309s][info][gc,start       ] GC(22) Pause Young (Normal) (G1 Evacuation Pause)
[4.309s][info][gc,task        ] GC(22) Using 8 workers of 13 for evacuation
[4.310s][info][gc,phases      ] GC(22)   Pre Evacuate Collection Set: 0.1ms
[4.310s][info][gc,phases      ] GC(22)   Merge Heap Roots: 0.1ms
[4.310s][info][gc,phases      ] GC(22)   Evacuate Collection Set: 0.3ms
[4.310s][info][gc,phases      ] GC(22)   Post Evacuate Collection Set: 0.5ms
[4.310s][info][gc,phases      ] GC(22)   Other: 0.1ms
[4.310s][info][gc,heap        ] GC(22) Eden regions: 108->0(108)
[4.310s][info][gc,heap        ] GC(22) Survivor regions: 1->1(14)
[4.310s][info][gc,heap        ] GC(22) Old regions: 7->7
[4.310s][info][gc,heap        ] GC(22) Humongous regions: 0->0
[4.310s][info][gc,metaspace   ] GC(22) Metaspace: 9106K(9344K)->9106K(9344K) NonClass: 8067K(8192K)->8067K(8192K) Class: 1038K(1152K)->1038K(1152K)
[4.310s][info][gc             ] GC(22) Pause Young (Normal) (G1 Evacuation Pause) 220M->4M(366M) 1.236ms
[4.310s][info][gc,cpu         ] GC(22) User=0.00s Sys=0.00s Real=0.01s
[4.350s][info][gc,start       ] GC(23) Pause Young (Normal) (G1 Evacuation Pause)
[4.350s][info][gc,task        ] GC(23) Using 8 workers of 13 for evacuation
[4.351s][info][gc,phases      ] GC(23)   Pre Evacuate Collection Set: 0.1ms
[4.351s][info][gc,phases      ] GC(23)   Merge Heap Roots: 0.1ms
[4.351s][info][gc,phases      ] GC(23)   Evacuate Collection Set: 0.2ms
[4.351s][info][gc,phases      ] GC(23)   Post Evacuate Collection Set: 0.5ms
[4.351s][info][gc,phases      ] GC(23)   Other: 0.1ms
[4.351s][info][gc,heap        ] GC(23) Eden regions: 108->0(131)
[4.351s][info][gc,heap        ] GC(23) Survivor regions: 1->1(14)
[4.351s][info][gc,heap        ] GC(23) Old regions: 7->7
[4.351s][info][gc,heap        ] GC(23) Humongous regions: 0->0
[4.351s][info][gc,metaspace   ] GC(23) Metaspace: 9106K(9344K)->9106K(9344K) NonClass: 8067K(8192K)->8067K(8192K) Class: 1038K(1152K)->1038K(1152K)
[4.351s][info][gc             ] GC(23) Pause Young (Normal) (G1 Evacuation Pause) 220M->4M(440M) 1.237ms
[4.351s][info][gc,cpu         ] GC(23) User=0.00s Sys=0.00s Real=0.01s
[4.430s][info][gc,start       ] GC(24) Pause Young (Normal) (G1 Evacuation Pause)
[4.430s][info][gc,task        ] GC(24) Using 10 workers of 13 for evacuation
[4.431s][info][gc,phases      ] GC(24)   Pre Evacuate Collection Set: 0.1ms
[4.431s][info][gc,phases      ] GC(24)   Merge Heap Roots: 0.1ms
[4.431s][info][gc,phases      ] GC(24)   Evacuate Collection Set: 0.3ms
[4.431s][info][gc,phases      ] GC(24)   Post Evacuate Collection Set: 0.5ms
[4.431s][info][gc,phases      ] GC(24)   Other: 0.1ms
[4.431s][info][gc,heap        ] GC(24) Eden regions: 131->0(131)
[4.431s][info][gc,heap        ] GC(24) Survivor regions: 1->1(17)
[4.431s][info][gc,heap        ] GC(24) Old regions: 7->7
[4.431s][info][gc,heap        ] GC(24) Humongous regions: 0->0
[4.432s][info][gc,metaspace   ] GC(24) Metaspace: 9106K(9344K)->9106K(9344K) NonClass: 8067K(8192K)->8067K(8192K) Class: 1038K(1152K)->1038K(1152K)
[4.432s][info][gc             ] GC(24) Pause Young (Normal) (G1 Evacuation Pause) 266M->4M(440M) 1.246ms
[4.432s][info][gc,cpu         ] GC(24) User=0.01s Sys=0.00s Real=0.00s
[4.483s][info][gc,start       ] GC(25) Pause Young (Normal) (G1 Evacuation Pause)
[4.483s][info][gc,task        ] GC(25) Using 10 workers of 13 for evacuation
[4.484s][info][gc,phases      ] GC(25)   Pre Evacuate Collection Set: 0.1ms
[4.484s][info][gc,phases      ] GC(25)   Merge Heap Roots: 0.1ms
[4.484s][info][gc,phases      ] GC(25)   Evacuate Collection Set: 0.4ms
[4.484s][info][gc,phases      ] GC(25)   Post Evacuate Collection Set: 0.4ms
[4.484s][info][gc,phases      ] GC(25)   Other: 0.0ms
[4.484s][info][gc,heap        ] GC(25) Eden regions: 131->0(131)
[4.484s][info][gc,heap        ] GC(25) Survivor regions: 1->1(17)
[4.484s][info][gc,heap        ] GC(25) Old regions: 7->7
[4.484s][info][gc,heap        ] GC(25) Humongous regions: 0->0
[4.484s][info][gc,metaspace   ] GC(25) Metaspace: 9106K(9344K)->9106K(9344K) NonClass: 8067K(8192K)->8067K(8192K) Class: 1038K(1152K)->1038K(1152K)
[4.484s][info][gc             ] GC(25) Pause Young (Normal) (G1 Evacuation Pause) 266M->4M(440M) 1.201ms
[4.484s][info][gc,cpu         ] GC(25) User=0.00s Sys=0.00s Real=0.00s
[4.532s][info][gc,start       ] GC(26) Pause Young (Normal) (G1 Evacuation Pause)
[4.532s][info][gc,task        ] GC(26) Using 10 workers of 13 for evacuation
[4.533s][info][gc,phases      ] GC(26)   Pre Evacuate Collection Set: 0.1ms
[4.533s][info][gc,phases      ] GC(26)   Merge Heap Roots: 0.1ms
[4.533s][info][gc,phases      ] GC(26)   Evacuate Collection Set: 0.3ms
[4.533s][info][gc,phases      ] GC(26)   Post Evacuate Collection Set: 0.5ms
[4.533s][info][gc,phases      ] GC(26)   Other: 0.0ms
[4.533s][info][gc,heap        ] GC(26) Eden regions: 131->0(131)
[4.533s][info][gc,heap        ] GC(26) Survivor regions: 1->1(17)
[4.533s][info][gc,heap        ] GC(26) Old regions: 7->7
[4.533s][info][gc,heap        ] GC(26) Humongous regions: 0->0
[4.533s][info][gc,metaspace   ] GC(26) Metaspace: 9106K(9344K)->9106K(9344K) NonClass: 8067K(8192K)->8067K(8192K) Class: 1038K(1152K)->1038K(1152K)
[4.533s][info][gc             ] GC(26) Pause Young (Normal) (G1 Evacuation Pause) 266M->4M(440M) 1.190ms
[4.533s][info][gc,cpu         ] GC(26) User=0.00s Sys=0.00s Real=0.00s
[4.580s][info][gc,start       ] GC(27) Pause Young (Normal) (G1 Evacuation Pause)
[4.580s][info][gc,task        ] GC(27) Using 10 workers of 13 for evacuation
[4.581s][info][gc,phases      ] GC(27)   Pre Evacuate Collection Set: 0.1ms
[4.581s][info][gc,phases      ] GC(27)   Merge Heap Roots: 0.1ms
[4.581s][info][gc,phases      ] GC(27)   Evacuate Collection Set: 0.4ms
[4.581s][info][gc,phases      ] GC(27)   Post Evacuate Collection Set: 0.5ms
[4.581s][info][gc,phases      ] GC(27)   Other: 0.1ms
[4.581s][info][gc,heap        ] GC(27) Eden regions: 131->0(131)
[4.581s][info][gc,heap        ] GC(27) Survivor regions: 1->1(17)
[4.581s][info][gc,heap        ] GC(27) Old regions: 7->7
[4.581s][info][gc,heap        ] GC(27) Humongous regions: 0->0
[4.581s][info][gc,metaspace   ] GC(27) Metaspace: 9106K(9344K)->9106K(9344K) NonClass: 8067K(8192K)->8067K(8192K) Class: 1038K(1152K)->1038K(1152K)
[4.581s][info][gc             ] GC(27) Pause Young (Normal) (G1 Evacuation Pause) 266M->4M(440M) 1.252ms
[4.581s][info][gc,cpu         ] GC(27) User=0.00s Sys=0.00s Real=0.01s
[4.629s][info][gc,start       ] GC(28) Pause Young (Normal) (G1 Evacuation Pause)
[4.629s][info][gc,task        ] GC(28) Using 10 workers of 13 for evacuation
[4.630s][info][gc,phases      ] GC(28)   Pre Evacuate Collection Set: 0.1ms
[4.630s][info][gc,phases      ] GC(28)   Merge Heap Roots: 0.1ms
[4.630s][info][gc,phases      ] GC(28)   Evacuate Collection Set: 0.4ms
[4.630s][info][gc,phases      ] GC(28)   Post Evacuate Collection Set: 0.6ms
[4.630s][info][gc,phases      ] GC(28)   Other: 0.1ms
[4.630s][info][gc,heap        ] GC(28) Eden regions: 131->0(157)
[4.630s][info][gc,heap        ] GC(28) Survivor regions: 1->1(17)
[4.630s][info][gc,heap        ] GC(28) Old regions: 7->7
[4.630s][info][gc,heap        ] GC(28) Humongous regions: 0->0
[4.630s][info][gc,metaspace   ] GC(28) Metaspace: 9106K(9344K)->9106K(9344K) NonClass: 8067K(8192K)->8067K(8192K) Class: 1038K(1152K)->1038K(1152K)
[4.630s][info][gc             ] GC(28) Pause Young (Normal) (G1 Evacuation Pause) 266M->4M(528M) 1.412ms
[4.630s][info][gc,cpu         ] GC(28) User=0.00s Sys=0.00s Real=0.01s
[4.722s][info][gc,start       ] GC(29) Pause Young (Normal) (G1 Evacuation Pause)
[4.722s][info][gc,task        ] GC(29) Using 12 workers of 13 for evacuation
[4.723s][info][gc,phases      ] GC(29)   Pre Evacuate Collection Set: 0.1ms
[4.723s][info][gc,phases      ] GC(29)   Merge Heap Roots: 0.1ms
[4.723s][info][gc,phases      ] GC(29)   Evacuate Collection Set: 0.4ms
[4.723s][info][gc,phases      ] GC(29)   Post Evacuate Collection Set: 0.3ms
[4.724s][info][gc,phases      ] GC(29)   Other: 0.1ms
[4.724s][info][gc,heap        ] GC(29) Eden regions: 157->0(157)
[4.724s][info][gc,heap        ] GC(29) Survivor regions: 1->1(20)
[4.724s][info][gc,heap        ] GC(29) Old regions: 7->7
[4.724s][info][gc,heap        ] GC(29) Humongous regions: 0->0
[4.724s][info][gc,metaspace   ] GC(29) Metaspace: 9106K(9344K)->9106K(9344K) NonClass: 8067K(8192K)->8067K(8192K) Class: 1038K(1152K)->1038K(1152K)
[4.724s][info][gc             ] GC(29) Pause Young (Normal) (G1 Evacuation Pause) 318M->4M(528M) 1.162ms
[4.724s][info][gc,cpu         ] GC(29) User=0.00s Sys=0.00s Real=0.00s
[4.784s][info][gc,start       ] GC(30) Pause Young (Normal) (G1 Evacuation Pause)
[4.784s][info][gc,task        ] GC(30) Using 12 workers of 13 for evacuation
[4.785s][info][gc,phases      ] GC(30)   Pre Evacuate Collection Set: 0.1ms
[4.785s][info][gc,phases      ] GC(30)   Merge Heap Roots: 0.1ms
[4.785s][info][gc,phases      ] GC(30)   Evacuate Collection Set: 0.3ms
[4.785s][info][gc,phases      ] GC(30)   Post Evacuate Collection Set: 0.2ms
[4.785s][info][gc,phases      ] GC(30)   Other: 0.1ms
[4.785s][info][gc,heap        ] GC(30) Eden regions: 157->0(157)
[4.785s][info][gc,heap        ] GC(30) Survivor regions: 1->1(20)
[4.785s][info][gc,heap        ] GC(30) Old regions: 7->7
[4.785s][info][gc,heap        ] GC(30) Humongous regions: 0->0
[4.785s][info][gc,metaspace   ] GC(30) Metaspace: 9106K(9344K)->9106K(9344K) NonClass: 8067K(8192K)->8067K(8192K) Class: 1038K(1152K)->1038K(1152K)
[4.785s][info][gc             ] GC(30) Pause Young (Normal) (G1 Evacuation Pause) 318M->4M(528M) 0.838ms
[4.785s][info][gc,cpu         ] GC(30) User=0.00s Sys=0.01s Real=0.00s
[4.843s][info][gc,start       ] GC(31) Pause Young (Normal) (G1 Evacuation Pause)
[4.843s][info][gc,task        ] GC(31) Using 12 workers of 13 for evacuation
[4.844s][info][gc,phases      ] GC(31)   Pre Evacuate Collection Set: 0.2ms
[4.844s][info][gc,phases      ] GC(31)   Merge Heap Roots: 0.2ms
[4.844s][info][gc,phases      ] GC(31)   Evacuate Collection Set: 0.4ms
[4.844s][info][gc,phases      ] GC(31)   Post Evacuate Collection Set: 0.5ms
[4.844s][info][gc,phases      ] GC(31)   Other: 0.1ms
[4.844s][info][gc,heap        ] GC(31) Eden regions: 157->0(157)
[4.844s][info][gc,heap        ] GC(31) Survivor regions: 1->1(20)
[4.844s][info][gc,heap        ] GC(31) Old regions: 7->7
[4.844s][info][gc,heap        ] GC(31) Humongous regions: 0->0
[4.844s][info][gc,metaspace   ] GC(31) Metaspace: 9106K(9344K)->9106K(9344K) NonClass: 8067K(8192K)->8067K(8192K) Class: 1038K(1152K)->1038K(1152K)
[4.844s][info][gc             ] GC(31) Pause Young (Normal) (G1 Evacuation Pause) 318M->4M(528M) 1.415ms
[4.844s][info][gc,cpu         ] GC(31) User=0.00s Sys=0.00s Real=0.00s
[4.901s][info][gc,start       ] GC(32) Pause Young (Normal) (G1 Evacuation Pause)
[4.901s][info][gc,task        ] GC(32) Using 12 workers of 13 for evacuation
[4.902s][info][gc,phases      ] GC(32)   Pre Evacuate Collection Set: 0.1ms
[4.902s][info][gc,phases      ] GC(32)   Merge Heap Roots: 0.1ms
[4.902s][info][gc,phases      ] GC(32)   Evacuate Collection Set: 0.4ms
[4.902s][info][gc,phases      ] GC(32)   Post Evacuate Collection Set: 0.5ms
[4.902s][info][gc,phases      ] GC(32)   Other: 0.0ms
[4.902s][info][gc,heap        ] GC(32) Eden regions: 157->0(157)
[4.902s][info][gc,heap        ] GC(32) Survivor regions: 1->1(20)
[4.902s][info][gc,heap        ] GC(32) Old regions: 7->7
[4.902s][info][gc,heap        ] GC(32) Humongous regions: 0->0
[4.902s][info][gc,metaspace   ] GC(32) Metaspace: 9106K(9344K)->9106K(9344K) NonClass: 8067K(8192K)->8067K(8192K) Class: 1038K(1152K)->1038K(1152K)
[4.902s][info][gc             ] GC(32) Pause Young (Normal) (G1 Evacuation Pause) 318M->4M(528M) 1.323ms
[4.902s][info][gc,cpu         ] GC(32) User=0.00s Sys=0.00s Real=0.00s
[4.958s][info][gc,start       ] GC(33) Pause Young (Normal) (G1 Evacuation Pause)
[4.958s][info][gc,task        ] GC(33) Using 12 workers of 13 for evacuation
[4.959s][info][gc,phases      ] GC(33)   Pre Evacuate Collection Set: 0.1ms
[4.959s][info][gc,phases      ] GC(33)   Merge Heap Roots: 0.1ms
[4.959s][info][gc,phases      ] GC(33)   Evacuate Collection Set: 0.5ms
[4.959s][info][gc,phases      ] GC(33)   Post Evacuate Collection Set: 0.4ms
[4.959s][info][gc,phases      ] GC(33)   Other: 0.1ms
[4.959s][info][gc,heap        ] GC(33) Eden regions: 157->0(157)
[4.959s][info][gc,heap        ] GC(33) Survivor regions: 1->1(20)
[4.959s][info][gc,heap        ] GC(33) Old regions: 7->7
[4.959s][info][gc,heap        ] GC(33) Humongous regions: 0->0
[4.960s][info][gc,metaspace   ] GC(33) Metaspace: 9106K(9344K)->9106K(9344K) NonClass: 8067K(8192K)->8067K(8192K) Class: 1038K(1152K)->1038K(1152K)
[4.960s][info][gc             ] GC(33) Pause Young (Normal) (G1 Evacuation Pause) 318M->4M(528M) 1.399ms
[4.960s][info][gc,cpu         ] GC(33) User=0.00s Sys=0.00s Real=0.00s
[5.016s][info][gc,start       ] GC(34) Pause Young (Normal) (G1 Evacuation Pause)
[5.016s][info][gc,task        ] GC(34) Using 12 workers of 13 for evacuation
[5.018s][info][gc,phases      ] GC(34)   Pre Evacuate Collection Set: 0.1ms
[5.018s][info][gc,phases      ] GC(34)   Merge Heap Roots: 0.1ms
[5.018s][info][gc,phases      ] GC(34)   Evacuate Collection Set: 0.4ms
[5.018s][info][gc,phases      ] GC(34)   Post Evacuate Collection Set: 0.8ms
[5.018s][info][gc,phases      ] GC(34)   Other: 0.0ms
[5.018s][info][gc,heap        ] GC(34) Eden regions: 157->0(189)
[5.018s][info][gc,heap        ] GC(34) Survivor regions: 1->1(20)
[5.018s][info][gc,heap        ] GC(34) Old regions: 7->7
[5.018s][info][gc,heap        ] GC(34) Humongous regions: 0->0
[5.018s][info][gc,metaspace   ] GC(34) Metaspace: 9106K(9344K)->9106K(9344K) NonClass: 8067K(8192K)->8067K(8192K) Class: 1038K(1152K)->1038K(1152K)
[5.018s][info][gc             ] GC(34) Pause Young (Normal) (G1 Evacuation Pause) 318M->4M(634M) 1.635ms
[5.018s][info][gc,cpu         ] GC(34) User=0.00s Sys=0.00s Real=0.00s
[5.129s][info][gc,start       ] GC(35) Pause Young (Normal) (G1 Evacuation Pause)
[5.130s][info][gc,task        ] GC(35) Using 13 workers of 13 for evacuation
[5.131s][info][gc,phases      ] GC(35)   Pre Evacuate Collection Set: 0.1ms
[5.131s][info][gc,phases      ] GC(35)   Merge Heap Roots: 0.1ms
[5.131s][info][gc,phases      ] GC(35)   Evacuate Collection Set: 0.4ms
[5.131s][info][gc,phases      ] GC(35)   Post Evacuate Collection Set: 0.4ms
[5.131s][info][gc,phases      ] GC(35)   Other: 0.1ms
[5.131s][info][gc,heap        ] GC(35) Eden regions: 189->0(189)
[5.131s][info][gc,heap        ] GC(35) Survivor regions: 1->1(24)
[5.131s][info][gc,heap        ] GC(35) Old regions: 7->7
[5.131s][info][gc,heap        ] GC(35) Humongous regions: 0->0
[5.131s][info][gc,metaspace   ] GC(35) Metaspace: 9106K(9344K)->9106K(9344K) NonClass: 8067K(8192K)->8067K(8192K) Class: 1038K(1152K)->1038K(1152K)
[5.131s][info][gc             ] GC(35) Pause Young (Normal) (G1 Evacuation Pause) 382M->4M(634M) 1.367ms
[5.131s][info][gc,cpu         ] GC(35) User=0.00s Sys=0.00s Real=0.01s
[5.208s][info][gc,start       ] GC(36) Pause Young (Normal) (G1 Evacuation Pause)
[5.208s][info][gc,task        ] GC(36) Using 13 workers of 13 for evacuation
[5.209s][info][gc,phases      ] GC(36)   Pre Evacuate Collection Set: 0.2ms
[5.209s][info][gc,phases      ] GC(36)   Merge Heap Roots: 0.1ms
[5.209s][info][gc,phases      ] GC(36)   Evacuate Collection Set: 0.4ms
[5.209s][info][gc,phases      ] GC(36)   Post Evacuate Collection Set: 0.4ms
[5.209s][info][gc,phases      ] GC(36)   Other: 0.0ms
[5.209s][info][gc,heap        ] GC(36) Eden regions: 189->0(189)
[5.209s][info][gc,heap        ] GC(36) Survivor regions: 1->1(24)
[5.209s][info][gc,heap        ] GC(36) Old regions: 7->7
[5.209s][info][gc,heap        ] GC(36) Humongous regions: 0->0
[5.209s][info][gc,metaspace   ] GC(36) Metaspace: 9106K(9344K)->9106K(9344K) NonClass: 8067K(8192K)->8067K(8192K) Class: 1038K(1152K)->1038K(1152K)
[5.209s][info][gc             ] GC(36) Pause Young (Normal) (G1 Evacuation Pause) 382M->4M(634M) 1.404ms
[5.209s][info][gc,cpu         ] GC(36) User=0.01s Sys=0.01s Real=0.00s
[5.278s][info][gc,start       ] GC(37) Pause Young (Normal) (G1 Evacuation Pause)
[5.278s][info][gc,task        ] GC(37) Using 13 workers of 13 for evacuation
[5.280s][info][gc,phases      ] GC(37)   Pre Evacuate Collection Set: 0.1ms
[5.280s][info][gc,phases      ] GC(37)   Merge Heap Roots: 0.1ms
[5.280s][info][gc,phases      ] GC(37)   Evacuate Collection Set: 0.5ms
[5.280s][info][gc,phases      ] GC(37)   Post Evacuate Collection Set: 0.4ms
[5.280s][info][gc,phases      ] GC(37)   Other: 0.1ms
[5.280s][info][gc,heap        ] GC(37) Eden regions: 189->0(189)
[5.280s][info][gc,heap        ] GC(37) Survivor regions: 1->1(24)
[5.280s][info][gc,heap        ] GC(37) Old regions: 7->7
[5.280s][info][gc,heap        ] GC(37) Humongous regions: 0->0
[5.280s][info][gc,metaspace   ] GC(37) Metaspace: 9106K(9344K)->9106K(9344K) NonClass: 8067K(8192K)->8067K(8192K) Class: 1038K(1152K)->1038K(1152K)
[5.280s][info][gc             ] GC(37) Pause Young (Normal) (G1 Evacuation Pause) 382M->4M(634M) 1.446ms
[5.280s][info][gc,cpu         ] GC(37) User=0.01s Sys=0.00s Real=0.00s
[5.355s][info][gc,start       ] GC(38) Pause Young (Normal) (G1 Evacuation Pause)
[5.355s][info][gc,task        ] GC(38) Using 13 workers of 13 for evacuation
[5.356s][info][gc,phases      ] GC(38)   Pre Evacuate Collection Set: 0.1ms
[5.356s][info][gc,phases      ] GC(38)   Merge Heap Roots: 0.1ms
[5.356s][info][gc,phases      ] GC(38)   Evacuate Collection Set: 0.3ms
[5.356s][info][gc,phases      ] GC(38)   Post Evacuate Collection Set: 0.3ms
[5.356s][info][gc,phases      ] GC(38)   Other: 0.1ms
[5.356s][info][gc,heap        ] GC(38) Eden regions: 189->0(189)
[5.356s][info][gc,heap        ] GC(38) Survivor regions: 1->1(24)
[5.356s][info][gc,heap        ] GC(38) Old regions: 7->7
[5.356s][info][gc,heap        ] GC(38) Humongous regions: 0->0
[5.356s][info][gc,metaspace   ] GC(38) Metaspace: 9106K(9344K)->9106K(9344K) NonClass: 8067K(8192K)->8067K(8192K) Class: 1038K(1152K)->1038K(1152K)
[5.356s][info][gc             ] GC(38) Pause Young (Normal) (G1 Evacuation Pause) 382M->4M(634M) 0.972ms
[5.356s][info][gc,cpu         ] GC(38) User=0.01s Sys=0.00s Real=0.00s
[5.425s][info][gc,start       ] GC(39) Pause Young (Normal) (G1 Evacuation Pause)
[5.425s][info][gc,task        ] GC(39) Using 13 workers of 13 for evacuation
[5.427s][info][gc,phases      ] GC(39)   Pre Evacuate Collection Set: 0.1ms
[5.427s][info][gc,phases      ] GC(39)   Merge Heap Roots: 0.1ms
[5.427s][info][gc,phases      ] GC(39)   Evacuate Collection Set: 0.4ms
[5.427s][info][gc,phases      ] GC(39)   Post Evacuate Collection Set: 0.4ms
[5.427s][info][gc,phases      ] GC(39)   Other: 0.1ms
[5.427s][info][gc,heap        ] GC(39) Eden regions: 189->0(189)
[5.427s][info][gc,heap        ] GC(39) Survivor regions: 1->1(24)
[5.427s][info][gc,heap        ] GC(39) Old regions: 7->7
[5.427s][info][gc,heap        ] GC(39) Humongous regions: 0->0
[5.427s][info][gc,metaspace   ] GC(39) Metaspace: 9106K(9344K)->9106K(9344K) NonClass: 8067K(8192K)->8067K(8192K) Class: 1038K(1152K)->1038K(1152K)
[5.427s][info][gc             ] GC(39) Pause Young (Normal) (G1 Evacuation Pause) 382M->4M(634M) 1.288ms
[5.427s][info][gc,cpu         ] GC(39) User=0.01s Sys=0.00s Real=0.00s
[5.494s][info][gc,start       ] GC(40) Pause Young (Normal) (G1 Evacuation Pause)
[5.494s][info][gc,task        ] GC(40) Using 13 workers of 13 for evacuation
[5.496s][info][gc,phases      ] GC(40)   Pre Evacuate Collection Set: 0.2ms
[5.496s][info][gc,phases      ] GC(40)   Merge Heap Roots: 0.1ms
[5.496s][info][gc,phases      ] GC(40)   Evacuate Collection Set: 0.5ms
[5.496s][info][gc,phases      ] GC(40)   Post Evacuate Collection Set: 0.5ms
[5.496s][info][gc,phases      ] GC(40)   Other: 0.1ms
[5.496s][info][gc,heap        ] GC(40) Eden regions: 189->0(189)
[5.496s][info][gc,heap        ] GC(40) Survivor regions: 1->1(24)
[5.496s][info][gc,heap        ] GC(40) Old regions: 7->7
[5.496s][info][gc,heap        ] GC(40) Humongous regions: 0->0
[5.496s][info][gc,metaspace   ] GC(40) Metaspace: 9106K(9344K)->9106K(9344K) NonClass: 8067K(8192K)->8067K(8192K) Class: 1038K(1152K)->1038K(1152K)
[5.496s][info][gc             ] GC(40) Pause Young (Normal) (G1 Evacuation Pause) 382M->4M(634M) 1.514ms
[5.496s][info][gc,cpu         ] GC(40) User=0.00s Sys=0.00s Real=0.00s
[5.565s][info][gc,start       ] GC(41) Pause Young (Normal) (G1 Evacuation Pause)
[5.565s][info][gc,task        ] GC(41) Using 13 workers of 13 for evacuation
[5.567s][info][gc,phases      ] GC(41)   Pre Evacuate Collection Set: 0.2ms
[5.567s][info][gc,phases      ] GC(41)   Merge Heap Roots: 0.1ms
[5.567s][info][gc,phases      ] GC(41)   Evacuate Collection Set: 0.4ms
[5.567s][info][gc,phases      ] GC(41)   Post Evacuate Collection Set: 0.5ms
[5.567s][info][gc,phases      ] GC(41)   Other: 0.1ms
[5.567s][info][gc,heap        ] GC(41) Eden regions: 189->0(189)
[5.567s][info][gc,heap        ] GC(41) Survivor regions: 1->1(24)
[5.567s][info][gc,heap        ] GC(41) Old regions: 7->7
[5.567s][info][gc,heap        ] GC(41) Humongous regions: 0->0
[5.567s][info][gc,metaspace   ] GC(41) Metaspace: 9106K(9344K)->9106K(9344K) NonClass: 8067K(8192K)->8067K(8192K) Class: 1038K(1152K)->1038K(1152K)
[5.567s][info][gc             ] GC(41) Pause Young (Normal) (G1 Evacuation Pause) 382M->4M(634M) 1.443ms
[5.567s][info][gc,cpu         ] GC(41) User=0.00s Sys=0.00s Real=0.00s
[5.637s][info][gc,start       ] GC(42) Pause Young (Normal) (G1 Evacuation Pause)
[5.637s][info][gc,task        ] GC(42) Using 13 workers of 13 for evacuation
[5.638s][info][gc,phases      ] GC(42)   Pre Evacuate Collection Set: 0.1ms
[5.638s][info][gc,phases      ] GC(42)   Merge Heap Roots: 0.1ms
[5.638s][info][gc,phases      ] GC(42)   Evacuate Collection Set: 0.4ms
[5.638s][info][gc,phases      ] GC(42)   Post Evacuate Collection Set: 0.4ms
[5.638s][info][gc,phases      ] GC(42)   Other: 0.1ms
[5.638s][info][gc,heap        ] GC(42) Eden regions: 189->0(189)
[5.638s][info][gc,heap        ] GC(42) Survivor regions: 1->1(24)
[5.638s][info][gc,heap        ] GC(42) Old regions: 7->7
[5.638s][info][gc,heap        ] GC(42) Humongous regions: 0->0
[5.638s][info][gc,metaspace   ] GC(42) Metaspace: 9106K(9344K)->9106K(9344K) NonClass: 8067K(8192K)->8067K(8192K) Class: 1038K(1152K)->1038K(1152K)
[5.638s][info][gc             ] GC(42) Pause Young (Normal) (G1 Evacuation Pause) 382M->4M(634M) 1.301ms
[5.638s][info][gc,cpu         ] GC(42) User=0.01s Sys=0.00s Real=0.00s
[5.707s][info][gc,start       ] GC(43) Pause Young (Normal) (G1 Evacuation Pause)
[5.707s][info][gc,task        ] GC(43) Using 13 workers of 13 for evacuation
[5.708s][info][gc,phases      ] GC(43)   Pre Evacuate Collection Set: 0.1ms
[5.708s][info][gc,phases      ] GC(43)   Merge Heap Roots: 0.1ms
[5.708s][info][gc,phases      ] GC(43)   Evacuate Collection Set: 0.4ms
[5.708s][info][gc,phases      ] GC(43)   Post Evacuate Collection Set: 0.4ms
[5.708s][info][gc,phases      ] GC(43)   Other: 0.0ms
[5.708s][info][gc,heap        ] GC(43) Eden regions: 189->0(189)
[5.708s][info][gc,heap        ] GC(43) Survivor regions: 1->1(24)
[5.708s][info][gc,heap        ] GC(43) Old regions: 7->7
[5.708s][info][gc,heap        ] GC(43) Humongous regions: 0->0
[5.708s][info][gc,metaspace   ] GC(43) Metaspace: 9106K(9344K)->9106K(9344K) NonClass: 8067K(8192K)->8067K(8192K) Class: 1038K(1152K)->1038K(1152K)
[5.708s][info][gc             ] GC(43) Pause Young (Normal) (G1 Evacuation Pause) 382M->4M(634M) 1.323ms
[5.708s][info][gc,cpu         ] GC(43) User=0.00s Sys=0.00s Real=0.00s
[5.776s][info][gc,start       ] GC(44) Pause Young (Normal) (G1 Evacuation Pause)
[5.777s][info][gc,task        ] GC(44) Using 13 workers of 13 for evacuation
[5.778s][info][gc,phases      ] GC(44)   Pre Evacuate Collection Set: 0.1ms
[5.778s][info][gc,phases      ] GC(44)   Merge Heap Roots: 0.1ms
[5.778s][info][gc,phases      ] GC(44)   Evacuate Collection Set: 0.4ms
[5.778s][info][gc,phases      ] GC(44)   Post Evacuate Collection Set: 0.5ms
[5.778s][info][gc,phases      ] GC(44)   Other: 0.0ms
[5.778s][info][gc,heap        ] GC(44) Eden regions: 189->0(189)
[5.778s][info][gc,heap        ] GC(44) Survivor regions: 1->1(24)
[5.778s][info][gc,heap        ] GC(44) Old regions: 7->7
[5.778s][info][gc,heap        ] GC(44) Humongous regions: 0->0
[5.778s][info][gc,metaspace   ] GC(44) Metaspace: 9106K(9344K)->9106K(9344K) NonClass: 8067K(8192K)->8067K(8192K) Class: 1038K(1152K)->1038K(1152K)
[5.778s][info][gc             ] GC(44) Pause Young (Normal) (G1 Evacuation Pause) 382M->4M(634M) 1.395ms
[5.778s][info][gc,cpu         ] GC(44) User=0.00s Sys=0.00s Real=0.00s
[5.845s][info][gc,start       ] GC(45) Pause Young (Normal) (G1 Evacuation Pause)
[5.845s][info][gc,task        ] GC(45) Using 13 workers of 13 for evacuation
[5.846s][info][gc,phases      ] GC(45)   Pre Evacuate Collection Set: 0.1ms
[5.846s][info][gc,phases      ] GC(45)   Merge Heap Roots: 0.1ms
[5.846s][info][gc,phases      ] GC(45)   Evacuate Collection Set: 0.4ms
[5.846s][info][gc,phases      ] GC(45)   Post Evacuate Collection Set: 0.5ms
[5.846s][info][gc,phases      ] GC(45)   Other: 0.1ms
[5.846s][info][gc,heap        ] GC(45) Eden regions: 189->0(189)
[5.846s][info][gc,heap        ] GC(45) Survivor regions: 1->1(24)
[5.846s][info][gc,heap        ] GC(45) Old regions: 7->7
[5.846s][info][gc,heap        ] GC(45) Humongous regions: 0->0
[5.846s][info][gc,metaspace   ] GC(45) Metaspace: 9106K(9344K)->9106K(9344K) NonClass: 8067K(8192K)->8067K(8192K) Class: 1038K(1152K)->1038K(1152K)
[5.846s][info][gc             ] GC(45) Pause Young (Normal) (G1 Evacuation Pause) 382M->4M(634M) 1.430ms
[5.846s][info][gc,cpu         ] GC(45) User=0.00s Sys=0.01s Real=0.00s
[5.915s][info][gc,start       ] GC(46) Pause Young (Normal) (G1 Evacuation Pause)
[5.915s][info][gc,task        ] GC(46) Using 13 workers of 13 for evacuation
[5.916s][info][gc,phases      ] GC(46)   Pre Evacuate Collection Set: 0.2ms
[5.916s][info][gc,phases      ] GC(46)   Merge Heap Roots: 0.1ms
[5.916s][info][gc,phases      ] GC(46)   Evacuate Collection Set: 0.4ms
[5.916s][info][gc,phases      ] GC(46)   Post Evacuate Collection Set: 0.5ms
[5.916s][info][gc,phases      ] GC(46)   Other: 0.1ms
[5.916s][info][gc,heap        ] GC(46) Eden regions: 189->0(189)
[5.916s][info][gc,heap        ] GC(46) Survivor regions: 1->1(24)
[5.916s][info][gc,heap        ] GC(46) Old regions: 7->7
[5.916s][info][gc,heap        ] GC(46) Humongous regions: 0->0
[5.916s][info][gc,metaspace   ] GC(46) Metaspace: 9106K(9344K)->9106K(9344K) NonClass: 8067K(8192K)->8067K(8192K) Class: 1038K(1152K)->1038K(1152K)
[5.917s][info][gc             ] GC(46) Pause Young (Normal) (G1 Evacuation Pause) 382M->4M(634M) 1.434ms
[5.917s][info][gc,cpu         ] GC(46) User=0.00s Sys=0.00s Real=0.00s
[5.984s][info][gc,start       ] GC(47) Pause Young (Normal) (G1 Evacuation Pause)
[5.984s][info][gc,task        ] GC(47) Using 13 workers of 13 for evacuation
[5.985s][info][gc,phases      ] GC(47)   Pre Evacuate Collection Set: 0.1ms
[5.985s][info][gc,phases      ] GC(47)   Merge Heap Roots: 0.1ms
[5.985s][info][gc,phases      ] GC(47)   Evacuate Collection Set: 0.5ms
[5.985s][info][gc,phases      ] GC(47)   Post Evacuate Collection Set: 0.5ms
[5.985s][info][gc,phases      ] GC(47)   Other: 0.1ms
[5.985s][info][gc,heap        ] GC(47) Eden regions: 189->0(189)
[5.985s][info][gc,heap        ] GC(47) Survivor regions: 1->1(24)
[5.985s][info][gc,heap        ] GC(47) Old regions: 7->7
[5.985s][info][gc,heap        ] GC(47) Humongous regions: 0->0
[5.985s][info][gc,metaspace   ] GC(47) Metaspace: 9106K(9344K)->9106K(9344K) NonClass: 8067K(8192K)->8067K(8192K) Class: 1038K(1152K)->1038K(1152K)
[5.985s][info][gc             ] GC(47) Pause Young (Normal) (G1 Evacuation Pause) 382M->4M(634M) 1.503ms
[5.985s][info][gc,cpu         ] GC(47) User=0.01s Sys=0.00s Real=0.00s
[6.055s][info][gc,start       ] GC(48) Pause Young (Normal) (G1 Evacuation Pause)
[6.055s][info][gc,task        ] GC(48) Using 13 workers of 13 for evacuation
[6.056s][info][gc,phases      ] GC(48)   Pre Evacuate Collection Set: 0.1ms
[6.056s][info][gc,phases      ] GC(48)   Merge Heap Roots: 0.1ms
[6.056s][info][gc,phases      ] GC(48)   Evacuate Collection Set: 0.5ms
[6.057s][info][gc,phases      ] GC(48)   Post Evacuate Collection Set: 0.5ms
[6.057s][info][gc,phases      ] GC(48)   Other: 0.1ms
[6.057s][info][gc,heap        ] GC(48) Eden regions: 189->0(189)
[6.057s][info][gc,heap        ] GC(48) Survivor regions: 1->1(24)
[6.057s][info][gc,heap        ] GC(48) Old regions: 7->7
[6.057s][info][gc,heap        ] GC(48) Humongous regions: 0->0
[6.057s][info][gc,metaspace   ] GC(48) Metaspace: 9106K(9344K)->9106K(9344K) NonClass: 8067K(8192K)->8067K(8192K) Class: 1038K(1152K)->1038K(1152K)
[6.057s][info][gc             ] GC(48) Pause Young (Normal) (G1 Evacuation Pause) 382M->4M(634M) 1.483ms
[6.057s][info][gc,cpu         ] GC(48) User=0.00s Sys=0.00s Real=0.00s
[6.126s][info][gc,start       ] GC(49) Pause Young (Normal) (G1 Evacuation Pause)
[6.126s][info][gc,task        ] GC(49) Using 13 workers of 13 for evacuation
[6.127s][info][gc,phases      ] GC(49)   Pre Evacuate Collection Set: 0.1ms
[6.127s][info][gc,phases      ] GC(49)   Merge Heap Roots: 0.1ms
[6.127s][info][gc,phases      ] GC(49)   Evacuate Collection Set: 0.4ms
[6.127s][info][gc,phases      ] GC(49)   Post Evacuate Collection Set: 0.4ms
[6.127s][info][gc,phases      ] GC(49)   Other: 0.1ms
[6.127s][info][gc,heap        ] GC(49) Eden regions: 189->0(189)
[6.127s][info][gc,heap        ] GC(49) Survivor regions: 1->1(24)
[6.127s][info][gc,heap        ] GC(49) Old regions: 7->7
[6.127s][info][gc,heap        ] GC(49) Humongous regions: 0->0
[6.127s][info][gc,metaspace   ] GC(49) Metaspace: 9106K(9344K)->9106K(9344K) NonClass: 8067K(8192K)->8067K(8192K) Class: 1038K(1152K)->1038K(1152K)
[6.127s][info][gc             ] GC(49) Pause Young (Normal) (G1 Evacuation Pause) 382M->4M(634M) 1.436ms
[6.127s][info][gc,cpu         ] GC(49) User=0.00s Sys=0.00s Real=0.00s
[6.197s][info][gc,start       ] GC(50) Pause Young (Normal) (G1 Evacuation Pause)
[6.197s][info][gc,task        ] GC(50) Using 13 workers of 13 for evacuation
[6.198s][info][gc,phases      ] GC(50)   Pre Evacuate Collection Set: 0.1ms
[6.199s][info][gc,phases      ] GC(50)   Merge Heap Roots: 0.1ms
[6.199s][info][gc,phases      ] GC(50)   Evacuate Collection Set: 0.4ms
[6.199s][info][gc,phases      ] GC(50)   Post Evacuate Collection Set: 0.6ms
[6.199s][info][gc,phases      ] GC(50)   Other: 0.1ms
[6.199s][info][gc,heap        ] GC(50) Eden regions: 189->0(189)
[6.199s][info][gc,heap        ] GC(50) Survivor regions: 1->1(24)
[6.199s][info][gc,heap        ] GC(50) Old regions: 7->7
[6.199s][info][gc,heap        ] GC(50) Humongous regions: 0->0
[6.199s][info][gc,metaspace   ] GC(50) Metaspace: 9106K(9344K)->9106K(9344K) NonClass: 8067K(8192K)->8067K(8192K) Class: 1038K(1152K)->1038K(1152K)
[6.199s][info][gc             ] GC(50) Pause Young (Normal) (G1 Evacuation Pause) 382M->4M(634M) 1.499ms
[6.199s][info][gc,cpu         ] GC(50) User=0.01s Sys=0.00s Real=0.00s
[6.269s][info][gc,start       ] GC(51) Pause Young (Normal) (G1 Evacuation Pause)
[6.269s][info][gc,task        ] GC(51) Using 13 workers of 13 for evacuation
[6.270s][info][gc,phases      ] GC(51)   Pre Evacuate Collection Set: 0.1ms
[6.270s][info][gc,phases      ] GC(51)   Merge Heap Roots: 0.1ms
[6.270s][info][gc,phases      ] GC(51)   Evacuate Collection Set: 0.5ms
[6.270s][info][gc,phases      ] GC(51)   Post Evacuate Collection Set: 0.5ms
[6.270s][info][gc,phases      ] GC(51)   Other: 0.1ms
[6.270s][info][gc,heap        ] GC(51) Eden regions: 189->0(189)
[6.270s][info][gc,heap        ] GC(51) Survivor regions: 1->1(24)
[6.270s][info][gc,heap        ] GC(51) Old regions: 7->7
[6.270s][info][gc,heap        ] GC(51) Humongous regions: 0->0
[6.270s][info][gc,metaspace   ] GC(51) Metaspace: 9106K(9344K)->9106K(9344K) NonClass: 8067K(8192K)->8067K(8192K) Class: 1038K(1152K)->1038K(1152K)
[6.270s][info][gc             ] GC(51) Pause Young (Normal) (G1 Evacuation Pause) 382M->4M(634M) 1.503ms
[6.270s][info][gc,cpu         ] GC(51) User=0.00s Sys=0.01s Real=0.01s
[6.339s][info][gc,start       ] GC(52) Pause Young (Normal) (G1 Evacuation Pause)
[6.339s][info][gc,task        ] GC(52) Using 13 workers of 13 for evacuation
[6.340s][info][gc,phases      ] GC(52)   Pre Evacuate Collection Set: 0.1ms
[6.340s][info][gc,phases      ] GC(52)   Merge Heap Roots: 0.1ms
[6.340s][info][gc,phases      ] GC(52)   Evacuate Collection Set: 0.5ms
[6.340s][info][gc,phases      ] GC(52)   Post Evacuate Collection Set: 0.6ms
[6.340s][info][gc,phases      ] GC(52)   Other: 0.1ms
[6.340s][info][gc,heap        ] GC(52) Eden regions: 189->0(189)
[6.340s][info][gc,heap        ] GC(52) Survivor regions: 1->1(24)
[6.340s][info][gc,heap        ] GC(52) Old regions: 7->7
[6.340s][info][gc,heap        ] GC(52) Humongous regions: 0->0
[6.340s][info][gc,metaspace   ] GC(52) Metaspace: 9106K(9344K)->9106K(9344K) NonClass: 8067K(8192K)->8067K(8192K) Class: 1038K(1152K)->1038K(1152K)
[6.340s][info][gc             ] GC(52) Pause Young (Normal) (G1 Evacuation Pause) 382M->4M(634M) 1.471ms
[6.340s][info][gc,cpu         ] GC(52) User=0.00s Sys=0.00s Real=0.01s
[6.409s][info][gc,start       ] GC(53) Pause Young (Normal) (G1 Evacuation Pause)
[6.409s][info][gc,task        ] GC(53) Using 13 workers of 13 for evacuation
[6.410s][info][gc,phases      ] GC(53)   Pre Evacuate Collection Set: 0.1ms
[6.410s][info][gc,phases      ] GC(53)   Merge Heap Roots: 0.1ms
[6.410s][info][gc,phases      ] GC(53)   Evacuate Collection Set: 0.4ms
[6.410s][info][gc,phases      ] GC(53)   Post Evacuate Collection Set: 0.3ms
[6.410s][info][gc,phases      ] GC(53)   Other: 0.1ms
[6.410s][info][gc,heap        ] GC(53) Eden regions: 189->0(189)
[6.410s][info][gc,heap        ] GC(53) Survivor regions: 1->1(24)
[6.410s][info][gc,heap        ] GC(53) Old regions: 7->7
[6.410s][info][gc,heap        ] GC(53) Humongous regions: 0->0
[6.410s][info][gc,metaspace   ] GC(53) Metaspace: 9106K(9344K)->9106K(9344K) NonClass: 8067K(8192K)->8067K(8192K) Class: 1038K(1152K)->1038K(1152K)
[6.410s][info][gc             ] GC(53) Pause Young (Normal) (G1 Evacuation Pause) 382M->4M(634M) 1.241ms
[6.410s][info][gc,cpu         ] GC(53) User=0.01s Sys=0.00s Real=0.01s
[6.481s][info][gc,start       ] GC(54) Pause Young (Normal) (G1 Evacuation Pause)
[6.481s][info][gc,task        ] GC(54) Using 13 workers of 13 for evacuation
[6.482s][info][gc,phases      ] GC(54)   Pre Evacuate Collection Set: 0.1ms
[6.482s][info][gc,phases      ] GC(54)   Merge Heap Roots: 0.1ms
[6.482s][info][gc,phases      ] GC(54)   Evacuate Collection Set: 0.3ms
[6.482s][info][gc,phases      ] GC(54)   Post Evacuate Collection Set: 0.3ms
[6.482s][info][gc,phases      ] GC(54)   Other: 0.1ms
[6.482s][info][gc,heap        ] GC(54) Eden regions: 189->0(189)
[6.482s][info][gc,heap        ] GC(54) Survivor regions: 1->1(24)
[6.482s][info][gc,heap        ] GC(54) Old regions: 7->7
[6.482s][info][gc,heap        ] GC(54) Humongous regions: 0->0
[6.482s][info][gc,metaspace   ] GC(54) Metaspace: 9106K(9344K)->9106K(9344K) NonClass: 8067K(8192K)->8067K(8192K) Class: 1038K(1152K)->1038K(1152K)
[6.482s][info][gc             ] GC(54) Pause Young (Normal) (G1 Evacuation Pause) 382M->4M(634M) 1.188ms
[6.482s][info][gc,cpu         ] GC(54) User=0.00s Sys=0.00s Real=0.00s
[6.552s][info][gc,start       ] GC(55) Pause Young (Normal) (G1 Evacuation Pause)
[6.552s][info][gc,task        ] GC(55) Using 13 workers of 13 for evacuation
[6.553s][info][gc,phases      ] GC(55)   Pre Evacuate Collection Set: 0.1ms
[6.553s][info][gc,phases      ] GC(55)   Merge Heap Roots: 0.1ms
[6.553s][info][gc,phases      ] GC(55)   Evacuate Collection Set: 0.3ms
[6.553s][info][gc,phases      ] GC(55)   Post Evacuate Collection Set: 0.3ms
[6.553s][info][gc,phases      ] GC(55)   Other: 0.1ms
[6.553s][info][gc,heap        ] GC(55) Eden regions: 189->0(189)
[6.553s][info][gc,heap        ] GC(55) Survivor regions: 1->1(24)
[6.553s][info][gc,heap        ] GC(55) Old regions: 7->7
[6.553s][info][gc,heap        ] GC(55) Humongous regions: 0->0
[6.553s][info][gc,metaspace   ] GC(55) Metaspace: 9106K(9344K)->9106K(9344K) NonClass: 8067K(8192K)->8067K(8192K) Class: 1038K(1152K)->1038K(1152K)
[6.553s][info][gc             ] GC(55) Pause Young (Normal) (G1 Evacuation Pause) 382M->4M(634M) 1.166ms
[6.553s][info][gc,cpu         ] GC(55) User=0.01s Sys=0.00s Real=0.00s
[6.622s][info][gc,start       ] GC(56) Pause Young (Normal) (G1 Evacuation Pause)
[6.622s][info][gc,task        ] GC(56) Using 13 workers of 13 for evacuation
[6.624s][info][gc,phases      ] GC(56)   Pre Evacuate Collection Set: 0.1ms
[6.624s][info][gc,phases      ] GC(56)   Merge Heap Roots: 0.1ms
[6.624s][info][gc,phases      ] GC(56)   Evacuate Collection Set: 0.4ms
[6.624s][info][gc,phases      ] GC(56)   Post Evacuate Collection Set: 0.5ms
[6.624s][info][gc,phases      ] GC(56)   Other: 0.0ms
[6.624s][info][gc,heap        ] GC(56) Eden regions: 189->0(189)
[6.624s][info][gc,heap        ] GC(56) Survivor regions: 1->1(24)
[6.624s][info][gc,heap        ] GC(56) Old regions: 7->7
[6.624s][info][gc,heap        ] GC(56) Humongous regions: 0->0
[6.624s][info][gc,metaspace   ] GC(56) Metaspace: 9106K(9344K)->9106K(9344K) NonClass: 8067K(8192K)->8067K(8192K) Class: 1038K(1152K)->1038K(1152K)
[6.624s][info][gc             ] GC(56) Pause Young (Normal) (G1 Evacuation Pause) 382M->4M(634M) 1.340ms
[6.624s][info][gc,cpu         ] GC(56) User=0.00s Sys=0.00s Real=0.00s
[6.695s][info][gc,start       ] GC(57) Pause Young (Normal) (G1 Evacuation Pause)
[6.695s][info][gc,task        ] GC(57) Using 13 workers of 13 for evacuation
[6.696s][info][gc,phases      ] GC(57)   Pre Evacuate Collection Set: 0.1ms
[6.696s][info][gc,phases      ] GC(57)   Merge Heap Roots: 0.1ms
[6.696s][info][gc,phases      ] GC(57)   Evacuate Collection Set: 0.5ms
[6.696s][info][gc,phases      ] GC(57)   Post Evacuate Collection Set: 0.4ms
[6.696s][info][gc,phases      ] GC(57)   Other: 0.1ms
[6.696s][info][gc,heap        ] GC(57) Eden regions: 189->0(189)
[6.696s][info][gc,heap        ] GC(57) Survivor regions: 1->1(24)
[6.696s][info][gc,heap        ] GC(57) Old regions: 7->7
[6.696s][info][gc,heap        ] GC(57) Humongous regions: 0->0
[6.696s][info][gc,metaspace   ] GC(57) Metaspace: 9106K(9344K)->9106K(9344K) NonClass: 8067K(8192K)->8067K(8192K) Class: 1038K(1152K)->1038K(1152K)
[6.696s][info][gc             ] GC(57) Pause Young (Normal) (G1 Evacuation Pause) 382M->4M(634M) 1.296ms
[6.696s][info][gc,cpu         ] GC(57) User=0.00s Sys=0.00s Real=0.00s
[6.766s][info][gc,start       ] GC(58) Pause Young (Normal) (G1 Evacuation Pause)
[6.766s][info][gc,task        ] GC(58) Using 13 workers of 13 for evacuation
[6.767s][info][gc,phases      ] GC(58)   Pre Evacuate Collection Set: 0.1ms
[6.767s][info][gc,phases      ] GC(58)   Merge Heap Roots: 0.1ms
[6.767s][info][gc,phases      ] GC(58)   Evacuate Collection Set: 0.5ms
[6.767s][info][gc,phases      ] GC(58)   Post Evacuate Collection Set: 0.4ms
[6.767s][info][gc,phases      ] GC(58)   Other: 0.0ms
[6.767s][info][gc,heap        ] GC(58) Eden regions: 189->0(189)
[6.767s][info][gc,heap        ] GC(58) Survivor regions: 1->1(24)
[6.767s][info][gc,heap        ] GC(58) Old regions: 7->7
[6.767s][info][gc,heap        ] GC(58) Humongous regions: 0->0
[6.767s][info][gc,metaspace   ] GC(58) Metaspace: 9106K(9344K)->9106K(9344K) NonClass: 8067K(8192K)->8067K(8192K) Class: 1038K(1152K)->1038K(1152K)
[6.767s][info][gc             ] GC(58) Pause Young (Normal) (G1 Evacuation Pause) 382M->4M(634M) 1.415ms
[6.767s][info][gc,cpu         ] GC(58) User=0.01s Sys=0.00s Real=0.00s
[6.836s][info][gc,start       ] GC(59) Pause Young (Normal) (G1 Evacuation Pause)
[6.836s][info][gc,task        ] GC(59) Using 13 workers of 13 for evacuation
[6.837s][info][gc,phases      ] GC(59)   Pre Evacuate Collection Set: 0.1ms
[6.837s][info][gc,phases      ] GC(59)   Merge Heap Roots: 0.1ms
[6.837s][info][gc,phases      ] GC(59)   Evacuate Collection Set: 0.5ms
[6.837s][info][gc,phases      ] GC(59)   Post Evacuate Collection Set: 0.5ms
[6.837s][info][gc,phases      ] GC(59)   Other: 0.0ms
[6.837s][info][gc,heap        ] GC(59) Eden regions: 189->0(189)
[6.837s][info][gc,heap        ] GC(59) Survivor regions: 1->1(24)
[6.837s][info][gc,heap        ] GC(59) Old regions: 7->7
[6.837s][info][gc,heap        ] GC(59) Humongous regions: 0->0
[6.837s][info][gc,metaspace   ] GC(59) Metaspace: 9106K(9344K)->9106K(9344K) NonClass: 8067K(8192K)->8067K(8192K) Class: 1038K(1152K)->1038K(1152K)
[6.837s][info][gc             ] GC(59) Pause Young (Normal) (G1 Evacuation Pause) 382M->4M(634M) 1.455ms
[6.837s][info][gc,cpu         ] GC(59) User=0.01s Sys=0.01s Real=0.00s
[6.907s][info][gc,start       ] GC(60) Pause Young (Normal) (G1 Evacuation Pause)
[6.907s][info][gc,task        ] GC(60) Using 13 workers of 13 for evacuation
[6.908s][info][gc,phases      ] GC(60)   Pre Evacuate Collection Set: 0.1ms
[6.908s][info][gc,phases      ] GC(60)   Merge Heap Roots: 0.1ms
[6.908s][info][gc,phases      ] GC(60)   Evacuate Collection Set: 0.4ms
[6.908s][info][gc,phases      ] GC(60)   Post Evacuate Collection Set: 0.5ms
[6.908s][info][gc,phases      ] GC(60)   Other: 0.0ms
[6.908s][info][gc,heap        ] GC(60) Eden regions: 189->0(189)
[6.908s][info][gc,heap        ] GC(60) Survivor regions: 1->1(24)
[6.908s][info][gc,heap        ] GC(60) Old regions: 7->7
[6.908s][info][gc,heap        ] GC(60) Humongous regions: 0->0
[6.908s][info][gc,metaspace   ] GC(60) Metaspace: 9106K(9344K)->9106K(9344K) NonClass: 8067K(8192K)->8067K(8192K) Class: 1038K(1152K)->1038K(1152K)
[6.908s][info][gc             ] GC(60) Pause Young (Normal) (G1 Evacuation Pause) 382M->4M(634M) 1.401ms
[6.908s][info][gc,cpu         ] GC(60) User=0.00s Sys=0.00s Real=0.00s
[6.980s][info][gc,start       ] GC(61) Pause Young (Normal) (G1 Evacuation Pause)
[6.980s][info][gc,task        ] GC(61) Using 13 workers of 13 for evacuation
[6.981s][info][gc,phases      ] GC(61)   Pre Evacuate Collection Set: 0.1ms
[6.982s][info][gc,phases      ] GC(61)   Merge Heap Roots: 0.1ms
[6.982s][info][gc,phases      ] GC(61)   Evacuate Collection Set: 0.4ms
[6.982s][info][gc,phases      ] GC(61)   Post Evacuate Collection Set: 0.5ms
[6.982s][info][gc,phases      ] GC(61)   Other: 0.0ms
[6.982s][info][gc,heap        ] GC(61) Eden regions: 189->0(189)
[6.982s][info][gc,heap        ] GC(61) Survivor regions: 1->1(24)
[6.982s][info][gc,heap        ] GC(61) Old regions: 7->7
[6.982s][info][gc,heap        ] GC(61) Humongous regions: 0->0
[6.982s][info][gc,metaspace   ] GC(61) Metaspace: 9106K(9344K)->9106K(9344K) NonClass: 8067K(8192K)->8067K(8192K) Class: 1038K(1152K)->1038K(1152K)
[6.982s][info][gc             ] GC(61) Pause Young (Normal) (G1 Evacuation Pause) 382M->4M(634M) 1.364ms
[6.982s][info][gc,cpu         ] GC(61) User=0.00s Sys=0.00s Real=0.00s
[7.050s][info][gc,start       ] GC(62) Pause Young (Normal) (G1 Evacuation Pause)
[7.050s][info][gc,task        ] GC(62) Using 13 workers of 13 for evacuation
[7.051s][info][gc,phases      ] GC(62)   Pre Evacuate Collection Set: 0.1ms
[7.051s][info][gc,phases      ] GC(62)   Merge Heap Roots: 0.1ms
[7.051s][info][gc,phases      ] GC(62)   Evacuate Collection Set: 0.4ms
[7.051s][info][gc,phases      ] GC(62)   Post Evacuate Collection Set: 0.5ms
[7.051s][info][gc,phases      ] GC(62)   Other: 0.1ms
[7.051s][info][gc,heap        ] GC(62) Eden regions: 189->0(189)
[7.051s][info][gc,heap        ] GC(62) Survivor regions: 1->1(24)
[7.051s][info][gc,heap        ] GC(62) Old regions: 7->7
[7.051s][info][gc,heap        ] GC(62) Humongous regions: 0->0
[7.051s][info][gc,metaspace   ] GC(62) Metaspace: 9106K(9344K)->9106K(9344K) NonClass: 8067K(8192K)->8067K(8192K) Class: 1038K(1152K)->1038K(1152K)
[7.051s][info][gc             ] GC(62) Pause Young (Normal) (G1 Evacuation Pause) 382M->4M(634M) 1.309ms
[7.052s][info][gc,cpu         ] GC(62) User=0.00s Sys=0.00s Real=0.00s
[7.119s][info][gc,start       ] GC(63) Pause Young (Normal) (G1 Evacuation Pause)
[7.119s][info][gc,task        ] GC(63) Using 13 workers of 13 for evacuation
[7.121s][info][gc,phases      ] GC(63)   Pre Evacuate Collection Set: 0.1ms
[7.121s][info][gc,phases      ] GC(63)   Merge Heap Roots: 0.1ms
[7.121s][info][gc,phases      ] GC(63)   Evacuate Collection Set: 0.5ms
[7.121s][info][gc,phases      ] GC(63)   Post Evacuate Collection Set: 0.5ms
[7.121s][info][gc,phases      ] GC(63)   Other: 0.0ms
[7.121s][info][gc,heap        ] GC(63) Eden regions: 189->0(189)
[7.121s][info][gc,heap        ] GC(63) Survivor regions: 1->1(24)
[7.121s][info][gc,heap        ] GC(63) Old regions: 7->7
[7.121s][info][gc,heap        ] GC(63) Humongous regions: 0->0
[7.121s][info][gc,metaspace   ] GC(63) Metaspace: 9106K(9344K)->9106K(9344K) NonClass: 8067K(8192K)->8067K(8192K) Class: 1038K(1152K)->1038K(1152K)
[7.121s][info][gc             ] GC(63) Pause Young (Normal) (G1 Evacuation Pause) 382M->4M(634M) 1.420ms
[7.121s][info][gc,cpu         ] GC(63) User=0.00s Sys=0.00s Real=0.01s
[7.188s][info][gc,start       ] GC(64) Pause Young (Normal) (G1 Evacuation Pause)
[7.188s][info][gc,task        ] GC(64) Using 13 workers of 13 for evacuation
[7.189s][info][gc,phases      ] GC(64)   Pre Evacuate Collection Set: 0.1ms
[7.190s][info][gc,phases      ] GC(64)   Merge Heap Roots: 0.1ms
[7.190s][info][gc,phases      ] GC(64)   Evacuate Collection Set: 0.4ms
[7.190s][info][gc,phases      ] GC(64)   Post Evacuate Collection Set: 0.4ms
[7.190s][info][gc,phases      ] GC(64)   Other: 0.1ms
[7.190s][info][gc,heap        ] GC(64) Eden regions: 189->0(189)
[7.190s][info][gc,heap        ] GC(64) Survivor regions: 1->1(24)
[7.190s][info][gc,heap        ] GC(64) Old regions: 7->7
[7.190s][info][gc,heap        ] GC(64) Humongous regions: 0->0
[7.190s][info][gc,metaspace   ] GC(64) Metaspace: 9106K(9344K)->9106K(9344K) NonClass: 8067K(8192K)->8067K(8192K) Class: 1038K(1152K)->1038K(1152K)
[7.190s][info][gc             ] GC(64) Pause Young (Normal) (G1 Evacuation Pause) 382M->4M(634M) 1.432ms
[7.190s][info][gc,cpu         ] GC(64) User=0.00s Sys=0.00s Real=0.00s
[7.263s][info][gc,start       ] GC(65) Pause Young (Normal) (G1 Evacuation Pause)
[7.263s][info][gc,task        ] GC(65) Using 13 workers of 13 for evacuation
[7.264s][info][gc,phases      ] GC(65)   Pre Evacuate Collection Set: 0.1ms
[7.264s][info][gc,phases      ] GC(65)   Merge Heap Roots: 0.1ms
[7.264s][info][gc,phases      ] GC(65)   Evacuate Collection Set: 0.5ms
[7.264s][info][gc,phases      ] GC(65)   Post Evacuate Collection Set: 0.5ms
[7.264s][info][gc,phases      ] GC(65)   Other: 0.1ms
[7.264s][info][gc,heap        ] GC(65) Eden regions: 189->0(189)
[7.264s][info][gc,heap        ] GC(65) Survivor regions: 1->1(24)
[7.264s][info][gc,heap        ] GC(65) Old regions: 7->7
[7.264s][info][gc,heap        ] GC(65) Humongous regions: 0->0
[7.264s][info][gc,metaspace   ] GC(65) Metaspace: 9106K(9344K)->9106K(9344K) NonClass: 8067K(8192K)->8067K(8192K) Class: 1038K(1152K)->1038K(1152K)
[7.264s][info][gc             ] GC(65) Pause Young (Normal) (G1 Evacuation Pause) 382M->4M(634M) 1.467ms
[7.264s][info][gc,cpu         ] GC(65) User=0.00s Sys=0.01s Real=0.00s
[7.334s][info][gc,start       ] GC(66) Pause Young (Normal) (G1 Evacuation Pause)
[7.334s][info][gc,task        ] GC(66) Using 13 workers of 13 for evacuation
[7.335s][info][gc,phases      ] GC(66)   Pre Evacuate Collection Set: 0.1ms
[7.335s][info][gc,phases      ] GC(66)   Merge Heap Roots: 0.1ms
[7.335s][info][gc,phases      ] GC(66)   Evacuate Collection Set: 0.4ms
[7.335s][info][gc,phases      ] GC(66)   Post Evacuate Collection Set: 0.5ms
[7.335s][info][gc,phases      ] GC(66)   Other: 0.1ms
[7.335s][info][gc,heap        ] GC(66) Eden regions: 189->0(189)
[7.335s][info][gc,heap        ] GC(66) Survivor regions: 1->1(24)
[7.335s][info][gc,heap        ] GC(66) Old regions: 7->7
[7.335s][info][gc,heap        ] GC(66) Humongous regions: 0->0
[7.335s][info][gc,metaspace   ] GC(66) Metaspace: 9106K(9344K)->9106K(9344K) NonClass: 8067K(8192K)->8067K(8192K) Class: 1038K(1152K)->1038K(1152K)
[7.335s][info][gc             ] GC(66) Pause Young (Normal) (G1 Evacuation Pause) 382M->4M(634M) 1.435ms
[7.335s][info][gc,cpu         ] GC(66) User=0.00s Sys=0.00s Real=0.00s
[7.405s][info][gc,start       ] GC(67) Pause Young (Normal) (G1 Evacuation Pause)
[7.405s][info][gc,task        ] GC(67) Using 13 workers of 13 for evacuation
[7.406s][info][gc,phases      ] GC(67)   Pre Evacuate Collection Set: 0.1ms
[7.406s][info][gc,phases      ] GC(67)   Merge Heap Roots: 0.1ms
[7.406s][info][gc,phases      ] GC(67)   Evacuate Collection Set: 0.3ms
[7.406s][info][gc,phases      ] GC(67)   Post Evacuate Collection Set: 0.4ms
[7.406s][info][gc,phases      ] GC(67)   Other: 0.1ms
[7.406s][info][gc,heap        ] GC(67) Eden regions: 189->0(189)
[7.406s][info][gc,heap        ] GC(67) Survivor regions: 1->1(24)
[7.406s][info][gc,heap        ] GC(67) Old regions: 7->7
[7.406s][info][gc,heap        ] GC(67) Humongous regions: 0->0
[7.406s][info][gc,metaspace   ] GC(67) Metaspace: 9106K(9344K)->9106K(9344K) NonClass: 8067K(8192K)->8067K(8192K) Class: 1038K(1152K)->1038K(1152K)
[7.406s][info][gc             ] GC(67) Pause Young (Normal) (G1 Evacuation Pause) 382M->4M(634M) 1.149ms
[7.406s][info][gc,cpu         ] GC(67) User=0.01s Sys=0.00s Real=0.00s
[7.480s][info][gc,start       ] GC(68) Pause Young (Normal) (G1 Evacuation Pause)
[7.480s][info][gc,task        ] GC(68) Using 13 workers of 13 for evacuation
[7.482s][info][gc,phases      ] GC(68)   Pre Evacuate Collection Set: 0.1ms
[7.482s][info][gc,phases      ] GC(68)   Merge Heap Roots: 0.1ms
[7.482s][info][gc,phases      ] GC(68)   Evacuate Collection Set: 0.5ms
[7.482s][info][gc,phases      ] GC(68)   Post Evacuate Collection Set: 0.4ms
[7.482s][info][gc,phases      ] GC(68)   Other: 0.1ms
[7.482s][info][gc,heap        ] GC(68) Eden regions: 189->0(189)
[7.482s][info][gc,heap        ] GC(68) Survivor regions: 1->1(24)
[7.482s][info][gc,heap        ] GC(68) Old regions: 7->7
[7.482s][info][gc,heap        ] GC(68) Humongous regions: 0->0
[7.482s][info][gc,metaspace   ] GC(68) Metaspace: 9106K(9344K)->9106K(9344K) NonClass: 8067K(8192K)->8067K(8192K) Class: 1038K(1152K)->1038K(1152K)
[7.482s][info][gc             ] GC(68) Pause Young (Normal) (G1 Evacuation Pause) 382M->4M(634M) 1.424ms
[7.482s][info][gc,cpu         ] GC(68) User=0.01s Sys=0.00s Real=0.00s
[7.550s][info][gc,start       ] GC(69) Pause Young (Normal) (G1 Evacuation Pause)
[7.550s][info][gc,task        ] GC(69) Using 13 workers of 13 for evacuation
[7.552s][info][gc,phases      ] GC(69)   Pre Evacuate Collection Set: 0.1ms
[7.552s][info][gc,phases      ] GC(69)   Merge Heap Roots: 0.1ms
[7.552s][info][gc,phases      ] GC(69)   Evacuate Collection Set: 0.5ms
[7.552s][info][gc,phases      ] GC(69)   Post Evacuate Collection Set: 0.4ms
[7.552s][info][gc,phases      ] GC(69)   Other: 0.1ms
[7.552s][info][gc,heap        ] GC(69) Eden regions: 189->0(189)
[7.552s][info][gc,heap        ] GC(69) Survivor regions: 1->1(24)
[7.552s][info][gc,heap        ] GC(69) Old regions: 7->7
[7.552s][info][gc,heap        ] GC(69) Humongous regions: 0->0
[7.552s][info][gc,metaspace   ] GC(69) Metaspace: 9106K(9344K)->9106K(9344K) NonClass: 8067K(8192K)->8067K(8192K) Class: 1038K(1152K)->1038K(1152K)
[7.552s][info][gc             ] GC(69) Pause Young (Normal) (G1 Evacuation Pause) 382M->4M(634M) 1.383ms
[7.552s][info][gc,cpu         ] GC(69) User=0.01s Sys=0.00s Real=0.00s
[7.621s][info][gc,start       ] GC(70) Pause Young (Normal) (G1 Evacuation Pause)
[7.621s][info][gc,task        ] GC(70) Using 13 workers of 13 for evacuation
[7.622s][info][gc,phases      ] GC(70)   Pre Evacuate Collection Set: 0.1ms
[7.622s][info][gc,phases      ] GC(70)   Merge Heap Roots: 0.1ms
[7.622s][info][gc,phases      ] GC(70)   Evacuate Collection Set: 0.4ms
[7.622s][info][gc,phases      ] GC(70)   Post Evacuate Collection Set: 0.4ms
[7.622s][info][gc,phases      ] GC(70)   Other: 0.0ms
[7.622s][info][gc,heap        ] GC(70) Eden regions: 189->0(189)
[7.622s][info][gc,heap        ] GC(70) Survivor regions: 1->1(24)
[7.622s][info][gc,heap        ] GC(70) Old regions: 7->7
[7.623s][info][gc,heap        ] GC(70) Humongous regions: 0->0
[7.623s][info][gc,metaspace   ] GC(70) Metaspace: 9106K(9344K)->9106K(9344K) NonClass: 8067K(8192K)->8067K(8192K) Class: 1038K(1152K)->1038K(1152K)
[7.623s][info][gc             ] GC(70) Pause Young (Normal) (G1 Evacuation Pause) 382M->4M(634M) 1.421ms
[7.623s][info][gc,cpu         ] GC(70) User=0.00s Sys=0.00s Real=0.00s
[7.691s][info][gc,start       ] GC(71) Pause Young (Normal) (G1 Evacuation Pause)
[7.691s][info][gc,task        ] GC(71) Using 13 workers of 13 for evacuation
[7.692s][info][gc,phases      ] GC(71)   Pre Evacuate Collection Set: 0.1ms
[7.692s][info][gc,phases      ] GC(71)   Merge Heap Roots: 0.1ms
[7.692s][info][gc,phases      ] GC(71)   Evacuate Collection Set: 0.3ms
[7.692s][info][gc,phases      ] GC(71)   Post Evacuate Collection Set: 0.4ms
[7.692s][info][gc,phases      ] GC(71)   Other: 0.0ms
[7.692s][info][gc,heap        ] GC(71) Eden regions: 189->0(189)
[7.692s][info][gc,heap        ] GC(71) Survivor regions: 1->1(24)
[7.692s][info][gc,heap        ] GC(71) Old regions: 7->7
[7.692s][info][gc,heap        ] GC(71) Humongous regions: 0->0
[7.692s][info][gc,metaspace   ] GC(71) Metaspace: 9106K(9344K)->9106K(9344K) NonClass: 8067K(8192K)->8067K(8192K) Class: 1038K(1152K)->1038K(1152K)
[7.692s][info][gc             ] GC(71) Pause Young (Normal) (G1 Evacuation Pause) 382M->4M(634M) 1.157ms
[7.692s][info][gc,cpu         ] GC(71) User=0.00s Sys=0.00s Real=0.00s
[7.767s][info][gc,start       ] GC(72) Pause Young (Normal) (G1 Evacuation Pause)
[7.767s][info][gc,task        ] GC(72) Using 13 workers of 13 for evacuation
[7.768s][info][gc,phases      ] GC(72)   Pre Evacuate Collection Set: 0.1ms
[7.768s][info][gc,phases      ] GC(72)   Merge Heap Roots: 0.1ms
[7.768s][info][gc,phases      ] GC(72)   Evacuate Collection Set: 0.5ms
[7.768s][info][gc,phases      ] GC(72)   Post Evacuate Collection Set: 0.4ms
[7.768s][info][gc,phases      ] GC(72)   Other: 0.0ms
[7.768s][info][gc,heap        ] GC(72) Eden regions: 189->0(189)
[7.768s][info][gc,heap        ] GC(72) Survivor regions: 1->1(24)
[7.768s][info][gc,heap        ] GC(72) Old regions: 7->7
[7.768s][info][gc,heap        ] GC(72) Humongous regions: 0->0
[7.768s][info][gc,metaspace   ] GC(72) Metaspace: 9106K(9344K)->9106K(9344K) NonClass: 8067K(8192K)->8067K(8192K) Class: 1038K(1152K)->1038K(1152K)
[7.768s][info][gc             ] GC(72) Pause Young (Normal) (G1 Evacuation Pause) 382M->4M(634M) 1.380ms
[7.768s][info][gc,cpu         ] GC(72) User=0.00s Sys=0.01s Real=0.00s
[7.837s][info][gc,start       ] GC(73) Pause Young (Normal) (G1 Evacuation Pause)
[7.837s][info][gc,task        ] GC(73) Using 13 workers of 13 for evacuation
[7.839s][info][gc,phases      ] GC(73)   Pre Evacuate Collection Set: 0.1ms
[7.839s][info][gc,phases      ] GC(73)   Merge Heap Roots: 0.1ms
[7.839s][info][gc,phases      ] GC(73)   Evacuate Collection Set: 0.5ms
[7.839s][info][gc,phases      ] GC(73)   Post Evacuate Collection Set: 0.5ms
[7.839s][info][gc,phases      ] GC(73)   Other: 0.1ms
[7.839s][info][gc,heap        ] GC(73) Eden regions: 189->0(189)
[7.839s][info][gc,heap        ] GC(73) Survivor regions: 1->1(24)
[7.839s][info][gc,heap        ] GC(73) Old regions: 7->7
[7.839s][info][gc,heap        ] GC(73) Humongous regions: 0->0
[7.839s][info][gc,metaspace   ] GC(73) Metaspace: 9106K(9344K)->9106K(9344K) NonClass: 8067K(8192K)->8067K(8192K) Class: 1038K(1152K)->1038K(1152K)
[7.839s][info][gc             ] GC(73) Pause Young (Normal) (G1 Evacuation Pause) 382M->4M(634M) 1.460ms
[7.839s][info][gc,cpu         ] GC(73) User=0.00s Sys=0.00s Real=0.00s
[7.908s][info][gc,start       ] GC(74) Pause Young (Normal) (G1 Evacuation Pause)
[7.908s][info][gc,task        ] GC(74) Using 13 workers of 13 for evacuation
[7.909s][info][gc,phases      ] GC(74)   Pre Evacuate Collection Set: 0.1ms
[7.909s][info][gc,phases      ] GC(74)   Merge Heap Roots: 0.1ms
[7.909s][info][gc,phases      ] GC(74)   Evacuate Collection Set: 0.4ms
[7.909s][info][gc,phases      ] GC(74)   Post Evacuate Collection Set: 0.5ms
[7.909s][info][gc,phases      ] GC(74)   Other: 0.0ms
[7.909s][info][gc,heap        ] GC(74) Eden regions: 189->0(189)
[7.909s][info][gc,heap        ] GC(74) Survivor regions: 1->1(24)
[7.909s][info][gc,heap        ] GC(74) Old regions: 7->7
[7.909s][info][gc,heap        ] GC(74) Humongous regions: 0->0
[7.909s][info][gc,metaspace   ] GC(74) Metaspace: 9106K(9344K)->9106K(9344K) NonClass: 8067K(8192K)->8067K(8192K) Class: 1038K(1152K)->1038K(1152K)
[7.909s][info][gc             ] GC(74) Pause Young (Normal) (G1 Evacuation Pause) 382M->4M(634M) 1.342ms
[7.909s][info][gc,cpu         ] GC(74) User=0.01s Sys=0.00s Real=0.00s
[7.978s][info][gc,start       ] GC(75) Pause Young (Normal) (G1 Evacuation Pause)
[7.978s][info][gc,task        ] GC(75) Using 13 workers of 13 for evacuation
[7.979s][info][gc,phases      ] GC(75)   Pre Evacuate Collection Set: 0.1ms
[7.979s][info][gc,phases      ] GC(75)   Merge Heap Roots: 0.1ms
[7.979s][info][gc,phases      ] GC(75)   Evacuate Collection Set: 0.4ms
[7.979s][info][gc,phases      ] GC(75)   Post Evacuate Collection Set: 0.5ms
[7.979s][info][gc,phases      ] GC(75)   Other: 0.0ms
[7.979s][info][gc,heap        ] GC(75) Eden regions: 189->0(189)
[7.979s][info][gc,heap        ] GC(75) Survivor regions: 1->1(24)
[7.979s][info][gc,heap        ] GC(75) Old regions: 7->7
[7.979s][info][gc,heap        ] GC(75) Humongous regions: 0->0
[7.979s][info][gc,metaspace   ] GC(75) Metaspace: 9106K(9344K)->9106K(9344K) NonClass: 8067K(8192K)->8067K(8192K) Class: 1038K(1152K)->1038K(1152K)
[7.979s][info][gc             ] GC(75) Pause Young (Normal) (G1 Evacuation Pause) 382M->4M(634M) 1.256ms
[7.979s][info][gc,cpu         ] GC(75) User=0.00s Sys=0.00s Real=0.00s
[8.048s][info][gc,start       ] GC(76) Pause Young (Normal) (G1 Evacuation Pause)
[8.048s][info][gc,task        ] GC(76) Using 13 workers of 13 for evacuation
[8.049s][info][gc,phases      ] GC(76)   Pre Evacuate Collection Set: 0.1ms
[8.049s][info][gc,phases      ] GC(76)   Merge Heap Roots: 0.1ms
[8.049s][info][gc,phases      ] GC(76)   Evacuate Collection Set: 0.4ms
[8.049s][info][gc,phases      ] GC(76)   Post Evacuate Collection Set: 0.5ms
[8.049s][info][gc,phases      ] GC(76)   Other: 0.0ms
[8.049s][info][gc,heap        ] GC(76) Eden regions: 189->0(189)
[8.049s][info][gc,heap        ] GC(76) Survivor regions: 1->1(24)
[8.049s][info][gc,heap        ] GC(76) Old regions: 7->7
[8.049s][info][gc,heap        ] GC(76) Humongous regions: 0->0
[8.049s][info][gc,metaspace   ] GC(76) Metaspace: 9106K(9344K)->9106K(9344K) NonClass: 8067K(8192K)->8067K(8192K) Class: 1038K(1152K)->1038K(1152K)
[8.049s][info][gc             ] GC(76) Pause Young (Normal) (G1 Evacuation Pause) 382M->4M(634M) 1.474ms
[8.049s][info][gc,cpu         ] GC(76) User=0.00s Sys=0.00s Real=0.00s
[8.119s][info][gc,start       ] GC(77) Pause Young (Normal) (G1 Evacuation Pause)
[8.119s][info][gc,task        ] GC(77) Using 13 workers of 13 for evacuation
[8.120s][info][gc,phases      ] GC(77)   Pre Evacuate Collection Set: 0.2ms
[8.120s][info][gc,phases      ] GC(77)   Merge Heap Roots: 0.1ms
[8.120s][info][gc,phases      ] GC(77)   Evacuate Collection Set: 0.4ms
[8.121s][info][gc,phases      ] GC(77)   Post Evacuate Collection Set: 0.5ms
[8.121s][info][gc,phases      ] GC(77)   Other: 0.1ms
[8.121s][info][gc,heap        ] GC(77) Eden regions: 189->0(189)
[8.121s][info][gc,heap        ] GC(77) Survivor regions: 1->1(24)
[8.121s][info][gc,heap        ] GC(77) Old regions: 7->7
[8.121s][info][gc,heap        ] GC(77) Humongous regions: 0->0
[8.121s][info][gc,metaspace   ] GC(77) Metaspace: 9106K(9344K)->9106K(9344K) NonClass: 8067K(8192K)->8067K(8192K) Class: 1038K(1152K)->1038K(1152K)
[8.121s][info][gc             ] GC(77) Pause Young (Normal) (G1 Evacuation Pause) 382M->4M(634M) 1.433ms
[8.121s][info][gc,cpu         ] GC(77) User=0.01s Sys=0.00s Real=0.01s
[8.189s][info][gc,start       ] GC(78) Pause Young (Normal) (G1 Evacuation Pause)
[8.189s][info][gc,task        ] GC(78) Using 13 workers of 13 for evacuation
[8.190s][info][gc,phases      ] GC(78)   Pre Evacuate Collection Set: 0.1ms
[8.190s][info][gc,phases      ] GC(78)   Merge Heap Roots: 0.1ms
[8.190s][info][gc,phases      ] GC(78)   Evacuate Collection Set: 0.4ms
[8.190s][info][gc,phases      ] GC(78)   Post Evacuate Collection Set: 0.5ms
[8.190s][info][gc,phases      ] GC(78)   Other: 0.1ms
[8.190s][info][gc,heap        ] GC(78) Eden regions: 189->0(189)
[8.190s][info][gc,heap        ] GC(78) Survivor regions: 1->1(24)
[8.190s][info][gc,heap        ] GC(78) Old regions: 7->7
[8.190s][info][gc,heap        ] GC(78) Humongous regions: 0->0
[8.190s][info][gc,metaspace   ] GC(78) Metaspace: 9106K(9344K)->9106K(9344K) NonClass: 8067K(8192K)->8067K(8192K) Class: 1038K(1152K)->1038K(1152K)
[8.190s][info][gc             ] GC(78) Pause Young (Normal) (G1 Evacuation Pause) 382M->4M(634M) 1.419ms
[8.190s][info][gc,cpu         ] GC(78) User=0.00s Sys=0.00s Real=0.01s
[8.259s][info][gc,start       ] GC(79) Pause Young (Normal) (G1 Evacuation Pause)
[8.259s][info][gc,task        ] GC(79) Using 13 workers of 13 for evacuation
[8.261s][info][gc,phases      ] GC(79)   Pre Evacuate Collection Set: 0.1ms
[8.261s][info][gc,phases      ] GC(79)   Merge Heap Roots: 0.1ms
[8.261s][info][gc,phases      ] GC(79)   Evacuate Collection Set: 0.5ms
[8.261s][info][gc,phases      ] GC(79)   Post Evacuate Collection Set: 0.4ms
[8.261s][info][gc,phases      ] GC(79)   Other: 0.0ms
[8.261s][info][gc,heap        ] GC(79) Eden regions: 189->0(189)
[8.261s][info][gc,heap        ] GC(79) Survivor regions: 1->1(24)
[8.261s][info][gc,heap        ] GC(79) Old regions: 7->7
[8.261s][info][gc,heap        ] GC(79) Humongous regions: 0->0
[8.261s][info][gc,metaspace   ] GC(79) Metaspace: 9106K(9344K)->9106K(9344K) NonClass: 8067K(8192K)->8067K(8192K) Class: 1038K(1152K)->1038K(1152K)
[8.261s][info][gc             ] GC(79) Pause Young (Normal) (G1 Evacuation Pause) 382M->4M(634M) 1.373ms
[8.261s][info][gc,cpu         ] GC(79) User=0.00s Sys=0.01s Real=0.01s
[8.335s][info][gc,start       ] GC(80) Pause Young (Normal) (G1 Evacuation Pause)
[8.335s][info][gc,task        ] GC(80) Using 13 workers of 13 for evacuation
[8.336s][info][gc,phases      ] GC(80)   Pre Evacuate Collection Set: 0.2ms
[8.337s][info][gc,phases      ] GC(80)   Merge Heap Roots: 0.1ms
[8.337s][info][gc,phases      ] GC(80)   Evacuate Collection Set: 0.4ms
[8.337s][info][gc,phases      ] GC(80)   Post Evacuate Collection Set: 0.5ms
[8.337s][info][gc,phases      ] GC(80)   Other: 0.1ms
[8.337s][info][gc,heap        ] GC(80) Eden regions: 189->0(189)
[8.337s][info][gc,heap        ] GC(80) Survivor regions: 1->1(24)
[8.337s][info][gc,heap        ] GC(80) Old regions: 7->7
[8.337s][info][gc,heap        ] GC(80) Humongous regions: 0->0
[8.337s][info][gc,metaspace   ] GC(80) Metaspace: 9106K(9344K)->9106K(9344K) NonClass: 8067K(8192K)->8067K(8192K) Class: 1038K(1152K)->1038K(1152K)
[8.337s][info][gc             ] GC(80) Pause Young (Normal) (G1 Evacuation Pause) 382M->4M(634M) 1.541ms
[8.337s][info][gc,cpu         ] GC(80) User=0.00s Sys=0.00s Real=0.00s
[8.407s][info][gc,start       ] GC(81) Pause Young (Normal) (G1 Evacuation Pause)
[8.407s][info][gc,task        ] GC(81) Using 13 workers of 13 for evacuation
[8.408s][info][gc,phases      ] GC(81)   Pre Evacuate Collection Set: 0.1ms
[8.408s][info][gc,phases      ] GC(81)   Merge Heap Roots: 0.1ms
[8.408s][info][gc,phases      ] GC(81)   Evacuate Collection Set: 0.4ms
[8.408s][info][gc,phases      ] GC(81)   Post Evacuate Collection Set: 0.3ms
[8.408s][info][gc,phases      ] GC(81)   Other: 0.1ms
[8.408s][info][gc,heap        ] GC(81) Eden regions: 189->0(189)
[8.408s][info][gc,heap        ] GC(81) Survivor regions: 1->1(24)
[8.408s][info][gc,heap        ] GC(81) Old regions: 7->7
[8.408s][info][gc,heap        ] GC(81) Humongous regions: 0->0
[8.408s][info][gc,metaspace   ] GC(81) Metaspace: 9106K(9344K)->9106K(9344K) NonClass: 8067K(8192K)->8067K(8192K) Class: 1038K(1152K)->1038K(1152K)
[8.408s][info][gc             ] GC(81) Pause Young (Normal) (G1 Evacuation Pause) 382M->4M(634M) 1.150ms
[8.408s][info][gc,cpu         ] GC(81) User=0.00s Sys=0.00s Real=0.00s
[8.479s][info][gc,start       ] GC(82) Pause Young (Normal) (G1 Evacuation Pause)
[8.479s][info][gc,task        ] GC(82) Using 13 workers of 13 for evacuation
[8.481s][info][gc,phases      ] GC(82)   Pre Evacuate Collection Set: 0.2ms
[8.481s][info][gc,phases      ] GC(82)   Merge Heap Roots: 0.1ms
[8.481s][info][gc,phases      ] GC(82)   Evacuate Collection Set: 0.5ms
[8.481s][info][gc,phases      ] GC(82)   Post Evacuate Collection Set: 0.5ms
[8.481s][info][gc,phases      ] GC(82)   Other: 0.1ms
[8.481s][info][gc,heap        ] GC(82) Eden regions: 189->0(189)
[8.481s][info][gc,heap        ] GC(82) Survivor regions: 1->1(24)
[8.481s][info][gc,heap        ] GC(82) Old regions: 7->7
[8.481s][info][gc,heap        ] GC(82) Humongous regions: 0->0
[8.481s][info][gc,metaspace   ] GC(82) Metaspace: 9106K(9344K)->9106K(9344K) NonClass: 8067K(8192K)->8067K(8192K) Class: 1038K(1152K)->1038K(1152K)
[8.481s][info][gc             ] GC(82) Pause Young (Normal) (G1 Evacuation Pause) 382M->4M(634M) 1.536ms
[8.481s][info][gc,cpu         ] GC(82) User=0.00s Sys=0.00s Real=0.01s
[8.565s][info][gc,start       ] GC(83) Pause Young (Normal) (G1 Evacuation Pause)
[8.565s][info][gc,task        ] GC(83) Using 13 workers of 13 for evacuation
[8.566s][info][gc,phases      ] GC(83)   Pre Evacuate Collection Set: 0.1ms
[8.566s][info][gc,phases      ] GC(83)   Merge Heap Roots: 0.1ms
[8.566s][info][gc,phases      ] GC(83)   Evacuate Collection Set: 0.4ms
[8.566s][info][gc,phases      ] GC(83)   Post Evacuate Collection Set: 0.4ms
[8.566s][info][gc,phases      ] GC(83)   Other: 0.1ms
[8.566s][info][gc,heap        ] GC(83) Eden regions: 189->0(189)
[8.566s][info][gc,heap        ] GC(83) Survivor regions: 1->1(24)
[8.566s][info][gc,heap        ] GC(83) Old regions: 7->7
[8.566s][info][gc,heap        ] GC(83) Humongous regions: 0->0
[8.566s][info][gc,metaspace   ] GC(83) Metaspace: 9106K(9344K)->9106K(9344K) NonClass: 8067K(8192K)->8067K(8192K) Class: 1038K(1152K)->1038K(1152K)
[8.566s][info][gc             ] GC(83) Pause Young (Normal) (G1 Evacuation Pause) 382M->4M(634M) 1.330ms
[8.566s][info][gc,cpu         ] GC(83) User=0.01s Sys=0.00s Real=0.00s
[8.639s][info][gc,start       ] GC(84) Pause Young (Normal) (G1 Evacuation Pause)
[8.639s][info][gc,task        ] GC(84) Using 13 workers of 13 for evacuation
[8.640s][info][gc,phases      ] GC(84)   Pre Evacuate Collection Set: 0.1ms
[8.640s][info][gc,phases      ] GC(84)   Merge Heap Roots: 0.1ms
[8.640s][info][gc,phases      ] GC(84)   Evacuate Collection Set: 0.4ms
[8.640s][info][gc,phases      ] GC(84)   Post Evacuate Collection Set: 0.5ms
[8.640s][info][gc,phases      ] GC(84)   Other: 0.0ms
[8.640s][info][gc,heap        ] GC(84) Eden regions: 189->0(189)
[8.640s][info][gc,heap        ] GC(84) Survivor regions: 1->1(24)
[8.640s][info][gc,heap        ] GC(84) Old regions: 7->7
[8.640s][info][gc,heap        ] GC(84) Humongous regions: 0->0
[8.640s][info][gc,metaspace   ] GC(84) Metaspace: 9106K(9344K)->9106K(9344K) NonClass: 8067K(8192K)->8067K(8192K) Class: 1038K(1152K)->1038K(1152K)
[8.640s][info][gc             ] GC(84) Pause Young (Normal) (G1 Evacuation Pause) 382M->4M(634M) 1.326ms
[8.640s][info][gc,cpu         ] GC(84) User=0.00s Sys=0.00s Real=0.01s
[8.711s][info][gc,start       ] GC(85) Pause Young (Normal) (G1 Evacuation Pause)
[8.711s][info][gc,task        ] GC(85) Using 13 workers of 13 for evacuation
[8.712s][info][gc,phases      ] GC(85)   Pre Evacuate Collection Set: 0.1ms
[8.712s][info][gc,phases      ] GC(85)   Merge Heap Roots: 0.1ms
[8.712s][info][gc,phases      ] GC(85)   Evacuate Collection Set: 0.4ms
[8.712s][info][gc,phases      ] GC(85)   Post Evacuate Collection Set: 0.4ms
[8.712s][info][gc,phases      ] GC(85)   Other: 0.1ms
[8.712s][info][gc,heap        ] GC(85) Eden regions: 189->0(189)
[8.712s][info][gc,heap        ] GC(85) Survivor regions: 1->1(24)
[8.712s][info][gc,heap        ] GC(85) Old regions: 7->7
[8.712s][info][gc,heap        ] GC(85) Humongous regions: 0->0
[8.712s][info][gc,metaspace   ] GC(85) Metaspace: 9106K(9344K)->9106K(9344K) NonClass: 8067K(8192K)->8067K(8192K) Class: 1038K(1152K)->1038K(1152K)
[8.712s][info][gc             ] GC(85) Pause Young (Normal) (G1 Evacuation Pause) 382M->4M(634M) 1.157ms
[8.712s][info][gc,cpu         ] GC(85) User=0.01s Sys=0.00s Real=0.00s
[8.786s][info][gc,start       ] GC(86) Pause Young (Normal) (G1 Evacuation Pause)
[8.786s][info][gc,task        ] GC(86) Using 13 workers of 13 for evacuation
[8.787s][info][gc,phases      ] GC(86)   Pre Evacuate Collection Set: 0.1ms
[8.787s][info][gc,phases      ] GC(86)   Merge Heap Roots: 0.1ms
[8.787s][info][gc,phases      ] GC(86)   Evacuate Collection Set: 0.5ms
[8.787s][info][gc,phases      ] GC(86)   Post Evacuate Collection Set: 0.5ms
[8.787s][info][gc,phases      ] GC(86)   Other: 0.0ms
[8.787s][info][gc,heap        ] GC(86) Eden regions: 189->0(189)
[8.787s][info][gc,heap        ] GC(86) Survivor regions: 1->1(24)
[8.787s][info][gc,heap        ] GC(86) Old regions: 7->7
[8.787s][info][gc,heap        ] GC(86) Humongous regions: 0->0
[8.787s][info][gc,metaspace   ] GC(86) Metaspace: 9106K(9344K)->9106K(9344K) NonClass: 8067K(8192K)->8067K(8192K) Class: 1038K(1152K)->1038K(1152K)
[8.787s][info][gc             ] GC(86) Pause Young (Normal) (G1 Evacuation Pause) 382M->4M(634M) 1.462ms
[8.787s][info][gc,cpu         ] GC(86) User=0.00s Sys=0.00s Real=0.00s
[8.857s][info][gc,start       ] GC(87) Pause Young (Normal) (G1 Evacuation Pause)
[8.857s][info][gc,task        ] GC(87) Using 13 workers of 13 for evacuation
[8.859s][info][gc,phases      ] GC(87)   Pre Evacuate Collection Set: 0.2ms
[8.859s][info][gc,phases      ] GC(87)   Merge Heap Roots: 0.1ms
[8.859s][info][gc,phases      ] GC(87)   Evacuate Collection Set: 0.5ms
[8.859s][info][gc,phases      ] GC(87)   Post Evacuate Collection Set: 0.5ms
[8.859s][info][gc,phases      ] GC(87)   Other: 0.0ms
[8.859s][info][gc,heap        ] GC(87) Eden regions: 189->0(189)
[8.859s][info][gc,heap        ] GC(87) Survivor regions: 1->1(24)
[8.859s][info][gc,heap        ] GC(87) Old regions: 7->7
[8.859s][info][gc,heap        ] GC(87) Humongous regions: 0->0
[8.859s][info][gc,metaspace   ] GC(87) Metaspace: 9106K(9344K)->9106K(9344K) NonClass: 8067K(8192K)->8067K(8192K) Class: 1038K(1152K)->1038K(1152K)
[8.859s][info][gc             ] GC(87) Pause Young (Normal) (G1 Evacuation Pause) 382M->4M(634M) 1.532ms
[8.859s][info][gc,cpu         ] GC(87) User=0.01s Sys=0.01s Real=0.00s
[8.933s][info][gc,start       ] GC(88) Pause Young (Normal) (G1 Evacuation Pause)
[8.933s][info][gc,task        ] GC(88) Using 13 workers of 13 for evacuation
[8.934s][info][gc,phases      ] GC(88)   Pre Evacuate Collection Set: 0.1ms
[8.934s][info][gc,phases      ] GC(88)   Merge Heap Roots: 0.1ms
[8.934s][info][gc,phases      ] GC(88)   Evacuate Collection Set: 0.3ms
[8.934s][info][gc,phases      ] GC(88)   Post Evacuate Collection Set: 0.3ms
[8.934s][info][gc,phases      ] GC(88)   Other: 0.1ms
[8.934s][info][gc,heap        ] GC(88) Eden regions: 189->0(189)
[8.934s][info][gc,heap        ] GC(88) Survivor regions: 1->1(24)
[8.934s][info][gc,heap        ] GC(88) Old regions: 7->7
[8.934s][info][gc,heap        ] GC(88) Humongous regions: 0->0
[8.934s][info][gc,metaspace   ] GC(88) Metaspace: 9106K(9344K)->9106K(9344K) NonClass: 8067K(8192K)->8067K(8192K) Class: 1038K(1152K)->1038K(1152K)
[8.934s][info][gc             ] GC(88) Pause Young (Normal) (G1 Evacuation Pause) 382M->4M(634M) 1.027ms
[8.934s][info][gc,cpu         ] GC(88) User=0.00s Sys=0.00s Real=0.00s
[9.008s][info][gc,start       ] GC(89) Pause Young (Normal) (G1 Evacuation Pause)
[9.008s][info][gc,task        ] GC(89) Using 13 workers of 13 for evacuation
[9.009s][info][gc,phases      ] GC(89)   Pre Evacuate Collection Set: 0.2ms
[9.009s][info][gc,phases      ] GC(89)   Merge Heap Roots: 0.1ms
[9.009s][info][gc,phases      ] GC(89)   Evacuate Collection Set: 0.4ms
[9.009s][info][gc,phases      ] GC(89)   Post Evacuate Collection Set: 0.5ms
[9.009s][info][gc,phases      ] GC(89)   Other: 0.1ms
[9.009s][info][gc,heap        ] GC(89) Eden regions: 189->0(189)
[9.009s][info][gc,heap        ] GC(89) Survivor regions: 1->1(24)
[9.009s][info][gc,heap        ] GC(89) Old regions: 7->7
[9.009s][info][gc,heap        ] GC(89) Humongous regions: 0->0
[9.009s][info][gc,metaspace   ] GC(89) Metaspace: 9106K(9344K)->9106K(9344K) NonClass: 8067K(8192K)->8067K(8192K) Class: 1038K(1152K)->1038K(1152K)
[9.009s][info][gc             ] GC(89) Pause Young (Normal) (G1 Evacuation Pause) 382M->4M(634M) 1.512ms
[9.009s][info][gc,cpu         ] GC(89) User=0.00s Sys=0.00s Real=0.00s
[9.082s][info][gc,start       ] GC(90) Pause Young (Normal) (G1 Evacuation Pause)
[9.082s][info][gc,task        ] GC(90) Using 13 workers of 13 for evacuation
[9.083s][info][gc,phases      ] GC(90)   Pre Evacuate Collection Set: 0.2ms
[9.083s][info][gc,phases      ] GC(90)   Merge Heap Roots: 0.1ms
[9.083s][info][gc,phases      ] GC(90)   Evacuate Collection Set: 0.4ms
[9.083s][info][gc,phases      ] GC(90)   Post Evacuate Collection Set: 0.5ms
[9.083s][info][gc,phases      ] GC(90)   Other: 0.1ms
[9.083s][info][gc,heap        ] GC(90) Eden regions: 189->0(189)
[9.083s][info][gc,heap        ] GC(90) Survivor regions: 1->1(24)
[9.083s][info][gc,heap        ] GC(90) Old regions: 7->7
[9.083s][info][gc,heap        ] GC(90) Humongous regions: 0->0
[9.083s][info][gc,metaspace   ] GC(90) Metaspace: 9106K(9344K)->9106K(9344K) NonClass: 8067K(8192K)->8067K(8192K) Class: 1038K(1152K)->1038K(1152K)
[9.083s][info][gc             ] GC(90) Pause Young (Normal) (G1 Evacuation Pause) 382M->4M(634M) 1.482ms
[9.083s][info][gc,cpu         ] GC(90) User=0.01s Sys=0.00s Real=0.00s
[9.157s][info][gc,start       ] GC(91) Pause Young (Normal) (G1 Evacuation Pause)
[9.157s][info][gc,task        ] GC(91) Using 13 workers of 13 for evacuation
[9.158s][info][gc,phases      ] GC(91)   Pre Evacuate Collection Set: 0.1ms
[9.158s][info][gc,phases      ] GC(91)   Merge Heap Roots: 0.1ms
[9.158s][info][gc,phases      ] GC(91)   Evacuate Collection Set: 0.3ms
[9.158s][info][gc,phases      ] GC(91)   Post Evacuate Collection Set: 0.3ms
[9.158s][info][gc,phases      ] GC(91)   Other: 0.1ms
[9.158s][info][gc,heap        ] GC(91) Eden regions: 189->0(189)
[9.158s][info][gc,heap        ] GC(91) Survivor regions: 1->1(24)
[9.158s][info][gc,heap        ] GC(91) Old regions: 7->7
[9.158s][info][gc,heap        ] GC(91) Humongous regions: 0->0
[9.158s][info][gc,metaspace   ] GC(91) Metaspace: 9106K(9344K)->9106K(9344K) NonClass: 8067K(8192K)->8067K(8192K) Class: 1038K(1152K)->1038K(1152K)
[9.158s][info][gc             ] GC(91) Pause Young (Normal) (G1 Evacuation Pause) 382M->4M(634M) 1.036ms
[9.158s][info][gc,cpu         ] GC(91) User=0.00s Sys=0.00s Real=0.00s
[9.228s][info][gc,start       ] GC(92) Pause Young (Normal) (G1 Evacuation Pause)
[9.228s][info][gc,task        ] GC(92) Using 13 workers of 13 for evacuation
[9.229s][info][gc,phases      ] GC(92)   Pre Evacuate Collection Set: 0.1ms
[9.229s][info][gc,phases      ] GC(92)   Merge Heap Roots: 0.1ms
[9.229s][info][gc,phases      ] GC(92)   Evacuate Collection Set: 0.5ms
[9.229s][info][gc,phases      ] GC(92)   Post Evacuate Collection Set: 0.5ms
[9.229s][info][gc,phases      ] GC(92)   Other: 0.1ms
[9.229s][info][gc,heap        ] GC(92) Eden regions: 189->0(189)
[9.229s][info][gc,heap        ] GC(92) Survivor regions: 1->1(24)
[9.229s][info][gc,heap        ] GC(92) Old regions: 7->7
[9.229s][info][gc,heap        ] GC(92) Humongous regions: 0->0
[9.229s][info][gc,metaspace   ] GC(92) Metaspace: 9106K(9344K)->9106K(9344K) NonClass: 8067K(8192K)->8067K(8192K) Class: 1038K(1152K)->1038K(1152K)
[9.229s][info][gc             ] GC(92) Pause Young (Normal) (G1 Evacuation Pause) 382M->4M(634M) 1.415ms
[9.229s][info][gc,cpu         ] GC(92) User=0.01s Sys=0.00s Real=0.00s
[9.299s][info][gc,start       ] GC(93) Pause Young (Normal) (G1 Evacuation Pause)
[9.299s][info][gc,task        ] GC(93) Using 13 workers of 13 for evacuation
[9.300s][info][gc,phases      ] GC(93)   Pre Evacuate Collection Set: 0.1ms
[9.300s][info][gc,phases      ] GC(93)   Merge Heap Roots: 0.1ms
[9.300s][info][gc,phases      ] GC(93)   Evacuate Collection Set: 0.5ms
[9.300s][info][gc,phases      ] GC(93)   Post Evacuate Collection Set: 0.5ms
[9.300s][info][gc,phases      ] GC(93)   Other: 0.1ms
[9.300s][info][gc,heap        ] GC(93) Eden regions: 189->0(189)
[9.300s][info][gc,heap        ] GC(93) Survivor regions: 1->1(24)
[9.300s][info][gc,heap        ] GC(93) Old regions: 7->7
[9.300s][info][gc,heap        ] GC(93) Humongous regions: 0->0
[9.300s][info][gc,metaspace   ] GC(93) Metaspace: 9106K(9344K)->9106K(9344K) NonClass: 8067K(8192K)->8067K(8192K) Class: 1038K(1152K)->1038K(1152K)
[9.300s][info][gc             ] GC(93) Pause Young (Normal) (G1 Evacuation Pause) 382M->4M(634M) 1.448ms
[9.300s][info][gc,cpu         ] GC(93) User=0.00s Sys=0.00s Real=0.01s
[9.371s][info][gc,start       ] GC(94) Pause Young (Normal) (G1 Evacuation Pause)
[9.371s][info][gc,task        ] GC(94) Using 13 workers of 13 for evacuation
[9.372s][info][gc,phases      ] GC(94)   Pre Evacuate Collection Set: 0.2ms
[9.372s][info][gc,phases      ] GC(94)   Merge Heap Roots: 0.1ms
[9.372s][info][gc,phases      ] GC(94)   Evacuate Collection Set: 0.4ms
[9.372s][info][gc,phases      ] GC(94)   Post Evacuate Collection Set: 0.6ms
[9.372s][info][gc,phases      ] GC(94)   Other: 0.1ms
[9.372s][info][gc,heap        ] GC(94) Eden regions: 189->0(189)
[9.372s][info][gc,heap        ] GC(94) Survivor regions: 1->1(24)
[9.372s][info][gc,heap        ] GC(94) Old regions: 7->7
[9.372s][info][gc,heap        ] GC(94) Humongous regions: 0->0
[9.372s][info][gc,metaspace   ] GC(94) Metaspace: 9106K(9344K)->9106K(9344K) NonClass: 8067K(8192K)->8067K(8192K) Class: 1038K(1152K)->1038K(1152K)
[9.372s][info][gc             ] GC(94) Pause Young (Normal) (G1 Evacuation Pause) 382M->4M(634M) 1.552ms
[9.372s][info][gc,cpu         ] GC(94) User=0.01s Sys=0.00s Real=0.00s
[9.442s][info][gc,start       ] GC(95) Pause Young (Normal) (G1 Evacuation Pause)
[9.442s][info][gc,task        ] GC(95) Using 13 workers of 13 for evacuation
[9.443s][info][gc,phases      ] GC(95)   Pre Evacuate Collection Set: 0.1ms
[9.443s][info][gc,phases      ] GC(95)   Merge Heap Roots: 0.1ms
[9.443s][info][gc,phases      ] GC(95)   Evacuate Collection Set: 0.5ms
[9.443s][info][gc,phases      ] GC(95)   Post Evacuate Collection Set: 0.5ms
[9.443s][info][gc,phases      ] GC(95)   Other: 0.1ms
[9.443s][info][gc,heap        ] GC(95) Eden regions: 189->0(189)
[9.443s][info][gc,heap        ] GC(95) Survivor regions: 1->1(24)
[9.443s][info][gc,heap        ] GC(95) Old regions: 7->7
[9.443s][info][gc,heap        ] GC(95) Humongous regions: 0->0
[9.443s][info][gc,metaspace   ] GC(95) Metaspace: 9106K(9344K)->9106K(9344K) NonClass: 8067K(8192K)->8067K(8192K) Class: 1038K(1152K)->1038K(1152K)
[9.443s][info][gc             ] GC(95) Pause Young (Normal) (G1 Evacuation Pause) 382M->4M(634M) 1.484ms
[9.443s][info][gc,cpu         ] GC(95) User=0.01s Sys=0.01s Real=0.00s
[9.515s][info][gc,start       ] GC(96) Pause Young (Normal) (G1 Evacuation Pause)
[9.515s][info][gc,task        ] GC(96) Using 13 workers of 13 for evacuation
[9.516s][info][gc,phases      ] GC(96)   Pre Evacuate Collection Set: 0.1ms
[9.516s][info][gc,phases      ] GC(96)   Merge Heap Roots: 0.1ms
[9.516s][info][gc,phases      ] GC(96)   Evacuate Collection Set: 0.4ms
[9.516s][info][gc,phases      ] GC(96)   Post Evacuate Collection Set: 0.3ms
[9.516s][info][gc,phases      ] GC(96)   Other: 0.1ms
[9.516s][info][gc,heap        ] GC(96) Eden regions: 189->0(189)
[9.516s][info][gc,heap        ] GC(96) Survivor regions: 1->1(24)
[9.516s][info][gc,heap        ] GC(96) Old regions: 7->7
[9.516s][info][gc,heap        ] GC(96) Humongous regions: 0->0
[9.516s][info][gc,metaspace   ] GC(96) Metaspace: 9106K(9344K)->9106K(9344K) NonClass: 8067K(8192K)->8067K(8192K) Class: 1038K(1152K)->1038K(1152K)
[9.516s][info][gc             ] GC(96) Pause Young (Normal) (G1 Evacuation Pause) 382M->4M(634M) 1.163ms
[9.516s][info][gc,cpu         ] GC(96) User=0.00s Sys=0.00s Real=0.00s
[9.589s][info][gc,start       ] GC(97) Pause Young (Normal) (G1 Evacuation Pause)
[9.589s][info][gc,task        ] GC(97) Using 13 workers of 13 for evacuation
[9.590s][info][gc,phases      ] GC(97)   Pre Evacuate Collection Set: 0.1ms
[9.590s][info][gc,phases      ] GC(97)   Merge Heap Roots: 0.1ms
[9.590s][info][gc,phases      ] GC(97)   Evacuate Collection Set: 0.3ms
[9.590s][info][gc,phases      ] GC(97)   Post Evacuate Collection Set: 0.3ms
[9.590s][info][gc,phases      ] GC(97)   Other: 0.1ms
[9.590s][info][gc,heap        ] GC(97) Eden regions: 189->0(189)
[9.590s][info][gc,heap        ] GC(97) Survivor regions: 1->1(24)
[9.590s][info][gc,heap        ] GC(97) Old regions: 7->7
[9.590s][info][gc,heap        ] GC(97) Humongous regions: 0->0
[9.590s][info][gc,metaspace   ] GC(97) Metaspace: 9106K(9344K)->9106K(9344K) NonClass: 8067K(8192K)->8067K(8192K) Class: 1038K(1152K)->1038K(1152K)
[9.590s][info][gc             ] GC(97) Pause Young (Normal) (G1 Evacuation Pause) 382M->4M(634M) 0.924ms
[9.590s][info][gc,cpu         ] GC(97) User=0.00s Sys=0.00s Real=0.00s
[9.660s][info][gc,start       ] GC(98) Pause Young (Normal) (G1 Evacuation Pause)
[9.660s][info][gc,task        ] GC(98) Using 13 workers of 13 for evacuation
[9.661s][info][gc,phases      ] GC(98)   Pre Evacuate Collection Set: 0.1ms
[9.661s][info][gc,phases      ] GC(98)   Merge Heap Roots: 0.1ms
[9.661s][info][gc,phases      ] GC(98)   Evacuate Collection Set: 0.3ms
[9.661s][info][gc,phases      ] GC(98)   Post Evacuate Collection Set: 0.3ms
[9.661s][info][gc,phases      ] GC(98)   Other: 0.0ms
[9.661s][info][gc,heap        ] GC(98) Eden regions: 189->0(189)
[9.661s][info][gc,heap        ] GC(98) Survivor regions: 1->1(24)
[9.661s][info][gc,heap        ] GC(98) Old regions: 7->7
[9.661s][info][gc,heap        ] GC(98) Humongous regions: 0->0
[9.661s][info][gc,metaspace   ] GC(98) Metaspace: 9106K(9344K)->9106K(9344K) NonClass: 8067K(8192K)->8067K(8192K) Class: 1038K(1152K)->1038K(1152K)
[9.661s][info][gc             ] GC(98) Pause Young (Normal) (G1 Evacuation Pause) 382M->4M(634M) 1.089ms
[9.661s][info][gc,cpu         ] GC(98) User=0.00s Sys=0.00s Real=0.01s
[9.730s][info][gc,start       ] GC(99) Pause Young (Normal) (G1 Evacuation Pause)
[9.730s][info][gc,task        ] GC(99) Using 13 workers of 13 for evacuation
[9.731s][info][gc,phases      ] GC(99)   Pre Evacuate Collection Set: 0.1ms
[9.731s][info][gc,phases      ] GC(99)   Merge Heap Roots: 0.1ms
[9.731s][info][gc,phases      ] GC(99)   Evacuate Collection Set: 0.4ms
[9.731s][info][gc,phases      ] GC(99)   Post Evacuate Collection Set: 0.5ms
[9.731s][info][gc,phases      ] GC(99)   Other: 0.1ms
[9.731s][info][gc,heap        ] GC(99) Eden regions: 189->0(189)
[9.731s][info][gc,heap        ] GC(99) Survivor regions: 1->1(24)
[9.731s][info][gc,heap        ] GC(99) Old regions: 7->7
[9.731s][info][gc,heap        ] GC(99) Humongous regions: 0->0
[9.731s][info][gc,metaspace   ] GC(99) Metaspace: 9106K(9344K)->9106K(9344K) NonClass: 8067K(8192K)->8067K(8192K) Class: 1038K(1152K)->1038K(1152K)
[9.731s][info][gc             ] GC(99) Pause Young (Normal) (G1 Evacuation Pause) 382M->4M(634M) 1.346ms
[9.731s][info][gc,cpu         ] GC(99) User=0.00s Sys=0.00s Real=0.00s
[9.804s][info][gc,start       ] GC(100) Pause Young (Normal) (G1 Evacuation Pause)
[9.804s][info][gc,task        ] GC(100) Using 13 workers of 13 for evacuation
[9.805s][info][gc,phases      ] GC(100)   Pre Evacuate Collection Set: 0.1ms
[9.805s][info][gc,phases      ] GC(100)   Merge Heap Roots: 0.0ms
[9.805s][info][gc,phases      ] GC(100)   Evacuate Collection Set: 0.3ms
[9.805s][info][gc,phases      ] GC(100)   Post Evacuate Collection Set: 0.3ms
[9.805s][info][gc,phases      ] GC(100)   Other: 0.0ms
[9.805s][info][gc,heap        ] GC(100) Eden regions: 189->0(189)
[9.805s][info][gc,heap        ] GC(100) Survivor regions: 1->1(24)
[9.805s][info][gc,heap        ] GC(100) Old regions: 7->7
[9.805s][info][gc,heap        ] GC(100) Humongous regions: 0->0
[9.805s][info][gc,metaspace   ] GC(100) Metaspace: 9106K(9344K)->9106K(9344K) NonClass: 8067K(8192K)->8067K(8192K) Class: 1038K(1152K)->1038K(1152K)
[9.805s][info][gc             ] GC(100) Pause Young (Normal) (G1 Evacuation Pause) 382M->4M(634M) 0.928ms
[9.805s][info][gc,cpu         ] GC(100) User=0.00s Sys=0.00s Real=0.00s
[9.875s][info][gc,start       ] GC(101) Pause Young (Normal) (G1 Evacuation Pause)
[9.875s][info][gc,task        ] GC(101) Using 13 workers of 13 for evacuation
[9.876s][info][gc,phases      ] GC(101)   Pre Evacuate Collection Set: 0.1ms
[9.876s][info][gc,phases      ] GC(101)   Merge Heap Roots: 0.1ms
[9.876s][info][gc,phases      ] GC(101)   Evacuate Collection Set: 0.3ms
[9.876s][info][gc,phases      ] GC(101)   Post Evacuate Collection Set: 0.2ms
[9.876s][info][gc,phases      ] GC(101)   Other: 0.0ms
[9.876s][info][gc,heap        ] GC(101) Eden regions: 189->0(189)
[9.876s][info][gc,heap        ] GC(101) Survivor regions: 1->1(24)
[9.876s][info][gc,heap        ] GC(101) Old regions: 7->7
[9.876s][info][gc,heap        ] GC(101) Humongous regions: 0->0
[9.876s][info][gc,metaspace   ] GC(101) Metaspace: 9106K(9344K)->9106K(9344K) NonClass: 8067K(8192K)->8067K(8192K) Class: 1038K(1152K)->1038K(1152K)
[9.876s][info][gc             ] GC(101) Pause Young (Normal) (G1 Evacuation Pause) 382M->4M(634M) 0.906ms
[9.876s][info][gc,cpu         ] GC(101) User=0.00s Sys=0.00s Real=0.00s
[9.945s][info][gc,start       ] GC(102) Pause Young (Normal) (G1 Evacuation Pause)
[9.945s][info][gc,task        ] GC(102) Using 13 workers of 13 for evacuation
[9.947s][info][gc,phases      ] GC(102)   Pre Evacuate Collection Set: 0.1ms
[9.947s][info][gc,phases      ] GC(102)   Merge Heap Roots: 0.1ms
[9.947s][info][gc,phases      ] GC(102)   Evacuate Collection Set: 0.4ms
[9.947s][info][gc,phases      ] GC(102)   Post Evacuate Collection Set: 0.4ms
[9.947s][info][gc,phases      ] GC(102)   Other: 0.1ms
[9.947s][info][gc,heap        ] GC(102) Eden regions: 189->0(189)
[9.947s][info][gc,heap        ] GC(102) Survivor regions: 1->1(24)
[9.947s][info][gc,heap        ] GC(102) Old regions: 7->7
[9.947s][info][gc,heap        ] GC(102) Humongous regions: 0->0
[9.947s][info][gc,metaspace   ] GC(102) Metaspace: 9106K(9344K)->9106K(9344K) NonClass: 8067K(8192K)->8067K(8192K) Class: 1038K(1152K)->1038K(1152K)
[9.947s][info][gc             ] GC(102) Pause Young (Normal) (G1 Evacuation Pause) 382M->4M(634M) 1.339ms
[9.947s][info][gc,cpu         ] GC(102) User=0.01s Sys=0.00s Real=0.00s
[10.018s][info][gc,start       ] GC(103) Pause Young (Normal) (G1 Evacuation Pause)
[10.018s][info][gc,task        ] GC(103) Using 13 workers of 13 for evacuation
[10.019s][info][gc,phases      ] GC(103)   Pre Evacuate Collection Set: 0.1ms
[10.019s][info][gc,phases      ] GC(103)   Merge Heap Roots: 0.1ms
[10.019s][info][gc,phases      ] GC(103)   Evacuate Collection Set: 0.3ms
[10.019s][info][gc,phases      ] GC(103)   Post Evacuate Collection Set: 0.2ms
[10.019s][info][gc,phases      ] GC(103)   Other: 0.0ms
[10.019s][info][gc,heap        ] GC(103) Eden regions: 189->0(189)
[10.019s][info][gc,heap        ] GC(103) Survivor regions: 1->1(24)
[10.019s][info][gc,heap        ] GC(103) Old regions: 7->7
[10.019s][info][gc,heap        ] GC(103) Humongous regions: 0->0
[10.019s][info][gc,metaspace   ] GC(103) Metaspace: 9106K(9344K)->9106K(9344K) NonClass: 8067K(8192K)->8067K(8192K) Class: 1038K(1152K)->1038K(1152K)
[10.019s][info][gc             ] GC(103) Pause Young (Normal) (G1 Evacuation Pause) 382M->4M(634M) 0.863ms
[10.019s][info][gc,cpu         ] GC(103) User=0.00s Sys=0.00s Real=0.00s
[10.090s][info][gc,start       ] GC(104) Pause Young (Normal) (G1 Evacuation Pause)
[10.090s][info][gc,task        ] GC(104) Using 13 workers of 13 for evacuation
[10.091s][info][gc,phases      ] GC(104)   Pre Evacuate Collection Set: 0.1ms
[10.091s][info][gc,phases      ] GC(104)   Merge Heap Roots: 0.1ms
[10.091s][info][gc,phases      ] GC(104)   Evacuate Collection Set: 0.4ms
[10.091s][info][gc,phases      ] GC(104)   Post Evacuate Collection Set: 0.3ms
[10.091s][info][gc,phases      ] GC(104)   Other: 0.1ms
[10.091s][info][gc,heap        ] GC(104) Eden regions: 189->0(189)
[10.091s][info][gc,heap        ] GC(104) Survivor regions: 1->1(24)
[10.091s][info][gc,heap        ] GC(104) Old regions: 7->7
[10.091s][info][gc,heap        ] GC(104) Humongous regions: 0->0
[10.091s][info][gc,metaspace   ] GC(104) Metaspace: 9106K(9344K)->9106K(9344K) NonClass: 8067K(8192K)->8067K(8192K) Class: 1038K(1152K)->1038K(1152K)
[10.091s][info][gc             ] GC(104) Pause Young (Normal) (G1 Evacuation Pause) 382M->4M(634M) 1.149ms
[10.091s][info][gc,cpu         ] GC(104) User=0.00s Sys=0.00s Real=0.01s
[10.178s][info][gc,start       ] GC(105) Pause Young (Normal) (G1 Evacuation Pause)
[10.178s][info][gc,task        ] GC(105) Using 13 workers of 13 for evacuation
[10.179s][info][gc,phases      ] GC(105)   Pre Evacuate Collection Set: 0.1ms
[10.179s][info][gc,phases      ] GC(105)   Merge Heap Roots: 0.1ms
[10.179s][info][gc,phases      ] GC(105)   Evacuate Collection Set: 0.3ms
[10.179s][info][gc,phases      ] GC(105)   Post Evacuate Collection Set: 0.3ms
[10.179s][info][gc,phases      ] GC(105)   Other: 0.1ms
[10.179s][info][gc,heap        ] GC(105) Eden regions: 189->0(189)
[10.179s][info][gc,heap        ] GC(105) Survivor regions: 1->1(24)
[10.179s][info][gc,heap        ] GC(105) Old regions: 7->7
[10.179s][info][gc,heap        ] GC(105) Humongous regions: 0->0
[10.179s][info][gc,metaspace   ] GC(105) Metaspace: 9106K(9344K)->9106K(9344K) NonClass: 8067K(8192K)->8067K(8192K) Class: 1038K(1152K)->1038K(1152K)
[10.179s][info][gc             ] GC(105) Pause Young (Normal) (G1 Evacuation Pause) 382M->4M(634M) 0.997ms
[10.179s][info][gc,cpu         ] GC(105) User=0.00s Sys=0.00s Real=0.00s
[10.254s][info][gc,start       ] GC(106) Pause Young (Normal) (G1 Evacuation Pause)
[10.254s][info][gc,task        ] GC(106) Using 13 workers of 13 for evacuation
[10.255s][info][gc,phases      ] GC(106)   Pre Evacuate Collection Set: 0.1ms
[10.255s][info][gc,phases      ] GC(106)   Merge Heap Roots: 0.1ms
[10.255s][info][gc,phases      ] GC(106)   Evacuate Collection Set: 0.3ms
[10.255s][info][gc,phases      ] GC(106)   Post Evacuate Collection Set: 0.2ms
[10.255s][info][gc,phases      ] GC(106)   Other: 0.0ms
[10.255s][info][gc,heap        ] GC(106) Eden regions: 189->0(189)
[10.255s][info][gc,heap        ] GC(106) Survivor regions: 1->1(24)
[10.255s][info][gc,heap        ] GC(106) Old regions: 7->7
[10.255s][info][gc,heap        ] GC(106) Humongous regions: 0->0
[10.255s][info][gc,metaspace   ] GC(106) Metaspace: 9106K(9344K)->9106K(9344K) NonClass: 8067K(8192K)->8067K(8192K) Class: 1038K(1152K)->1038K(1152K)
[10.255s][info][gc             ] GC(106) Pause Young (Normal) (G1 Evacuation Pause) 382M->4M(634M) 0.913ms
[10.255s][info][gc,cpu         ] GC(106) User=0.00s Sys=0.00s Real=0.00s
[10.324s][info][gc,start       ] GC(107) Pause Young (Normal) (G1 Evacuation Pause)
[10.324s][info][gc,task        ] GC(107) Using 13 workers of 13 for evacuation
[10.325s][info][gc,phases      ] GC(107)   Pre Evacuate Collection Set: 0.1ms
[10.325s][info][gc,phases      ] GC(107)   Merge Heap Roots: 0.1ms
[10.325s][info][gc,phases      ] GC(107)   Evacuate Collection Set: 0.3ms
[10.325s][info][gc,phases      ] GC(107)   Post Evacuate Collection Set: 0.3ms
[10.325s][info][gc,phases      ] GC(107)   Other: 0.0ms
[10.325s][info][gc,heap        ] GC(107) Eden regions: 189->0(189)
[10.325s][info][gc,heap        ] GC(107) Survivor regions: 1->1(24)
[10.325s][info][gc,heap        ] GC(107) Old regions: 7->7
[10.325s][info][gc,heap        ] GC(107) Humongous regions: 0->0
[10.325s][info][gc,metaspace   ] GC(107) Metaspace: 9106K(9344K)->9106K(9344K) NonClass: 8067K(8192K)->8067K(8192K) Class: 1038K(1152K)->1038K(1152K)
[10.325s][info][gc             ] GC(107) Pause Young (Normal) (G1 Evacuation Pause) 382M->4M(634M) 1.101ms
[10.325s][info][gc,cpu         ] GC(107) User=0.00s Sys=0.00s Real=0.00s
[10.396s][info][gc,start       ] GC(108) Pause Young (Normal) (G1 Evacuation Pause)
[10.396s][info][gc,task        ] GC(108) Using 13 workers of 13 for evacuation
[10.397s][info][gc,phases      ] GC(108)   Pre Evacuate Collection Set: 0.1ms
[10.397s][info][gc,phases      ] GC(108)   Merge Heap Roots: 0.1ms
[10.397s][info][gc,phases      ] GC(108)   Evacuate Collection Set: 0.5ms
[10.397s][info][gc,phases      ] GC(108)   Post Evacuate Collection Set: 0.5ms
[10.397s][info][gc,phases      ] GC(108)   Other: 0.0ms
[10.397s][info][gc,heap        ] GC(108) Eden regions: 189->0(189)
[10.397s][info][gc,heap        ] GC(108) Survivor regions: 1->1(24)
[10.397s][info][gc,heap        ] GC(108) Old regions: 7->7
[10.397s][info][gc,heap        ] GC(108) Humongous regions: 0->0
[10.397s][info][gc,metaspace   ] GC(108) Metaspace: 9106K(9344K)->9106K(9344K) NonClass: 8067K(8192K)->8067K(8192K) Class: 1038K(1152K)->1038K(1152K)
[10.397s][info][gc             ] GC(108) Pause Young (Normal) (G1 Evacuation Pause) 382M->4M(634M) 1.474ms
[10.397s][info][gc,cpu         ] GC(108) User=0.00s Sys=0.00s Real=0.00s
[10.466s][info][gc,start       ] GC(109) Pause Young (Normal) (G1 Evacuation Pause)
[10.466s][info][gc,task        ] GC(109) Using 13 workers of 13 for evacuation
[10.467s][info][gc,phases      ] GC(109)   Pre Evacuate Collection Set: 0.1ms
[10.467s][info][gc,phases      ] GC(109)   Merge Heap Roots: 0.1ms
[10.467s][info][gc,phases      ] GC(109)   Evacuate Collection Set: 0.4ms
[10.467s][info][gc,phases      ] GC(109)   Post Evacuate Collection Set: 0.5ms
[10.467s][info][gc,phases      ] GC(109)   Other: 0.1ms
[10.467s][info][gc,heap        ] GC(109) Eden regions: 189->0(189)
[10.467s][info][gc,heap        ] GC(109) Survivor regions: 1->1(24)
[10.467s][info][gc,heap        ] GC(109) Old regions: 7->7
[10.467s][info][gc,heap        ] GC(109) Humongous regions: 0->0
[10.467s][info][gc,metaspace   ] GC(109) Metaspace: 9106K(9344K)->9106K(9344K) NonClass: 8067K(8192K)->8067K(8192K) Class: 1038K(1152K)->1038K(1152K)
[10.467s][info][gc             ] GC(109) Pause Young (Normal) (G1 Evacuation Pause) 382M->4M(634M) 1.419ms
[10.467s][info][gc,cpu         ] GC(109) User=0.00s Sys=0.00s Real=0.00s
[10.535s][info][gc,start       ] GC(110) Pause Young (Normal) (G1 Evacuation Pause)
[10.535s][info][gc,task        ] GC(110) Using 13 workers of 13 for evacuation
[10.536s][info][gc,phases      ] GC(110)   Pre Evacuate Collection Set: 0.1ms
[10.536s][info][gc,phases      ] GC(110)   Merge Heap Roots: 0.1ms
[10.536s][info][gc,phases      ] GC(110)   Evacuate Collection Set: 0.4ms
[10.536s][info][gc,phases      ] GC(110)   Post Evacuate Collection Set: 0.5ms
[10.536s][info][gc,phases      ] GC(110)   Other: 0.0ms
[10.536s][info][gc,heap        ] GC(110) Eden regions: 189->0(189)
[10.536s][info][gc,heap        ] GC(110) Survivor regions: 1->1(24)
[10.536s][info][gc,heap        ] GC(110) Old regions: 7->7
[10.536s][info][gc,heap        ] GC(110) Humongous regions: 0->0
[10.536s][info][gc,metaspace   ] GC(110) Metaspace: 9106K(9344K)->9106K(9344K) NonClass: 8067K(8192K)->8067K(8192K) Class: 1038K(1152K)->1038K(1152K)
[10.536s][info][gc             ] GC(110) Pause Young (Normal) (G1 Evacuation Pause) 382M->4M(634M) 1.379ms
[10.536s][info][gc,cpu         ] GC(110) User=0.00s Sys=0.00s Real=0.00s
[10.604s][info][gc,start       ] GC(111) Pause Young (Normal) (G1 Evacuation Pause)
[10.604s][info][gc,task        ] GC(111) Using 13 workers of 13 for evacuation
[10.606s][info][gc,phases      ] GC(111)   Pre Evacuate Collection Set: 0.1ms
[10.606s][info][gc,phases      ] GC(111)   Merge Heap Roots: 0.1ms
[10.606s][info][gc,phases      ] GC(111)   Evacuate Collection Set: 0.5ms
[10.606s][info][gc,phases      ] GC(111)   Post Evacuate Collection Set: 0.5ms
[10.606s][info][gc,phases      ] GC(111)   Other: 0.0ms
[10.606s][info][gc,heap        ] GC(111) Eden regions: 189->0(189)
[10.606s][info][gc,heap        ] GC(111) Survivor regions: 1->1(24)
[10.606s][info][gc,heap        ] GC(111) Old regions: 7->7
[10.606s][info][gc,heap        ] GC(111) Humongous regions: 0->0
[10.606s][info][gc,metaspace   ] GC(111) Metaspace: 9106K(9344K)->9106K(9344K) NonClass: 8067K(8192K)->8067K(8192K) Class: 1038K(1152K)->1038K(1152K)
[10.606s][info][gc             ] GC(111) Pause Young (Normal) (G1 Evacuation Pause) 382M->4M(634M) 1.442ms
[10.606s][info][gc,cpu         ] GC(111) User=0.00s Sys=0.00s Real=0.00s
[10.674s][info][gc,start       ] GC(112) Pause Young (Normal) (G1 Evacuation Pause)
[10.674s][info][gc,task        ] GC(112) Using 13 workers of 13 for evacuation
[10.676s][info][gc,phases      ] GC(112)   Pre Evacuate Collection Set: 0.2ms
[10.676s][info][gc,phases      ] GC(112)   Merge Heap Roots: 0.1ms
[10.676s][info][gc,phases      ] GC(112)   Evacuate Collection Set: 0.3ms
[10.676s][info][gc,phases      ] GC(112)   Post Evacuate Collection Set: 0.4ms
[10.676s][info][gc,phases      ] GC(112)   Other: 0.1ms
[10.676s][info][gc,heap        ] GC(112) Eden regions: 189->0(189)
[10.676s][info][gc,heap        ] GC(112) Survivor regions: 1->1(24)
[10.676s][info][gc,heap        ] GC(112) Old regions: 7->7
[10.676s][info][gc,heap        ] GC(112) Humongous regions: 0->0
[10.676s][info][gc,metaspace   ] GC(112) Metaspace: 9106K(9344K)->9106K(9344K) NonClass: 8067K(8192K)->8067K(8192K) Class: 1038K(1152K)->1038K(1152K)
[10.676s][info][gc             ] GC(112) Pause Young (Normal) (G1 Evacuation Pause) 382M->4M(634M) 1.282ms
[10.676s][info][gc,cpu         ] GC(112) User=0.01s Sys=0.00s Real=0.00s
[10.744s][info][gc,start       ] GC(113) Pause Young (Normal) (G1 Evacuation Pause)
[10.744s][info][gc,task        ] GC(113) Using 13 workers of 13 for evacuation
[10.745s][info][gc,phases      ] GC(113)   Pre Evacuate Collection Set: 0.2ms
[10.745s][info][gc,phases      ] GC(113)   Merge Heap Roots: 0.1ms
[10.745s][info][gc,phases      ] GC(113)   Evacuate Collection Set: 0.4ms
[10.745s][info][gc,phases      ] GC(113)   Post Evacuate Collection Set: 0.5ms
[10.745s][info][gc,phases      ] GC(113)   Other: 0.1ms
[10.745s][info][gc,heap        ] GC(113) Eden regions: 189->0(189)
[10.745s][info][gc,heap        ] GC(113) Survivor regions: 1->1(24)
[10.745s][info][gc,heap        ] GC(113) Old regions: 7->7
[10.745s][info][gc,heap        ] GC(113) Humongous regions: 0->0
[10.745s][info][gc,metaspace   ] GC(113) Metaspace: 9106K(9344K)->9106K(9344K) NonClass: 8067K(8192K)->8067K(8192K) Class: 1038K(1152K)->1038K(1152K)
[10.745s][info][gc             ] GC(113) Pause Young (Normal) (G1 Evacuation Pause) 382M->4M(634M) 1.592ms
[10.745s][info][gc,cpu         ] GC(113) User=0.01s Sys=0.00s Real=0.00s
[10.814s][info][gc,start       ] GC(114) Pause Young (Normal) (G1 Evacuation Pause)
[10.814s][info][gc,task        ] GC(114) Using 13 workers of 13 for evacuation
[10.815s][info][gc,phases      ] GC(114)   Pre Evacuate Collection Set: 0.1ms
[10.815s][info][gc,phases      ] GC(114)   Merge Heap Roots: 0.1ms
[10.815s][info][gc,phases      ] GC(114)   Evacuate Collection Set: 0.4ms
[10.815s][info][gc,phases      ] GC(114)   Post Evacuate Collection Set: 0.5ms
[10.815s][info][gc,phases      ] GC(114)   Other: 0.1ms
[10.815s][info][gc,heap        ] GC(114) Eden regions: 189->0(189)
[10.815s][info][gc,heap        ] GC(114) Survivor regions: 1->1(24)
[10.815s][info][gc,heap        ] GC(114) Old regions: 7->7
[10.815s][info][gc,heap        ] GC(114) Humongous regions: 0->0
[10.815s][info][gc,metaspace   ] GC(114) Metaspace: 9106K(9344K)->9106K(9344K) NonClass: 8067K(8192K)->8067K(8192K) Class: 1038K(1152K)->1038K(1152K)
[10.815s][info][gc             ] GC(114) Pause Young (Normal) (G1 Evacuation Pause) 382M->4M(634M) 1.297ms
[10.815s][info][gc,cpu         ] GC(114) User=0.00s Sys=0.01s Real=0.00s
[10.884s][info][gc,start       ] GC(115) Pause Young (Normal) (G1 Evacuation Pause)
[10.884s][info][gc,task        ] GC(115) Using 13 workers of 13 for evacuation
[10.886s][info][gc,phases      ] GC(115)   Pre Evacuate Collection Set: 0.2ms
[10.886s][info][gc,phases      ] GC(115)   Merge Heap Roots: 0.1ms
[10.886s][info][gc,phases      ] GC(115)   Evacuate Collection Set: 0.4ms
[10.886s][info][gc,phases      ] GC(115)   Post Evacuate Collection Set: 0.5ms
[10.886s][info][gc,phases      ] GC(115)   Other: 0.1ms
[10.886s][info][gc,heap        ] GC(115) Eden regions: 189->0(189)
[10.886s][info][gc,heap        ] GC(115) Survivor regions: 1->1(24)
[10.886s][info][gc,heap        ] GC(115) Old regions: 7->7
[10.886s][info][gc,heap        ] GC(115) Humongous regions: 0->0
[10.886s][info][gc,metaspace   ] GC(115) Metaspace: 9106K(9344K)->9106K(9344K) NonClass: 8067K(8192K)->8067K(8192K) Class: 1038K(1152K)->1038K(1152K)
[10.886s][info][gc             ] GC(115) Pause Young (Normal) (G1 Evacuation Pause) 382M->4M(634M) 1.650ms
[10.886s][info][gc,cpu         ] GC(115) User=0.00s Sys=0.00s Real=0.00s
[10.955s][info][gc,start       ] GC(116) Pause Young (Normal) (G1 Evacuation Pause)
[10.955s][info][gc,task        ] GC(116) Using 13 workers of 13 for evacuation
[10.956s][info][gc,phases      ] GC(116)   Pre Evacuate Collection Set: 0.1ms
[10.956s][info][gc,phases      ] GC(116)   Merge Heap Roots: 0.1ms
[10.956s][info][gc,phases      ] GC(116)   Evacuate Collection Set: 0.4ms
[10.956s][info][gc,phases      ] GC(116)   Post Evacuate Collection Set: 0.5ms
[10.956s][info][gc,phases      ] GC(116)   Other: 0.1ms
[10.956s][info][gc,heap        ] GC(116) Eden regions: 189->0(189)
[10.956s][info][gc,heap        ] GC(116) Survivor regions: 1->1(24)
[10.956s][info][gc,heap        ] GC(116) Old regions: 7->7
[10.956s][info][gc,heap        ] GC(116) Humongous regions: 0->0
[10.956s][info][gc,metaspace   ] GC(116) Metaspace: 9106K(9344K)->9106K(9344K) NonClass: 8067K(8192K)->8067K(8192K) Class: 1038K(1152K)->1038K(1152K)
[10.956s][info][gc             ] GC(116) Pause Young (Normal) (G1 Evacuation Pause) 382M->4M(634M) 1.384ms
[10.956s][info][gc,cpu         ] GC(116) User=0.00s Sys=0.00s Real=0.00s
[11.026s][info][gc,start       ] GC(117) Pause Young (Normal) (G1 Evacuation Pause)
[11.026s][info][gc,task        ] GC(117) Using 13 workers of 13 for evacuation
[11.027s][info][gc,phases      ] GC(117)   Pre Evacuate Collection Set: 0.1ms
[11.027s][info][gc,phases      ] GC(117)   Merge Heap Roots: 0.1ms
[11.027s][info][gc,phases      ] GC(117)   Evacuate Collection Set: 0.4ms
[11.027s][info][gc,phases      ] GC(117)   Post Evacuate Collection Set: 0.4ms
[11.027s][info][gc,phases      ] GC(117)   Other: 0.1ms
[11.028s][info][gc,heap        ] GC(117) Eden regions: 189->0(189)
[11.028s][info][gc,heap        ] GC(117) Survivor regions: 1->1(24)
[11.028s][info][gc,heap        ] GC(117) Old regions: 7->7
[11.028s][info][gc,heap        ] GC(117) Humongous regions: 0->0
[11.028s][info][gc,metaspace   ] GC(117) Metaspace: 9106K(9344K)->9106K(9344K) NonClass: 8067K(8192K)->8067K(8192K) Class: 1038K(1152K)->1038K(1152K)
[11.028s][info][gc             ] GC(117) Pause Young (Normal) (G1 Evacuation Pause) 382M->4M(634M) 1.217ms
[11.028s][info][gc,cpu         ] GC(117) User=0.01s Sys=0.00s Real=0.00s
[11.096s][info][gc,start       ] GC(118) Pause Young (Normal) (G1 Evacuation Pause)
[11.096s][info][gc,task        ] GC(118) Using 13 workers of 13 for evacuation
[11.098s][info][gc,phases      ] GC(118)   Pre Evacuate Collection Set: 0.1ms
[11.098s][info][gc,phases      ] GC(118)   Merge Heap Roots: 0.1ms
[11.098s][info][gc,phases      ] GC(118)   Evacuate Collection Set: 0.4ms
[11.098s][info][gc,phases      ] GC(118)   Post Evacuate Collection Set: 0.4ms
[11.098s][info][gc,phases      ] GC(118)   Other: 0.1ms
[11.098s][info][gc,heap        ] GC(118) Eden regions: 189->0(189)
[11.098s][info][gc,heap        ] GC(118) Survivor regions: 1->1(24)
[11.098s][info][gc,heap        ] GC(118) Old regions: 7->7
[11.098s][info][gc,heap        ] GC(118) Humongous regions: 0->0
[11.098s][info][gc,metaspace   ] GC(118) Metaspace: 9106K(9344K)->9106K(9344K) NonClass: 8067K(8192K)->8067K(8192K) Class: 1038K(1152K)->1038K(1152K)
[11.098s][info][gc             ] GC(118) Pause Young (Normal) (G1 Evacuation Pause) 382M->4M(634M) 1.234ms
[11.098s][info][gc,cpu         ] GC(118) User=0.00s Sys=0.00s Real=0.00s
[11.179s][info][gc,start       ] GC(119) Pause Young (Normal) (G1 Evacuation Pause)
[11.179s][info][gc,task        ] GC(119) Using 13 workers of 13 for evacuation
[11.180s][info][gc,phases      ] GC(119)   Pre Evacuate Collection Set: 0.1ms
[11.180s][info][gc,phases      ] GC(119)   Merge Heap Roots: 0.1ms
[11.180s][info][gc,phases      ] GC(119)   Evacuate Collection Set: 0.3ms
[11.180s][info][gc,phases      ] GC(119)   Post Evacuate Collection Set: 0.3ms
[11.180s][info][gc,phases      ] GC(119)   Other: 0.1ms
[11.180s][info][gc,heap        ] GC(119) Eden regions: 189->0(189)
[11.180s][info][gc,heap        ] GC(119) Survivor regions: 1->1(24)
[11.180s][info][gc,heap        ] GC(119) Old regions: 7->7
[11.180s][info][gc,heap        ] GC(119) Humongous regions: 0->0
[11.180s][info][gc,metaspace   ] GC(119) Metaspace: 9106K(9344K)->9106K(9344K) NonClass: 8067K(8192K)->8067K(8192K) Class: 1038K(1152K)->1038K(1152K)
[11.180s][info][gc             ] GC(119) Pause Young (Normal) (G1 Evacuation Pause) 382M->4M(634M) 0.936ms
[11.180s][info][gc,cpu         ] GC(119) User=0.01s Sys=0.00s Real=0.01s
[11.252s][info][gc,start       ] GC(120) Pause Young (Normal) (G1 Evacuation Pause)
[11.252s][info][gc,task        ] GC(120) Using 13 workers of 13 for evacuation
[11.254s][info][gc,phases      ] GC(120)   Pre Evacuate Collection Set: 0.1ms
[11.254s][info][gc,phases      ] GC(120)   Merge Heap Roots: 0.1ms
[11.254s][info][gc,phases      ] GC(120)   Evacuate Collection Set: 0.4ms
[11.254s][info][gc,phases      ] GC(120)   Post Evacuate Collection Set: 0.5ms
[11.254s][info][gc,phases      ] GC(120)   Other: 0.1ms
[11.254s][info][gc,heap        ] GC(120) Eden regions: 189->0(189)
[11.254s][info][gc,heap        ] GC(120) Survivor regions: 1->1(24)
[11.254s][info][gc,heap        ] GC(120) Old regions: 7->7
[11.254s][info][gc,heap        ] GC(120) Humongous regions: 0->0
[11.254s][info][gc,metaspace   ] GC(120) Metaspace: 9106K(9344K)->9106K(9344K) NonClass: 8067K(8192K)->8067K(8192K) Class: 1038K(1152K)->1038K(1152K)
[11.254s][info][gc             ] GC(120) Pause Young (Normal) (G1 Evacuation Pause) 382M->4M(634M) 1.383ms
[11.254s][info][gc,cpu         ] GC(120) User=0.00s Sys=0.00s Real=0.00s
[11.325s][info][gc,start       ] GC(121) Pause Young (Normal) (G1 Evacuation Pause)
[11.325s][info][gc,task        ] GC(121) Using 13 workers of 13 for evacuation
[11.326s][info][gc,phases      ] GC(121)   Pre Evacuate Collection Set: 0.1ms
[11.326s][info][gc,phases      ] GC(121)   Merge Heap Roots: 0.1ms
[11.326s][info][gc,phases      ] GC(121)   Evacuate Collection Set: 0.5ms
[11.326s][info][gc,phases      ] GC(121)   Post Evacuate Collection Set: 0.5ms
[11.326s][info][gc,phases      ] GC(121)   Other: 0.1ms
[11.326s][info][gc,heap        ] GC(121) Eden regions: 189->0(189)
[11.326s][info][gc,heap        ] GC(121) Survivor regions: 1->1(24)
[11.326s][info][gc,heap        ] GC(121) Old regions: 7->7
[11.326s][info][gc,heap        ] GC(121) Humongous regions: 0->0
[11.326s][info][gc,metaspace   ] GC(121) Metaspace: 9106K(9344K)->9106K(9344K) NonClass: 8067K(8192K)->8067K(8192K) Class: 1038K(1152K)->1038K(1152K)
[11.326s][info][gc             ] GC(121) Pause Young (Normal) (G1 Evacuation Pause) 382M->4M(634M) 1.507ms
[11.326s][info][gc,cpu         ] GC(121) User=0.01s Sys=0.01s Real=0.00s
[11.396s][info][gc,start       ] GC(122) Pause Young (Normal) (G1 Evacuation Pause)
[11.396s][info][gc,task        ] GC(122) Using 13 workers of 13 for evacuation
[11.397s][info][gc,phases      ] GC(122)   Pre Evacuate Collection Set: 0.1ms
[11.397s][info][gc,phases      ] GC(122)   Merge Heap Roots: 0.1ms
[11.397s][info][gc,phases      ] GC(122)   Evacuate Collection Set: 0.4ms
[11.397s][info][gc,phases      ] GC(122)   Post Evacuate Collection Set: 0.5ms
[11.397s][info][gc,phases      ] GC(122)   Other: 0.0ms
[11.397s][info][gc,heap        ] GC(122) Eden regions: 189->0(189)
[11.397s][info][gc,heap        ] GC(122) Survivor regions: 1->1(24)
[11.397s][info][gc,heap        ] GC(122) Old regions: 7->7
[11.397s][info][gc,heap        ] GC(122) Humongous regions: 0->0
[11.397s][info][gc,metaspace   ] GC(122) Metaspace: 9106K(9344K)->9106K(9344K) NonClass: 8067K(8192K)->8067K(8192K) Class: 1038K(1152K)->1038K(1152K)
[11.397s][info][gc             ] GC(122) Pause Young (Normal) (G1 Evacuation Pause) 382M->4M(634M) 1.438ms
[11.397s][info][gc,cpu         ] GC(122) User=0.00s Sys=0.00s Real=0.00s
[11.468s][info][gc,start       ] GC(123) Pause Young (Normal) (G1 Evacuation Pause)
[11.468s][info][gc,task        ] GC(123) Using 13 workers of 13 for evacuation
[11.469s][info][gc,phases      ] GC(123)   Pre Evacuate Collection Set: 0.1ms
[11.469s][info][gc,phases      ] GC(123)   Merge Heap Roots: 0.1ms
[11.469s][info][gc,phases      ] GC(123)   Evacuate Collection Set: 0.3ms
[11.469s][info][gc,phases      ] GC(123)   Post Evacuate Collection Set: 0.4ms
[11.469s][info][gc,phases      ] GC(123)   Other: 0.1ms
[11.469s][info][gc,heap        ] GC(123) Eden regions: 189->0(189)
[11.469s][info][gc,heap        ] GC(123) Survivor regions: 1->1(24)
[11.469s][info][gc,heap        ] GC(123) Old regions: 7->7
[11.469s][info][gc,heap        ] GC(123) Humongous regions: 0->0
[11.469s][info][gc,metaspace   ] GC(123) Metaspace: 9106K(9344K)->9106K(9344K) NonClass: 8067K(8192K)->8067K(8192K) Class: 1038K(1152K)->1038K(1152K)
[11.469s][info][gc             ] GC(123) Pause Young (Normal) (G1 Evacuation Pause) 382M->4M(634M) 1.211ms
[11.469s][info][gc,cpu         ] GC(123) User=0.00s Sys=0.00s Real=0.00s
[11.537s][info][gc,start       ] GC(124) Pause Young (Normal) (G1 Evacuation Pause)
[11.537s][info][gc,task        ] GC(124) Using 13 workers of 13 for evacuation
[11.538s][info][gc,phases      ] GC(124)   Pre Evacuate Collection Set: 0.1ms
[11.538s][info][gc,phases      ] GC(124)   Merge Heap Roots: 0.1ms
[11.538s][info][gc,phases      ] GC(124)   Evacuate Collection Set: 0.4ms
[11.538s][info][gc,phases      ] GC(124)   Post Evacuate Collection Set: 0.5ms
[11.538s][info][gc,phases      ] GC(124)   Other: 0.1ms
[11.538s][info][gc,heap        ] GC(124) Eden regions: 189->0(189)
[11.538s][info][gc,heap        ] GC(124) Survivor regions: 1->1(24)
[11.538s][info][gc,heap        ] GC(124) Old regions: 7->7
[11.538s][info][gc,heap        ] GC(124) Humongous regions: 0->0
[11.538s][info][gc,metaspace   ] GC(124) Metaspace: 9106K(9344K)->9106K(9344K) NonClass: 8067K(8192K)->8067K(8192K) Class: 1038K(1152K)->1038K(1152K)
[11.538s][info][gc             ] GC(124) Pause Young (Normal) (G1 Evacuation Pause) 382M->4M(634M) 1.362ms
[11.538s][info][gc,cpu         ] GC(124) User=0.00s Sys=0.00s Real=0.00s
[11.611s][info][gc,start       ] GC(125) Pause Young (Normal) (G1 Evacuation Pause)
[11.611s][info][gc,task        ] GC(125) Using 13 workers of 13 for evacuation
[11.613s][info][gc,phases      ] GC(125)   Pre Evacuate Collection Set: 0.1ms
[11.613s][info][gc,phases      ] GC(125)   Merge Heap Roots: 0.1ms
[11.613s][info][gc,phases      ] GC(125)   Evacuate Collection Set: 0.5ms
[11.613s][info][gc,phases      ] GC(125)   Post Evacuate Collection Set: 0.5ms
[11.613s][info][gc,phases      ] GC(125)   Other: 0.1ms
[11.613s][info][gc,heap        ] GC(125) Eden regions: 189->0(189)
[11.613s][info][gc,heap        ] GC(125) Survivor regions: 1->1(24)
[11.613s][info][gc,heap        ] GC(125) Old regions: 7->7
[11.613s][info][gc,heap        ] GC(125) Humongous regions: 0->0
[11.613s][info][gc,metaspace   ] GC(125) Metaspace: 9106K(9344K)->9106K(9344K) NonClass: 8067K(8192K)->8067K(8192K) Class: 1038K(1152K)->1038K(1152K)
[11.613s][info][gc             ] GC(125) Pause Young (Normal) (G1 Evacuation Pause) 382M->4M(634M) 1.412ms
[11.613s][info][gc,cpu         ] GC(125) User=0.00s Sys=0.00s Real=0.00s
[11.682s][info][gc,start       ] GC(126) Pause Young (Normal) (G1 Evacuation Pause)
[11.682s][info][gc,task        ] GC(126) Using 13 workers of 13 for evacuation
[11.683s][info][gc,phases      ] GC(126)   Pre Evacuate Collection Set: 0.1ms
[11.684s][info][gc,phases      ] GC(126)   Merge Heap Roots: 0.1ms
[11.684s][info][gc,phases      ] GC(126)   Evacuate Collection Set: 0.4ms
[11.684s][info][gc,phases      ] GC(126)   Post Evacuate Collection Set: 0.5ms
[11.684s][info][gc,phases      ] GC(126)   Other: 0.1ms
[11.684s][info][gc,heap        ] GC(126) Eden regions: 189->0(189)
[11.684s][info][gc,heap        ] GC(126) Survivor regions: 1->1(24)
[11.684s][info][gc,heap        ] GC(126) Old regions: 7->7
[11.684s][info][gc,heap        ] GC(126) Humongous regions: 0->0
[11.684s][info][gc,metaspace   ] GC(126) Metaspace: 9106K(9344K)->9106K(9344K) NonClass: 8067K(8192K)->8067K(8192K) Class: 1038K(1152K)->1038K(1152K)
[11.684s][info][gc             ] GC(126) Pause Young (Normal) (G1 Evacuation Pause) 382M->4M(634M) 1.400ms
[11.684s][info][gc,cpu         ] GC(126) User=0.00s Sys=0.00s Real=0.00s
[11.758s][info][gc,start       ] GC(127) Pause Young (Normal) (G1 Evacuation Pause)
[11.758s][info][gc,task        ] GC(127) Using 13 workers of 13 for evacuation
[11.759s][info][gc,phases      ] GC(127)   Pre Evacuate Collection Set: 0.1ms
[11.759s][info][gc,phases      ] GC(127)   Merge Heap Roots: 0.1ms
[11.759s][info][gc,phases      ] GC(127)   Evacuate Collection Set: 0.3ms
[11.759s][info][gc,phases      ] GC(127)   Post Evacuate Collection Set: 0.4ms
[11.759s][info][gc,phases      ] GC(127)   Other: 0.1ms
[11.759s][info][gc,heap        ] GC(127) Eden regions: 189->0(189)
[11.759s][info][gc,heap        ] GC(127) Survivor regions: 1->1(24)
[11.759s][info][gc,heap        ] GC(127) Old regions: 7->7
[11.759s][info][gc,heap        ] GC(127) Humongous regions: 0->0
[11.759s][info][gc,metaspace   ] GC(127) Metaspace: 9106K(9344K)->9106K(9344K) NonClass: 8067K(8192K)->8067K(8192K) Class: 1038K(1152K)->1038K(1152K)
[11.759s][info][gc             ] GC(127) Pause Young (Normal) (G1 Evacuation Pause) 382M->4M(634M) 1.094ms
[11.759s][info][gc,cpu         ] GC(127) User=0.00s Sys=0.00s Real=0.00s
[11.829s][info][gc,start       ] GC(128) Pause Young (Normal) (G1 Evacuation Pause)
[11.829s][info][gc,task        ] GC(128) Using 13 workers of 13 for evacuation
[11.831s][info][gc,phases      ] GC(128)   Pre Evacuate Collection Set: 0.1ms
[11.831s][info][gc,phases      ] GC(128)   Merge Heap Roots: 0.1ms
[11.831s][info][gc,phases      ] GC(128)   Evacuate Collection Set: 0.4ms
[11.831s][info][gc,phases      ] GC(128)   Post Evacuate Collection Set: 0.5ms
[11.831s][info][gc,phases      ] GC(128)   Other: 0.0ms
[11.831s][info][gc,heap        ] GC(128) Eden regions: 189->0(189)
[11.831s][info][gc,heap        ] GC(128) Survivor regions: 1->1(24)
[11.831s][info][gc,heap        ] GC(128) Old regions: 7->7
[11.831s][info][gc,heap        ] GC(128) Humongous regions: 0->0
[11.831s][info][gc,metaspace   ] GC(128) Metaspace: 9106K(9344K)->9106K(9344K) NonClass: 8067K(8192K)->8067K(8192K) Class: 1038K(1152K)->1038K(1152K)
[11.831s][info][gc             ] GC(128) Pause Young (Normal) (G1 Evacuation Pause) 382M->4M(634M) 1.346ms
[11.831s][info][gc,cpu         ] GC(128) User=0.01s Sys=0.00s Real=0.01s
[11.901s][info][gc,start       ] GC(129) Pause Young (Normal) (G1 Evacuation Pause)
[11.901s][info][gc,task        ] GC(129) Using 13 workers of 13 for evacuation
[11.902s][info][gc,phases      ] GC(129)   Pre Evacuate Collection Set: 0.1ms
[11.902s][info][gc,phases      ] GC(129)   Merge Heap Roots: 0.1ms
[11.902s][info][gc,phases      ] GC(129)   Evacuate Collection Set: 0.5ms
[11.902s][info][gc,phases      ] GC(129)   Post Evacuate Collection Set: 0.5ms
[11.902s][info][gc,phases      ] GC(129)   Other: 0.0ms
[11.902s][info][gc,heap        ] GC(129) Eden regions: 189->0(189)
[11.902s][info][gc,heap        ] GC(129) Survivor regions: 1->1(24)
[11.902s][info][gc,heap        ] GC(129) Old regions: 7->7
[11.902s][info][gc,heap        ] GC(129) Humongous regions: 0->0
[11.902s][info][gc,metaspace   ] GC(129) Metaspace: 9106K(9344K)->9106K(9344K) NonClass: 8067K(8192K)->8067K(8192K) Class: 1038K(1152K)->1038K(1152K)
[11.902s][info][gc             ] GC(129) Pause Young (Normal) (G1 Evacuation Pause) 382M->4M(634M) 1.481ms
[11.902s][info][gc,cpu         ] GC(129) User=0.00s Sys=0.00s Real=0.00s
[11.974s][info][gc,start       ] GC(130) Pause Young (Normal) (G1 Evacuation Pause)
[11.974s][info][gc,task        ] GC(130) Using 13 workers of 13 for evacuation
[11.976s][info][gc,phases      ] GC(130)   Pre Evacuate Collection Set: 0.1ms
[11.976s][info][gc,phases      ] GC(130)   Merge Heap Roots: 0.1ms
[11.976s][info][gc,phases      ] GC(130)   Evacuate Collection Set: 0.4ms
[11.976s][info][gc,phases      ] GC(130)   Post Evacuate Collection Set: 0.5ms
[11.976s][info][gc,phases      ] GC(130)   Other: 0.1ms
[11.976s][info][gc,heap        ] GC(130) Eden regions: 189->0(189)
[11.976s][info][gc,heap        ] GC(130) Survivor regions: 1->1(24)
[11.976s][info][gc,heap        ] GC(130) Old regions: 7->7
[11.976s][info][gc,heap        ] GC(130) Humongous regions: 0->0
[11.976s][info][gc,metaspace   ] GC(130) Metaspace: 9106K(9344K)->9106K(9344K) NonClass: 8067K(8192K)->8067K(8192K) Class: 1038K(1152K)->1038K(1152K)
[11.976s][info][gc             ] GC(130) Pause Young (Normal) (G1 Evacuation Pause) 382M->4M(634M) 1.411ms
[11.976s][info][gc,cpu         ] GC(130) User=0.01s Sys=0.00s Real=0.00s
[12.045s][info][gc,start       ] GC(131) Pause Young (Normal) (G1 Evacuation Pause)
[12.045s][info][gc,task        ] GC(131) Using 13 workers of 13 for evacuation
[12.046s][info][gc,phases      ] GC(131)   Pre Evacuate Collection Set: 0.1ms
[12.046s][info][gc,phases      ] GC(131)   Merge Heap Roots: 0.1ms
[12.046s][info][gc,phases      ] GC(131)   Evacuate Collection Set: 0.5ms
[12.046s][info][gc,phases      ] GC(131)   Post Evacuate Collection Set: 0.5ms
[12.046s][info][gc,phases      ] GC(131)   Other: 0.1ms
[12.046s][info][gc,heap        ] GC(131) Eden regions: 189->0(189)
[12.046s][info][gc,heap        ] GC(131) Survivor regions: 1->1(24)
[12.046s][info][gc,heap        ] GC(131) Old regions: 7->7
[12.046s][info][gc,heap        ] GC(131) Humongous regions: 0->0
[12.046s][info][gc,metaspace   ] GC(131) Metaspace: 9106K(9344K)->9106K(9344K) NonClass: 8067K(8192K)->8067K(8192K) Class: 1038K(1152K)->1038K(1152K)
[12.046s][info][gc             ] GC(131) Pause Young (Normal) (G1 Evacuation Pause) 382M->4M(634M) 1.446ms
[12.046s][info][gc,cpu         ] GC(131) User=0.00s Sys=0.00s Real=0.00s
[12.115s][info][gc,start       ] GC(132) Pause Young (Normal) (G1 Evacuation Pause)
[12.115s][info][gc,task        ] GC(132) Using 13 workers of 13 for evacuation
[12.116s][info][gc,phases      ] GC(132)   Pre Evacuate Collection Set: 0.1ms
[12.116s][info][gc,phases      ] GC(132)   Merge Heap Roots: 0.1ms
[12.116s][info][gc,phases      ] GC(132)   Evacuate Collection Set: 0.4ms
[12.116s][info][gc,phases      ] GC(132)   Post Evacuate Collection Set: 0.4ms
[12.116s][info][gc,phases      ] GC(132)   Other: 0.1ms
[12.116s][info][gc,heap        ] GC(132) Eden regions: 189->0(189)
[12.116s][info][gc,heap        ] GC(132) Survivor regions: 1->1(24)
[12.116s][info][gc,heap        ] GC(132) Old regions: 7->7
[12.116s][info][gc,heap        ] GC(132) Humongous regions: 0->0
[12.116s][info][gc,metaspace   ] GC(132) Metaspace: 9106K(9344K)->9106K(9344K) NonClass: 8067K(8192K)->8067K(8192K) Class: 1038K(1152K)->1038K(1152K)
[12.116s][info][gc             ] GC(132) Pause Young (Normal) (G1 Evacuation Pause) 382M->4M(634M) 1.234ms
[12.116s][info][gc,cpu         ] GC(132) User=0.00s Sys=0.00s Real=0.00s
[12.186s][info][gc,start       ] GC(133) Pause Young (Normal) (G1 Evacuation Pause)
[12.186s][info][gc,task        ] GC(133) Using 13 workers of 13 for evacuation
[12.187s][info][gc,phases      ] GC(133)   Pre Evacuate Collection Set: 0.1ms
[12.187s][info][gc,phases      ] GC(133)   Merge Heap Roots: 0.1ms
[12.187s][info][gc,phases      ] GC(133)   Evacuate Collection Set: 0.4ms
[12.187s][info][gc,phases      ] GC(133)   Post Evacuate Collection Set: 0.4ms
[12.187s][info][gc,phases      ] GC(133)   Other: 0.1ms
[12.187s][info][gc,heap        ] GC(133) Eden regions: 189->0(189)
[12.187s][info][gc,heap        ] GC(133) Survivor regions: 1->1(24)
[12.187s][info][gc,heap        ] GC(133) Old regions: 7->7
[12.187s][info][gc,heap        ] GC(133) Humongous regions: 0->0
[12.187s][info][gc,metaspace   ] GC(133) Metaspace: 9106K(9344K)->9106K(9344K) NonClass: 8067K(8192K)->8067K(8192K) Class: 1038K(1152K)->1038K(1152K)
[12.187s][info][gc             ] GC(133) Pause Young (Normal) (G1 Evacuation Pause) 382M->4M(634M) 1.317ms
[12.187s][info][gc,cpu         ] GC(133) User=0.00s Sys=0.00s Real=0.00s
[12.257s][info][gc,start       ] GC(134) Pause Young (Normal) (G1 Evacuation Pause)
[12.257s][info][gc,task        ] GC(134) Using 13 workers of 13 for evacuation
[12.258s][info][gc,phases      ] GC(134)   Pre Evacuate Collection Set: 0.2ms
[12.258s][info][gc,phases      ] GC(134)   Merge Heap Roots: 0.2ms
[12.258s][info][gc,phases      ] GC(134)   Evacuate Collection Set: 0.4ms
[12.258s][info][gc,phases      ] GC(134)   Post Evacuate Collection Set: 0.5ms
[12.258s][info][gc,phases      ] GC(134)   Other: 0.0ms
[12.258s][info][gc,heap        ] GC(134) Eden regions: 189->0(189)
[12.258s][info][gc,heap        ] GC(134) Survivor regions: 1->1(24)
[12.258s][info][gc,heap        ] GC(134) Old regions: 7->7
[12.259s][info][gc,heap        ] GC(134) Humongous regions: 0->0
[12.259s][info][gc,metaspace   ] GC(134) Metaspace: 9106K(9344K)->9106K(9344K) NonClass: 8067K(8192K)->8067K(8192K) Class: 1038K(1152K)->1038K(1152K)
[12.259s][info][gc             ] GC(134) Pause Young (Normal) (G1 Evacuation Pause) 382M->4M(634M) 1.443ms
[12.259s][info][gc,cpu         ] GC(134) User=0.00s Sys=0.00s Real=0.00s
[12.333s][info][gc,start       ] GC(135) Pause Young (Normal) (G1 Evacuation Pause)
[12.333s][info][gc,task        ] GC(135) Using 13 workers of 13 for evacuation
[12.334s][info][gc,phases      ] GC(135)   Pre Evacuate Collection Set: 0.1ms
[12.334s][info][gc,phases      ] GC(135)   Merge Heap Roots: 0.1ms
[12.334s][info][gc,phases      ] GC(135)   Evacuate Collection Set: 0.5ms
[12.334s][info][gc,phases      ] GC(135)   Post Evacuate Collection Set: 0.5ms
[12.334s][info][gc,phases      ] GC(135)   Other: 0.1ms
[12.334s][info][gc,heap        ] GC(135) Eden regions: 189->0(189)
[12.334s][info][gc,heap        ] GC(135) Survivor regions: 1->1(24)
[12.334s][info][gc,heap        ] GC(135) Old regions: 7->7
[12.334s][info][gc,heap        ] GC(135) Humongous regions: 0->0
[12.334s][info][gc,metaspace   ] GC(135) Metaspace: 9106K(9344K)->9106K(9344K) NonClass: 8067K(8192K)->8067K(8192K) Class: 1038K(1152K)->1038K(1152K)
[12.334s][info][gc             ] GC(135) Pause Young (Normal) (G1 Evacuation Pause) 382M->4M(634M) 1.492ms
[12.334s][info][gc,cpu         ] GC(135) User=0.01s Sys=0.00s Real=0.00s
[12.408s][info][gc,start       ] GC(136) Pause Young (Normal) (G1 Evacuation Pause)
[12.409s][info][gc,task        ] GC(136) Using 13 workers of 13 for evacuation
[12.410s][info][gc,phases      ] GC(136)   Pre Evacuate Collection Set: 0.1ms
[12.410s][info][gc,phases      ] GC(136)   Merge Heap Roots: 0.1ms
[12.410s][info][gc,phases      ] GC(136)   Evacuate Collection Set: 0.4ms
[12.410s][info][gc,phases      ] GC(136)   Post Evacuate Collection Set: 0.4ms
[12.410s][info][gc,phases      ] GC(136)   Other: 0.0ms
[12.410s][info][gc,heap        ] GC(136) Eden regions: 189->0(189)
[12.410s][info][gc,heap        ] GC(136) Survivor regions: 1->1(24)
[12.410s][info][gc,heap        ] GC(136) Old regions: 7->7
[12.410s][info][gc,heap        ] GC(136) Humongous regions: 0->0
[12.410s][info][gc,metaspace   ] GC(136) Metaspace: 9106K(9344K)->9106K(9344K) NonClass: 8067K(8192K)->8067K(8192K) Class: 1038K(1152K)->1038K(1152K)
[12.410s][info][gc             ] GC(136) Pause Young (Normal) (G1 Evacuation Pause) 382M->4M(634M) 1.229ms
[12.410s][info][gc,cpu         ] GC(136) User=0.01s Sys=0.00s Real=0.00s
[12.480s][info][gc,start       ] GC(137) Pause Young (Normal) (G1 Evacuation Pause)
[12.480s][info][gc,task        ] GC(137) Using 13 workers of 13 for evacuation
[12.481s][info][gc,phases      ] GC(137)   Pre Evacuate Collection Set: 0.1ms
[12.481s][info][gc,phases      ] GC(137)   Merge Heap Roots: 0.1ms
[12.481s][info][gc,phases      ] GC(137)   Evacuate Collection Set: 0.5ms
[12.481s][info][gc,phases      ] GC(137)   Post Evacuate Collection Set: 0.5ms
[12.481s][info][gc,phases      ] GC(137)   Other: 0.0ms
[12.481s][info][gc,heap        ] GC(137) Eden regions: 189->0(189)
[12.481s][info][gc,heap        ] GC(137) Survivor regions: 1->1(24)
[12.481s][info][gc,heap        ] GC(137) Old regions: 7->7
[12.481s][info][gc,heap        ] GC(137) Humongous regions: 0->0
[12.481s][info][gc,metaspace   ] GC(137) Metaspace: 9106K(9344K)->9106K(9344K) NonClass: 8067K(8192K)->8067K(8192K) Class: 1038K(1152K)->1038K(1152K)
[12.481s][info][gc             ] GC(137) Pause Young (Normal) (G1 Evacuation Pause) 382M->4M(634M) 1.401ms
[12.481s][info][gc,cpu         ] GC(137) User=0.00s Sys=0.00s Real=0.00s
[12.551s][info][gc,start       ] GC(138) Pause Young (Normal) (G1 Evacuation Pause)
[12.551s][info][gc,task        ] GC(138) Using 13 workers of 13 for evacuation
[12.552s][info][gc,phases      ] GC(138)   Pre Evacuate Collection Set: 0.1ms
[12.552s][info][gc,phases      ] GC(138)   Merge Heap Roots: 0.1ms
[12.552s][info][gc,phases      ] GC(138)   Evacuate Collection Set: 0.5ms
[12.552s][info][gc,phases      ] GC(138)   Post Evacuate Collection Set: 0.4ms
[12.552s][info][gc,phases      ] GC(138)   Other: 0.1ms
[12.552s][info][gc,heap        ] GC(138) Eden regions: 189->0(189)
[12.552s][info][gc,heap        ] GC(138) Survivor regions: 1->1(24)
[12.552s][info][gc,heap        ] GC(138) Old regions: 7->7
[12.552s][info][gc,heap        ] GC(138) Humongous regions: 0->0
[12.552s][info][gc,metaspace   ] GC(138) Metaspace: 9106K(9344K)->9106K(9344K) NonClass: 8067K(8192K)->8067K(8192K) Class: 1038K(1152K)->1038K(1152K)
[12.552s][info][gc             ] GC(138) Pause Young (Normal) (G1 Evacuation Pause) 382M->4M(634M) 1.431ms
[12.552s][info][gc,cpu         ] GC(138) User=0.01s Sys=0.00s Real=0.00s
[12.622s][info][gc,start       ] GC(139) Pause Young (Normal) (G1 Evacuation Pause)
[12.622s][info][gc,task        ] GC(139) Using 13 workers of 13 for evacuation
[12.623s][info][gc,phases      ] GC(139)   Pre Evacuate Collection Set: 0.1ms
[12.623s][info][gc,phases      ] GC(139)   Merge Heap Roots: 0.1ms
[12.623s][info][gc,phases      ] GC(139)   Evacuate Collection Set: 0.5ms
[12.623s][info][gc,phases      ] GC(139)   Post Evacuate Collection Set: 0.5ms
[12.623s][info][gc,phases      ] GC(139)   Other: 0.1ms
[12.623s][info][gc,heap        ] GC(139) Eden regions: 189->0(189)
[12.623s][info][gc,heap        ] GC(139) Survivor regions: 1->1(24)
[12.623s][info][gc,heap        ] GC(139) Old regions: 7->7
[12.623s][info][gc,heap        ] GC(139) Humongous regions: 0->0
[12.623s][info][gc,metaspace   ] GC(139) Metaspace: 9106K(9344K)->9106K(9344K) NonClass: 8067K(8192K)->8067K(8192K) Class: 1038K(1152K)->1038K(1152K)
[12.623s][info][gc             ] GC(139) Pause Young (Normal) (G1 Evacuation Pause) 382M->4M(634M) 1.424ms
[12.623s][info][gc,cpu         ] GC(139) User=0.01s Sys=0.00s Real=0.00s
[12.691s][info][gc,start       ] GC(140) Pause Young (Normal) (G1 Evacuation Pause)
[12.691s][info][gc,task        ] GC(140) Using 13 workers of 13 for evacuation
[12.692s][info][gc,phases      ] GC(140)   Pre Evacuate Collection Set: 0.1ms
[12.692s][info][gc,phases      ] GC(140)   Merge Heap Roots: 0.1ms
[12.692s][info][gc,phases      ] GC(140)   Evacuate Collection Set: 0.4ms
[12.692s][info][gc,phases      ] GC(140)   Post Evacuate Collection Set: 0.4ms
[12.692s][info][gc,phases      ] GC(140)   Other: 0.1ms
[12.692s][info][gc,heap        ] GC(140) Eden regions: 189->0(189)
[12.692s][info][gc,heap        ] GC(140) Survivor regions: 1->1(24)
[12.692s][info][gc,heap        ] GC(140) Old regions: 7->7
[12.692s][info][gc,heap        ] GC(140) Humongous regions: 0->0
[12.692s][info][gc,metaspace   ] GC(140) Metaspace: 9106K(9344K)->9106K(9344K) NonClass: 8067K(8192K)->8067K(8192K) Class: 1038K(1152K)->1038K(1152K)
[12.692s][info][gc             ] GC(140) Pause Young (Normal) (G1 Evacuation Pause) 382M->4M(634M) 1.241ms
[12.692s][info][gc,cpu         ] GC(140) User=0.00s Sys=0.00s Real=0.00s
[12.762s][info][gc,start       ] GC(141) Pause Young (Normal) (G1 Evacuation Pause)
[12.762s][info][gc,task        ] GC(141) Using 13 workers of 13 for evacuation
[12.763s][info][gc,phases      ] GC(141)   Pre Evacuate Collection Set: 0.1ms
[12.763s][info][gc,phases      ] GC(141)   Merge Heap Roots: 0.1ms
[12.763s][info][gc,phases      ] GC(141)   Evacuate Collection Set: 0.5ms
[12.763s][info][gc,phases      ] GC(141)   Post Evacuate Collection Set: 0.5ms
[12.763s][info][gc,phases      ] GC(141)   Other: 0.1ms
[12.763s][info][gc,heap        ] GC(141) Eden regions: 189->0(189)
[12.763s][info][gc,heap        ] GC(141) Survivor regions: 1->1(24)
[12.763s][info][gc,heap        ] GC(141) Old regions: 7->7
[12.763s][info][gc,heap        ] GC(141) Humongous regions: 0->0
[12.763s][info][gc,metaspace   ] GC(141) Metaspace: 9106K(9344K)->9106K(9344K) NonClass: 8067K(8192K)->8067K(8192K) Class: 1038K(1152K)->1038K(1152K)
[12.763s][info][gc             ] GC(141) Pause Young (Normal) (G1 Evacuation Pause) 382M->4M(634M) 1.472ms
[12.763s][info][gc,cpu         ] GC(141) User=0.00s Sys=0.00s Real=0.00s
[12.832s][info][gc,start       ] GC(142) Pause Young (Normal) (G1 Evacuation Pause)
[12.832s][info][gc,task        ] GC(142) Using 13 workers of 13 for evacuation
[12.833s][info][gc,phases      ] GC(142)   Pre Evacuate Collection Set: 0.1ms
[12.833s][info][gc,phases      ] GC(142)   Merge Heap Roots: 0.1ms
[12.833s][info][gc,phases      ] GC(142)   Evacuate Collection Set: 0.4ms
[12.833s][info][gc,phases      ] GC(142)   Post Evacuate Collection Set: 0.6ms
[12.833s][info][gc,phases      ] GC(142)   Other: 0.1ms
[12.834s][info][gc,heap        ] GC(142) Eden regions: 189->0(189)
[12.834s][info][gc,heap        ] GC(142) Survivor regions: 1->1(24)
[12.834s][info][gc,heap        ] GC(142) Old regions: 7->7
[12.834s][info][gc,heap        ] GC(142) Humongous regions: 0->0
[12.834s][info][gc,metaspace   ] GC(142) Metaspace: 9106K(9344K)->9106K(9344K) NonClass: 8067K(8192K)->8067K(8192K) Class: 1038K(1152K)->1038K(1152K)
[12.834s][info][gc             ] GC(142) Pause Young (Normal) (G1 Evacuation Pause) 382M->4M(634M) 1.454ms
[12.834s][info][gc,cpu         ] GC(142) User=0.01s Sys=0.01s Real=0.00s
[12.905s][info][gc,start       ] GC(143) Pause Young (Normal) (G1 Evacuation Pause)
[12.905s][info][gc,task        ] GC(143) Using 13 workers of 13 for evacuation
[12.907s][info][gc,phases      ] GC(143)   Pre Evacuate Collection Set: 0.1ms
[12.907s][info][gc,phases      ] GC(143)   Merge Heap Roots: 0.1ms
[12.907s][info][gc,phases      ] GC(143)   Evacuate Collection Set: 0.4ms
[12.907s][info][gc,phases      ] GC(143)   Post Evacuate Collection Set: 0.4ms
[12.907s][info][gc,phases      ] GC(143)   Other: 0.0ms
[12.907s][info][gc,heap        ] GC(143) Eden regions: 189->0(189)
[12.907s][info][gc,heap        ] GC(143) Survivor regions: 1->1(24)
[12.907s][info][gc,heap        ] GC(143) Old regions: 7->7
[12.907s][info][gc,heap        ] GC(143) Humongous regions: 0->0
[12.907s][info][gc,metaspace   ] GC(143) Metaspace: 9106K(9344K)->9106K(9344K) NonClass: 8067K(8192K)->8067K(8192K) Class: 1038K(1152K)->1038K(1152K)
[12.907s][info][gc             ] GC(143) Pause Young (Normal) (G1 Evacuation Pause) 382M->4M(634M) 1.335ms
[12.907s][info][gc,cpu         ] GC(143) User=0.00s Sys=0.00s Real=0.00s
[12.975s][info][gc,start       ] GC(144) Pause Young (Normal) (G1 Evacuation Pause)
[12.975s][info][gc,task        ] GC(144) Using 13 workers of 13 for evacuation
[12.976s][info][gc,phases      ] GC(144)   Pre Evacuate Collection Set: 0.1ms
[12.976s][info][gc,phases      ] GC(144)   Merge Heap Roots: 0.1ms
[12.976s][info][gc,phases      ] GC(144)   Evacuate Collection Set: 0.3ms
[12.976s][info][gc,phases      ] GC(144)   Post Evacuate Collection Set: 0.4ms
[12.976s][info][gc,phases      ] GC(144)   Other: 0.0ms
[12.976s][info][gc,heap        ] GC(144) Eden regions: 189->0(189)
[12.976s][info][gc,heap        ] GC(144) Survivor regions: 1->1(24)
[12.976s][info][gc,heap        ] GC(144) Old regions: 7->7
[12.976s][info][gc,heap        ] GC(144) Humongous regions: 0->0
[12.976s][info][gc,metaspace   ] GC(144) Metaspace: 9106K(9344K)->9106K(9344K) NonClass: 8067K(8192K)->8067K(8192K) Class: 1038K(1152K)->1038K(1152K)
[12.976s][info][gc             ] GC(144) Pause Young (Normal) (G1 Evacuation Pause) 382M->4M(634M) 1.150ms
[12.976s][info][gc,cpu         ] GC(144) User=0.00s Sys=0.00s Real=0.00s
[13.046s][info][gc,start       ] GC(145) Pause Young (Normal) (G1 Evacuation Pause)
[13.046s][info][gc,task        ] GC(145) Using 13 workers of 13 for evacuation
[13.047s][info][gc,phases      ] GC(145)   Pre Evacuate Collection Set: 0.1ms
[13.047s][info][gc,phases      ] GC(145)   Merge Heap Roots: 0.1ms
[13.047s][info][gc,phases      ] GC(145)   Evacuate Collection Set: 0.4ms
[13.047s][info][gc,phases      ] GC(145)   Post Evacuate Collection Set: 0.4ms
[13.047s][info][gc,phases      ] GC(145)   Other: 0.1ms
[13.047s][info][gc,heap        ] GC(145) Eden regions: 189->0(189)
[13.047s][info][gc,heap        ] GC(145) Survivor regions: 1->1(24)
[13.047s][info][gc,heap        ] GC(145) Old regions: 7->7
[13.047s][info][gc,heap        ] GC(145) Humongous regions: 0->0
[13.047s][info][gc,metaspace   ] GC(145) Metaspace: 9106K(9344K)->9106K(9344K) NonClass: 8067K(8192K)->8067K(8192K) Class: 1038K(1152K)->1038K(1152K)
[13.047s][info][gc             ] GC(145) Pause Young (Normal) (G1 Evacuation Pause) 382M->4M(634M) 1.311ms
[13.047s][info][gc,cpu         ] GC(145) User=0.01s Sys=0.00s Real=0.00s
[13.119s][info][gc,start       ] GC(146) Pause Young (Normal) (G1 Evacuation Pause)
[13.119s][info][gc,task        ] GC(146) Using 13 workers of 13 for evacuation
[13.119s][info][gc,phases      ] GC(146)   Pre Evacuate Collection Set: 0.1ms
[13.119s][info][gc,phases      ] GC(146)   Merge Heap Roots: 0.1ms
[13.119s][info][gc,phases      ] GC(146)   Evacuate Collection Set: 0.3ms
[13.119s][info][gc,phases      ] GC(146)   Post Evacuate Collection Set: 0.2ms
[13.119s][info][gc,phases      ] GC(146)   Other: 0.0ms
[13.120s][info][gc,heap        ] GC(146) Eden regions: 189->0(189)
[13.120s][info][gc,heap        ] GC(146) Survivor regions: 1->1(24)
[13.120s][info][gc,heap        ] GC(146) Old regions: 7->7
[13.120s][info][gc,heap        ] GC(146) Humongous regions: 0->0
[13.120s][info][gc,metaspace   ] GC(146) Metaspace: 9106K(9344K)->9106K(9344K) NonClass: 8067K(8192K)->8067K(8192K) Class: 1038K(1152K)->1038K(1152K)
[13.120s][info][gc             ] GC(146) Pause Young (Normal) (G1 Evacuation Pause) 382M->4M(634M) 0.920ms
[13.120s][info][gc,cpu         ] GC(146) User=0.00s Sys=0.00s Real=0.00s
[13.189s][info][gc,start       ] GC(147) Pause Young (Normal) (G1 Evacuation Pause)
[13.189s][info][gc,task        ] GC(147) Using 13 workers of 13 for evacuation
[13.190s][info][gc,phases      ] GC(147)   Pre Evacuate Collection Set: 0.1ms
[13.190s][info][gc,phases      ] GC(147)   Merge Heap Roots: 0.1ms
[13.190s][info][gc,phases      ] GC(147)   Evacuate Collection Set: 0.3ms
[13.190s][info][gc,phases      ] GC(147)   Post Evacuate Collection Set: 0.3ms
[13.190s][info][gc,phases      ] GC(147)   Other: 0.1ms
[13.190s][info][gc,heap        ] GC(147) Eden regions: 189->0(189)
[13.190s][info][gc,heap        ] GC(147) Survivor regions: 1->1(24)
[13.190s][info][gc,heap        ] GC(147) Old regions: 7->7
[13.190s][info][gc,heap        ] GC(147) Humongous regions: 0->0
[13.190s][info][gc,metaspace   ] GC(147) Metaspace: 9106K(9344K)->9106K(9344K) NonClass: 8067K(8192K)->8067K(8192K) Class: 1038K(1152K)->1038K(1152K)
[13.190s][info][gc             ] GC(147) Pause Young (Normal) (G1 Evacuation Pause) 382M->4M(634M) 0.968ms
[13.190s][info][gc,cpu         ] GC(147) User=0.00s Sys=0.00s Real=0.01s
[13.264s][info][gc,start       ] GC(148) Pause Young (Normal) (G1 Evacuation Pause)
[13.264s][info][gc,task        ] GC(148) Using 13 workers of 13 for evacuation
[13.265s][info][gc,phases      ] GC(148)   Pre Evacuate Collection Set: 0.1ms
[13.265s][info][gc,phases      ] GC(148)   Merge Heap Roots: 0.1ms
[13.265s][info][gc,phases      ] GC(148)   Evacuate Collection Set: 0.5ms
[13.265s][info][gc,phases      ] GC(148)   Post Evacuate Collection Set: 0.5ms
[13.265s][info][gc,phases      ] GC(148)   Other: 0.0ms
[13.265s][info][gc,heap        ] GC(148) Eden regions: 189->0(189)
[13.265s][info][gc,heap        ] GC(148) Survivor regions: 1->1(24)
[13.265s][info][gc,heap        ] GC(148) Old regions: 7->7
[13.265s][info][gc,heap        ] GC(148) Humongous regions: 0->0
[13.265s][info][gc,metaspace   ] GC(148) Metaspace: 9106K(9344K)->9106K(9344K) NonClass: 8067K(8192K)->8067K(8192K) Class: 1038K(1152K)->1038K(1152K)
[13.265s][info][gc             ] GC(148) Pause Young (Normal) (G1 Evacuation Pause) 382M->4M(634M) 1.483ms
[13.265s][info][gc,cpu         ] GC(148) User=0.01s Sys=0.00s Real=0.00s
[13.338s][info][gc,start       ] GC(149) Pause Young (Normal) (G1 Evacuation Pause)
[13.338s][info][gc,task        ] GC(149) Using 13 workers of 13 for evacuation
[13.339s][info][gc,phases      ] GC(149)   Pre Evacuate Collection Set: 0.1ms
[13.339s][info][gc,phases      ] GC(149)   Merge Heap Roots: 0.1ms
[13.339s][info][gc,phases      ] GC(149)   Evacuate Collection Set: 0.3ms
[13.339s][info][gc,phases      ] GC(149)   Post Evacuate Collection Set: 0.4ms
[13.340s][info][gc,phases      ] GC(149)   Other: 0.1ms
[13.340s][info][gc,heap        ] GC(149) Eden regions: 189->0(189)
[13.340s][info][gc,heap        ] GC(149) Survivor regions: 1->1(24)
[13.340s][info][gc,heap        ] GC(149) Old regions: 7->7
[13.340s][info][gc,heap        ] GC(149) Humongous regions: 0->0
[13.340s][info][gc,metaspace   ] GC(149) Metaspace: 9106K(9344K)->9106K(9344K) NonClass: 8067K(8192K)->8067K(8192K) Class: 1038K(1152K)->1038K(1152K)
[13.340s][info][gc             ] GC(149) Pause Young (Normal) (G1 Evacuation Pause) 382M->4M(634M) 1.168ms
[13.340s][info][gc,cpu         ] GC(149) User=0.00s Sys=0.00s Real=0.00s
[13.411s][info][gc,start       ] GC(150) Pause Young (Normal) (G1 Evacuation Pause)
[13.411s][info][gc,task        ] GC(150) Using 13 workers of 13 for evacuation
[13.412s][info][gc,phases      ] GC(150)   Pre Evacuate Collection Set: 0.1ms
[13.412s][info][gc,phases      ] GC(150)   Merge Heap Roots: 0.1ms
[13.412s][info][gc,phases      ] GC(150)   Evacuate Collection Set: 0.5ms
[13.412s][info][gc,phases      ] GC(150)   Post Evacuate Collection Set: 0.5ms
[13.412s][info][gc,phases      ] GC(150)   Other: 0.1ms
[13.412s][info][gc,heap        ] GC(150) Eden regions: 189->0(189)
[13.412s][info][gc,heap        ] GC(150) Survivor regions: 1->1(24)
[13.412s][info][gc,heap        ] GC(150) Old regions: 7->7
[13.412s][info][gc,heap        ] GC(150) Humongous regions: 0->0
[13.412s][info][gc,metaspace   ] GC(150) Metaspace: 9106K(9344K)->9106K(9344K) NonClass: 8067K(8192K)->8067K(8192K) Class: 1038K(1152K)->1038K(1152K)
[13.412s][info][gc             ] GC(150) Pause Young (Normal) (G1 Evacuation Pause) 382M->4M(634M) 1.458ms
[13.412s][info][gc,cpu         ] GC(150) User=0.01s Sys=0.00s Real=0.00s
[13.481s][info][gc,start       ] GC(151) Pause Young (Normal) (G1 Evacuation Pause)
[13.481s][info][gc,task        ] GC(151) Using 13 workers of 13 for evacuation
[13.482s][info][gc,phases      ] GC(151)   Pre Evacuate Collection Set: 0.1ms
[13.482s][info][gc,phases      ] GC(151)   Merge Heap Roots: 0.1ms
[13.482s][info][gc,phases      ] GC(151)   Evacuate Collection Set: 0.4ms
[13.483s][info][gc,phases      ] GC(151)   Post Evacuate Collection Set: 0.3ms
[13.483s][info][gc,phases      ] GC(151)   Other: 0.1ms
[13.483s][info][gc,heap        ] GC(151) Eden regions: 189->0(189)
[13.483s][info][gc,heap        ] GC(151) Survivor regions: 1->1(24)
[13.483s][info][gc,heap        ] GC(151) Old regions: 7->7
[13.483s][info][gc,heap        ] GC(151) Humongous regions: 0->0
[13.483s][info][gc,metaspace   ] GC(151) Metaspace: 9106K(9344K)->9106K(9344K) NonClass: 8067K(8192K)->8067K(8192K) Class: 1038K(1152K)->1038K(1152K)
[13.483s][info][gc             ] GC(151) Pause Young (Normal) (G1 Evacuation Pause) 382M->4M(634M) 1.165ms
[13.483s][info][gc,cpu         ] GC(151) User=0.00s Sys=0.00s Real=0.00s
[13.555s][info][gc,start       ] GC(152) Pause Young (Normal) (G1 Evacuation Pause)
[13.555s][info][gc,task        ] GC(152) Using 13 workers of 13 for evacuation
[13.556s][info][gc,phases      ] GC(152)   Pre Evacuate Collection Set: 0.1ms
[13.556s][info][gc,phases      ] GC(152)   Merge Heap Roots: 0.1ms
[13.556s][info][gc,phases      ] GC(152)   Evacuate Collection Set: 0.2ms
[13.556s][info][gc,phases      ] GC(152)   Post Evacuate Collection Set: 0.2ms
[13.556s][info][gc,phases      ] GC(152)   Other: 0.1ms
[13.556s][info][gc,heap        ] GC(152) Eden regions: 189->0(189)
[13.556s][info][gc,heap        ] GC(152) Survivor regions: 1->1(24)
[13.556s][info][gc,heap        ] GC(152) Old regions: 7->7
[13.556s][info][gc,heap        ] GC(152) Humongous regions: 0->0
[13.556s][info][gc,metaspace   ] GC(152) Metaspace: 9106K(9344K)->9106K(9344K) NonClass: 8067K(8192K)->8067K(8192K) Class: 1038K(1152K)->1038K(1152K)
[13.556s][info][gc             ] GC(152) Pause Young (Normal) (G1 Evacuation Pause) 382M->4M(634M) 0.849ms
[13.556s][info][gc,cpu         ] GC(152) User=0.01s Sys=0.01s Real=0.00s
[13.623s][info][gc,start       ] GC(153) Pause Young (Normal) (G1 Evacuation Pause)
[13.623s][info][gc,task        ] GC(153) Using 13 workers of 13 for evacuation
[13.625s][info][gc,phases      ] GC(153)   Pre Evacuate Collection Set: 0.1ms
[13.625s][info][gc,phases      ] GC(153)   Merge Heap Roots: 0.1ms
[13.625s][info][gc,phases      ] GC(153)   Evacuate Collection Set: 0.5ms
[13.625s][info][gc,phases      ] GC(153)   Post Evacuate Collection Set: 0.6ms
[13.625s][info][gc,phases      ] GC(153)   Other: 0.1ms
[13.625s][info][gc,heap        ] GC(153) Eden regions: 189->0(189)
[13.625s][info][gc,heap        ] GC(153) Survivor regions: 1->1(24)
[13.625s][info][gc,heap        ] GC(153) Old regions: 7->7
[13.625s][info][gc,heap        ] GC(153) Humongous regions: 0->0
[13.625s][info][gc,metaspace   ] GC(153) Metaspace: 9106K(9344K)->9106K(9344K) NonClass: 8067K(8192K)->8067K(8192K) Class: 1038K(1152K)->1038K(1152K)
[13.625s][info][gc             ] GC(153) Pause Young (Normal) (G1 Evacuation Pause) 382M->4M(634M) 1.498ms
[13.625s][info][gc,cpu         ] GC(153) User=0.01s Sys=0.00s Real=0.00s
[13.694s][info][gc,start       ] GC(154) Pause Young (Normal) (G1 Evacuation Pause)
[13.694s][info][gc,task        ] GC(154) Using 13 workers of 13 for evacuation
[13.695s][info][gc,phases      ] GC(154)   Pre Evacuate Collection Set: 0.1ms
[13.696s][info][gc,phases      ] GC(154)   Merge Heap Roots: 0.1ms
[13.696s][info][gc,phases      ] GC(154)   Evacuate Collection Set: 0.4ms
[13.696s][info][gc,phases      ] GC(154)   Post Evacuate Collection Set: 0.5ms
[13.696s][info][gc,phases      ] GC(154)   Other: 0.1ms
[13.696s][info][gc,heap        ] GC(154) Eden regions: 189->0(189)
[13.696s][info][gc,heap        ] GC(154) Survivor regions: 1->1(24)
[13.696s][info][gc,heap        ] GC(154) Old regions: 7->7
[13.696s][info][gc,heap        ] GC(154) Humongous regions: 0->0
[13.696s][info][gc,metaspace   ] GC(154) Metaspace: 9106K(9344K)->9106K(9344K) NonClass: 8067K(8192K)->8067K(8192K) Class: 1038K(1152K)->1038K(1152K)
[13.696s][info][gc             ] GC(154) Pause Young (Normal) (G1 Evacuation Pause) 382M->4M(634M) 1.525ms
[13.696s][info][gc,cpu         ] GC(154) User=0.00s Sys=0.00s Real=0.00s
[13.769s][info][gc,start       ] GC(155) Pause Young (Normal) (G1 Evacuation Pause)
[13.769s][info][gc,task        ] GC(155) Using 13 workers of 13 for evacuation
[13.770s][info][gc,phases      ] GC(155)   Pre Evacuate Collection Set: 0.1ms
[13.770s][info][gc,phases      ] GC(155)   Merge Heap Roots: 0.1ms
[13.770s][info][gc,phases      ] GC(155)   Evacuate Collection Set: 0.4ms
[13.770s][info][gc,phases      ] GC(155)   Post Evacuate Collection Set: 0.5ms
[13.770s][info][gc,phases      ] GC(155)   Other: 0.1ms
[13.770s][info][gc,heap        ] GC(155) Eden regions: 189->0(189)
[13.770s][info][gc,heap        ] GC(155) Survivor regions: 1->1(24)
[13.770s][info][gc,heap        ] GC(155) Old regions: 7->7
[13.770s][info][gc,heap        ] GC(155) Humongous regions: 0->0
[13.770s][info][gc,metaspace   ] GC(155) Metaspace: 9106K(9344K)->9106K(9344K) NonClass: 8067K(8192K)->8067K(8192K) Class: 1038K(1152K)->1038K(1152K)
[13.770s][info][gc             ] GC(155) Pause Young (Normal) (G1 Evacuation Pause) 382M->4M(634M) 1.284ms
[13.770s][info][gc,cpu         ] GC(155) User=0.01s Sys=0.00s Real=0.01s
[13.844s][info][gc,start       ] GC(156) Pause Young (Normal) (G1 Evacuation Pause)
[13.844s][info][gc,task        ] GC(156) Using 13 workers of 13 for evacuation
[13.845s][info][gc,phases      ] GC(156)   Pre Evacuate Collection Set: 0.1ms
[13.845s][info][gc,phases      ] GC(156)   Merge Heap Roots: 0.1ms
[13.845s][info][gc,phases      ] GC(156)   Evacuate Collection Set: 0.5ms
[13.845s][info][gc,phases      ] GC(156)   Post Evacuate Collection Set: 0.5ms
[13.845s][info][gc,phases      ] GC(156)   Other: 0.1ms
[13.845s][info][gc,heap        ] GC(156) Eden regions: 189->0(189)
[13.845s][info][gc,heap        ] GC(156) Survivor regions: 1->1(24)
[13.845s][info][gc,heap        ] GC(156) Old regions: 7->7
[13.845s][info][gc,heap        ] GC(156) Humongous regions: 0->0
[13.845s][info][gc,metaspace   ] GC(156) Metaspace: 9106K(9344K)->9106K(9344K) NonClass: 8067K(8192K)->8067K(8192K) Class: 1038K(1152K)->1038K(1152K)
[13.845s][info][gc             ] GC(156) Pause Young (Normal) (G1 Evacuation Pause) 382M->4M(634M) 1.506ms
[13.845s][info][gc,cpu         ] GC(156) User=0.00s Sys=0.00s Real=0.00s
[13.914s][info][gc,start       ] GC(157) Pause Young (Normal) (G1 Evacuation Pause)
[13.914s][info][gc,task        ] GC(157) Using 13 workers of 13 for evacuation
[13.915s][info][gc,phases      ] GC(157)   Pre Evacuate Collection Set: 0.1ms
[13.915s][info][gc,phases      ] GC(157)   Merge Heap Roots: 0.1ms
[13.915s][info][gc,phases      ] GC(157)   Evacuate Collection Set: 0.4ms
[13.915s][info][gc,phases      ] GC(157)   Post Evacuate Collection Set: 0.4ms
[13.915s][info][gc,phases      ] GC(157)   Other: 0.1ms
[13.916s][info][gc,heap        ] GC(157) Eden regions: 189->0(189)
[13.916s][info][gc,heap        ] GC(157) Survivor regions: 1->1(24)
[13.916s][info][gc,heap        ] GC(157) Old regions: 7->7
[13.916s][info][gc,heap        ] GC(157) Humongous regions: 0->0
[13.916s][info][gc,metaspace   ] GC(157) Metaspace: 9106K(9344K)->9106K(9344K) NonClass: 8067K(8192K)->8067K(8192K) Class: 1038K(1152K)->1038K(1152K)
[13.916s][info][gc             ] GC(157) Pause Young (Normal) (G1 Evacuation Pause) 382M->4M(634M) 1.234ms
[13.916s][info][gc,cpu         ] GC(157) User=0.01s Sys=0.00s Real=0.00s
[13.989s][info][gc,start       ] GC(158) Pause Young (Normal) (G1 Evacuation Pause)
[13.989s][info][gc,task        ] GC(158) Using 13 workers of 13 for evacuation
[13.990s][info][gc,phases      ] GC(158)   Pre Evacuate Collection Set: 0.1ms
[13.990s][info][gc,phases      ] GC(158)   Merge Heap Roots: 0.1ms
[13.990s][info][gc,phases      ] GC(158)   Evacuate Collection Set: 0.2ms
[13.990s][info][gc,phases      ] GC(158)   Post Evacuate Collection Set: 0.3ms
[13.990s][info][gc,phases      ] GC(158)   Other: 0.0ms
[13.990s][info][gc,heap        ] GC(158) Eden regions: 189->0(189)
[13.990s][info][gc,heap        ] GC(158) Survivor regions: 1->1(24)
[13.990s][info][gc,heap        ] GC(158) Old regions: 7->7
[13.990s][info][gc,heap        ] GC(158) Humongous regions: 0->0
[13.990s][info][gc,metaspace   ] GC(158) Metaspace: 9106K(9344K)->9106K(9344K) NonClass: 8067K(8192K)->8067K(8192K) Class: 1038K(1152K)->1038K(1152K)
[13.990s][info][gc             ] GC(158) Pause Young (Normal) (G1 Evacuation Pause) 382M->4M(634M) 0.879ms
[13.990s][info][gc,cpu         ] GC(158) User=0.00s Sys=0.00s Real=0.01s
[14.061s][info][gc,start       ] GC(159) Pause Young (Normal) (G1 Evacuation Pause)
[14.061s][info][gc,task        ] GC(159) Using 13 workers of 13 for evacuation
[14.063s][info][gc,phases      ] GC(159)   Pre Evacuate Collection Set: 0.1ms
[14.063s][info][gc,phases      ] GC(159)   Merge Heap Roots: 0.1ms
[14.063s][info][gc,phases      ] GC(159)   Evacuate Collection Set: 0.5ms
[14.063s][info][gc,phases      ] GC(159)   Post Evacuate Collection Set: 0.5ms
[14.063s][info][gc,phases      ] GC(159)   Other: 0.1ms
[14.063s][info][gc,heap        ] GC(159) Eden regions: 189->0(189)
[14.063s][info][gc,heap        ] GC(159) Survivor regions: 1->1(24)
[14.063s][info][gc,heap        ] GC(159) Old regions: 7->7
[14.063s][info][gc,heap        ] GC(159) Humongous regions: 0->0
[14.063s][info][gc,metaspace   ] GC(159) Metaspace: 9106K(9344K)->9106K(9344K) NonClass: 8067K(8192K)->8067K(8192K) Class: 1038K(1152K)->1038K(1152K)
[14.063s][info][gc             ] GC(159) Pause Young (Normal) (G1 Evacuation Pause) 382M->4M(634M) 1.481ms
[14.063s][info][gc,cpu         ] GC(159) User=0.01s Sys=0.00s Real=0.00s
[14.132s][info][gc,start       ] GC(160) Pause Young (Normal) (G1 Evacuation Pause)
[14.132s][info][gc,task        ] GC(160) Using 13 workers of 13 for evacuation
[14.133s][info][gc,phases      ] GC(160)   Pre Evacuate Collection Set: 0.1ms
[14.133s][info][gc,phases      ] GC(160)   Merge Heap Roots: 0.1ms
[14.133s][info][gc,phases      ] GC(160)   Evacuate Collection Set: 0.5ms
[14.133s][info][gc,phases      ] GC(160)   Post Evacuate Collection Set: 0.5ms
[14.133s][info][gc,phases      ] GC(160)   Other: 0.1ms
[14.133s][info][gc,heap        ] GC(160) Eden regions: 189->0(189)
[14.133s][info][gc,heap        ] GC(160) Survivor regions: 1->1(24)
[14.133s][info][gc,heap        ] GC(160) Old regions: 7->7
[14.133s][info][gc,heap        ] GC(160) Humongous regions: 0->0
[14.133s][info][gc,metaspace   ] GC(160) Metaspace: 9106K(9344K)->9106K(9344K) NonClass: 8067K(8192K)->8067K(8192K) Class: 1038K(1152K)->1038K(1152K)
[14.133s][info][gc             ] GC(160) Pause Young (Normal) (G1 Evacuation Pause) 382M->4M(634M) 1.499ms
[14.133s][info][gc,cpu         ] GC(160) User=0.00s Sys=0.01s Real=0.00s
[14.205s][info][gc,start       ] GC(161) Pause Young (Normal) (G1 Evacuation Pause)
[14.205s][info][gc,task        ] GC(161) Using 13 workers of 13 for evacuation
[14.206s][info][gc,phases      ] GC(161)   Pre Evacuate Collection Set: 0.1ms
[14.206s][info][gc,phases      ] GC(161)   Merge Heap Roots: 0.1ms
[14.206s][info][gc,phases      ] GC(161)   Evacuate Collection Set: 0.3ms
[14.206s][info][gc,phases      ] GC(161)   Post Evacuate Collection Set: 0.3ms
[14.206s][info][gc,phases      ] GC(161)   Other: 0.0ms
[14.206s][info][gc,heap        ] GC(161) Eden regions: 189->0(189)
[14.206s][info][gc,heap        ] GC(161) Survivor regions: 1->1(24)
[14.206s][info][gc,heap        ] GC(161) Old regions: 7->7
[14.206s][info][gc,heap        ] GC(161) Humongous regions: 0->0
[14.206s][info][gc,metaspace   ] GC(161) Metaspace: 9106K(9344K)->9106K(9344K) NonClass: 8067K(8192K)->8067K(8192K) Class: 1038K(1152K)->1038K(1152K)
[14.206s][info][gc             ] GC(161) Pause Young (Normal) (G1 Evacuation Pause) 382M->4M(634M) 0.950ms
[14.206s][info][gc,cpu         ] GC(161) User=0.00s Sys=0.00s Real=0.00s
[14.275s][info][gc,start       ] GC(162) Pause Young (Normal) (G1 Evacuation Pause)
[14.275s][info][gc,task        ] GC(162) Using 13 workers of 13 for evacuation
[14.276s][info][gc,phases      ] GC(162)   Pre Evacuate Collection Set: 0.1ms
[14.276s][info][gc,phases      ] GC(162)   Merge Heap Roots: 0.1ms
[14.276s][info][gc,phases      ] GC(162)   Evacuate Collection Set: 0.4ms
[14.276s][info][gc,phases      ] GC(162)   Post Evacuate Collection Set: 0.3ms
[14.276s][info][gc,phases      ] GC(162)   Other: 0.1ms
[14.276s][info][gc,heap        ] GC(162) Eden regions: 189->0(189)
[14.276s][info][gc,heap        ] GC(162) Survivor regions: 1->1(24)
[14.276s][info][gc,heap        ] GC(162) Old regions: 7->7
[14.276s][info][gc,heap        ] GC(162) Humongous regions: 0->0
[14.276s][info][gc,metaspace   ] GC(162) Metaspace: 9106K(9344K)->9106K(9344K) NonClass: 8067K(8192K)->8067K(8192K) Class: 1038K(1152K)->1038K(1152K)
[14.276s][info][gc             ] GC(162) Pause Young (Normal) (G1 Evacuation Pause) 382M->4M(634M) 1.080ms
[14.276s][info][gc,cpu         ] GC(162) User=0.01s Sys=0.00s Real=0.00s
[14.349s][info][gc,start       ] GC(163) Pause Young (Normal) (G1 Evacuation Pause)
[14.349s][info][gc,task        ] GC(163) Using 13 workers of 13 for evacuation
[14.350s][info][gc,phases      ] GC(163)   Pre Evacuate Collection Set: 0.1ms
[14.350s][info][gc,phases      ] GC(163)   Merge Heap Roots: 0.1ms
[14.350s][info][gc,phases      ] GC(163)   Evacuate Collection Set: 0.5ms
[14.350s][info][gc,phases      ] GC(163)   Post Evacuate Collection Set: 0.5ms
[14.350s][info][gc,phases      ] GC(163)   Other: 0.1ms
[14.350s][info][gc,heap        ] GC(163) Eden regions: 189->0(189)
[14.350s][info][gc,heap        ] GC(163) Survivor regions: 1->1(24)
[14.350s][info][gc,heap        ] GC(163) Old regions: 7->7
[14.350s][info][gc,heap        ] GC(163) Humongous regions: 0->0
[14.351s][info][gc,metaspace   ] GC(163) Metaspace: 9106K(9344K)->9106K(9344K) NonClass: 8067K(8192K)->8067K(8192K) Class: 1038K(1152K)->1038K(1152K)
[14.351s][info][gc             ] GC(163) Pause Young (Normal) (G1 Evacuation Pause) 382M->4M(634M) 1.527ms
[14.351s][info][gc,cpu         ] GC(163) User=0.00s Sys=0.00s Real=0.01s
[14.423s][info][gc,start       ] GC(164) Pause Young (Normal) (G1 Evacuation Pause)
[14.423s][info][gc,task        ] GC(164) Using 13 workers of 13 for evacuation
[14.424s][info][gc,phases      ] GC(164)   Pre Evacuate Collection Set: 0.1ms
[14.424s][info][gc,phases      ] GC(164)   Merge Heap Roots: 0.1ms
[14.424s][info][gc,phases      ] GC(164)   Evacuate Collection Set: 0.3ms
[14.424s][info][gc,phases      ] GC(164)   Post Evacuate Collection Set: 0.2ms
[14.424s][info][gc,phases      ] GC(164)   Other: 0.0ms
[14.424s][info][gc,heap        ] GC(164) Eden regions: 189->0(189)
[14.424s][info][gc,heap        ] GC(164) Survivor regions: 1->1(24)
[14.424s][info][gc,heap        ] GC(164) Old regions: 7->7
[14.424s][info][gc,heap        ] GC(164) Humongous regions: 0->0
[14.424s][info][gc,metaspace   ] GC(164) Metaspace: 9106K(9344K)->9106K(9344K) NonClass: 8067K(8192K)->8067K(8192K) Class: 1038K(1152K)->1038K(1152K)
[14.424s][info][gc             ] GC(164) Pause Young (Normal) (G1 Evacuation Pause) 382M->4M(634M) 0.940ms
[14.424s][info][gc,cpu         ] GC(164) User=0.00s Sys=0.00s Real=0.00s
[14.494s][info][gc,start       ] GC(165) Pause Young (Normal) (G1 Evacuation Pause)
[14.494s][info][gc,task        ] GC(165) Using 13 workers of 13 for evacuation
[14.496s][info][gc,phases      ] GC(165)   Pre Evacuate Collection Set: 0.2ms
[14.496s][info][gc,phases      ] GC(165)   Merge Heap Roots: 0.2ms
[14.496s][info][gc,phases      ] GC(165)   Evacuate Collection Set: 0.5ms
[14.496s][info][gc,phases      ] GC(165)   Post Evacuate Collection Set: 0.6ms
[14.496s][info][gc,phases      ] GC(165)   Other: 0.1ms
[14.496s][info][gc,heap        ] GC(165) Eden regions: 189->0(189)
[14.496s][info][gc,heap        ] GC(165) Survivor regions: 1->1(24)
[14.496s][info][gc,heap        ] GC(165) Old regions: 7->7
[14.496s][info][gc,heap        ] GC(165) Humongous regions: 0->0
[14.496s][info][gc,metaspace   ] GC(165) Metaspace: 9106K(9344K)->9106K(9344K) NonClass: 8067K(8192K)->8067K(8192K) Class: 1038K(1152K)->1038K(1152K)
[14.496s][info][gc             ] GC(165) Pause Young (Normal) (G1 Evacuation Pause) 382M->4M(634M) 1.804ms
[14.496s][info][gc,cpu         ] GC(165) User=0.00s Sys=0.00s Real=0.00s
[14.575s][info][gc,start       ] GC(166) Pause Young (Normal) (G1 Evacuation Pause)
[14.577s][info][gc,task        ] GC(166) Using 13 workers of 13 for evacuation
[14.577s][info][gc,phases      ] GC(166)   Pre Evacuate Collection Set: 0.1ms
[14.578s][info][gc,phases      ] GC(166)   Merge Heap Roots: 0.1ms
[14.578s][info][gc,phases      ] GC(166)   Evacuate Collection Set: 0.3ms
[14.578s][info][gc,phases      ] GC(166)   Post Evacuate Collection Set: 0.3ms
[14.578s][info][gc,phases      ] GC(166)   Other: 0.1ms
[14.578s][info][gc,heap        ] GC(166) Eden regions: 189->0(189)
[14.578s][info][gc,heap        ] GC(166) Survivor regions: 1->1(24)
[14.578s][info][gc,heap        ] GC(166) Old regions: 7->7
[14.578s][info][gc,heap        ] GC(166) Humongous regions: 0->0
[14.578s][info][gc,metaspace   ] GC(166) Metaspace: 9106K(9344K)->9106K(9344K) NonClass: 8067K(8192K)->8067K(8192K) Class: 1038K(1152K)->1038K(1152K)
[14.578s][info][gc             ] GC(166) Pause Young (Normal) (G1 Evacuation Pause) 382M->4M(634M) 2.810ms
[14.578s][info][gc,cpu         ] GC(166) User=0.00s Sys=0.00s Real=0.00s
[14.650s][info][gc,start       ] GC(167) Pause Young (Normal) (G1 Evacuation Pause)
[14.650s][info][gc,task        ] GC(167) Using 13 workers of 13 for evacuation
[14.651s][info][gc,phases      ] GC(167)   Pre Evacuate Collection Set: 0.2ms
[14.651s][info][gc,phases      ] GC(167)   Merge Heap Roots: 0.1ms
[14.651s][info][gc,phases      ] GC(167)   Evacuate Collection Set: 0.4ms
[14.651s][info][gc,phases      ] GC(167)   Post Evacuate Collection Set: 0.4ms
[14.651s][info][gc,phases      ] GC(167)   Other: 0.1ms
[14.651s][info][gc,heap        ] GC(167) Eden regions: 189->0(189)
[14.651s][info][gc,heap        ] GC(167) Survivor regions: 1->1(24)
[14.651s][info][gc,heap        ] GC(167) Old regions: 7->7
[14.651s][info][gc,heap        ] GC(167) Humongous regions: 0->0
[14.651s][info][gc,metaspace   ] GC(167) Metaspace: 9106K(9344K)->9106K(9344K) NonClass: 8067K(8192K)->8067K(8192K) Class: 1038K(1152K)->1038K(1152K)
[14.651s][info][gc             ] GC(167) Pause Young (Normal) (G1 Evacuation Pause) 382M->4M(634M) 1.297ms
[14.651s][info][gc,cpu         ] GC(167) User=0.00s Sys=0.00s Real=0.00s
[14.722s][info][gc,start       ] GC(168) Pause Young (Normal) (G1 Evacuation Pause)
[14.722s][info][gc,task        ] GC(168) Using 13 workers of 13 for evacuation
[14.723s][info][gc,phases      ] GC(168)   Pre Evacuate Collection Set: 0.1ms
[14.723s][info][gc,phases      ] GC(168)   Merge Heap Roots: 0.1ms
[14.723s][info][gc,phases      ] GC(168)   Evacuate Collection Set: 0.4ms
[14.723s][info][gc,phases      ] GC(168)   Post Evacuate Collection Set: 0.4ms
[14.723s][info][gc,phases      ] GC(168)   Other: 0.1ms
[14.723s][info][gc,heap        ] GC(168) Eden regions: 189->0(189)
[14.723s][info][gc,heap        ] GC(168) Survivor regions: 1->1(24)
[14.723s][info][gc,heap        ] GC(168) Old regions: 7->7
[14.723s][info][gc,heap        ] GC(168) Humongous regions: 0->0
[14.723s][info][gc,metaspace   ] GC(168) Metaspace: 9106K(9344K)->9106K(9344K) NonClass: 8067K(8192K)->8067K(8192K) Class: 1038K(1152K)->1038K(1152K)
[14.723s][info][gc             ] GC(168) Pause Young (Normal) (G1 Evacuation Pause) 382M->4M(634M) 1.206ms
[14.723s][info][gc,cpu         ] GC(168) User=0.00s Sys=0.00s Real=0.00s
[14.802s][info][gc,start       ] GC(169) Pause Young (Normal) (G1 Evacuation Pause)
[14.802s][info][gc,task        ] GC(169) Using 13 workers of 13 for evacuation
[14.803s][info][gc,phases      ] GC(169)   Pre Evacuate Collection Set: 0.1ms
[14.803s][info][gc,phases      ] GC(169)   Merge Heap Roots: 0.1ms
[14.803s][info][gc,phases      ] GC(169)   Evacuate Collection Set: 0.4ms
[14.803s][info][gc,phases      ] GC(169)   Post Evacuate Collection Set: 0.3ms
[14.803s][info][gc,phases      ] GC(169)   Other: 0.0ms
[14.803s][info][gc,heap        ] GC(169) Eden regions: 189->0(189)
[14.803s][info][gc,heap        ] GC(169) Survivor regions: 1->1(24)
[14.803s][info][gc,heap        ] GC(169) Old regions: 7->7
[14.803s][info][gc,heap        ] GC(169) Humongous regions: 0->0
[14.803s][info][gc,metaspace   ] GC(169) Metaspace: 9106K(9344K)->9106K(9344K) NonClass: 8067K(8192K)->8067K(8192K) Class: 1038K(1152K)->1038K(1152K)
[14.803s][info][gc             ] GC(169) Pause Young (Normal) (G1 Evacuation Pause) 382M->4M(634M) 1.014ms
[14.803s][info][gc,cpu         ] GC(169) User=0.00s Sys=0.00s Real=0.00s
[14.871s][info][gc,start       ] GC(170) Pause Young (Normal) (G1 Evacuation Pause)
[14.871s][info][gc,task        ] GC(170) Using 13 workers of 13 for evacuation
[14.872s][info][gc,phases      ] GC(170)   Pre Evacuate Collection Set: 0.1ms
[14.873s][info][gc,phases      ] GC(170)   Merge Heap Roots: 0.1ms
[14.873s][info][gc,phases      ] GC(170)   Evacuate Collection Set: 0.4ms
[14.873s][info][gc,phases      ] GC(170)   Post Evacuate Collection Set: 0.4ms
[14.873s][info][gc,phases      ] GC(170)   Other: 0.1ms
[14.873s][info][gc,heap        ] GC(170) Eden regions: 189->0(189)
[14.873s][info][gc,heap        ] GC(170) Survivor regions: 1->1(24)
[14.873s][info][gc,heap        ] GC(170) Old regions: 7->7
[14.873s][info][gc,heap        ] GC(170) Humongous regions: 0->0
[14.873s][info][gc,metaspace   ] GC(170) Metaspace: 9106K(9344K)->9106K(9344K) NonClass: 8067K(8192K)->8067K(8192K) Class: 1038K(1152K)->1038K(1152K)
[14.873s][info][gc             ] GC(170) Pause Young (Normal) (G1 Evacuation Pause) 382M->4M(634M) 1.211ms
[14.873s][info][gc,cpu         ] GC(170) User=0.01s Sys=0.01s Real=0.00s
[14.951s][info][gc,start       ] GC(171) Pause Young (Normal) (G1 Evacuation Pause)
[14.951s][info][gc,task        ] GC(171) Using 13 workers of 13 for evacuation
[14.952s][info][gc,phases      ] GC(171)   Pre Evacuate Collection Set: 0.1ms
[14.952s][info][gc,phases      ] GC(171)   Merge Heap Roots: 0.1ms
[14.952s][info][gc,phases      ] GC(171)   Evacuate Collection Set: 0.3ms
[14.952s][info][gc,phases      ] GC(171)   Post Evacuate Collection Set: 0.3ms
[14.952s][info][gc,phases      ] GC(171)   Other: 0.0ms
[14.952s][info][gc,heap        ] GC(171) Eden regions: 189->0(189)
[14.952s][info][gc,heap        ] GC(171) Survivor regions: 1->1(24)
[14.952s][info][gc,heap        ] GC(171) Old regions: 7->7
[14.952s][info][gc,heap        ] GC(171) Humongous regions: 0->0
[14.952s][info][gc,metaspace   ] GC(171) Metaspace: 9106K(9344K)->9106K(9344K) NonClass: 8067K(8192K)->8067K(8192K) Class: 1038K(1152K)->1038K(1152K)
[14.952s][info][gc             ] GC(171) Pause Young (Normal) (G1 Evacuation Pause) 382M->4M(634M) 0.944ms
[14.952s][info][gc,cpu         ] GC(171) User=0.01s Sys=0.00s Real=0.00s
[15.025s][info][gc,start       ] GC(172) Pause Young (Normal) (G1 Evacuation Pause)
[15.025s][info][gc,task        ] GC(172) Using 13 workers of 13 for evacuation
[15.026s][info][gc,phases      ] GC(172)   Pre Evacuate Collection Set: 0.1ms
[15.026s][info][gc,phases      ] GC(172)   Merge Heap Roots: 0.1ms
[15.026s][info][gc,phases      ] GC(172)   Evacuate Collection Set: 0.3ms
[15.026s][info][gc,phases      ] GC(172)   Post Evacuate Collection Set: 0.2ms
[15.026s][info][gc,phases      ] GC(172)   Other: 0.0ms
[15.026s][info][gc,heap        ] GC(172) Eden regions: 189->0(189)
[15.026s][info][gc,heap        ] GC(172) Survivor regions: 1->1(24)
[15.026s][info][gc,heap        ] GC(172) Old regions: 7->7
[15.026s][info][gc,heap        ] GC(172) Humongous regions: 0->0
[15.026s][info][gc,metaspace   ] GC(172) Metaspace: 9106K(9344K)->9106K(9344K) NonClass: 8067K(8192K)->8067K(8192K) Class: 1038K(1152K)->1038K(1152K)
[15.026s][info][gc             ] GC(172) Pause Young (Normal) (G1 Evacuation Pause) 382M->4M(634M) 0.892ms
[15.026s][info][gc,cpu         ] GC(172) User=0.00s Sys=0.00s Real=0.00s
[15.107s][info][gc,start       ] GC(173) Pause Young (Normal) (G1 Evacuation Pause)
[15.107s][info][gc,task        ] GC(173) Using 13 workers of 13 for evacuation
[15.108s][info][gc,phases      ] GC(173)   Pre Evacuate Collection Set: 0.1ms
[15.108s][info][gc,phases      ] GC(173)   Merge Heap Roots: 0.1ms
[15.108s][info][gc,phases      ] GC(173)   Evacuate Collection Set: 0.3ms
[15.108s][info][gc,phases      ] GC(173)   Post Evacuate Collection Set: 0.3ms
[15.108s][info][gc,phases      ] GC(173)   Other: 0.0ms
[15.108s][info][gc,heap        ] GC(173) Eden regions: 189->0(189)
[15.108s][info][gc,heap        ] GC(173) Survivor regions: 1->1(24)
[15.108s][info][gc,heap        ] GC(173) Old regions: 7->7
[15.108s][info][gc,heap        ] GC(173) Humongous regions: 0->0
[15.108s][info][gc,metaspace   ] GC(173) Metaspace: 9106K(9344K)->9106K(9344K) NonClass: 8067K(8192K)->8067K(8192K) Class: 1038K(1152K)->1038K(1152K)
[15.108s][info][gc             ] GC(173) Pause Young (Normal) (G1 Evacuation Pause) 382M->4M(634M) 0.980ms
[15.108s][info][gc,cpu         ] GC(173) User=0.00s Sys=0.00s Real=0.00s
[15.178s][info][gc,start       ] GC(174) Pause Young (Normal) (G1 Evacuation Pause)
[15.178s][info][gc,task        ] GC(174) Using 13 workers of 13 for evacuation
[15.179s][info][gc,phases      ] GC(174)   Pre Evacuate Collection Set: 0.1ms
[15.179s][info][gc,phases      ] GC(174)   Merge Heap Roots: 0.1ms
[15.179s][info][gc,phases      ] GC(174)   Evacuate Collection Set: 0.4ms
[15.179s][info][gc,phases      ] GC(174)   Post Evacuate Collection Set: 0.4ms
[15.179s][info][gc,phases      ] GC(174)   Other: 0.1ms
[15.179s][info][gc,heap        ] GC(174) Eden regions: 189->0(189)
[15.179s][info][gc,heap        ] GC(174) Survivor regions: 1->1(24)
[15.179s][info][gc,heap        ] GC(174) Old regions: 7->7
[15.179s][info][gc,heap        ] GC(174) Humongous regions: 0->0
[15.179s][info][gc,metaspace   ] GC(174) Metaspace: 9106K(9344K)->9106K(9344K) NonClass: 8067K(8192K)->8067K(8192K) Class: 1038K(1152K)->1038K(1152K)
[15.179s][info][gc             ] GC(174) Pause Young (Normal) (G1 Evacuation Pause) 382M->4M(634M) 1.338ms
[15.179s][info][gc,cpu         ] GC(174) User=0.00s Sys=0.00s Real=0.00s
[15.250s][info][gc,start       ] GC(175) Pause Young (Normal) (G1 Evacuation Pause)
[15.250s][info][gc,task        ] GC(175) Using 13 workers of 13 for evacuation
[15.251s][info][gc,phases      ] GC(175)   Pre Evacuate Collection Set: 0.1ms
[15.251s][info][gc,phases      ] GC(175)   Merge Heap Roots: 0.1ms
[15.251s][info][gc,phases      ] GC(175)   Evacuate Collection Set: 0.4ms
[15.251s][info][gc,phases      ] GC(175)   Post Evacuate Collection Set: 0.4ms
[15.251s][info][gc,phases      ] GC(175)   Other: 0.0ms
[15.251s][info][gc,heap        ] GC(175) Eden regions: 189->0(189)
[15.251s][info][gc,heap        ] GC(175) Survivor regions: 1->1(24)
[15.251s][info][gc,heap        ] GC(175) Old regions: 7->7
[15.251s][info][gc,heap        ] GC(175) Humongous regions: 0->0
[15.251s][info][gc,metaspace   ] GC(175) Metaspace: 9106K(9344K)->9106K(9344K) NonClass: 8067K(8192K)->8067K(8192K) Class: 1038K(1152K)->1038K(1152K)
[15.251s][info][gc             ] GC(175) Pause Young (Normal) (G1 Evacuation Pause) 382M->4M(634M) 1.212ms
[15.251s][info][gc,cpu         ] GC(175) User=0.01s Sys=0.00s Real=0.01s
[15.323s][info][gc,start       ] GC(176) Pause Young (Normal) (G1 Evacuation Pause)
[15.323s][info][gc,task        ] GC(176) Using 13 workers of 13 for evacuation
[15.324s][info][gc,phases      ] GC(176)   Pre Evacuate Collection Set: 0.1ms
[15.324s][info][gc,phases      ] GC(176)   Merge Heap Roots: 0.1ms
[15.324s][info][gc,phases      ] GC(176)   Evacuate Collection Set: 0.3ms
[15.324s][info][gc,phases      ] GC(176)   Post Evacuate Collection Set: 0.3ms
[15.324s][info][gc,phases      ] GC(176)   Other: 0.0ms
[15.324s][info][gc,heap        ] GC(176) Eden regions: 189->0(189)
[15.324s][info][gc,heap        ] GC(176) Survivor regions: 1->1(24)
[15.324s][info][gc,heap        ] GC(176) Old regions: 7->7
[15.324s][info][gc,heap        ] GC(176) Humongous regions: 0->0
[15.324s][info][gc,metaspace   ] GC(176) Metaspace: 9106K(9344K)->9106K(9344K) NonClass: 8067K(8192K)->8067K(8192K) Class: 1038K(1152K)->1038K(1152K)
[15.324s][info][gc             ] GC(176) Pause Young (Normal) (G1 Evacuation Pause) 382M->4M(634M) 0.928ms
[15.324s][info][gc,cpu         ] GC(176) User=0.00s Sys=0.00s Real=0.00s
[15.394s][info][gc,start       ] GC(177) Pause Young (Normal) (G1 Evacuation Pause)
[15.394s][info][gc,task        ] GC(177) Using 13 workers of 13 for evacuation
[15.395s][info][gc,phases      ] GC(177)   Pre Evacuate Collection Set: 0.1ms
[15.395s][info][gc,phases      ] GC(177)   Merge Heap Roots: 0.1ms
[15.395s][info][gc,phases      ] GC(177)   Evacuate Collection Set: 0.4ms
[15.395s][info][gc,phases      ] GC(177)   Post Evacuate Collection Set: 0.4ms
[15.395s][info][gc,phases      ] GC(177)   Other: 0.0ms
[15.395s][info][gc,heap        ] GC(177) Eden regions: 189->0(189)
[15.395s][info][gc,heap        ] GC(177) Survivor regions: 1->1(24)
[15.395s][info][gc,heap        ] GC(177) Old regions: 7->7
[15.395s][info][gc,heap        ] GC(177) Humongous regions: 0->0
[15.395s][info][gc,metaspace   ] GC(177) Metaspace: 9106K(9344K)->9106K(9344K) NonClass: 8067K(8192K)->8067K(8192K) Class: 1038K(1152K)->1038K(1152K)
[15.395s][info][gc             ] GC(177) Pause Young (Normal) (G1 Evacuation Pause) 382M->4M(634M) 1.144ms
[15.395s][info][gc,cpu         ] GC(177) User=0.00s Sys=0.00s Real=0.00s
[15.468s][info][gc,start       ] GC(178) Pause Young (Normal) (G1 Evacuation Pause)
[15.468s][info][gc,task        ] GC(178) Using 13 workers of 13 for evacuation
[15.468s][info][gc,phases      ] GC(178)   Pre Evacuate Collection Set: 0.1ms
[15.468s][info][gc,phases      ] GC(178)   Merge Heap Roots: 0.1ms
[15.468s][info][gc,phases      ] GC(178)   Evacuate Collection Set: 0.3ms
[15.468s][info][gc,phases      ] GC(178)   Post Evacuate Collection Set: 0.2ms
[15.468s][info][gc,phases      ] GC(178)   Other: 0.0ms
[15.468s][info][gc,heap        ] GC(178) Eden regions: 189->0(189)
[15.468s][info][gc,heap        ] GC(178) Survivor regions: 1->1(24)
[15.469s][info][gc,heap        ] GC(178) Old regions: 7->7
[15.469s][info][gc,heap        ] GC(178) Humongous regions: 0->0
[15.469s][info][gc,metaspace   ] GC(178) Metaspace: 9106K(9344K)->9106K(9344K) NonClass: 8067K(8192K)->8067K(8192K) Class: 1038K(1152K)->1038K(1152K)
[15.469s][info][gc             ] GC(178) Pause Young (Normal) (G1 Evacuation Pause) 382M->4M(634M) 0.902ms
[15.469s][info][gc,cpu         ] GC(178) User=0.00s Sys=0.00s Real=0.00s
[15.538s][info][gc,start       ] GC(179) Pause Young (Normal) (G1 Evacuation Pause)
[15.538s][info][gc,task        ] GC(179) Using 13 workers of 13 for evacuation
[15.539s][info][gc,phases      ] GC(179)   Pre Evacuate Collection Set: 0.1ms
[15.539s][info][gc,phases      ] GC(179)   Merge Heap Roots: 0.1ms
[15.539s][info][gc,phases      ] GC(179)   Evacuate Collection Set: 0.4ms
[15.539s][info][gc,phases      ] GC(179)   Post Evacuate Collection Set: 0.3ms
[15.539s][info][gc,phases      ] GC(179)   Other: 0.0ms
[15.539s][info][gc,heap        ] GC(179) Eden regions: 189->0(189)
[15.539s][info][gc,heap        ] GC(179) Survivor regions: 1->1(24)
[15.539s][info][gc,heap        ] GC(179) Old regions: 7->7
[15.539s][info][gc,heap        ] GC(179) Humongous regions: 0->0
[15.539s][info][gc,metaspace   ] GC(179) Metaspace: 9106K(9344K)->9106K(9344K) NonClass: 8067K(8192K)->8067K(8192K) Class: 1038K(1152K)->1038K(1152K)
[15.539s][info][gc             ] GC(179) Pause Young (Normal) (G1 Evacuation Pause) 382M->4M(634M) 1.091ms
[15.539s][info][gc,cpu         ] GC(179) User=0.00s Sys=0.00s Real=0.00s
[15.608s][info][gc,start       ] GC(180) Pause Young (Normal) (G1 Evacuation Pause)
[15.608s][info][gc,task        ] GC(180) Using 13 workers of 13 for evacuation
[15.609s][info][gc,phases      ] GC(180)   Pre Evacuate Collection Set: 0.1ms
[15.609s][info][gc,phases      ] GC(180)   Merge Heap Roots: 0.1ms
[15.609s][info][gc,phases      ] GC(180)   Evacuate Collection Set: 0.4ms
[15.609s][info][gc,phases      ] GC(180)   Post Evacuate Collection Set: 0.3ms
[15.609s][info][gc,phases      ] GC(180)   Other: 0.1ms
[15.609s][info][gc,heap        ] GC(180) Eden regions: 189->0(189)
[15.609s][info][gc,heap        ] GC(180) Survivor regions: 1->1(24)
[15.609s][info][gc,heap        ] GC(180) Old regions: 7->7
[15.609s][info][gc,heap        ] GC(180) Humongous regions: 0->0
[15.609s][info][gc,metaspace   ] GC(180) Metaspace: 9106K(9344K)->9106K(9344K) NonClass: 8067K(8192K)->8067K(8192K) Class: 1038K(1152K)->1038K(1152K)
[15.609s][info][gc             ] GC(180) Pause Young (Normal) (G1 Evacuation Pause) 382M->4M(634M) 1.052ms
[15.609s][info][gc,cpu         ] GC(180) User=0.00s Sys=0.00s Real=0.00s
[15.680s][info][gc,start       ] GC(181) Pause Young (Normal) (G1 Evacuation Pause)
[15.680s][info][gc,task        ] GC(181) Using 13 workers of 13 for evacuation
[15.681s][info][gc,phases      ] GC(181)   Pre Evacuate Collection Set: 0.1ms
[15.681s][info][gc,phases      ] GC(181)   Merge Heap Roots: 0.1ms
[15.681s][info][gc,phases      ] GC(181)   Evacuate Collection Set: 0.4ms
[15.681s][info][gc,phases      ] GC(181)   Post Evacuate Collection Set: 0.4ms
[15.681s][info][gc,phases      ] GC(181)   Other: 0.1ms
[15.681s][info][gc,heap        ] GC(181) Eden regions: 189->0(189)
[15.681s][info][gc,heap        ] GC(181) Survivor regions: 1->1(24)
[15.681s][info][gc,heap        ] GC(181) Old regions: 7->7
[15.681s][info][gc,heap        ] GC(181) Humongous regions: 0->0
[15.681s][info][gc,metaspace   ] GC(181) Metaspace: 9106K(9344K)->9106K(9344K) NonClass: 8067K(8192K)->8067K(8192K) Class: 1038K(1152K)->1038K(1152K)
[15.681s][info][gc             ] GC(181) Pause Young (Normal) (G1 Evacuation Pause) 382M->4M(634M) 1.308ms
[15.681s][info][gc,cpu         ] GC(181) User=0.01s Sys=0.01s Real=0.01s
[15.753s][info][gc,start       ] GC(182) Pause Young (Normal) (G1 Evacuation Pause)
[15.753s][info][gc,task        ] GC(182) Using 13 workers of 13 for evacuation
[15.754s][info][gc,phases      ] GC(182)   Pre Evacuate Collection Set: 0.1ms
[15.754s][info][gc,phases      ] GC(182)   Merge Heap Roots: 0.1ms
[15.754s][info][gc,phases      ] GC(182)   Evacuate Collection Set: 0.2ms
[15.754s][info][gc,phases      ] GC(182)   Post Evacuate Collection Set: 0.3ms
[15.754s][info][gc,phases      ] GC(182)   Other: 0.1ms
[15.754s][info][gc,heap        ] GC(182) Eden regions: 189->0(189)
[15.754s][info][gc,heap        ] GC(182) Survivor regions: 1->1(24)
[15.754s][info][gc,heap        ] GC(182) Old regions: 7->7
[15.754s][info][gc,heap        ] GC(182) Humongous regions: 0->0
[15.754s][info][gc,metaspace   ] GC(182) Metaspace: 9106K(9344K)->9106K(9344K) NonClass: 8067K(8192K)->8067K(8192K) Class: 1038K(1152K)->1038K(1152K)
[15.754s][info][gc             ] GC(182) Pause Young (Normal) (G1 Evacuation Pause) 382M->4M(634M) 0.915ms
[15.754s][info][gc,cpu         ] GC(182) User=0.00s Sys=0.00s Real=0.00s
[15.823s][info][gc,start       ] GC(183) Pause Young (Normal) (G1 Evacuation Pause)
[15.823s][info][gc,task        ] GC(183) Using 13 workers of 13 for evacuation
[15.824s][info][gc,phases      ] GC(183)   Pre Evacuate Collection Set: 0.1ms
[15.824s][info][gc,phases      ] GC(183)   Merge Heap Roots: 0.1ms
[15.824s][info][gc,phases      ] GC(183)   Evacuate Collection Set: 0.4ms
[15.824s][info][gc,phases      ] GC(183)   Post Evacuate Collection Set: 0.4ms
[15.824s][info][gc,phases      ] GC(183)   Other: 0.0ms
[15.824s][info][gc,heap        ] GC(183) Eden regions: 189->0(189)
[15.824s][info][gc,heap        ] GC(183) Survivor regions: 1->1(24)
[15.825s][info][gc,heap        ] GC(183) Old regions: 7->7
[15.825s][info][gc,heap        ] GC(183) Humongous regions: 0->0
[15.825s][info][gc,metaspace   ] GC(183) Metaspace: 9106K(9344K)->9106K(9344K) NonClass: 8067K(8192K)->8067K(8192K) Class: 1038K(1152K)->1038K(1152K)
[15.825s][info][gc             ] GC(183) Pause Young (Normal) (G1 Evacuation Pause) 382M->4M(634M) 1.120ms
[15.825s][info][gc,cpu         ] GC(183) User=0.01s Sys=0.00s Real=0.00s
[15.897s][info][gc,start       ] GC(184) Pause Young (Normal) (G1 Evacuation Pause)
[15.897s][info][gc,task        ] GC(184) Using 13 workers of 13 for evacuation
[15.898s][info][gc,phases      ] GC(184)   Pre Evacuate Collection Set: 0.1ms
[15.898s][info][gc,phases      ] GC(184)   Merge Heap Roots: 0.1ms
[15.898s][info][gc,phases      ] GC(184)   Evacuate Collection Set: 0.3ms
[15.898s][info][gc,phases      ] GC(184)   Post Evacuate Collection Set: 0.3ms
[15.898s][info][gc,phases      ] GC(184)   Other: 0.0ms
[15.898s][info][gc,heap        ] GC(184) Eden regions: 189->0(189)
[15.898s][info][gc,heap        ] GC(184) Survivor regions: 1->1(24)
[15.898s][info][gc,heap        ] GC(184) Old regions: 7->7
[15.898s][info][gc,heap        ] GC(184) Humongous regions: 0->0
[15.898s][info][gc,metaspace   ] GC(184) Metaspace: 9106K(9344K)->9106K(9344K) NonClass: 8067K(8192K)->8067K(8192K) Class: 1038K(1152K)->1038K(1152K)
[15.898s][info][gc             ] GC(184) Pause Young (Normal) (G1 Evacuation Pause) 382M->4M(634M) 0.890ms
[15.898s][info][gc,cpu         ] GC(184) User=0.00s Sys=0.00s Real=0.00s
[15.971s][info][gc,start       ] GC(185) Pause Young (Normal) (G1 Evacuation Pause)
[15.971s][info][gc,task        ] GC(185) Using 13 workers of 13 for evacuation
[15.972s][info][gc,phases      ] GC(185)   Pre Evacuate Collection Set: 0.1ms
[15.972s][info][gc,phases      ] GC(185)   Merge Heap Roots: 0.1ms
[15.972s][info][gc,phases      ] GC(185)   Evacuate Collection Set: 0.3ms
[15.972s][info][gc,phases      ] GC(185)   Post Evacuate Collection Set: 0.4ms
[15.972s][info][gc,phases      ] GC(185)   Other: 0.1ms
[15.972s][info][gc,heap        ] GC(185) Eden regions: 189->0(189)
[15.972s][info][gc,heap        ] GC(185) Survivor regions: 1->1(24)
[15.972s][info][gc,heap        ] GC(185) Old regions: 7->7
[15.972s][info][gc,heap        ] GC(185) Humongous regions: 0->0
[15.972s][info][gc,metaspace   ] GC(185) Metaspace: 9106K(9344K)->9106K(9344K) NonClass: 8067K(8192K)->8067K(8192K) Class: 1038K(1152K)->1038K(1152K)
[15.972s][info][gc             ] GC(185) Pause Young (Normal) (G1 Evacuation Pause) 382M->4M(634M) 1.185ms
[15.972s][info][gc,cpu         ] GC(185) User=0.01s Sys=0.00s Real=0.00s
[16.051s][info][gc,start       ] GC(186) Pause Young (Normal) (G1 Evacuation Pause)
[16.051s][info][gc,task        ] GC(186) Using 13 workers of 13 for evacuation
[16.051s][info][gc,phases      ] GC(186)   Pre Evacuate Collection Set: 0.1ms
[16.051s][info][gc,phases      ] GC(186)   Merge Heap Roots: 0.1ms
[16.051s][info][gc,phases      ] GC(186)   Evacuate Collection Set: 0.3ms
[16.051s][info][gc,phases      ] GC(186)   Post Evacuate Collection Set: 0.2ms
[16.051s][info][gc,phases      ] GC(186)   Other: 0.0ms
[16.051s][info][gc,heap        ] GC(186) Eden regions: 189->0(189)
[16.051s][info][gc,heap        ] GC(186) Survivor regions: 1->1(24)
[16.051s][info][gc,heap        ] GC(186) Old regions: 7->7
[16.052s][info][gc,heap        ] GC(186) Humongous regions: 0->0
[16.052s][info][gc,metaspace   ] GC(186) Metaspace: 9106K(9344K)->9106K(9344K) NonClass: 8067K(8192K)->8067K(8192K) Class: 1038K(1152K)->1038K(1152K)
[16.052s][info][gc             ] GC(186) Pause Young (Normal) (G1 Evacuation Pause) 382M->4M(634M) 0.931ms
[16.052s][info][gc,cpu         ] GC(186) User=0.00s Sys=0.00s Real=0.00s
[16.120s][info][gc,start       ] GC(187) Pause Young (Normal) (G1 Evacuation Pause)
[16.120s][info][gc,task        ] GC(187) Using 13 workers of 13 for evacuation
[16.121s][info][gc,phases      ] GC(187)   Pre Evacuate Collection Set: 0.1ms
[16.121s][info][gc,phases      ] GC(187)   Merge Heap Roots: 0.1ms
[16.121s][info][gc,phases      ] GC(187)   Evacuate Collection Set: 0.4ms
[16.121s][info][gc,phases      ] GC(187)   Post Evacuate Collection Set: 0.4ms
[16.122s][info][gc,phases      ] GC(187)   Other: 0.1ms
[16.122s][info][gc,heap        ] GC(187) Eden regions: 189->0(189)
[16.122s][info][gc,heap        ] GC(187) Survivor regions: 1->1(24)
[16.122s][info][gc,heap        ] GC(187) Old regions: 7->7
[16.122s][info][gc,heap        ] GC(187) Humongous regions: 0->0
[16.122s][info][gc,metaspace   ] GC(187) Metaspace: 9106K(9344K)->9106K(9344K) NonClass: 8067K(8192K)->8067K(8192K) Class: 1038K(1152K)->1038K(1152K)
[16.122s][info][gc             ] GC(187) Pause Young (Normal) (G1 Evacuation Pause) 382M->4M(634M) 1.326ms
[16.122s][info][gc,cpu         ] GC(187) User=0.00s Sys=0.00s Real=0.00s
[16.193s][info][gc,start       ] GC(188) Pause Young (Normal) (G1 Evacuation Pause)
[16.193s][info][gc,task        ] GC(188) Using 13 workers of 13 for evacuation
[16.193s][info][gc,phases      ] GC(188)   Pre Evacuate Collection Set: 0.1ms
[16.193s][info][gc,phases      ] GC(188)   Merge Heap Roots: 0.1ms
[16.193s][info][gc,phases      ] GC(188)   Evacuate Collection Set: 0.3ms
[16.193s][info][gc,phases      ] GC(188)   Post Evacuate Collection Set: 0.2ms
[16.193s][info][gc,phases      ] GC(188)   Other: 0.0ms
[16.193s][info][gc,heap        ] GC(188) Eden regions: 189->0(189)
[16.193s][info][gc,heap        ] GC(188) Survivor regions: 1->1(24)
[16.193s][info][gc,heap        ] GC(188) Old regions: 7->7
[16.193s][info][gc,heap        ] GC(188) Humongous regions: 0->0
[16.193s][info][gc,metaspace   ] GC(188) Metaspace: 9106K(9344K)->9106K(9344K) NonClass: 8067K(8192K)->8067K(8192K) Class: 1038K(1152K)->1038K(1152K)
[16.193s][info][gc             ] GC(188) Pause Young (Normal) (G1 Evacuation Pause) 382M->4M(634M) 0.916ms
[16.193s][info][gc,cpu         ] GC(188) User=0.00s Sys=0.00s Real=0.00s
[16.264s][info][gc,start       ] GC(189) Pause Young (Normal) (G1 Evacuation Pause)
[16.264s][info][gc,task        ] GC(189) Using 13 workers of 13 for evacuation
[16.265s][info][gc,phases      ] GC(189)   Pre Evacuate Collection Set: 0.1ms
[16.265s][info][gc,phases      ] GC(189)   Merge Heap Roots: 0.1ms
[16.265s][info][gc,phases      ] GC(189)   Evacuate Collection Set: 0.4ms
[16.265s][info][gc,phases      ] GC(189)   Post Evacuate Collection Set: 0.5ms
[16.265s][info][gc,phases      ] GC(189)   Other: 0.1ms
[16.265s][info][gc,heap        ] GC(189) Eden regions: 189->0(189)
[16.265s][info][gc,heap        ] GC(189) Survivor regions: 1->1(24)
[16.265s][info][gc,heap        ] GC(189) Old regions: 7->7
[16.265s][info][gc,heap        ] GC(189) Humongous regions: 0->0
[16.265s][info][gc,metaspace   ] GC(189) Metaspace: 9106K(9344K)->9106K(9344K) NonClass: 8067K(8192K)->8067K(8192K) Class: 1038K(1152K)->1038K(1152K)
[16.265s][info][gc             ] GC(189) Pause Young (Normal) (G1 Evacuation Pause) 382M->4M(634M) 1.462ms
[16.265s][info][gc,cpu         ] GC(189) User=0.01s Sys=0.00s Real=0.00s
[16.342s][info][gc,start       ] GC(190) Pause Young (Normal) (G1 Evacuation Pause)
[16.342s][info][gc,task        ] GC(190) Using 13 workers of 13 for evacuation
[16.343s][info][gc,phases      ] GC(190)   Pre Evacuate Collection Set: 0.1ms
[16.343s][info][gc,phases      ] GC(190)   Merge Heap Roots: 0.1ms
[16.343s][info][gc,phases      ] GC(190)   Evacuate Collection Set: 0.4ms
[16.343s][info][gc,phases      ] GC(190)   Post Evacuate Collection Set: 0.4ms
[16.343s][info][gc,phases      ] GC(190)   Other: 0.1ms
[16.343s][info][gc,heap        ] GC(190) Eden regions: 189->0(189)
[16.343s][info][gc,heap        ] GC(190) Survivor regions: 1->1(24)
[16.343s][info][gc,heap        ] GC(190) Old regions: 7->7
[16.343s][info][gc,heap        ] GC(190) Humongous regions: 0->0
[16.343s][info][gc,metaspace   ] GC(190) Metaspace: 9106K(9344K)->9106K(9344K) NonClass: 8067K(8192K)->8067K(8192K) Class: 1038K(1152K)->1038K(1152K)
[16.343s][info][gc             ] GC(190) Pause Young (Normal) (G1 Evacuation Pause) 382M->4M(634M) 1.266ms
[16.343s][info][gc,cpu         ] GC(190) User=0.00s Sys=0.00s Real=0.00s
[16.418s][info][gc,start       ] GC(191) Pause Young (Normal) (G1 Evacuation Pause)
[16.418s][info][gc,task        ] GC(191) Using 13 workers of 13 for evacuation
[16.418s][info][gc,phases      ] GC(191)   Pre Evacuate Collection Set: 0.1ms
[16.418s][info][gc,phases      ] GC(191)   Merge Heap Roots: 0.1ms
[16.418s][info][gc,phases      ] GC(191)   Evacuate Collection Set: 0.3ms
[16.418s][info][gc,phases      ] GC(191)   Post Evacuate Collection Set: 0.3ms
[16.418s][info][gc,phases      ] GC(191)   Other: 0.0ms
[16.418s][info][gc,heap        ] GC(191) Eden regions: 189->0(189)
[16.418s][info][gc,heap        ] GC(191) Survivor regions: 1->1(24)
[16.418s][info][gc,heap        ] GC(191) Old regions: 7->7
[16.418s][info][gc,heap        ] GC(191) Humongous regions: 0->0
[16.419s][info][gc,metaspace   ] GC(191) Metaspace: 9106K(9344K)->9106K(9344K) NonClass: 8067K(8192K)->8067K(8192K) Class: 1038K(1152K)->1038K(1152K)
[16.419s][info][gc             ] GC(191) Pause Young (Normal) (G1 Evacuation Pause) 382M->4M(634M) 0.988ms
[16.419s][info][gc,cpu         ] GC(191) User=0.01s Sys=0.00s Real=0.00s
[16.488s][info][gc,start       ] GC(192) Pause Young (Normal) (G1 Evacuation Pause)
[16.488s][info][gc,task        ] GC(192) Using 13 workers of 13 for evacuation
[16.489s][info][gc,phases      ] GC(192)   Pre Evacuate Collection Set: 0.1ms
[16.489s][info][gc,phases      ] GC(192)   Merge Heap Roots: 0.1ms
[16.489s][info][gc,phases      ] GC(192)   Evacuate Collection Set: 0.3ms
[16.489s][info][gc,phases      ] GC(192)   Post Evacuate Collection Set: 0.3ms
[16.489s][info][gc,phases      ] GC(192)   Other: 0.1ms
[16.489s][info][gc,heap        ] GC(192) Eden regions: 189->0(189)
[16.489s][info][gc,heap        ] GC(192) Survivor regions: 1->1(24)
[16.489s][info][gc,heap        ] GC(192) Old regions: 7->7
[16.489s][info][gc,heap        ] GC(192) Humongous regions: 0->0
[16.489s][info][gc,metaspace   ] GC(192) Metaspace: 9106K(9344K)->9106K(9344K) NonClass: 8067K(8192K)->8067K(8192K) Class: 1038K(1152K)->1038K(1152K)
[16.489s][info][gc             ] GC(192) Pause Young (Normal) (G1 Evacuation Pause) 382M->4M(634M) 1.064ms
[16.489s][info][gc,cpu         ] GC(192) User=0.00s Sys=0.00s Real=0.00s
[16.556s][info][gc,start       ] GC(193) Pause Young (Normal) (G1 Evacuation Pause)
[16.556s][info][gc,task        ] GC(193) Using 13 workers of 13 for evacuation
[16.557s][info][gc,phases      ] GC(193)   Pre Evacuate Collection Set: 0.2ms
[16.557s][info][gc,phases      ] GC(193)   Merge Heap Roots: 0.1ms
[16.557s][info][gc,phases      ] GC(193)   Evacuate Collection Set: 0.5ms
[16.557s][info][gc,phases      ] GC(193)   Post Evacuate Collection Set: 0.5ms
[16.557s][info][gc,phases      ] GC(193)   Other: 0.1ms
[16.557s][info][gc,heap        ] GC(193) Eden regions: 189->0(189)
[16.557s][info][gc,heap        ] GC(193) Survivor regions: 1->1(24)
[16.557s][info][gc,heap        ] GC(193) Old regions: 7->7
[16.557s][info][gc,heap        ] GC(193) Humongous regions: 0->0
[16.557s][info][gc,metaspace   ] GC(193) Metaspace: 9106K(9344K)->9106K(9344K) NonClass: 8067K(8192K)->8067K(8192K) Class: 1038K(1152K)->1038K(1152K)
[16.557s][info][gc             ] GC(193) Pause Young (Normal) (G1 Evacuation Pause) 382M->4M(634M) 1.481ms
[16.557s][info][gc,cpu         ] GC(193) User=0.00s Sys=0.00s Real=0.00s
[16.636s][info][gc,start       ] GC(194) Pause Young (Normal) (G1 Evacuation Pause)
[16.636s][info][gc,task        ] GC(194) Using 13 workers of 13 for evacuation
[16.637s][info][gc,phases      ] GC(194)   Pre Evacuate Collection Set: 0.1ms
[16.637s][info][gc,phases      ] GC(194)   Merge Heap Roots: 0.1ms
[16.637s][info][gc,phases      ] GC(194)   Evacuate Collection Set: 0.3ms
[16.637s][info][gc,phases      ] GC(194)   Post Evacuate Collection Set: 0.3ms
[16.637s][info][gc,phases      ] GC(194)   Other: 0.0ms
[16.637s][info][gc,heap        ] GC(194) Eden regions: 189->0(189)
[16.637s][info][gc,heap        ] GC(194) Survivor regions: 1->1(24)
[16.637s][info][gc,heap        ] GC(194) Old regions: 7->7
[16.637s][info][gc,heap        ] GC(194) Humongous regions: 0->0
[16.637s][info][gc,metaspace   ] GC(194) Metaspace: 9106K(9344K)->9106K(9344K) NonClass: 8067K(8192K)->8067K(8192K) Class: 1038K(1152K)->1038K(1152K)
[16.637s][info][gc             ] GC(194) Pause Young (Normal) (G1 Evacuation Pause) 382M->4M(634M) 0.955ms
[16.637s][info][gc,cpu         ] GC(194) User=0.00s Sys=0.00s Real=0.00s
[16.710s][info][gc,start       ] GC(195) Pause Young (Normal) (G1 Evacuation Pause)
[16.710s][info][gc,task        ] GC(195) Using 13 workers of 13 for evacuation
[16.711s][info][gc,phases      ] GC(195)   Pre Evacuate Collection Set: 0.1ms
[16.711s][info][gc,phases      ] GC(195)   Merge Heap Roots: 0.1ms
[16.711s][info][gc,phases      ] GC(195)   Evacuate Collection Set: 0.3ms
[16.711s][info][gc,phases      ] GC(195)   Post Evacuate Collection Set: 0.2ms
[16.711s][info][gc,phases      ] GC(195)   Other: 0.0ms
[16.711s][info][gc,heap        ] GC(195) Eden regions: 189->0(189)
[16.711s][info][gc,heap        ] GC(195) Survivor regions: 1->1(24)
[16.711s][info][gc,heap        ] GC(195) Old regions: 7->7
[16.711s][info][gc,heap        ] GC(195) Humongous regions: 0->0
[16.711s][info][gc,metaspace   ] GC(195) Metaspace: 9106K(9344K)->9106K(9344K) NonClass: 8067K(8192K)->8067K(8192K) Class: 1038K(1152K)->1038K(1152K)
[16.711s][info][gc             ] GC(195) Pause Young (Normal) (G1 Evacuation Pause) 382M->4M(634M) 0.908ms
[16.711s][info][gc,cpu         ] GC(195) User=0.01s Sys=0.00s Real=0.00s
[16.783s][info][gc,start       ] GC(196) Pause Young (Normal) (G1 Evacuation Pause)
[16.783s][info][gc,task        ] GC(196) Using 13 workers of 13 for evacuation
[16.784s][info][gc,phases      ] GC(196)   Pre Evacuate Collection Set: 0.1ms
[16.784s][info][gc,phases      ] GC(196)   Merge Heap Roots: 0.1ms
[16.784s][info][gc,phases      ] GC(196)   Evacuate Collection Set: 0.4ms
[16.784s][info][gc,phases      ] GC(196)   Post Evacuate Collection Set: 0.3ms
[16.784s][info][gc,phases      ] GC(196)   Other: 0.0ms
[16.784s][info][gc,heap        ] GC(196) Eden regions: 189->0(189)
[16.784s][info][gc,heap        ] GC(196) Survivor regions: 1->1(24)
[16.784s][info][gc,heap        ] GC(196) Old regions: 7->7
[16.784s][info][gc,heap        ] GC(196) Humongous regions: 0->0
[16.784s][info][gc,metaspace   ] GC(196) Metaspace: 9106K(9344K)->9106K(9344K) NonClass: 8067K(8192K)->8067K(8192K) Class: 1038K(1152K)->1038K(1152K)
[16.784s][info][gc             ] GC(196) Pause Young (Normal) (G1 Evacuation Pause) 382M->4M(634M) 1.150ms
[16.784s][info][gc,cpu         ] GC(196) User=0.00s Sys=0.00s Real=0.00s
[16.854s][info][gc,start       ] GC(197) Pause Young (Normal) (G1 Evacuation Pause)
[16.854s][info][gc,task        ] GC(197) Using 13 workers of 13 for evacuation
[16.855s][info][gc,phases      ] GC(197)   Pre Evacuate Collection Set: 0.1ms
[16.855s][info][gc,phases      ] GC(197)   Merge Heap Roots: 0.1ms
[16.855s][info][gc,phases      ] GC(197)   Evacuate Collection Set: 0.4ms
[16.855s][info][gc,phases      ] GC(197)   Post Evacuate Collection Set: 0.4ms
[16.855s][info][gc,phases      ] GC(197)   Other: 0.1ms
[16.855s][info][gc,heap        ] GC(197) Eden regions: 189->0(189)
[16.855s][info][gc,heap        ] GC(197) Survivor regions: 1->1(24)
[16.855s][info][gc,heap        ] GC(197) Old regions: 7->7
[16.855s][info][gc,heap        ] GC(197) Humongous regions: 0->0
[16.855s][info][gc,metaspace   ] GC(197) Metaspace: 9106K(9344K)->9106K(9344K) NonClass: 8067K(8192K)->8067K(8192K) Class: 1038K(1152K)->1038K(1152K)
[16.855s][info][gc             ] GC(197) Pause Young (Normal) (G1 Evacuation Pause) 382M->4M(634M) 1.241ms
[16.855s][info][gc,cpu         ] GC(197) User=0.00s Sys=0.00s Real=0.00s
[16.927s][info][gc,start       ] GC(198) Pause Young (Normal) (G1 Evacuation Pause)
[16.928s][info][gc,task        ] GC(198) Using 13 workers of 13 for evacuation
[16.928s][info][gc,phases      ] GC(198)   Pre Evacuate Collection Set: 0.1ms
[16.928s][info][gc,phases      ] GC(198)   Merge Heap Roots: 0.1ms
[16.928s][info][gc,phases      ] GC(198)   Evacuate Collection Set: 0.3ms
[16.928s][info][gc,phases      ] GC(198)   Post Evacuate Collection Set: 0.2ms
[16.928s][info][gc,phases      ] GC(198)   Other: 0.0ms
[16.928s][info][gc,heap        ] GC(198) Eden regions: 189->0(189)
[16.928s][info][gc,heap        ] GC(198) Survivor regions: 1->1(24)
[16.928s][info][gc,heap        ] GC(198) Old regions: 7->7
[16.928s][info][gc,heap        ] GC(198) Humongous regions: 0->0
[16.928s][info][gc,metaspace   ] GC(198) Metaspace: 9106K(9344K)->9106K(9344K) NonClass: 8067K(8192K)->8067K(8192K) Class: 1038K(1152K)->1038K(1152K)
[16.928s][info][gc             ] GC(198) Pause Young (Normal) (G1 Evacuation Pause) 382M->4M(634M) 0.876ms
[16.928s][info][gc,cpu         ] GC(198) User=0.00s Sys=0.00s Real=0.00s
[17.003s][info][gc,start       ] GC(199) Pause Young (Normal) (G1 Evacuation Pause)
[17.003s][info][gc,task        ] GC(199) Using 13 workers of 13 for evacuation
[17.004s][info][gc,phases      ] GC(199)   Pre Evacuate Collection Set: 0.1ms
[17.004s][info][gc,phases      ] GC(199)   Merge Heap Roots: 0.1ms
[17.004s][info][gc,phases      ] GC(199)   Evacuate Collection Set: 0.3ms
[17.004s][info][gc,phases      ] GC(199)   Post Evacuate Collection Set: 0.2ms
[17.004s][info][gc,phases      ] GC(199)   Other: 0.0ms
[17.004s][info][gc,heap        ] GC(199) Eden regions: 189->0(189)
[17.004s][info][gc,heap        ] GC(199) Survivor regions: 1->1(24)
[17.004s][info][gc,heap        ] GC(199) Old regions: 7->7
[17.004s][info][gc,heap        ] GC(199) Humongous regions: 0->0
[17.004s][info][gc,metaspace   ] GC(199) Metaspace: 9106K(9344K)->9106K(9344K) NonClass: 8067K(8192K)->8067K(8192K) Class: 1038K(1152K)->1038K(1152K)
[17.004s][info][gc             ] GC(199) Pause Young (Normal) (G1 Evacuation Pause) 382M->4M(634M) 0.841ms
[17.004s][info][gc,cpu         ] GC(199) User=0.01s Sys=0.00s Real=0.00s
[17.082s][info][gc,start       ] GC(200) Pause Young (Normal) (G1 Evacuation Pause)
[17.082s][info][gc,task        ] GC(200) Using 13 workers of 13 for evacuation
[17.083s][info][gc,phases      ] GC(200)   Pre Evacuate Collection Set: 0.1ms
[17.083s][info][gc,phases      ] GC(200)   Merge Heap Roots: 0.1ms
[17.083s][info][gc,phases      ] GC(200)   Evacuate Collection Set: 0.3ms
[17.083s][info][gc,phases      ] GC(200)   Post Evacuate Collection Set: 0.3ms
[17.083s][info][gc,phases      ] GC(200)   Other: 0.0ms
[17.083s][info][gc,heap        ] GC(200) Eden regions: 189->0(189)
[17.083s][info][gc,heap        ] GC(200) Survivor regions: 1->1(24)
[17.083s][info][gc,heap        ] GC(200) Old regions: 7->7
[17.083s][info][gc,heap        ] GC(200) Humongous regions: 0->0
[17.083s][info][gc,metaspace   ] GC(200) Metaspace: 9106K(9344K)->9106K(9344K) NonClass: 8067K(8192K)->8067K(8192K) Class: 1038K(1152K)->1038K(1152K)
[17.083s][info][gc             ] GC(200) Pause Young (Normal) (G1 Evacuation Pause) 382M->4M(634M) 0.943ms
[17.083s][info][gc,cpu         ] GC(200) User=0.00s Sys=0.01s Real=0.00s
[17.152s][info][gc,start       ] GC(201) Pause Young (Normal) (G1 Evacuation Pause)
[17.152s][info][gc,task        ] GC(201) Using 13 workers of 13 for evacuation
[17.153s][info][gc,phases      ] GC(201)   Pre Evacuate Collection Set: 0.1ms
[17.153s][info][gc,phases      ] GC(201)   Merge Heap Roots: 0.1ms
[17.153s][info][gc,phases      ] GC(201)   Evacuate Collection Set: 0.4ms
[17.153s][info][gc,phases      ] GC(201)   Post Evacuate Collection Set: 0.4ms
[17.153s][info][gc,phases      ] GC(201)   Other: 0.1ms
[17.153s][info][gc,heap        ] GC(201) Eden regions: 189->0(189)
[17.153s][info][gc,heap        ] GC(201) Survivor regions: 1->1(24)
[17.153s][info][gc,heap        ] GC(201) Old regions: 7->7
[17.153s][info][gc,heap        ] GC(201) Humongous regions: 0->0
[17.153s][info][gc,metaspace   ] GC(201) Metaspace: 9106K(9344K)->9106K(9344K) NonClass: 8067K(8192K)->8067K(8192K) Class: 1038K(1152K)->1038K(1152K)
[17.153s][info][gc             ] GC(201) Pause Young (Normal) (G1 Evacuation Pause) 382M->4M(634M) 1.291ms
[17.153s][info][gc,cpu         ] GC(201) User=0.00s Sys=0.00s Real=0.00s
[17.222s][info][gc,start       ] GC(202) Pause Young (Normal) (G1 Evacuation Pause)
[17.222s][info][gc,task        ] GC(202) Using 13 workers of 13 for evacuation
[17.223s][info][gc,phases      ] GC(202)   Pre Evacuate Collection Set: 0.1ms
[17.223s][info][gc,phases      ] GC(202)   Merge Heap Roots: 0.1ms
[17.223s][info][gc,phases      ] GC(202)   Evacuate Collection Set: 0.4ms
[17.223s][info][gc,phases      ] GC(202)   Post Evacuate Collection Set: 0.3ms
[17.223s][info][gc,phases      ] GC(202)   Other: 0.0ms
[17.223s][info][gc,heap        ] GC(202) Eden regions: 189->0(189)
[17.223s][info][gc,heap        ] GC(202) Survivor regions: 1->1(24)
[17.223s][info][gc,heap        ] GC(202) Old regions: 7->7
[17.223s][info][gc,heap        ] GC(202) Humongous regions: 0->0
[17.223s][info][gc,metaspace   ] GC(202) Metaspace: 9106K(9344K)->9106K(9344K) NonClass: 8067K(8192K)->8067K(8192K) Class: 1038K(1152K)->1038K(1152K)
[17.223s][info][gc             ] GC(202) Pause Young (Normal) (G1 Evacuation Pause) 382M->4M(634M) 1.154ms
[17.223s][info][gc,cpu         ] GC(202) User=0.00s Sys=0.00s Real=0.00s
[17.292s][info][gc,start       ] GC(203) Pause Young (Normal) (G1 Evacuation Pause)
[17.292s][info][gc,task        ] GC(203) Using 13 workers of 13 for evacuation
[17.293s][info][gc,phases      ] GC(203)   Pre Evacuate Collection Set: 0.1ms
[17.293s][info][gc,phases      ] GC(203)   Merge Heap Roots: 0.1ms
[17.293s][info][gc,phases      ] GC(203)   Evacuate Collection Set: 0.5ms
[17.293s][info][gc,phases      ] GC(203)   Post Evacuate Collection Set: 0.3ms
[17.294s][info][gc,phases      ] GC(203)   Other: 0.1ms
[17.294s][info][gc,heap        ] GC(203) Eden regions: 189->0(189)
[17.294s][info][gc,heap        ] GC(203) Survivor regions: 1->1(24)
[17.294s][info][gc,heap        ] GC(203) Old regions: 7->7
[17.294s][info][gc,heap        ] GC(203) Humongous regions: 0->0
[17.294s][info][gc,metaspace   ] GC(203) Metaspace: 9106K(9344K)->9106K(9344K) NonClass: 8067K(8192K)->8067K(8192K) Class: 1038K(1152K)->1038K(1152K)
[17.294s][info][gc             ] GC(203) Pause Young (Normal) (G1 Evacuation Pause) 382M->4M(634M) 1.212ms
[17.294s][info][gc,cpu         ] GC(203) User=0.00s Sys=0.00s Real=0.00s
[17.366s][info][gc,start       ] GC(204) Pause Young (Normal) (G1 Evacuation Pause)
[17.366s][info][gc,task        ] GC(204) Using 13 workers of 13 for evacuation
[17.367s][info][gc,phases      ] GC(204)   Pre Evacuate Collection Set: 0.1ms
[17.367s][info][gc,phases      ] GC(204)   Merge Heap Roots: 0.1ms
[17.367s][info][gc,phases      ] GC(204)   Evacuate Collection Set: 0.3ms
[17.367s][info][gc,phases      ] GC(204)   Post Evacuate Collection Set: 0.2ms
[17.367s][info][gc,phases      ] GC(204)   Other: 0.0ms
[17.367s][info][gc,heap        ] GC(204) Eden regions: 189->0(189)
[17.367s][info][gc,heap        ] GC(204) Survivor regions: 1->1(24)
[17.367s][info][gc,heap        ] GC(204) Old regions: 7->7
[17.367s][info][gc,heap        ] GC(204) Humongous regions: 0->0
[17.367s][info][gc,metaspace   ] GC(204) Metaspace: 9106K(9344K)->9106K(9344K) NonClass: 8067K(8192K)->8067K(8192K) Class: 1038K(1152K)->1038K(1152K)
[17.367s][info][gc             ] GC(204) Pause Young (Normal) (G1 Evacuation Pause) 382M->4M(634M) 0.876ms
[17.367s][info][gc,cpu         ] GC(204) User=0.00s Sys=0.00s Real=0.00s
[17.440s][info][gc,start       ] GC(205) Pause Young (Normal) (G1 Evacuation Pause)
[17.440s][info][gc,task        ] GC(205) Using 13 workers of 13 for evacuation
[17.441s][info][gc,phases      ] GC(205)   Pre Evacuate Collection Set: 0.1ms
[17.441s][info][gc,phases      ] GC(205)   Merge Heap Roots: 0.1ms
[17.441s][info][gc,phases      ] GC(205)   Evacuate Collection Set: 0.3ms
[17.441s][info][gc,phases      ] GC(205)   Post Evacuate Collection Set: 0.2ms
[17.441s][info][gc,phases      ] GC(205)   Other: 0.0ms
[17.441s][info][gc,heap        ] GC(205) Eden regions: 189->0(189)
[17.441s][info][gc,heap        ] GC(205) Survivor regions: 1->1(24)
[17.441s][info][gc,heap        ] GC(205) Old regions: 7->7
[17.441s][info][gc,heap        ] GC(205) Humongous regions: 0->0
[17.441s][info][gc,metaspace   ] GC(205) Metaspace: 9106K(9344K)->9106K(9344K) NonClass: 8067K(8192K)->8067K(8192K) Class: 1038K(1152K)->1038K(1152K)
[17.441s][info][gc             ] GC(205) Pause Young (Normal) (G1 Evacuation Pause) 382M->4M(634M) 0.846ms
[17.441s][info][gc,cpu         ] GC(205) User=0.01s Sys=0.00s Real=0.00s
[17.508s][info][gc,start       ] GC(206) Pause Young (Normal) (G1 Evacuation Pause)
[17.508s][info][gc,task        ] GC(206) Using 13 workers of 13 for evacuation
[17.509s][info][gc,phases      ] GC(206)   Pre Evacuate Collection Set: 0.1ms
[17.509s][info][gc,phases      ] GC(206)   Merge Heap Roots: 0.1ms
[17.509s][info][gc,phases      ] GC(206)   Evacuate Collection Set: 0.5ms
[17.509s][info][gc,phases      ] GC(206)   Post Evacuate Collection Set: 0.4ms
[17.509s][info][gc,phases      ] GC(206)   Other: 0.1ms
[17.509s][info][gc,heap        ] GC(206) Eden regions: 189->0(189)
[17.509s][info][gc,heap        ] GC(206) Survivor regions: 1->1(24)
[17.509s][info][gc,heap        ] GC(206) Old regions: 7->7
[17.509s][info][gc,heap        ] GC(206) Humongous regions: 0->0
[17.509s][info][gc,metaspace   ] GC(206) Metaspace: 9106K(9344K)->9106K(9344K) NonClass: 8067K(8192K)->8067K(8192K) Class: 1038K(1152K)->1038K(1152K)
[17.509s][info][gc             ] GC(206) Pause Young (Normal) (G1 Evacuation Pause) 382M->4M(634M) 1.301ms
[17.509s][info][gc,cpu         ] GC(206) User=0.01s Sys=0.00s Real=0.00s
[17.578s][info][gc,start       ] GC(207) Pause Young (Normal) (G1 Evacuation Pause)
[17.578s][info][gc,task        ] GC(207) Using 13 workers of 13 for evacuation
[17.579s][info][gc,phases      ] GC(207)   Pre Evacuate Collection Set: 0.1ms
[17.579s][info][gc,phases      ] GC(207)   Merge Heap Roots: 0.1ms
[17.579s][info][gc,phases      ] GC(207)   Evacuate Collection Set: 0.4ms
[17.579s][info][gc,phases      ] GC(207)   Post Evacuate Collection Set: 0.4ms
[17.579s][info][gc,phases      ] GC(207)   Other: 0.0ms
[17.579s][info][gc,heap        ] GC(207) Eden regions: 189->0(189)
[17.579s][info][gc,heap        ] GC(207) Survivor regions: 1->1(24)
[17.579s][info][gc,heap        ] GC(207) Old regions: 7->7
[17.579s][info][gc,heap        ] GC(207) Humongous regions: 0->0
[17.579s][info][gc,metaspace   ] GC(207) Metaspace: 9106K(9344K)->9106K(9344K) NonClass: 8067K(8192K)->8067K(8192K) Class: 1038K(1152K)->1038K(1152K)
[17.579s][info][gc             ] GC(207) Pause Young (Normal) (G1 Evacuation Pause) 382M->4M(634M) 1.204ms
[17.579s][info][gc,cpu         ] GC(207) User=0.00s Sys=0.00s Real=0.00s
[17.650s][info][gc,start       ] GC(208) Pause Young (Normal) (G1 Evacuation Pause)
[17.650s][info][gc,task        ] GC(208) Using 13 workers of 13 for evacuation
[17.651s][info][gc,phases      ] GC(208)   Pre Evacuate Collection Set: 0.1ms
[17.651s][info][gc,phases      ] GC(208)   Merge Heap Roots: 0.1ms
[17.651s][info][gc,phases      ] GC(208)   Evacuate Collection Set: 0.3ms
[17.651s][info][gc,phases      ] GC(208)   Post Evacuate Collection Set: 0.3ms
[17.651s][info][gc,phases      ] GC(208)   Other: 0.1ms
[17.651s][info][gc,heap        ] GC(208) Eden regions: 189->0(189)
[17.651s][info][gc,heap        ] GC(208) Survivor regions: 1->1(24)
[17.651s][info][gc,heap        ] GC(208) Old regions: 7->7
[17.651s][info][gc,heap        ] GC(208) Humongous regions: 0->0
[17.651s][info][gc,metaspace   ] GC(208) Metaspace: 9106K(9344K)->9106K(9344K) NonClass: 8067K(8192K)->8067K(8192K) Class: 1038K(1152K)->1038K(1152K)
[17.651s][info][gc             ] GC(208) Pause Young (Normal) (G1 Evacuation Pause) 382M->4M(634M) 1.119ms
[17.651s][info][gc,cpu         ] GC(208) User=0.00s Sys=0.00s Real=0.00s
[17.718s][info][gc,start       ] GC(209) Pause Young (Normal) (G1 Evacuation Pause)
[17.718s][info][gc,task        ] GC(209) Using 13 workers of 13 for evacuation
[17.719s][info][gc,phases      ] GC(209)   Pre Evacuate Collection Set: 0.1ms
[17.719s][info][gc,phases      ] GC(209)   Merge Heap Roots: 0.1ms
[17.719s][info][gc,phases      ] GC(209)   Evacuate Collection Set: 0.5ms
[17.719s][info][gc,phases      ] GC(209)   Post Evacuate Collection Set: 0.4ms
[17.719s][info][gc,phases      ] GC(209)   Other: 0.0ms
[17.719s][info][gc,heap        ] GC(209) Eden regions: 189->0(189)
[17.719s][info][gc,heap        ] GC(209) Survivor regions: 1->1(24)
[17.719s][info][gc,heap        ] GC(209) Old regions: 7->7
[17.719s][info][gc,heap        ] GC(209) Humongous regions: 0->0
[17.719s][info][gc,metaspace   ] GC(209) Metaspace: 9106K(9344K)->9106K(9344K) NonClass: 8067K(8192K)->8067K(8192K) Class: 1038K(1152K)->1038K(1152K)
[17.719s][info][gc             ] GC(209) Pause Young (Normal) (G1 Evacuation Pause) 382M->4M(634M) 1.413ms
[17.719s][info][gc,cpu         ] GC(209) User=0.00s Sys=0.00s Real=0.00s
[17.796s][info][gc,start       ] GC(210) Pause Young (Normal) (G1 Evacuation Pause)
[17.796s][info][gc,task        ] GC(210) Using 13 workers of 13 for evacuation
[17.797s][info][gc,phases      ] GC(210)   Pre Evacuate Collection Set: 0.1ms
[17.797s][info][gc,phases      ] GC(210)   Merge Heap Roots: 0.1ms
[17.797s][info][gc,phases      ] GC(210)   Evacuate Collection Set: 0.5ms
[17.797s][info][gc,phases      ] GC(210)   Post Evacuate Collection Set: 0.4ms
[17.797s][info][gc,phases      ] GC(210)   Other: 0.1ms
[17.797s][info][gc,heap        ] GC(210) Eden regions: 189->0(189)
[17.797s][info][gc,heap        ] GC(210) Survivor regions: 1->1(24)
[17.797s][info][gc,heap        ] GC(210) Old regions: 7->7
[17.797s][info][gc,heap        ] GC(210) Humongous regions: 0->0
[17.797s][info][gc,metaspace   ] GC(210) Metaspace: 9106K(9344K)->9106K(9344K) NonClass: 8067K(8192K)->8067K(8192K) Class: 1038K(1152K)->1038K(1152K)
[17.797s][info][gc             ] GC(210) Pause Young (Normal) (G1 Evacuation Pause) 382M->4M(634M) 1.314ms
[17.797s][info][gc,cpu         ] GC(210) User=0.00s Sys=0.00s Real=0.00s
[17.869s][info][gc,start       ] GC(211) Pause Young (Normal) (G1 Evacuation Pause)
[17.870s][info][gc,task        ] GC(211) Using 13 workers of 13 for evacuation
[17.870s][info][gc,phases      ] GC(211)   Pre Evacuate Collection Set: 0.1ms
[17.871s][info][gc,phases      ] GC(211)   Merge Heap Roots: 0.1ms
[17.871s][info][gc,phases      ] GC(211)   Evacuate Collection Set: 0.4ms
[17.871s][info][gc,phases      ] GC(211)   Post Evacuate Collection Set: 0.3ms
[17.871s][info][gc,phases      ] GC(211)   Other: 0.0ms
[17.871s][info][gc,heap        ] GC(211) Eden regions: 189->0(189)
[17.871s][info][gc,heap        ] GC(211) Survivor regions: 1->1(24)
[17.871s][info][gc,heap        ] GC(211) Old regions: 7->7
[17.871s][info][gc,heap        ] GC(211) Humongous regions: 0->0
[17.871s][info][gc,metaspace   ] GC(211) Metaspace: 9106K(9344K)->9106K(9344K) NonClass: 8067K(8192K)->8067K(8192K) Class: 1038K(1152K)->1038K(1152K)
[17.871s][info][gc             ] GC(211) Pause Young (Normal) (G1 Evacuation Pause) 382M->4M(634M) 1.111ms
[17.871s][info][gc,cpu         ] GC(211) User=0.01s Sys=0.01s Real=0.01s
[17.946s][info][gc,start       ] GC(212) Pause Young (Normal) (G1 Evacuation Pause)
[17.946s][info][gc,task        ] GC(212) Using 13 workers of 13 for evacuation
[17.947s][info][gc,phases      ] GC(212)   Pre Evacuate Collection Set: 0.1ms
[17.947s][info][gc,phases      ] GC(212)   Merge Heap Roots: 0.1ms
[17.947s][info][gc,phases      ] GC(212)   Evacuate Collection Set: 0.3ms
[17.947s][info][gc,phases      ] GC(212)   Post Evacuate Collection Set: 0.3ms
[17.947s][info][gc,phases      ] GC(212)   Other: 0.1ms
[17.947s][info][gc,heap        ] GC(212) Eden regions: 189->0(189)
[17.947s][info][gc,heap        ] GC(212) Survivor regions: 1->1(24)
[17.947s][info][gc,heap        ] GC(212) Old regions: 7->7
[17.947s][info][gc,heap        ] GC(212) Humongous regions: 0->0
[17.947s][info][gc,metaspace   ] GC(212) Metaspace: 9106K(9344K)->9106K(9344K) NonClass: 8067K(8192K)->8067K(8192K) Class: 1038K(1152K)->1038K(1152K)
[17.947s][info][gc             ] GC(212) Pause Young (Normal) (G1 Evacuation Pause) 382M->4M(634M) 1.066ms
[17.947s][info][gc,cpu         ] GC(212) User=0.01s Sys=0.00s Real=0.00s
[18.020s][info][gc,start       ] GC(213) Pause Young (Normal) (G1 Evacuation Pause)
[18.020s][info][gc,task        ] GC(213) Using 13 workers of 13 for evacuation
[18.021s][info][gc,phases      ] GC(213)   Pre Evacuate Collection Set: 0.1ms
[18.021s][info][gc,phases      ] GC(213)   Merge Heap Roots: 0.1ms
[18.021s][info][gc,phases      ] GC(213)   Evacuate Collection Set: 0.3ms
[18.021s][info][gc,phases      ] GC(213)   Post Evacuate Collection Set: 0.3ms
[18.021s][info][gc,phases      ] GC(213)   Other: 0.1ms
[18.021s][info][gc,heap        ] GC(213) Eden regions: 189->0(189)
[18.021s][info][gc,heap        ] GC(213) Survivor regions: 1->1(24)
[18.021s][info][gc,heap        ] GC(213) Old regions: 7->7
[18.021s][info][gc,heap        ] GC(213) Humongous regions: 0->0
[18.021s][info][gc,metaspace   ] GC(213) Metaspace: 9106K(9344K)->9106K(9344K) NonClass: 8067K(8192K)->8067K(8192K) Class: 1038K(1152K)->1038K(1152K)
[18.021s][info][gc             ] GC(213) Pause Young (Normal) (G1 Evacuation Pause) 382M->4M(634M) 1.051ms
[18.021s][info][gc,cpu         ] GC(213) User=0.00s Sys=0.00s Real=0.00s
[18.093s][info][gc,start       ] GC(214) Pause Young (Normal) (G1 Evacuation Pause)
[18.093s][info][gc,task        ] GC(214) Using 13 workers of 13 for evacuation
[18.094s][info][gc,phases      ] GC(214)   Pre Evacuate Collection Set: 0.1ms
[18.094s][info][gc,phases      ] GC(214)   Merge Heap Roots: 0.1ms
[18.094s][info][gc,phases      ] GC(214)   Evacuate Collection Set: 0.5ms
[18.094s][info][gc,phases      ] GC(214)   Post Evacuate Collection Set: 0.5ms
[18.094s][info][gc,phases      ] GC(214)   Other: 0.0ms
[18.094s][info][gc,heap        ] GC(214) Eden regions: 189->0(189)
[18.094s][info][gc,heap        ] GC(214) Survivor regions: 1->1(24)
[18.094s][info][gc,heap        ] GC(214) Old regions: 7->7
[18.094s][info][gc,heap        ] GC(214) Humongous regions: 0->0
[18.094s][info][gc,metaspace   ] GC(214) Metaspace: 9106K(9344K)->9106K(9344K) NonClass: 8067K(8192K)->8067K(8192K) Class: 1038K(1152K)->1038K(1152K)
[18.094s][info][gc             ] GC(214) Pause Young (Normal) (G1 Evacuation Pause) 382M->4M(634M) 1.517ms
[18.094s][info][gc,cpu         ] GC(214) User=0.01s Sys=0.00s Real=0.00s
[18.171s][info][gc,start       ] GC(215) Pause Young (Normal) (G1 Evacuation Pause)
[18.171s][info][gc,task        ] GC(215) Using 13 workers of 13 for evacuation
[18.171s][info][gc,phases      ] GC(215)   Pre Evacuate Collection Set: 0.1ms
[18.171s][info][gc,phases      ] GC(215)   Merge Heap Roots: 0.1ms
[18.171s][info][gc,phases      ] GC(215)   Evacuate Collection Set: 0.3ms
[18.171s][info][gc,phases      ] GC(215)   Post Evacuate Collection Set: 0.3ms
[18.171s][info][gc,phases      ] GC(215)   Other: 0.1ms
[18.171s][info][gc,heap        ] GC(215) Eden regions: 189->0(189)
[18.171s][info][gc,heap        ] GC(215) Survivor regions: 1->1(24)
[18.171s][info][gc,heap        ] GC(215) Old regions: 7->7
[18.171s][info][gc,heap        ] GC(215) Humongous regions: 0->0
[18.171s][info][gc,metaspace   ] GC(215) Metaspace: 9106K(9344K)->9106K(9344K) NonClass: 8067K(8192K)->8067K(8192K) Class: 1038K(1152K)->1038K(1152K)
[18.172s][info][gc             ] GC(215) Pause Young (Normal) (G1 Evacuation Pause) 382M->4M(634M) 0.937ms
[18.172s][info][gc,cpu         ] GC(215) User=0.01s Sys=0.00s Real=0.00s
[18.248s][info][gc,start       ] GC(216) Pause Young (Normal) (G1 Evacuation Pause)
[18.248s][info][gc,task        ] GC(216) Using 13 workers of 13 for evacuation
[18.249s][info][gc,phases      ] GC(216)   Pre Evacuate Collection Set: 0.1ms
[18.249s][info][gc,phases      ] GC(216)   Merge Heap Roots: 0.1ms
[18.249s][info][gc,phases      ] GC(216)   Evacuate Collection Set: 0.4ms
[18.249s][info][gc,phases      ] GC(216)   Post Evacuate Collection Set: 0.5ms
[18.249s][info][gc,phases      ] GC(216)   Other: 0.1ms
[18.249s][info][gc,heap        ] GC(216) Eden regions: 189->0(189)
[18.249s][info][gc,heap        ] GC(216) Survivor regions: 1->1(24)
[18.249s][info][gc,heap        ] GC(216) Old regions: 7->7
[18.249s][info][gc,heap        ] GC(216) Humongous regions: 0->0
[18.250s][info][gc,metaspace   ] GC(216) Metaspace: 9106K(9344K)->9106K(9344K) NonClass: 8067K(8192K)->8067K(8192K) Class: 1038K(1152K)->1038K(1152K)
[18.250s][info][gc             ] GC(216) Pause Young (Normal) (G1 Evacuation Pause) 382M->4M(634M) 1.400ms
[18.250s][info][gc,cpu         ] GC(216) User=0.00s Sys=0.00s Real=0.00s
[18.325s][info][gc,start       ] GC(217) Pause Young (Normal) (G1 Evacuation Pause)
[18.325s][info][gc,task        ] GC(217) Using 13 workers of 13 for evacuation
[18.326s][info][gc,phases      ] GC(217)   Pre Evacuate Collection Set: 0.1ms
[18.326s][info][gc,phases      ] GC(217)   Merge Heap Roots: 0.1ms
[18.326s][info][gc,phases      ] GC(217)   Evacuate Collection Set: 0.4ms
[18.326s][info][gc,phases      ] GC(217)   Post Evacuate Collection Set: 0.3ms
[18.326s][info][gc,phases      ] GC(217)   Other: 0.1ms
[18.326s][info][gc,heap        ] GC(217) Eden regions: 189->0(189)
[18.326s][info][gc,heap        ] GC(217) Survivor regions: 1->1(24)
[18.326s][info][gc,heap        ] GC(217) Old regions: 7->7
[18.326s][info][gc,heap        ] GC(217) Humongous regions: 0->0
[18.326s][info][gc,metaspace   ] GC(217) Metaspace: 9106K(9344K)->9106K(9344K) NonClass: 8067K(8192K)->8067K(8192K) Class: 1038K(1152K)->1038K(1152K)
[18.326s][info][gc             ] GC(217) Pause Young (Normal) (G1 Evacuation Pause) 382M->4M(634M) 1.120ms
[18.326s][info][gc,cpu         ] GC(217) User=0.00s Sys=0.00s Real=0.00s
[18.400s][info][gc,start       ] GC(218) Pause Young (Normal) (G1 Evacuation Pause)
[18.400s][info][gc,task        ] GC(218) Using 13 workers of 13 for evacuation
[18.401s][info][gc,phases      ] GC(218)   Pre Evacuate Collection Set: 0.1ms
[18.401s][info][gc,phases      ] GC(218)   Merge Heap Roots: 0.1ms
[18.401s][info][gc,phases      ] GC(218)   Evacuate Collection Set: 0.4ms
[18.401s][info][gc,phases      ] GC(218)   Post Evacuate Collection Set: 0.3ms
[18.401s][info][gc,phases      ] GC(218)   Other: 0.1ms
[18.401s][info][gc,heap        ] GC(218) Eden regions: 189->0(189)
[18.401s][info][gc,heap        ] GC(218) Survivor regions: 1->1(24)
[18.401s][info][gc,heap        ] GC(218) Old regions: 7->7
[18.401s][info][gc,heap        ] GC(218) Humongous regions: 0->0
[18.401s][info][gc,metaspace   ] GC(218) Metaspace: 9106K(9344K)->9106K(9344K) NonClass: 8067K(8192K)->8067K(8192K) Class: 1038K(1152K)->1038K(1152K)
[18.401s][info][gc             ] GC(218) Pause Young (Normal) (G1 Evacuation Pause) 382M->4M(634M) 1.161ms
[18.401s][info][gc,cpu         ] GC(218) User=0.01s Sys=0.00s Real=0.00s
[18.480s][info][gc,start       ] GC(219) Pause Young (Normal) (G1 Evacuation Pause)
[18.480s][info][gc,task        ] GC(219) Using 13 workers of 13 for evacuation
[18.481s][info][gc,phases      ] GC(219)   Pre Evacuate Collection Set: 0.1ms
[18.481s][info][gc,phases      ] GC(219)   Merge Heap Roots: 0.1ms
[18.481s][info][gc,phases      ] GC(219)   Evacuate Collection Set: 0.6ms
[18.481s][info][gc,phases      ] GC(219)   Post Evacuate Collection Set: 0.5ms
[18.481s][info][gc,phases      ] GC(219)   Other: 0.1ms
[18.481s][info][gc,heap        ] GC(219) Eden regions: 189->0(189)
[18.481s][info][gc,heap        ] GC(219) Survivor regions: 1->1(24)
[18.481s][info][gc,heap        ] GC(219) Old regions: 7->7
[18.481s][info][gc,heap        ] GC(219) Humongous regions: 0->0
[18.481s][info][gc,metaspace   ] GC(219) Metaspace: 9106K(9344K)->9106K(9344K) NonClass: 8067K(8192K)->8067K(8192K) Class: 1038K(1152K)->1038K(1152K)
[18.481s][info][gc             ] GC(219) Pause Young (Normal) (G1 Evacuation Pause) 382M->4M(634M) 1.759ms
[18.481s][info][gc,cpu         ] GC(219) User=0.00s Sys=0.00s Real=0.01s
[18.556s][info][gc,start       ] GC(220) Pause Young (Normal) (G1 Evacuation Pause)
[18.556s][info][gc,task        ] GC(220) Using 13 workers of 13 for evacuation
[18.558s][info][gc,phases      ] GC(220)   Pre Evacuate Collection Set: 0.1ms
[18.558s][info][gc,phases      ] GC(220)   Merge Heap Roots: 0.1ms
[18.558s][info][gc,phases      ] GC(220)   Evacuate Collection Set: 0.4ms
[18.558s][info][gc,phases      ] GC(220)   Post Evacuate Collection Set: 0.4ms
[18.558s][info][gc,phases      ] GC(220)   Other: 0.1ms
[18.558s][info][gc,heap        ] GC(220) Eden regions: 189->0(189)
[18.558s][info][gc,heap        ] GC(220) Survivor regions: 1->1(24)
[18.558s][info][gc,heap        ] GC(220) Old regions: 7->7
[18.558s][info][gc,heap        ] GC(220) Humongous regions: 0->0
[18.558s][info][gc,metaspace   ] GC(220) Metaspace: 9106K(9344K)->9106K(9344K) NonClass: 8067K(8192K)->8067K(8192K) Class: 1038K(1152K)->1038K(1152K)
[18.558s][info][gc             ] GC(220) Pause Young (Normal) (G1 Evacuation Pause) 382M->4M(634M) 1.296ms
[18.558s][info][gc,cpu         ] GC(220) User=0.01s Sys=0.00s Real=0.00s
[18.630s][info][gc,start       ] GC(221) Pause Young (Normal) (G1 Evacuation Pause)
[18.630s][info][gc,task        ] GC(221) Using 13 workers of 13 for evacuation
[18.631s][info][gc,phases      ] GC(221)   Pre Evacuate Collection Set: 0.1ms
[18.631s][info][gc,phases      ] GC(221)   Merge Heap Roots: 0.1ms
[18.631s][info][gc,phases      ] GC(221)   Evacuate Collection Set: 0.3ms
[18.631s][info][gc,phases      ] GC(221)   Post Evacuate Collection Set: 0.3ms
[18.631s][info][gc,phases      ] GC(221)   Other: 0.1ms
[18.631s][info][gc,heap        ] GC(221) Eden regions: 189->0(189)
[18.631s][info][gc,heap        ] GC(221) Survivor regions: 1->1(24)
[18.631s][info][gc,heap        ] GC(221) Old regions: 7->7
[18.631s][info][gc,heap        ] GC(221) Humongous regions: 0->0
[18.631s][info][gc,metaspace   ] GC(221) Metaspace: 9106K(9344K)->9106K(9344K) NonClass: 8067K(8192K)->8067K(8192K) Class: 1038K(1152K)->1038K(1152K)
[18.631s][info][gc             ] GC(221) Pause Young (Normal) (G1 Evacuation Pause) 382M->4M(634M) 0.958ms
[18.631s][info][gc,cpu         ] GC(221) User=0.00s Sys=0.00s Real=0.00s
[18.716s][info][gc,start       ] GC(222) Pause Young (Normal) (G1 Evacuation Pause)
[18.716s][info][gc,task        ] GC(222) Using 13 workers of 13 for evacuation
[18.717s][info][gc,phases      ] GC(222)   Pre Evacuate Collection Set: 0.1ms
[18.717s][info][gc,phases      ] GC(222)   Merge Heap Roots: 0.1ms
[18.717s][info][gc,phases      ] GC(222)   Evacuate Collection Set: 0.3ms
[18.717s][info][gc,phases      ] GC(222)   Post Evacuate Collection Set: 0.3ms
[18.717s][info][gc,phases      ] GC(222)   Other: 0.1ms
[18.717s][info][gc,heap        ] GC(222) Eden regions: 189->0(189)
[18.717s][info][gc,heap        ] GC(222) Survivor regions: 1->1(24)
[18.717s][info][gc,heap        ] GC(222) Old regions: 7->7
[18.717s][info][gc,heap        ] GC(222) Humongous regions: 0->0
[18.717s][info][gc,metaspace   ] GC(222) Metaspace: 9178K(9408K)->9178K(9408K) NonClass: 8140K(8256K)->8140K(8256K) Class: 1038K(1152K)->1038K(1152K)
[18.717s][info][gc             ] GC(222) Pause Young (Normal) (G1 Evacuation Pause) 382M->4M(634M) 0.937ms
[18.717s][info][gc,cpu         ] GC(222) User=0.00s Sys=0.00s Real=0.00s
[18.789s][info][gc,start       ] GC(223) Pause Young (Normal) (G1 Evacuation Pause)
[18.790s][info][gc,task        ] GC(223) Using 13 workers of 13 for evacuation
[18.791s][info][gc,phases      ] GC(223)   Pre Evacuate Collection Set: 0.1ms
[18.791s][info][gc,phases      ] GC(223)   Merge Heap Roots: 0.1ms
[18.791s][info][gc,phases      ] GC(223)   Evacuate Collection Set: 0.4ms
[18.791s][info][gc,phases      ] GC(223)   Post Evacuate Collection Set: 0.4ms
[18.791s][info][gc,phases      ] GC(223)   Other: 0.1ms
[18.791s][info][gc,heap        ] GC(223) Eden regions: 189->0(189)
[18.791s][info][gc,heap        ] GC(223) Survivor regions: 1->1(24)
[18.791s][info][gc,heap        ] GC(223) Old regions: 7->7
[18.791s][info][gc,heap        ] GC(223) Humongous regions: 0->0
[18.791s][info][gc,metaspace   ] GC(223) Metaspace: 9179K(9408K)->9179K(9408K) NonClass: 8141K(8256K)->8141K(8256K) Class: 1038K(1152K)->1038K(1152K)
[18.791s][info][gc             ] GC(223) Pause Young (Normal) (G1 Evacuation Pause) 382M->4M(634M) 1.278ms
[18.791s][info][gc,cpu         ] GC(223) User=0.01s Sys=0.00s Real=0.01s
[18.866s][info][gc,start       ] GC(224) Pause Young (Normal) (G1 Evacuation Pause)
[18.866s][info][gc,task        ] GC(224) Using 13 workers of 13 for evacuation
[18.867s][info][gc,phases      ] GC(224)   Pre Evacuate Collection Set: 0.1ms
[18.867s][info][gc,phases      ] GC(224)   Merge Heap Roots: 0.1ms
[18.867s][info][gc,phases      ] GC(224)   Evacuate Collection Set: 0.3ms
[18.867s][info][gc,phases      ] GC(224)   Post Evacuate Collection Set: 0.3ms
[18.867s][info][gc,phases      ] GC(224)   Other: 0.0ms
[18.867s][info][gc,heap        ] GC(224) Eden regions: 189->0(189)
[18.867s][info][gc,heap        ] GC(224) Survivor regions: 1->1(24)
[18.867s][info][gc,heap        ] GC(224) Old regions: 7->7
[18.867s][info][gc,heap        ] GC(224) Humongous regions: 0->0
[18.867s][info][gc,metaspace   ] GC(224) Metaspace: 9179K(9408K)->9179K(9408K) NonClass: 8141K(8256K)->8141K(8256K) Class: 1038K(1152K)->1038K(1152K)
[18.867s][info][gc             ] GC(224) Pause Young (Normal) (G1 Evacuation Pause) 382M->4M(634M) 0.963ms
[18.867s][info][gc,cpu         ] GC(224) User=0.01s Sys=0.01s Real=0.00s
[18.943s][info][gc,start       ] GC(225) Pause Young (Normal) (G1 Evacuation Pause)
[18.943s][info][gc,task        ] GC(225) Using 13 workers of 13 for evacuation
[18.944s][info][gc,phases      ] GC(225)   Pre Evacuate Collection Set: 0.2ms
[18.944s][info][gc,phases      ] GC(225)   Merge Heap Roots: 0.1ms
[18.944s][info][gc,phases      ] GC(225)   Evacuate Collection Set: 0.5ms
[18.944s][info][gc,phases      ] GC(225)   Post Evacuate Collection Set: 0.6ms
[18.944s][info][gc,phases      ] GC(225)   Other: 0.1ms
[18.944s][info][gc,heap        ] GC(225) Eden regions: 189->0(189)
[18.944s][info][gc,heap        ] GC(225) Survivor regions: 1->1(24)
[18.944s][info][gc,heap        ] GC(225) Old regions: 7->7
[18.944s][info][gc,heap        ] GC(225) Humongous regions: 0->0
[18.944s][info][gc,metaspace   ] GC(225) Metaspace: 9182K(9408K)->9182K(9408K) NonClass: 8144K(8256K)->8144K(8256K) Class: 1038K(1152K)->1038K(1152K)
[18.944s][info][gc             ] GC(225) Pause Young (Normal) (G1 Evacuation Pause) 382M->4M(634M) 1.668ms
[18.944s][info][gc,cpu         ] GC(225) User=0.00s Sys=0.00s Real=0.00s
[19.037s][info][gc,start       ] GC(226) Pause Young (Normal) (G1 Evacuation Pause)
[19.037s][info][gc,task        ] GC(226) Using 13 workers of 13 for evacuation
[19.038s][info][gc,phases      ] GC(226)   Pre Evacuate Collection Set: 0.1ms
[19.038s][info][gc,phases      ] GC(226)   Merge Heap Roots: 0.1ms
[19.038s][info][gc,phases      ] GC(226)   Evacuate Collection Set: 0.4ms
[19.038s][info][gc,phases      ] GC(226)   Post Evacuate Collection Set: 0.4ms
[19.038s][info][gc,phases      ] GC(226)   Other: 0.1ms
[19.038s][info][gc,heap        ] GC(226) Eden regions: 189->0(189)
[19.038s][info][gc,heap        ] GC(226) Survivor regions: 1->1(24)
[19.038s][info][gc,heap        ] GC(226) Old regions: 7->7
[19.038s][info][gc,heap        ] GC(226) Humongous regions: 0->0
[19.038s][info][gc,metaspace   ] GC(226) Metaspace: 9262K(9472K)->9262K(9472K) NonClass: 8224K(8320K)->8224K(8320K) Class: 1038K(1152K)->1038K(1152K)
[19.038s][info][gc             ] GC(226) Pause Young (Normal) (G1 Evacuation Pause) 382M->4M(634M) 1.374ms
[19.038s][info][gc,cpu         ] GC(226) User=0.00s Sys=0.00s Real=0.00s
[19.112s][info][gc,start       ] GC(227) Pause Young (Normal) (G1 Evacuation Pause)
[19.112s][info][gc,task        ] GC(227) Using 13 workers of 13 for evacuation
[19.113s][info][gc,phases      ] GC(227)   Pre Evacuate Collection Set: 0.1ms
[19.113s][info][gc,phases      ] GC(227)   Merge Heap Roots: 0.1ms
[19.113s][info][gc,phases      ] GC(227)   Evacuate Collection Set: 0.4ms
[19.113s][info][gc,phases      ] GC(227)   Post Evacuate Collection Set: 0.3ms
[19.113s][info][gc,phases      ] GC(227)   Other: 0.0ms
[19.113s][info][gc,heap        ] GC(227) Eden regions: 189->0(189)
[19.113s][info][gc,heap        ] GC(227) Survivor regions: 1->1(24)
[19.113s][info][gc,heap        ] GC(227) Old regions: 7->7
[19.113s][info][gc,heap        ] GC(227) Humongous regions: 0->0
[19.113s][info][gc,metaspace   ] GC(227) Metaspace: 9269K(9472K)->9269K(9472K) NonClass: 8231K(8320K)->8231K(8320K) Class: 1038K(1152K)->1038K(1152K)
[19.113s][info][gc             ] GC(227) Pause Young (Normal) (G1 Evacuation Pause) 382M->4M(634M) 0.985ms
[19.113s][info][gc,cpu         ] GC(227) User=0.00s Sys=0.00s Real=0.00s
[19.186s][info][gc,start       ] GC(228) Pause Young (Normal) (G1 Evacuation Pause)
[19.186s][info][gc,task        ] GC(228) Using 13 workers of 13 for evacuation
[19.187s][info][gc,phases      ] GC(228)   Pre Evacuate Collection Set: 0.1ms
[19.187s][info][gc,phases      ] GC(228)   Merge Heap Roots: 0.1ms
[19.187s][info][gc,phases      ] GC(228)   Evacuate Collection Set: 0.3ms
[19.187s][info][gc,phases      ] GC(228)   Post Evacuate Collection Set: 0.3ms
[19.187s][info][gc,phases      ] GC(228)   Other: 0.1ms
[19.187s][info][gc,heap        ] GC(228) Eden regions: 189->0(189)
[19.187s][info][gc,heap        ] GC(228) Survivor regions: 1->1(24)
[19.187s][info][gc,heap        ] GC(228) Old regions: 7->7
[19.187s][info][gc,heap        ] GC(228) Humongous regions: 0->0
[19.187s][info][gc,metaspace   ] GC(228) Metaspace: 9270K(9472K)->9270K(9472K) NonClass: 8231K(8320K)->8231K(8320K) Class: 1038K(1152K)->1038K(1152K)
[19.187s][info][gc             ] GC(228) Pause Young (Normal) (G1 Evacuation Pause) 382M->4M(634M) 0.948ms
[19.187s][info][gc,cpu         ] GC(228) User=0.00s Sys=0.00s Real=0.00s
[19.256s][info][gc,start       ] GC(229) Pause Young (Normal) (G1 Evacuation Pause)
[19.256s][info][gc,task        ] GC(229) Using 13 workers of 13 for evacuation
[19.257s][info][gc,phases      ] GC(229)   Pre Evacuate Collection Set: 0.1ms
[19.257s][info][gc,phases      ] GC(229)   Merge Heap Roots: 0.1ms
[19.257s][info][gc,phases      ] GC(229)   Evacuate Collection Set: 0.4ms
[19.257s][info][gc,phases      ] GC(229)   Post Evacuate Collection Set: 0.4ms
[19.257s][info][gc,phases      ] GC(229)   Other: 0.0ms
[19.257s][info][gc,heap        ] GC(229) Eden regions: 189->0(189)
[19.257s][info][gc,heap        ] GC(229) Survivor regions: 1->1(24)
[19.257s][info][gc,heap        ] GC(229) Old regions: 7->7
[19.257s][info][gc,heap        ] GC(229) Humongous regions: 0->0
[19.257s][info][gc,metaspace   ] GC(229) Metaspace: 9270K(9472K)->9270K(9472K) NonClass: 8231K(8320K)->8231K(8320K) Class: 1038K(1152K)->1038K(1152K)
[19.257s][info][gc             ] GC(229) Pause Young (Normal) (G1 Evacuation Pause) 382M->4M(634M) 1.281ms
[19.257s][info][gc,cpu         ] GC(229) User=0.00s Sys=0.00s Real=0.00s
[19.331s][info][gc,start       ] GC(230) Pause Young (Normal) (G1 Evacuation Pause)
[19.331s][info][gc,task        ] GC(230) Using 13 workers of 13 for evacuation
[19.332s][info][gc,phases      ] GC(230)   Pre Evacuate Collection Set: 0.1ms
[19.332s][info][gc,phases      ] GC(230)   Merge Heap Roots: 0.1ms
[19.332s][info][gc,phases      ] GC(230)   Evacuate Collection Set: 0.4ms
[19.332s][info][gc,phases      ] GC(230)   Post Evacuate Collection Set: 0.4ms
[19.332s][info][gc,phases      ] GC(230)   Other: 0.1ms
[19.332s][info][gc,heap        ] GC(230) Eden regions: 189->0(189)
[19.332s][info][gc,heap        ] GC(230) Survivor regions: 1->1(24)
[19.332s][info][gc,heap        ] GC(230) Old regions: 7->7
[19.332s][info][gc,heap        ] GC(230) Humongous regions: 0->0
[19.332s][info][gc,metaspace   ] GC(230) Metaspace: 9270K(9472K)->9270K(9472K) NonClass: 8231K(8320K)->8231K(8320K) Class: 1038K(1152K)->1038K(1152K)
[19.332s][info][gc             ] GC(230) Pause Young (Normal) (G1 Evacuation Pause) 382M->4M(634M) 1.254ms
[19.332s][info][gc,cpu         ] GC(230) User=0.00s Sys=0.00s Real=0.00s
[19.405s][info][gc,start       ] GC(231) Pause Young (Normal) (G1 Evacuation Pause)
[19.405s][info][gc,task        ] GC(231) Using 13 workers of 13 for evacuation
[19.406s][info][gc,phases      ] GC(231)   Pre Evacuate Collection Set: 0.1ms
[19.406s][info][gc,phases      ] GC(231)   Merge Heap Roots: 0.1ms
[19.406s][info][gc,phases      ] GC(231)   Evacuate Collection Set: 0.4ms
[19.406s][info][gc,phases      ] GC(231)   Post Evacuate Collection Set: 0.5ms
[19.406s][info][gc,phases      ] GC(231)   Other: 0.0ms
[19.406s][info][gc,heap        ] GC(231) Eden regions: 189->0(189)
[19.406s][info][gc,heap        ] GC(231) Survivor regions: 1->1(24)
[19.406s][info][gc,heap        ] GC(231) Old regions: 7->7
[19.406s][info][gc,heap        ] GC(231) Humongous regions: 0->0
[19.406s][info][gc,metaspace   ] GC(231) Metaspace: 9270K(9472K)->9270K(9472K) NonClass: 8231K(8320K)->8231K(8320K) Class: 1038K(1152K)->1038K(1152K)
[19.406s][info][gc             ] GC(231) Pause Young (Normal) (G1 Evacuation Pause) 382M->4M(634M) 1.336ms
[19.406s][info][gc,cpu         ] GC(231) User=0.01s Sys=0.00s Real=0.00s
[19.477s][info][gc,start       ] GC(232) Pause Young (Normal) (G1 Evacuation Pause)
[19.477s][info][gc,task        ] GC(232) Using 13 workers of 13 for evacuation
[19.478s][info][gc,phases      ] GC(232)   Pre Evacuate Collection Set: 0.1ms
[19.478s][info][gc,phases      ] GC(232)   Merge Heap Roots: 0.2ms
[19.478s][info][gc,phases      ] GC(232)   Evacuate Collection Set: 0.3ms
[19.478s][info][gc,phases      ] GC(232)   Post Evacuate Collection Set: 0.3ms
[19.478s][info][gc,phases      ] GC(232)   Other: 0.1ms
[19.478s][info][gc,heap        ] GC(232) Eden regions: 189->0(189)
[19.478s][info][gc,heap        ] GC(232) Survivor regions: 1->1(24)
[19.478s][info][gc,heap        ] GC(232) Old regions: 7->7
[19.478s][info][gc,heap        ] GC(232) Humongous regions: 0->0
[19.478s][info][gc,metaspace   ] GC(232) Metaspace: 9270K(9472K)->9270K(9472K) NonClass: 8231K(8320K)->8231K(8320K) Class: 1038K(1152K)->1038K(1152K)
[19.478s][info][gc             ] GC(232) Pause Young (Normal) (G1 Evacuation Pause) 382M->4M(634M) 1.124ms
[19.478s][info][gc,cpu         ] GC(232) User=0.00s Sys=0.00s Real=0.00s
[19.548s][info][gc,start       ] GC(233) Pause Young (Normal) (G1 Evacuation Pause)
[19.548s][info][gc,task        ] GC(233) Using 13 workers of 13 for evacuation
[19.549s][info][gc,phases      ] GC(233)   Pre Evacuate Collection Set: 0.1ms
[19.549s][info][gc,phases      ] GC(233)   Merge Heap Roots: 0.1ms
[19.549s][info][gc,phases      ] GC(233)   Evacuate Collection Set: 0.3ms
[19.549s][info][gc,phases      ] GC(233)   Post Evacuate Collection Set: 0.2ms
[19.549s][info][gc,phases      ] GC(233)   Other: 0.0ms
[19.549s][info][gc,heap        ] GC(233) Eden regions: 189->0(189)
[19.549s][info][gc,heap        ] GC(233) Survivor regions: 1->1(24)
[19.549s][info][gc,heap        ] GC(233) Old regions: 7->7
[19.549s][info][gc,heap        ] GC(233) Humongous regions: 0->0
[19.549s][info][gc,metaspace   ] GC(233) Metaspace: 9270K(9472K)->9270K(9472K) NonClass: 8231K(8320K)->8231K(8320K) Class: 1038K(1152K)->1038K(1152K)
[19.549s][info][gc             ] GC(233) Pause Young (Normal) (G1 Evacuation Pause) 382M->4M(634M) 0.882ms
[19.549s][info][gc,cpu         ] GC(233) User=0.01s Sys=0.00s Real=0.00s
[19.620s][info][gc,start       ] GC(234) Pause Young (Normal) (G1 Evacuation Pause)
[19.620s][info][gc,task        ] GC(234) Using 13 workers of 13 for evacuation
[19.621s][info][gc,phases      ] GC(234)   Pre Evacuate Collection Set: 0.1ms
[19.621s][info][gc,phases      ] GC(234)   Merge Heap Roots: 0.1ms
[19.621s][info][gc,phases      ] GC(234)   Evacuate Collection Set: 0.5ms
[19.621s][info][gc,phases      ] GC(234)   Post Evacuate Collection Set: 0.5ms
[19.621s][info][gc,phases      ] GC(234)   Other: 0.0ms
[19.621s][info][gc,heap        ] GC(234) Eden regions: 189->0(189)
[19.621s][info][gc,heap        ] GC(234) Survivor regions: 1->1(24)
[19.621s][info][gc,heap        ] GC(234) Old regions: 7->7
[19.621s][info][gc,heap        ] GC(234) Humongous regions: 0->0
[19.621s][info][gc,metaspace   ] GC(234) Metaspace: 9273K(9472K)->9273K(9472K) NonClass: 8235K(8320K)->8235K(8320K) Class: 1038K(1152K)->1038K(1152K)
[19.621s][info][gc             ] GC(234) Pause Young (Normal) (G1 Evacuation Pause) 382M->4M(634M) 1.469ms
[19.621s][info][gc,cpu         ] GC(234) User=0.01s Sys=0.00s Real=0.00s
[20.898s][info][gc,heap,exit   ] Heap
[20.898s][info][gc,heap,exit   ]  garbage-first heap   total 649216K, used 324105K [0x0000000700000000, 0x0000000800000000)
[20.898s][info][gc,heap,exit   ]   region size 2048K, 157 young (321536K), 1 survivors (2048K)
[20.898s][info][gc,heap,exit   ]  Metaspace       used 9329K, committed 9536K, reserved 1114112K
[20.898s][info][gc,heap,exit   ]   class space    used 1041K, committed 1152K, reserved 1048576K
