[0.010s][info][gc,init] CardTable entry size: 512
[0.010s][info][gc     ] Using G1
[0.011s][info][gc,init] Version: 21.0.4+7-LTS (release)
[0.012s][info][gc,init] CPUs: 16 total, 16 available
[0.012s][info][gc,init] Memory: 16384M
[0.012s][info][gc,init] Large Page Support: Disabled
[0.012s][info][gc,init] NUMA Support: Disabled
[0.012s][info][gc,init] Compressed Oops: Enabled (Zero based)
[0.012s][info][gc,init] Heap Region Size: 2M
[0.012s][info][gc,init] Heap Min Capacity: 8M
[0.012s][info][gc,init] Heap Initial Capacity: 256M
[0.012s][info][gc,init] Heap Max Capacity: 4G
[0.012s][info][gc,init] Pre-touch: Disabled
[0.012s][info][gc,init] Parallel Workers: 13
[0.012s][info][gc,init] Concurrent Workers: 3
[0.012s][info][gc,init] Concurrent Refinement Workers: 13
[0.012s][info][gc,init] Periodic GC: Disabled
[0.019s][info][gc,metaspace] CDS archive(s) mapped at: [0x0000000122000000-0x0000000122ca9000-0x0000000122ca9000), size 13275136, SharedBaseAddress: 0x0000000122000000, ArchiveRelocationMode: 1.
[0.019s][info][gc,metaspace] Compressed class space mapped at: 0x0000000123000000-0x0000000163000000, reserved size: 1073741824
[0.019s][info][gc,metaspace] Narrow klass base: 0x0000000122000000, Narrow klass shift: 0, Narrow klass range: 0x100000000
[8.326s][info][gc,start    ] GC(0) Pause Full (System.gc())
[8.327s][info][gc,task     ] GC(0) Using 6 workers of 13 for full compaction
[8.327s][info][gc,phases,start] GC(0) Phase 1: Mark live objects
[8.329s][info][gc,phases      ] GC(0) Phase 1: Mark live objects 2.610ms
[8.329s][info][gc,phases,start] GC(0) Phase 2: Prepare compaction
[8.330s][info][gc,phases      ] GC(0) Phase 2: Prepare compaction 0.936ms
[8.330s][info][gc,phases,start] GC(0) Phase 3: Adjust pointers
[8.331s][info][gc,phases      ] GC(0) Phase 3: Adjust pointers 0.968ms
[8.331s][info][gc,phases,start] GC(0) Phase 4: Compact heap
[8.333s][info][gc,phases      ] GC(0) Phase 4: Compact heap 1.278ms
[8.333s][info][gc,phases,start] GC(0) Phase 5: Reset Metadata
[8.333s][info][gc,phases      ] GC(0) Phase 5: Reset Metadata 0.117ms
[8.335s][info][gc,heap        ] GC(0) Eden regions: 6->0(6)
[8.335s][info][gc,heap        ] GC(0) Survivor regions: 0->0(0)
[8.335s][info][gc,heap        ] GC(0) Old regions: 1->6
[8.335s][info][gc,heap        ] GC(0) Humongous regions: 0->0
[8.335s][info][gc,metaspace   ] GC(0) Metaspace: 9258K(9472K)->9258K(9472K) NonClass: 8220K(8320K)->8220K(8320K) Class: 1038K(1152K)->1038K(1152K)
[8.335s][info][gc             ] GC(0) Pause Full (System.gc()) 12M->2M(40M) 8.542ms
[8.335s][info][gc,cpu         ] GC(0) User=0.02s Sys=0.01s Real=0.01s
[8.363s][info][gc,start       ] GC(1) Pause Young (Normal) (G1 Evacuation Pause)
[8.364s][info][gc,task        ] GC(1) Using 12 workers of 13 for evacuation
[8.365s][info][gc,phases      ] GC(1)   Pre Evacuate Collection Set: 0.1ms
[8.365s][info][gc,phases      ] GC(1)   Merge Heap Roots: 0.1ms
[8.365s][info][gc,phases      ] GC(1)   Evacuate Collection Set: 0.5ms
[8.365s][info][gc,phases      ] GC(1)   Post Evacuate Collection Set: 0.2ms
[8.365s][info][gc,phases      ] GC(1)   Other: 0.4ms
[8.365s][info][gc,heap        ] GC(1) Eden regions: 6->0(7)
[8.365s][info][gc,heap        ] GC(1) Survivor regions: 0->1(1)
[8.365s][info][gc,heap        ] GC(1) Old regions: 6->6
[8.365s][info][gc,heap        ] GC(1) Humongous regions: 0->0
[8.365s][info][gc,metaspace   ] GC(1) Metaspace: 9450K(9728K)->9450K(9728K) NonClass: 8394K(8512K)->8394K(8512K) Class: 1056K(1216K)->1056K(1216K)
[8.365s][info][gc             ] GC(1) Pause Young (Normal) (G1 Evacuation Pause) 14M->3M(40M) 1.555ms
[8.365s][info][gc,cpu         ] GC(1) User=0.01s Sys=0.00s Real=0.01s
[8.384s][info][gc,start       ] GC(2) Pause Young (Normal) (G1 Evacuation Pause)
[8.384s][info][gc,task        ] GC(2) Using 11 workers of 13 for evacuation
[8.385s][info][gc,phases      ] GC(2)   Pre Evacuate Collection Set: 0.1ms
[8.386s][info][gc,phases      ] GC(2)   Merge Heap Roots: 0.1ms
[8.386s][info][gc,phases      ] GC(2)   Evacuate Collection Set: 0.5ms
[8.386s][info][gc,phases      ] GC(2)   Post Evacuate Collection Set: 0.3ms
[8.386s][info][gc,phases      ] GC(2)   Other: 0.1ms
[8.386s][info][gc,heap        ] GC(2) Eden regions: 7->0(11)
[8.386s][info][gc,heap        ] GC(2) Survivor regions: 1->1(1)
[8.386s][info][gc,heap        ] GC(2) Old regions: 6->6
[8.386s][info][gc,heap        ] GC(2) Humongous regions: 0->0
[8.386s][info][gc,metaspace   ] GC(2) Metaspace: 9453K(9728K)->9453K(9728K) NonClass: 8397K(8512K)->8397K(8512K) Class: 1056K(1216K)->1056K(1216K)
[8.386s][info][gc             ] GC(2) Pause Young (Normal) (G1 Evacuation Pause) 17M->3M(40M) 1.565ms
[8.386s][info][gc,cpu         ] GC(2) User=0.01s Sys=0.00s Real=0.00s
[8.410s][info][gc,start       ] GC(3) Pause Young (Normal) (G1 Evacuation Pause)
[8.410s][info][gc,task        ] GC(3) Using 10 workers of 13 for evacuation
[8.411s][info][gc,phases      ] GC(3)   Pre Evacuate Collection Set: 0.2ms
[8.411s][info][gc,phases      ] GC(3)   Merge Heap Roots: 0.1ms
[8.411s][info][gc,phases      ] GC(3)   Evacuate Collection Set: 0.6ms
[8.411s][info][gc,phases      ] GC(3)   Post Evacuate Collection Set: 0.3ms
[8.411s][info][gc,phases      ] GC(3)   Other: 0.1ms
[8.411s][info][gc,heap        ] GC(3) Eden regions: 11->0(11)
[8.411s][info][gc,heap        ] GC(3) Survivor regions: 1->1(2)
[8.411s][info][gc,heap        ] GC(3) Old regions: 6->6
[8.411s][info][gc,heap        ] GC(3) Humongous regions: 0->0
[8.411s][info][gc,metaspace   ] GC(3) Metaspace: 9467K(9728K)->9467K(9728K) NonClass: 8410K(8512K)->8410K(8512K) Class: 1056K(1216K)->1056K(1216K)
[8.411s][info][gc             ] GC(3) Pause Young (Normal) (G1 Evacuation Pause) 25M->3M(40M) 1.464ms
[8.411s][info][gc,cpu         ] GC(3) User=0.00s Sys=0.00s Real=0.00s
[8.422s][info][gc,start       ] GC(4) Pause Young (Normal) (G1 Evacuation Pause)
[8.422s][info][gc,task        ] GC(4) Using 9 workers of 13 for evacuation
[8.423s][info][gc,phases      ] GC(4)   Pre Evacuate Collection Set: 0.1ms
[8.423s][info][gc,phases      ] GC(4)   Merge Heap Roots: 0.0ms
[8.423s][info][gc,phases      ] GC(4)   Evacuate Collection Set: 0.2ms
[8.423s][info][gc,phases      ] GC(4)   Post Evacuate Collection Set: 0.2ms
[8.423s][info][gc,phases      ] GC(4)   Other: 0.0ms
[8.423s][info][gc,heap        ] GC(4) Eden regions: 11->0(11)
[8.423s][info][gc,heap        ] GC(4) Survivor regions: 1->1(2)
[8.423s][info][gc,heap        ] GC(4) Old regions: 6->6
[8.423s][info][gc,heap        ] GC(4) Humongous regions: 0->0
[8.423s][info][gc,metaspace   ] GC(4) Metaspace: 9467K(9728K)->9467K(9728K) NonClass: 8410K(8512K)->8410K(8512K) Class: 1056K(1216K)->1056K(1216K)
[8.423s][info][gc             ] GC(4) Pause Young (Normal) (G1 Evacuation Pause) 25M->3M(40M) 0.752ms
[8.423s][info][gc,cpu         ] GC(4) User=0.01s Sys=0.00s Real=0.00s
[8.428s][info][gc,start       ] GC(5) Pause Young (Normal) (G1 Evacuation Pause)
[8.428s][info][gc,task        ] GC(5) Using 8 workers of 13 for evacuation
[8.429s][info][gc,phases      ] GC(5)   Pre Evacuate Collection Set: 0.1ms
[8.429s][info][gc,phases      ] GC(5)   Merge Heap Roots: 0.0ms
[8.429s][info][gc,phases      ] GC(5)   Evacuate Collection Set: 0.2ms
[8.429s][info][gc,phases      ] GC(5)   Post Evacuate Collection Set: 0.3ms
[8.429s][info][gc,phases      ] GC(5)   Other: 0.0ms
[8.429s][info][gc,heap        ] GC(5) Eden regions: 11->0(43)
[8.429s][info][gc,heap        ] GC(5) Survivor regions: 1->1(2)
[8.429s][info][gc,heap        ] GC(5) Old regions: 6->6
[8.429s][info][gc,heap        ] GC(5) Humongous regions: 0->0
[8.429s][info][gc,metaspace   ] GC(5) Metaspace: 9467K(9728K)->9467K(9728K) NonClass: 8410K(8512K)->8410K(8512K) Class: 1056K(1216K)->1056K(1216K)
[8.429s][info][gc             ] GC(5) Pause Young (Normal) (G1 Evacuation Pause) 25M->3M(148M) 0.891ms
[8.429s][info][gc,cpu         ] GC(5) User=0.01s Sys=0.00s Real=0.00s
[8.488s][info][gc,start       ] GC(6) Pause Young (Normal) (G1 Evacuation Pause)
[8.488s][info][gc,task        ] GC(6) Using 8 workers of 13 for evacuation
[8.489s][info][gc,phases      ] GC(6)   Pre Evacuate Collection Set: 0.1ms
[8.489s][info][gc,phases      ] GC(6)   Merge Heap Roots: 0.0ms
[8.489s][info][gc,phases      ] GC(6)   Evacuate Collection Set: 0.4ms
[8.489s][info][gc,phases      ] GC(6)   Post Evacuate Collection Set: 0.2ms
[8.489s][info][gc,phases      ] GC(6)   Other: 0.1ms
[8.489s][info][gc,heap        ] GC(6) Eden regions: 43->0(43)
[8.489s][info][gc,heap        ] GC(6) Survivor regions: 1->1(6)
[8.489s][info][gc,heap        ] GC(6) Old regions: 6->6
[8.489s][info][gc,heap        ] GC(6) Humongous regions: 0->0
[8.489s][info][gc,metaspace   ] GC(6) Metaspace: 9467K(9728K)->9467K(9728K) NonClass: 8410K(8512K)->8410K(8512K) Class: 1056K(1216K)->1056K(1216K)
[8.489s][info][gc             ] GC(6) Pause Young (Normal) (G1 Evacuation Pause) 89M->3M(148M) 0.913ms
[8.489s][info][gc,cpu         ] GC(6) User=0.00s Sys=0.00s Real=0.00s
[8.507s][info][gc,start       ] GC(7) Pause Young (Normal) (G1 Evacuation Pause)
[8.507s][info][gc,task        ] GC(7) Using 8 workers of 13 for evacuation
[8.508s][info][gc,phases      ] GC(7)   Pre Evacuate Collection Set: 0.1ms
[8.508s][info][gc,phases      ] GC(7)   Merge Heap Roots: 0.0ms
[8.508s][info][gc,phases      ] GC(7)   Evacuate Collection Set: 0.4ms
[8.508s][info][gc,phases      ] GC(7)   Post Evacuate Collection Set: 0.2ms
[8.508s][info][gc,phases      ] GC(7)   Other: 0.0ms
[8.508s][info][gc,heap        ] GC(7) Eden regions: 43->0(43)
[8.508s][info][gc,heap        ] GC(7) Survivor regions: 1->1(6)
[8.508s][info][gc,heap        ] GC(7) Old regions: 6->6
[8.508s][info][gc,heap        ] GC(7) Humongous regions: 0->0
[8.508s][info][gc,metaspace   ] GC(7) Metaspace: 9467K(9728K)->9467K(9728K) NonClass: 8410K(8512K)->8410K(8512K) Class: 1056K(1216K)->1056K(1216K)
[8.508s][info][gc             ] GC(7) Pause Young (Normal) (G1 Evacuation Pause) 89M->3M(148M) 0.902ms
[8.508s][info][gc,cpu         ] GC(7) User=0.00s Sys=0.00s Real=0.00s
[8.535s][info][gc,start       ] GC(8) Pause Young (Normal) (G1 Evacuation Pause)
[8.535s][info][gc,task        ] GC(8) Using 8 workers of 13 for evacuation
[8.536s][info][gc,phases      ] GC(8)   Pre Evacuate Collection Set: 0.1ms
[8.536s][info][gc,phases      ] GC(8)   Merge Heap Roots: 0.0ms
[8.536s][info][gc,phases      ] GC(8)   Evacuate Collection Set: 0.3ms
[8.536s][info][gc,phases      ] GC(8)   Post Evacuate Collection Set: 0.3ms
[8.536s][info][gc,phases      ] GC(8)   Other: 0.1ms
[8.536s][info][gc,heap        ] GC(8) Eden regions: 43->0(43)
[8.536s][info][gc,heap        ] GC(8) Survivor regions: 1->1(6)
[8.536s][info][gc,heap        ] GC(8) Old regions: 6->6
[8.536s][info][gc,heap        ] GC(8) Humongous regions: 0->0
[8.536s][info][gc,metaspace   ] GC(8) Metaspace: 9467K(9728K)->9467K(9728K) NonClass: 8410K(8512K)->8410K(8512K) Class: 1056K(1216K)->1056K(1216K)
[8.536s][info][gc             ] GC(8) Pause Young (Normal) (G1 Evacuation Pause) 89M->3M(148M) 0.960ms
[8.536s][info][gc,cpu         ] GC(8) User=0.00s Sys=0.00s Real=0.00s
[8.555s][info][gc,start       ] GC(9) Pause Young (Normal) (G1 Evacuation Pause)
[8.556s][info][gc,task        ] GC(9) Using 8 workers of 13 for evacuation
[8.556s][info][gc,phases      ] GC(9)   Pre Evacuate Collection Set: 0.1ms
[8.556s][info][gc,phases      ] GC(9)   Merge Heap Roots: 0.1ms
[8.556s][info][gc,phases      ] GC(9)   Evacuate Collection Set: 0.3ms
[8.556s][info][gc,phases      ] GC(9)   Post Evacuate Collection Set: 0.4ms
[8.556s][info][gc,phases      ] GC(9)   Other: 0.1ms
[8.556s][info][gc,heap        ] GC(9) Eden regions: 43->0(65)
[8.556s][info][gc,heap        ] GC(9) Survivor regions: 1->1(6)
[8.556s][info][gc,heap        ] GC(9) Old regions: 6->6
[8.556s][info][gc,heap        ] GC(9) Humongous regions: 0->0
[8.556s][info][gc,metaspace   ] GC(9) Metaspace: 9467K(9728K)->9467K(9728K) NonClass: 8410K(8512K)->8410K(8512K) Class: 1056K(1216K)->1056K(1216K)
[8.556s][info][gc             ] GC(9) Pause Young (Normal) (G1 Evacuation Pause) 89M->3M(222M) 0.984ms
[8.556s][info][gc,cpu         ] GC(9) User=0.00s Sys=0.00s Real=0.00s
[8.616s][info][gc,start       ] GC(10) Pause Young (Normal) (G1 Evacuation Pause)
[8.616s][info][gc,task        ] GC(10) Using 8 workers of 13 for evacuation
[8.617s][info][gc,phases      ] GC(10)   Pre Evacuate Collection Set: 0.1ms
[8.617s][info][gc,phases      ] GC(10)   Merge Heap Roots: 0.1ms
[8.617s][info][gc,phases      ] GC(10)   Evacuate Collection Set: 0.2ms
[8.617s][info][gc,phases      ] GC(10)   Post Evacuate Collection Set: 0.4ms
[8.617s][info][gc,phases      ] GC(10)   Other: 0.1ms
[8.617s][info][gc,heap        ] GC(10) Eden regions: 65->0(65)
[8.617s][info][gc,heap        ] GC(10) Survivor regions: 1->1(9)
[8.617s][info][gc,heap        ] GC(10) Old regions: 6->6
[8.617s][info][gc,heap        ] GC(10) Humongous regions: 0->0
[8.617s][info][gc,metaspace   ] GC(10) Metaspace: 9467K(9728K)->9467K(9728K) NonClass: 8410K(8512K)->8410K(8512K) Class: 1056K(1216K)->1056K(1216K)
[8.617s][info][gc             ] GC(10) Pause Young (Normal) (G1 Evacuation Pause) 133M->3M(222M) 1.186ms
[8.617s][info][gc,cpu         ] GC(10) User=0.00s Sys=0.00s Real=0.00s
[8.644s][info][gc,start       ] GC(11) Pause Young (Normal) (G1 Evacuation Pause)
[8.644s][info][gc,task        ] GC(11) Using 8 workers of 13 for evacuation
[8.645s][info][gc,phases      ] GC(11)   Pre Evacuate Collection Set: 0.1ms
[8.645s][info][gc,phases      ] GC(11)   Merge Heap Roots: 0.1ms
[8.645s][info][gc,phases      ] GC(11)   Evacuate Collection Set: 0.3ms
[8.645s][info][gc,phases      ] GC(11)   Post Evacuate Collection Set: 0.3ms
[8.645s][info][gc,phases      ] GC(11)   Other: 0.1ms
[8.645s][info][gc,heap        ] GC(11) Eden regions: 65->0(65)
[8.645s][info][gc,heap        ] GC(11) Survivor regions: 1->1(9)
[8.645s][info][gc,heap        ] GC(11) Old regions: 6->6
[8.645s][info][gc,heap        ] GC(11) Humongous regions: 0->0
[8.645s][info][gc,metaspace   ] GC(11) Metaspace: 9467K(9728K)->9467K(9728K) NonClass: 8410K(8512K)->8410K(8512K) Class: 1056K(1216K)->1056K(1216K)
[8.645s][info][gc             ] GC(11) Pause Young (Normal) (G1 Evacuation Pause) 133M->3M(222M) 0.940ms
[8.645s][info][gc,cpu         ] GC(11) User=0.00s Sys=0.00s Real=0.00s
[8.670s][info][gc,start       ] GC(12) Pause Young (Normal) (G1 Evacuation Pause)
[8.670s][info][gc,task        ] GC(12) Using 8 workers of 13 for evacuation
[8.671s][info][gc,phases      ] GC(12)   Pre Evacuate Collection Set: 0.1ms
[8.671s][info][gc,phases      ] GC(12)   Merge Heap Roots: 0.1ms
[8.671s][info][gc,phases      ] GC(12)   Evacuate Collection Set: 0.3ms
[8.671s][info][gc,phases      ] GC(12)   Post Evacuate Collection Set: 0.3ms
[8.671s][info][gc,phases      ] GC(12)   Other: 0.0ms
[8.671s][info][gc,heap        ] GC(12) Eden regions: 65->0(65)
[8.671s][info][gc,heap        ] GC(12) Survivor regions: 1->1(9)
[8.671s][info][gc,heap        ] GC(12) Old regions: 6->6
[8.671s][info][gc,heap        ] GC(12) Humongous regions: 0->0
[8.671s][info][gc,metaspace   ] GC(12) Metaspace: 9467K(9728K)->9467K(9728K) NonClass: 8410K(8512K)->8410K(8512K) Class: 1056K(1216K)->1056K(1216K)
[8.671s][info][gc             ] GC(12) Pause Young (Normal) (G1 Evacuation Pause) 133M->3M(222M) 1.003ms
[8.671s][info][gc,cpu         ] GC(12) User=0.00s Sys=0.00s Real=0.00s
[8.694s][info][gc,start       ] GC(13) Pause Young (Normal) (G1 Evacuation Pause)
[8.694s][info][gc,task        ] GC(13) Using 8 workers of 13 for evacuation
[8.695s][info][gc,phases      ] GC(13)   Pre Evacuate Collection Set: 0.1ms
[8.695s][info][gc,phases      ] GC(13)   Merge Heap Roots: 0.1ms
[8.695s][info][gc,phases      ] GC(13)   Evacuate Collection Set: 0.4ms
[8.695s][info][gc,phases      ] GC(13)   Post Evacuate Collection Set: 0.6ms
[8.695s][info][gc,phases      ] GC(13)   Other: 0.1ms
[8.695s][info][gc,heap        ] GC(13) Eden regions: 65->0(81)
[8.695s][info][gc,heap        ] GC(13) Survivor regions: 1->1(9)
[8.695s][info][gc,heap        ] GC(13) Old regions: 6->6
[8.695s][info][gc,heap        ] GC(13) Humongous regions: 0->0
[8.695s][info][gc,metaspace   ] GC(13) Metaspace: 9467K(9728K)->9467K(9728K) NonClass: 8410K(8512K)->8410K(8512K) Class: 1056K(1216K)->1056K(1216K)
[8.695s][info][gc             ] GC(13) Pause Young (Normal) (G1 Evacuation Pause) 133M->3M(276M) 1.457ms
[8.695s][info][gc,cpu         ] GC(13) User=0.00s Sys=0.00s Real=0.01s
[8.749s][info][gc,start       ] GC(14) Pause Young (Normal) (G1 Evacuation Pause)
[8.749s][info][gc,task        ] GC(14) Using 8 workers of 13 for evacuation
[8.750s][info][gc,phases      ] GC(14)   Pre Evacuate Collection Set: 0.1ms
[8.750s][info][gc,phases      ] GC(14)   Merge Heap Roots: 0.1ms
[8.750s][info][gc,phases      ] GC(14)   Evacuate Collection Set: 0.3ms
[8.750s][info][gc,phases      ] GC(14)   Post Evacuate Collection Set: 0.4ms
[8.751s][info][gc,phases      ] GC(14)   Other: 0.1ms
[8.751s][info][gc,heap        ] GC(14) Eden regions: 81->0(81)
[8.751s][info][gc,heap        ] GC(14) Survivor regions: 1->1(11)
[8.751s][info][gc,heap        ] GC(14) Old regions: 6->6
[8.751s][info][gc,heap        ] GC(14) Humongous regions: 0->0
[8.751s][info][gc,metaspace   ] GC(14) Metaspace: 9467K(9728K)->9467K(9728K) NonClass: 8410K(8512K)->8410K(8512K) Class: 1056K(1216K)->1056K(1216K)
[8.751s][info][gc             ] GC(14) Pause Young (Normal) (G1 Evacuation Pause) 165M->3M(276M) 1.205ms
[8.751s][info][gc,cpu         ] GC(14) User=0.00s Sys=0.00s Real=0.00s
[8.781s][info][gc,start       ] GC(15) Pause Young (Normal) (G1 Evacuation Pause)
[8.781s][info][gc,task        ] GC(15) Using 8 workers of 13 for evacuation
[8.782s][info][gc,phases      ] GC(15)   Pre Evacuate Collection Set: 0.1ms
[8.782s][info][gc,phases      ] GC(15)   Merge Heap Roots: 0.0ms
[8.782s][info][gc,phases      ] GC(15)   Evacuate Collection Set: 0.3ms
[8.782s][info][gc,phases      ] GC(15)   Post Evacuate Collection Set: 0.3ms
[8.782s][info][gc,phases      ] GC(15)   Other: 0.1ms
[8.782s][info][gc,heap        ] GC(15) Eden regions: 81->0(81)
[8.782s][info][gc,heap        ] GC(15) Survivor regions: 1->1(11)
[8.782s][info][gc,heap        ] GC(15) Old regions: 6->6
[8.782s][info][gc,heap        ] GC(15) Humongous regions: 0->0
[8.782s][info][gc,metaspace   ] GC(15) Metaspace: 9467K(9728K)->9467K(9728K) NonClass: 8410K(8512K)->8410K(8512K) Class: 1056K(1216K)->1056K(1216K)
[8.782s][info][gc             ] GC(15) Pause Young (Normal) (G1 Evacuation Pause) 165M->3M(276M) 0.891ms
[8.782s][info][gc,cpu         ] GC(15) User=0.00s Sys=0.00s Real=0.00s
[8.809s][info][gc,start       ] GC(16) Pause Young (Normal) (G1 Evacuation Pause)
[8.809s][info][gc,task        ] GC(16) Using 8 workers of 13 for evacuation
[8.810s][info][gc,phases      ] GC(16)   Pre Evacuate Collection Set: 0.1ms
[8.810s][info][gc,phases      ] GC(16)   Merge Heap Roots: 0.1ms
[8.810s][info][gc,phases      ] GC(16)   Evacuate Collection Set: 0.6ms
[8.810s][info][gc,phases      ] GC(16)   Post Evacuate Collection Set: 0.3ms
[8.810s][info][gc,phases      ] GC(16)   Other: 0.1ms
[8.810s][info][gc,heap        ] GC(16) Eden regions: 81->0(81)
[8.810s][info][gc,heap        ] GC(16) Survivor regions: 1->1(11)
[8.810s][info][gc,heap        ] GC(16) Old regions: 6->7
[8.810s][info][gc,heap        ] GC(16) Humongous regions: 0->0
[8.810s][info][gc,metaspace   ] GC(16) Metaspace: 9467K(9728K)->9467K(9728K) NonClass: 8410K(8512K)->8410K(8512K) Class: 1056K(1216K)->1056K(1216K)
[8.810s][info][gc             ] GC(16) Pause Young (Normal) (G1 Evacuation Pause) 165M->3M(276M) 1.247ms
[8.810s][info][gc,cpu         ] GC(16) User=0.00s Sys=0.00s Real=0.00s
[8.847s][info][gc,start       ] GC(17) Pause Young (Normal) (G1 Evacuation Pause)
[8.847s][info][gc,task        ] GC(17) Using 8 workers of 13 for evacuation
[8.848s][info][gc,phases      ] GC(17)   Pre Evacuate Collection Set: 0.1ms
[8.848s][info][gc,phases      ] GC(17)   Merge Heap Roots: 0.0ms
[8.848s][info][gc,phases      ] GC(17)   Evacuate Collection Set: 0.2ms
[8.848s][info][gc,phases      ] GC(17)   Post Evacuate Collection Set: 0.5ms
[8.848s][info][gc,phases      ] GC(17)   Other: 0.1ms
[8.848s][info][gc,heap        ] GC(17) Eden regions: 81->0(105)
[8.848s][info][gc,heap        ] GC(17) Survivor regions: 1->1(11)
[8.848s][info][gc,heap        ] GC(17) Old regions: 7->7
[8.848s][info][gc,heap        ] GC(17) Humongous regions: 0->0
[8.848s][info][gc,metaspace   ] GC(17) Metaspace: 9467K(9728K)->9467K(9728K) NonClass: 8410K(8512K)->8410K(8512K) Class: 1056K(1216K)->1056K(1216K)
[8.848s][info][gc             ] GC(17) Pause Young (Normal) (G1 Evacuation Pause) 165M->3M(354M) 1.206ms
[8.848s][info][gc,cpu         ] GC(17) User=0.00s Sys=0.00s Real=0.00s
[8.930s][info][gc,start       ] GC(18) Pause Young (Normal) (G1 Evacuation Pause)
[8.930s][info][gc,task        ] GC(18) Using 8 workers of 13 for evacuation
[8.931s][info][gc,phases      ] GC(18)   Pre Evacuate Collection Set: 0.1ms
[8.931s][info][gc,phases      ] GC(18)   Merge Heap Roots: 0.0ms
[8.931s][info][gc,phases      ] GC(18)   Evacuate Collection Set: 0.2ms
[8.931s][info][gc,phases      ] GC(18)   Post Evacuate Collection Set: 0.2ms
[8.931s][info][gc,phases      ] GC(18)   Other: 0.1ms
[8.931s][info][gc,heap        ] GC(18) Eden regions: 105->0(105)
[8.931s][info][gc,heap        ] GC(18) Survivor regions: 1->1(14)
[8.931s][info][gc,heap        ] GC(18) Old regions: 7->7
[8.931s][info][gc,heap        ] GC(18) Humongous regions: 0->0
[8.931s][info][gc,metaspace   ] GC(18) Metaspace: 9467K(9728K)->9467K(9728K) NonClass: 8410K(8512K)->8410K(8512K) Class: 1056K(1216K)->1056K(1216K)
[8.931s][info][gc             ] GC(18) Pause Young (Normal) (G1 Evacuation Pause) 213M->3M(354M) 0.685ms
[8.931s][info][gc,cpu         ] GC(18) User=0.00s Sys=0.00s Real=0.00s
[8.979s][info][gc,start       ] GC(19) Pause Young (Normal) (G1 Evacuation Pause)
[8.979s][info][gc,task        ] GC(19) Using 8 workers of 13 for evacuation
[8.979s][info][gc,phases      ] GC(19)   Pre Evacuate Collection Set: 0.1ms
[8.979s][info][gc,phases      ] GC(19)   Merge Heap Roots: 0.0ms
[8.979s][info][gc,phases      ] GC(19)   Evacuate Collection Set: 0.2ms
[8.979s][info][gc,phases      ] GC(19)   Post Evacuate Collection Set: 0.2ms
[8.979s][info][gc,phases      ] GC(19)   Other: 0.1ms
[8.979s][info][gc,heap        ] GC(19) Eden regions: 105->0(105)
[8.979s][info][gc,heap        ] GC(19) Survivor regions: 1->1(14)
[8.979s][info][gc,heap        ] GC(19) Old regions: 7->7
[8.979s][info][gc,heap        ] GC(19) Humongous regions: 0->0
[8.979s][info][gc,metaspace   ] GC(19) Metaspace: 9467K(9728K)->9467K(9728K) NonClass: 8410K(8512K)->8410K(8512K) Class: 1056K(1216K)->1056K(1216K)
[8.979s][info][gc             ] GC(19) Pause Young (Normal) (G1 Evacuation Pause) 213M->3M(354M) 0.798ms
[8.979s][info][gc,cpu         ] GC(19) User=0.01s Sys=0.01s Real=0.00s
[9.024s][info][gc,start       ] GC(20) Pause Young (Normal) (G1 Evacuation Pause)
[9.024s][info][gc,task        ] GC(20) Using 8 workers of 13 for evacuation
[9.025s][info][gc,phases      ] GC(20)   Pre Evacuate Collection Set: 0.1ms
[9.025s][info][gc,phases      ] GC(20)   Merge Heap Roots: 0.0ms
[9.025s][info][gc,phases      ] GC(20)   Evacuate Collection Set: 0.2ms
[9.025s][info][gc,phases      ] GC(20)   Post Evacuate Collection Set: 0.2ms
[9.025s][info][gc,phases      ] GC(20)   Other: 0.1ms
[9.025s][info][gc,heap        ] GC(20) Eden regions: 105->0(105)
[9.025s][info][gc,heap        ] GC(20) Survivor regions: 1->1(14)
[9.025s][info][gc,heap        ] GC(20) Old regions: 7->7
[9.025s][info][gc,heap        ] GC(20) Humongous regions: 0->0
[9.025s][info][gc,metaspace   ] GC(20) Metaspace: 9470K(9728K)->9470K(9728K) NonClass: 8413K(8512K)->8413K(8512K) Class: 1056K(1216K)->1056K(1216K)
[9.025s][info][gc             ] GC(20) Pause Young (Normal) (G1 Evacuation Pause) 213M->3M(354M) 0.783ms
[9.025s][info][gc,cpu         ] GC(20) User=0.00s Sys=0.00s Real=0.00s
[9.068s][info][gc,start       ] GC(21) Pause Young (Normal) (G1 Evacuation Pause)
[9.068s][info][gc,task        ] GC(21) Using 8 workers of 13 for evacuation
[9.069s][info][gc,phases      ] GC(21)   Pre Evacuate Collection Set: 0.1ms
[9.069s][info][gc,phases      ] GC(21)   Merge Heap Roots: 0.1ms
[9.069s][info][gc,phases      ] GC(21)   Evacuate Collection Set: 0.3ms
[9.069s][info][gc,phases      ] GC(21)   Post Evacuate Collection Set: 0.3ms
[9.069s][info][gc,phases      ] GC(21)   Other: 0.1ms
[9.069s][info][gc,heap        ] GC(21) Eden regions: 105->0(105)
[9.069s][info][gc,heap        ] GC(21) Survivor regions: 1->1(14)
[9.069s][info][gc,heap        ] GC(21) Old regions: 7->7
[9.069s][info][gc,heap        ] GC(21) Humongous regions: 0->0
[9.069s][info][gc,metaspace   ] GC(21) Metaspace: 9470K(9728K)->9470K(9728K) NonClass: 8413K(8512K)->8413K(8512K) Class: 1056K(1216K)->1056K(1216K)
[9.069s][info][gc             ] GC(21) Pause Young (Normal) (G1 Evacuation Pause) 213M->3M(354M) 1.073ms
[9.069s][info][gc,cpu         ] GC(21) User=0.00s Sys=0.00s Real=0.00s
[9.110s][info][gc,start       ] GC(22) Pause Young (Normal) (G1 Evacuation Pause)
[9.110s][info][gc,task        ] GC(22) Using 8 workers of 13 for evacuation
[9.110s][info][gc,phases      ] GC(22)   Pre Evacuate Collection Set: 0.1ms
[9.111s][info][gc,phases      ] GC(22)   Merge Heap Roots: 0.1ms
[9.111s][info][gc,phases      ] GC(22)   Evacuate Collection Set: 0.4ms
[9.111s][info][gc,phases      ] GC(22)   Post Evacuate Collection Set: 0.2ms
[9.111s][info][gc,phases      ] GC(22)   Other: 0.1ms
[9.111s][info][gc,heap        ] GC(22) Eden regions: 105->0(105)
[9.111s][info][gc,heap        ] GC(22) Survivor regions: 1->1(14)
[9.111s][info][gc,heap        ] GC(22) Old regions: 7->7
[9.111s][info][gc,heap        ] GC(22) Humongous regions: 0->0
[9.111s][info][gc,metaspace   ] GC(22) Metaspace: 9470K(9728K)->9470K(9728K) NonClass: 8413K(8512K)->8413K(8512K) Class: 1056K(1216K)->1056K(1216K)
[9.111s][info][gc             ] GC(22) Pause Young (Normal) (G1 Evacuation Pause) 213M->3M(354M) 1.055ms
[9.111s][info][gc,cpu         ] GC(22) User=0.00s Sys=0.00s Real=0.00s
[9.155s][info][gc,start       ] GC(23) Pause Young (Normal) (G1 Evacuation Pause)
[9.156s][info][gc,task        ] GC(23) Using 8 workers of 13 for evacuation
[9.157s][info][gc,phases      ] GC(23)   Pre Evacuate Collection Set: 0.2ms
[9.178s][info][gc,phases      ] GC(23)   Merge Heap Roots: 0.1ms
[9.178s][info][gc,phases      ] GC(23)   Evacuate Collection Set: 0.4ms
[9.178s][info][gc,phases      ] GC(23)   Post Evacuate Collection Set: 0.4ms
[9.178s][info][gc,phases      ] GC(23)   Other: 0.1ms
[9.178s][info][gc,heap        ] GC(23) Eden regions: 105->0(105)
[9.178s][info][gc,heap        ] GC(23) Survivor regions: 1->1(14)
[9.178s][info][gc,heap        ] GC(23) Old regions: 7->7
[9.178s][info][gc,heap        ] GC(23) Humongous regions: 0->0
[9.178s][info][gc,metaspace   ] GC(23) Metaspace: 9470K(9728K)->9470K(9728K) NonClass: 8413K(8512K)->8413K(8512K) Class: 1056K(1216K)->1056K(1216K)
[9.178s][info][gc             ] GC(23) Pause Young (Normal) (G1 Evacuation Pause) 213M->3M(354M) 22.860ms
[9.178s][info][gc,cpu         ] GC(23) User=0.00s Sys=0.00s Real=0.02s
[9.228s][info][gc,start       ] GC(24) Pause Young (Normal) (G1 Evacuation Pause)
[9.230s][info][gc,task        ] GC(24) Using 8 workers of 13 for evacuation
[9.231s][info][gc,phases      ] GC(24)   Pre Evacuate Collection Set: 0.1ms
[9.231s][info][gc,phases      ] GC(24)   Merge Heap Roots: 0.1ms
[9.231s][info][gc,phases      ] GC(24)   Evacuate Collection Set: 0.2ms
[9.231s][info][gc,phases      ] GC(24)   Post Evacuate Collection Set: 0.4ms
[9.231s][info][gc,phases      ] GC(24)   Other: 0.1ms
[9.231s][info][gc,heap        ] GC(24) Eden regions: 105->0(126)
[9.231s][info][gc,heap        ] GC(24) Survivor regions: 1->1(14)
[9.231s][info][gc,heap        ] GC(24) Old regions: 7->7
[9.231s][info][gc,heap        ] GC(24) Humongous regions: 0->0
[9.231s][info][gc,metaspace   ] GC(24) Metaspace: 9470K(9728K)->9470K(9728K) NonClass: 8413K(8512K)->8413K(8512K) Class: 1056K(1216K)->1056K(1216K)
[9.231s][info][gc             ] GC(24) Pause Young (Normal) (G1 Evacuation Pause) 213M->3M(426M) 3.100ms
[9.231s][info][gc,cpu         ] GC(24) User=0.00s Sys=0.00s Real=0.00s
[9.324s][info][gc,start       ] GC(25) Pause Young (Normal) (G1 Evacuation Pause)
[9.324s][info][gc,task        ] GC(25) Using 10 workers of 13 for evacuation
[9.325s][info][gc,phases      ] GC(25)   Pre Evacuate Collection Set: 0.1ms
[9.325s][info][gc,phases      ] GC(25)   Merge Heap Roots: 0.1ms
[9.325s][info][gc,phases      ] GC(25)   Evacuate Collection Set: 0.2ms
[9.325s][info][gc,phases      ] GC(25)   Post Evacuate Collection Set: 0.2ms
[9.325s][info][gc,phases      ] GC(25)   Other: 0.1ms
[9.325s][info][gc,heap        ] GC(25) Eden regions: 126->0(126)
[9.325s][info][gc,heap        ] GC(25) Survivor regions: 1->1(16)
[9.325s][info][gc,heap        ] GC(25) Old regions: 7->7
[9.325s][info][gc,heap        ] GC(25) Humongous regions: 0->0
[9.325s][info][gc,metaspace   ] GC(25) Metaspace: 9481K(9728K)->9481K(9728K) NonClass: 8425K(8512K)->8425K(8512K) Class: 1056K(1216K)->1056K(1216K)
[9.325s][info][gc             ] GC(25) Pause Young (Normal) (G1 Evacuation Pause) 255M->3M(426M) 0.878ms
[9.325s][info][gc,cpu         ] GC(25) User=0.00s Sys=0.00s Real=0.00s
[9.387s][info][gc,start       ] GC(26) Pause Young (Normal) (G1 Evacuation Pause)
[9.387s][info][gc,task        ] GC(26) Using 10 workers of 13 for evacuation
[9.387s][info][gc,phases      ] GC(26)   Pre Evacuate Collection Set: 0.1ms
[9.387s][info][gc,phases      ] GC(26)   Merge Heap Roots: 0.0ms
[9.387s][info][gc,phases      ] GC(26)   Evacuate Collection Set: 0.3ms
[9.387s][info][gc,phases      ] GC(26)   Post Evacuate Collection Set: 0.2ms
[9.387s][info][gc,phases      ] GC(26)   Other: 0.1ms
[9.387s][info][gc,heap        ] GC(26) Eden regions: 126->0(126)
[9.387s][info][gc,heap        ] GC(26) Survivor regions: 1->1(16)
[9.387s][info][gc,heap        ] GC(26) Old regions: 7->7
[9.387s][info][gc,heap        ] GC(26) Humongous regions: 0->0
[9.387s][info][gc,metaspace   ] GC(26) Metaspace: 9481K(9728K)->9481K(9728K) NonClass: 8425K(8512K)->8425K(8512K) Class: 1056K(1216K)->1056K(1216K)
[9.387s][info][gc             ] GC(26) Pause Young (Normal) (G1 Evacuation Pause) 255M->3M(426M) 0.834ms
[9.387s][info][gc,cpu         ] GC(26) User=0.01s Sys=0.01s Real=0.00s
[9.442s][info][gc,start       ] GC(27) Pause Young (Normal) (G1 Evacuation Pause)
[9.442s][info][gc,task        ] GC(27) Using 10 workers of 13 for evacuation
[9.443s][info][gc,phases      ] GC(27)   Pre Evacuate Collection Set: 0.1ms
[9.443s][info][gc,phases      ] GC(27)   Merge Heap Roots: 0.0ms
[9.443s][info][gc,phases      ] GC(27)   Evacuate Collection Set: 0.2ms
[9.443s][info][gc,phases      ] GC(27)   Post Evacuate Collection Set: 0.2ms
[9.443s][info][gc,phases      ] GC(27)   Other: 0.1ms
[9.443s][info][gc,heap        ] GC(27) Eden regions: 126->0(126)
[9.443s][info][gc,heap        ] GC(27) Survivor regions: 1->1(16)
[9.443s][info][gc,heap        ] GC(27) Old regions: 7->7
[9.443s][info][gc,heap        ] GC(27) Humongous regions: 0->0
[9.443s][info][gc,metaspace   ] GC(27) Metaspace: 9481K(9728K)->9481K(9728K) NonClass: 8425K(8512K)->8425K(8512K) Class: 1056K(1216K)->1056K(1216K)
[9.443s][info][gc             ] GC(27) Pause Young (Normal) (G1 Evacuation Pause) 255M->3M(426M) 0.796ms
[9.443s][info][gc,cpu         ] GC(27) User=0.00s Sys=0.00s Real=0.00s
[9.503s][info][gc,start       ] GC(28) Pause Young (Normal) (G1 Evacuation Pause)
[9.504s][info][gc,task        ] GC(28) Using 10 workers of 13 for evacuation
[9.504s][info][gc,phases      ] GC(28)   Pre Evacuate Collection Set: 0.1ms
[9.504s][info][gc,phases      ] GC(28)   Merge Heap Roots: 0.1ms
[9.504s][info][gc,phases      ] GC(28)   Evacuate Collection Set: 0.2ms
[9.504s][info][gc,phases      ] GC(28)   Post Evacuate Collection Set: 0.2ms
[9.504s][info][gc,phases      ] GC(28)   Other: 0.1ms
[9.504s][info][gc,heap        ] GC(28) Eden regions: 126->0(126)
[9.504s][info][gc,heap        ] GC(28) Survivor regions: 1->1(16)
[9.504s][info][gc,heap        ] GC(28) Old regions: 7->7
[9.504s][info][gc,heap        ] GC(28) Humongous regions: 0->0
[9.504s][info][gc,metaspace   ] GC(28) Metaspace: 9481K(9728K)->9481K(9728K) NonClass: 8425K(8512K)->8425K(8512K) Class: 1056K(1216K)->1056K(1216K)
[9.504s][info][gc             ] GC(28) Pause Young (Normal) (G1 Evacuation Pause) 255M->3M(426M) 0.793ms
[9.504s][info][gc,cpu         ] GC(28) User=0.01s Sys=0.00s Real=0.01s
[9.562s][info][gc,start       ] GC(29) Pause Young (Normal) (G1 Evacuation Pause)
[9.562s][info][gc,task        ] GC(29) Using 10 workers of 13 for evacuation
[9.563s][info][gc,phases      ] GC(29)   Pre Evacuate Collection Set: 0.1ms
[9.563s][info][gc,phases      ] GC(29)   Merge Heap Roots: 0.0ms
[9.563s][info][gc,phases      ] GC(29)   Evacuate Collection Set: 0.3ms
[9.563s][info][gc,phases      ] GC(29)   Post Evacuate Collection Set: 0.3ms
[9.563s][info][gc,phases      ] GC(29)   Other: 0.1ms
[9.563s][info][gc,heap        ] GC(29) Eden regions: 126->0(126)
[9.563s][info][gc,heap        ] GC(29) Survivor regions: 1->1(16)
[9.563s][info][gc,heap        ] GC(29) Old regions: 7->7
[9.563s][info][gc,heap        ] GC(29) Humongous regions: 0->0
[9.563s][info][gc,metaspace   ] GC(29) Metaspace: 9481K(9728K)->9481K(9728K) NonClass: 8425K(8512K)->8425K(8512K) Class: 1056K(1216K)->1056K(1216K)
[9.563s][info][gc             ] GC(29) Pause Young (Normal) (G1 Evacuation Pause) 255M->3M(426M) 1.018ms
[9.563s][info][gc,cpu         ] GC(29) User=0.00s Sys=0.00s Real=0.00s
[9.618s][info][gc,start       ] GC(30) Pause Young (Normal) (G1 Evacuation Pause)
[9.618s][info][gc,task        ] GC(30) Using 10 workers of 13 for evacuation
[9.619s][info][gc,phases      ] GC(30)   Pre Evacuate Collection Set: 0.1ms
[9.619s][info][gc,phases      ] GC(30)   Merge Heap Roots: 0.1ms
[9.619s][info][gc,phases      ] GC(30)   Evacuate Collection Set: 0.2ms
[9.619s][info][gc,phases      ] GC(30)   Post Evacuate Collection Set: 0.2ms
[9.619s][info][gc,phases      ] GC(30)   Other: 0.1ms
[9.619s][info][gc,heap        ] GC(30) Eden regions: 126->0(126)
[9.619s][info][gc,heap        ] GC(30) Survivor regions: 1->1(16)
[9.619s][info][gc,heap        ] GC(30) Old regions: 7->7
[9.619s][info][gc,heap        ] GC(30) Humongous regions: 0->0
[9.619s][info][gc,metaspace   ] GC(30) Metaspace: 9481K(9728K)->9481K(9728K) NonClass: 8425K(8512K)->8425K(8512K) Class: 1056K(1216K)->1056K(1216K)
[9.619s][info][gc             ] GC(30) Pause Young (Normal) (G1 Evacuation Pause) 255M->3M(426M) 0.933ms
[9.619s][info][gc,cpu         ] GC(30) User=0.01s Sys=0.00s Real=0.00s
[9.673s][info][gc,start       ] GC(31) Pause Young (Normal) (G1 Evacuation Pause)
[9.674s][info][gc,task        ] GC(31) Using 10 workers of 13 for evacuation
[9.674s][info][gc,phases      ] GC(31)   Pre Evacuate Collection Set: 0.1ms
[9.674s][info][gc,phases      ] GC(31)   Merge Heap Roots: 0.1ms
[9.674s][info][gc,phases      ] GC(31)   Evacuate Collection Set: 0.2ms
[9.674s][info][gc,phases      ] GC(31)   Post Evacuate Collection Set: 0.3ms
[9.674s][info][gc,phases      ] GC(31)   Other: 0.1ms
[9.674s][info][gc,heap        ] GC(31) Eden regions: 126->0(126)
[9.674s][info][gc,heap        ] GC(31) Survivor regions: 1->1(16)
[9.674s][info][gc,heap        ] GC(31) Old regions: 7->7
[9.674s][info][gc,heap        ] GC(31) Humongous regions: 0->0
[9.674s][info][gc,metaspace   ] GC(31) Metaspace: 9481K(9728K)->9481K(9728K) NonClass: 8425K(8512K)->8425K(8512K) Class: 1056K(1216K)->1056K(1216K)
[9.674s][info][gc             ] GC(31) Pause Young (Normal) (G1 Evacuation Pause) 255M->3M(426M) 1.000ms
[9.674s][info][gc,cpu         ] GC(31) User=0.01s Sys=0.00s Real=0.01s
[9.728s][info][gc,start       ] GC(32) Pause Young (Normal) (G1 Evacuation Pause)
[9.728s][info][gc,task        ] GC(32) Using 10 workers of 13 for evacuation
[9.729s][info][gc,phases      ] GC(32)   Pre Evacuate Collection Set: 0.1ms
[9.729s][info][gc,phases      ] GC(32)   Merge Heap Roots: 0.1ms
[9.729s][info][gc,phases      ] GC(32)   Evacuate Collection Set: 0.2ms
[9.729s][info][gc,phases      ] GC(32)   Post Evacuate Collection Set: 0.3ms
[9.729s][info][gc,phases      ] GC(32)   Other: 0.1ms
[9.729s][info][gc,heap        ] GC(32) Eden regions: 126->0(126)
[9.729s][info][gc,heap        ] GC(32) Survivor regions: 1->1(16)
[9.729s][info][gc,heap        ] GC(32) Old regions: 7->7
[9.729s][info][gc,heap        ] GC(32) Humongous regions: 0->0
[9.729s][info][gc,metaspace   ] GC(32) Metaspace: 9481K(9728K)->9481K(9728K) NonClass: 8425K(8512K)->8425K(8512K) Class: 1056K(1216K)->1056K(1216K)
[9.729s][info][gc             ] GC(32) Pause Young (Normal) (G1 Evacuation Pause) 255M->3M(426M) 0.922ms
[9.729s][info][gc,cpu         ] GC(32) User=0.00s Sys=0.00s Real=0.00s
[9.783s][info][gc,start       ] GC(33) Pause Young (Normal) (G1 Evacuation Pause)
[9.783s][info][gc,task        ] GC(33) Using 10 workers of 13 for evacuation
[9.784s][info][gc,phases      ] GC(33)   Pre Evacuate Collection Set: 0.1ms
[9.784s][info][gc,phases      ] GC(33)   Merge Heap Roots: 0.0ms
[9.784s][info][gc,phases      ] GC(33)   Evacuate Collection Set: 0.2ms
[9.784s][info][gc,phases      ] GC(33)   Post Evacuate Collection Set: 0.2ms
[9.784s][info][gc,phases      ] GC(33)   Other: 0.1ms
[9.784s][info][gc,heap        ] GC(33) Eden regions: 126->0(126)
[9.784s][info][gc,heap        ] GC(33) Survivor regions: 1->1(16)
[9.784s][info][gc,heap        ] GC(33) Old regions: 7->7
[9.784s][info][gc,heap        ] GC(33) Humongous regions: 0->0
[9.784s][info][gc,metaspace   ] GC(33) Metaspace: 9481K(9728K)->9481K(9728K) NonClass: 8425K(8512K)->8425K(8512K) Class: 1056K(1216K)->1056K(1216K)
[9.784s][info][gc             ] GC(33) Pause Young (Normal) (G1 Evacuation Pause) 255M->3M(426M) 0.788ms
[9.784s][info][gc,cpu         ] GC(33) User=0.00s Sys=0.00s Real=0.01s
[9.837s][info][gc,start       ] GC(34) Pause Young (Normal) (G1 Evacuation Pause)
[9.837s][info][gc,task        ] GC(34) Using 10 workers of 13 for evacuation
[9.837s][info][gc,phases      ] GC(34)   Pre Evacuate Collection Set: 0.1ms
[9.837s][info][gc,phases      ] GC(34)   Merge Heap Roots: 0.1ms
[9.837s][info][gc,phases      ] GC(34)   Evacuate Collection Set: 0.2ms
[9.837s][info][gc,phases      ] GC(34)   Post Evacuate Collection Set: 0.3ms
[9.837s][info][gc,phases      ] GC(34)   Other: 0.0ms
[9.837s][info][gc,heap        ] GC(34) Eden regions: 126->0(126)
[9.837s][info][gc,heap        ] GC(34) Survivor regions: 1->1(16)
[9.837s][info][gc,heap        ] GC(34) Old regions: 7->7
[9.837s][info][gc,heap        ] GC(34) Humongous regions: 0->0
[9.837s][info][gc,metaspace   ] GC(34) Metaspace: 9481K(9728K)->9481K(9728K) NonClass: 8425K(8512K)->8425K(8512K) Class: 1056K(1216K)->1056K(1216K)
[9.837s][info][gc             ] GC(34) Pause Young (Normal) (G1 Evacuation Pause) 255M->3M(426M) 0.928ms
[9.837s][info][gc,cpu         ] GC(34) User=0.00s Sys=0.00s Real=0.00s
[9.887s][info][gc,start       ] GC(35) Pause Young (Normal) (G1 Evacuation Pause)
[9.888s][info][gc,task        ] GC(35) Using 10 workers of 13 for evacuation
[9.888s][info][gc,phases      ] GC(35)   Pre Evacuate Collection Set: 0.1ms
[9.888s][info][gc,phases      ] GC(35)   Merge Heap Roots: 0.0ms
[9.888s][info][gc,phases      ] GC(35)   Evacuate Collection Set: 0.3ms
[9.888s][info][gc,phases      ] GC(35)   Post Evacuate Collection Set: 0.3ms
[9.888s][info][gc,phases      ] GC(35)   Other: 0.1ms
[9.888s][info][gc,heap        ] GC(35) Eden regions: 126->0(126)
[9.888s][info][gc,heap        ] GC(35) Survivor regions: 1->1(16)
[9.888s][info][gc,heap        ] GC(35) Old regions: 7->7
[9.888s][info][gc,heap        ] GC(35) Humongous regions: 0->0
[9.888s][info][gc,metaspace   ] GC(35) Metaspace: 9481K(9728K)->9481K(9728K) NonClass: 8425K(8512K)->8425K(8512K) Class: 1056K(1216K)->1056K(1216K)
[9.888s][info][gc             ] GC(35) Pause Young (Normal) (G1 Evacuation Pause) 255M->3M(426M) 0.903ms
[9.888s][info][gc,cpu         ] GC(35) User=0.01s Sys=0.00s Real=0.00s
[9.947s][info][gc,start       ] GC(36) Pause Young (Normal) (G1 Evacuation Pause)
[9.948s][info][gc,task        ] GC(36) Using 10 workers of 13 for evacuation
[9.948s][info][gc,phases      ] GC(36)   Pre Evacuate Collection Set: 0.1ms
[9.948s][info][gc,phases      ] GC(36)   Merge Heap Roots: 0.1ms
[9.948s][info][gc,phases      ] GC(36)   Evacuate Collection Set: 0.2ms
[9.948s][info][gc,phases      ] GC(36)   Post Evacuate Collection Set: 0.2ms
[9.948s][info][gc,phases      ] GC(36)   Other: 0.1ms
[9.948s][info][gc,heap        ] GC(36) Eden regions: 126->0(126)
[9.948s][info][gc,heap        ] GC(36) Survivor regions: 1->1(16)
[9.948s][info][gc,heap        ] GC(36) Old regions: 7->7
[9.948s][info][gc,heap        ] GC(36) Humongous regions: 0->0
[9.948s][info][gc,metaspace   ] GC(36) Metaspace: 9481K(9728K)->9481K(9728K) NonClass: 8425K(8512K)->8425K(8512K) Class: 1056K(1216K)->1056K(1216K)
[9.948s][info][gc             ] GC(36) Pause Young (Normal) (G1 Evacuation Pause) 255M->3M(426M) 0.870ms
[9.948s][info][gc,cpu         ] GC(36) User=0.01s Sys=0.00s Real=0.00s
[10.003s][info][gc,start       ] GC(37) Pause Young (Normal) (G1 Evacuation Pause)
[10.003s][info][gc,task        ] GC(37) Using 10 workers of 13 for evacuation
[10.003s][info][gc,phases      ] GC(37)   Pre Evacuate Collection Set: 0.1ms
[10.003s][info][gc,phases      ] GC(37)   Merge Heap Roots: 0.0ms
[10.003s][info][gc,phases      ] GC(37)   Evacuate Collection Set: 0.2ms
[10.003s][info][gc,phases      ] GC(37)   Post Evacuate Collection Set: 0.2ms
[10.003s][info][gc,phases      ] GC(37)   Other: 0.1ms
[10.003s][info][gc,heap        ] GC(37) Eden regions: 126->0(126)
[10.003s][info][gc,heap        ] GC(37) Survivor regions: 1->1(16)
[10.003s][info][gc,heap        ] GC(37) Old regions: 7->7
[10.003s][info][gc,heap        ] GC(37) Humongous regions: 0->0
[10.003s][info][gc,metaspace   ] GC(37) Metaspace: 9481K(9728K)->9481K(9728K) NonClass: 8425K(8512K)->8425K(8512K) Class: 1056K(1216K)->1056K(1216K)
[10.004s][info][gc             ] GC(37) Pause Young (Normal) (G1 Evacuation Pause) 255M->3M(426M) 0.729ms
[10.004s][info][gc,cpu         ] GC(37) User=0.00s Sys=0.00s Real=0.00s
[10.053s][info][gc,start       ] GC(38) Pause Young (Normal) (G1 Evacuation Pause)
[10.053s][info][gc,task        ] GC(38) Using 10 workers of 13 for evacuation
[10.054s][info][gc,phases      ] GC(38)   Pre Evacuate Collection Set: 0.1ms
[10.054s][info][gc,phases      ] GC(38)   Merge Heap Roots: 0.1ms
[10.054s][info][gc,phases      ] GC(38)   Evacuate Collection Set: 0.3ms
[10.054s][info][gc,phases      ] GC(38)   Post Evacuate Collection Set: 0.4ms
[10.054s][info][gc,phases      ] GC(38)   Other: 0.1ms
[10.054s][info][gc,heap        ] GC(38) Eden regions: 126->0(126)
[10.054s][info][gc,heap        ] GC(38) Survivor regions: 1->1(16)
[10.054s][info][gc,heap        ] GC(38) Old regions: 7->7
[10.054s][info][gc,heap        ] GC(38) Humongous regions: 0->0
[10.054s][info][gc,metaspace   ] GC(38) Metaspace: 9481K(9728K)->9481K(9728K) NonClass: 8425K(8512K)->8425K(8512K) Class: 1056K(1216K)->1056K(1216K)
[10.054s][info][gc             ] GC(38) Pause Young (Normal) (G1 Evacuation Pause) 255M->3M(426M) 1.141ms
[10.054s][info][gc,cpu         ] GC(38) User=0.00s Sys=0.00s Real=0.01s
[10.101s][info][gc,start       ] GC(39) Pause Young (Normal) (G1 Evacuation Pause)
[10.101s][info][gc,task        ] GC(39) Using 10 workers of 13 for evacuation
[10.102s][info][gc,phases      ] GC(39)   Pre Evacuate Collection Set: 0.1ms
[10.102s][info][gc,phases      ] GC(39)   Merge Heap Roots: 0.1ms
[10.102s][info][gc,phases      ] GC(39)   Evacuate Collection Set: 0.3ms
[10.102s][info][gc,phases      ] GC(39)   Post Evacuate Collection Set: 0.3ms
[10.102s][info][gc,phases      ] GC(39)   Other: 0.0ms
[10.102s][info][gc,heap        ] GC(39) Eden regions: 126->0(126)
[10.102s][info][gc,heap        ] GC(39) Survivor regions: 1->1(16)
[10.102s][info][gc,heap        ] GC(39) Old regions: 7->7
[10.102s][info][gc,heap        ] GC(39) Humongous regions: 0->0
[10.102s][info][gc,metaspace   ] GC(39) Metaspace: 9481K(9728K)->9481K(9728K) NonClass: 8425K(8512K)->8425K(8512K) Class: 1056K(1216K)->1056K(1216K)
[10.102s][info][gc             ] GC(39) Pause Young (Normal) (G1 Evacuation Pause) 255M->3M(426M) 1.010ms
[10.102s][info][gc,cpu         ] GC(39) User=0.00s Sys=0.00s Real=0.00s
[10.151s][info][gc,start       ] GC(40) Pause Young (Normal) (G1 Evacuation Pause)
[10.151s][info][gc,task        ] GC(40) Using 10 workers of 13 for evacuation
[10.152s][info][gc,phases      ] GC(40)   Pre Evacuate Collection Set: 0.1ms
[10.152s][info][gc,phases      ] GC(40)   Merge Heap Roots: 0.1ms
[10.152s][info][gc,phases      ] GC(40)   Evacuate Collection Set: 0.2ms
[10.152s][info][gc,phases      ] GC(40)   Post Evacuate Collection Set: 0.2ms
[10.152s][info][gc,phases      ] GC(40)   Other: 0.0ms
[10.152s][info][gc,heap        ] GC(40) Eden regions: 126->0(126)
[10.152s][info][gc,heap        ] GC(40) Survivor regions: 1->1(16)
[10.152s][info][gc,heap        ] GC(40) Old regions: 7->7
[10.152s][info][gc,heap        ] GC(40) Humongous regions: 0->0
[10.152s][info][gc,metaspace   ] GC(40) Metaspace: 9481K(9728K)->9481K(9728K) NonClass: 8425K(8512K)->8425K(8512K) Class: 1056K(1216K)->1056K(1216K)
[10.152s][info][gc             ] GC(40) Pause Young (Normal) (G1 Evacuation Pause) 255M->3M(426M) 0.776ms
[10.152s][info][gc,cpu         ] GC(40) User=0.00s Sys=0.00s Real=0.00s
[10.198s][info][gc,start       ] GC(41) Pause Young (Normal) (G1 Evacuation Pause)
[10.198s][info][gc,task        ] GC(41) Using 10 workers of 13 for evacuation
[10.199s][info][gc,phases      ] GC(41)   Pre Evacuate Collection Set: 0.1ms
[10.199s][info][gc,phases      ] GC(41)   Merge Heap Roots: 0.1ms
[10.199s][info][gc,phases      ] GC(41)   Evacuate Collection Set: 0.3ms
[10.199s][info][gc,phases      ] GC(41)   Post Evacuate Collection Set: 0.4ms
[10.199s][info][gc,phases      ] GC(41)   Other: 0.0ms
[10.199s][info][gc,heap        ] GC(41) Eden regions: 126->0(126)
[10.199s][info][gc,heap        ] GC(41) Survivor regions: 1->1(16)
[10.199s][info][gc,heap        ] GC(41) Old regions: 7->7
[10.199s][info][gc,heap        ] GC(41) Humongous regions: 0->0
[10.199s][info][gc,metaspace   ] GC(41) Metaspace: 9481K(9728K)->9481K(9728K) NonClass: 8425K(8512K)->8425K(8512K) Class: 1056K(1216K)->1056K(1216K)
[10.199s][info][gc             ] GC(41) Pause Young (Normal) (G1 Evacuation Pause) 255M->3M(426M) 1.122ms
[10.199s][info][gc,cpu         ] GC(41) User=0.00s Sys=0.00s Real=0.00s
[10.245s][info][gc,start       ] GC(42) Pause Young (Normal) (G1 Evacuation Pause)
[10.245s][info][gc,task        ] GC(42) Using 10 workers of 13 for evacuation
[10.245s][info][gc,phases      ] GC(42)   Pre Evacuate Collection Set: 0.1ms
[10.245s][info][gc,phases      ] GC(42)   Merge Heap Roots: 0.1ms
[10.245s][info][gc,phases      ] GC(42)   Evacuate Collection Set: 0.3ms
[10.245s][info][gc,phases      ] GC(42)   Post Evacuate Collection Set: 0.2ms
[10.245s][info][gc,phases      ] GC(42)   Other: 0.1ms
[10.246s][info][gc,heap        ] GC(42) Eden regions: 126->0(126)
[10.246s][info][gc,heap        ] GC(42) Survivor regions: 1->1(16)
[10.246s][info][gc,heap        ] GC(42) Old regions: 7->7
[10.246s][info][gc,heap        ] GC(42) Humongous regions: 0->0
[10.246s][info][gc,metaspace   ] GC(42) Metaspace: 9481K(9728K)->9481K(9728K) NonClass: 8425K(8512K)->8425K(8512K) Class: 1056K(1216K)->1056K(1216K)
[10.246s][info][gc             ] GC(42) Pause Young (Normal) (G1 Evacuation Pause) 255M->3M(426M) 0.945ms
[10.246s][info][gc,cpu         ] GC(42) User=0.00s Sys=0.01s Real=0.00s
[10.291s][info][gc,start       ] GC(43) Pause Young (Normal) (G1 Evacuation Pause)
[10.291s][info][gc,task        ] GC(43) Using 10 workers of 13 for evacuation
[10.292s][info][gc,phases      ] GC(43)   Pre Evacuate Collection Set: 0.1ms
[10.292s][info][gc,phases      ] GC(43)   Merge Heap Roots: 0.1ms
[10.292s][info][gc,phases      ] GC(43)   Evacuate Collection Set: 0.4ms
[10.292s][info][gc,phases      ] GC(43)   Post Evacuate Collection Set: 0.6ms
[10.292s][info][gc,phases      ] GC(43)   Other: 0.1ms
[10.292s][info][gc,heap        ] GC(43) Eden regions: 126->0(152)
[10.292s][info][gc,heap        ] GC(43) Survivor regions: 1->1(16)
[10.292s][info][gc,heap        ] GC(43) Old regions: 7->7
[10.292s][info][gc,heap        ] GC(43) Humongous regions: 0->0
[10.292s][info][gc,metaspace   ] GC(43) Metaspace: 9481K(9728K)->9481K(9728K) NonClass: 8425K(8512K)->8425K(8512K) Class: 1056K(1216K)->1056K(1216K)
[10.292s][info][gc             ] GC(43) Pause Young (Normal) (G1 Evacuation Pause) 255M->3M(512M) 1.402ms
[10.292s][info][gc,cpu         ] GC(43) User=0.01s Sys=0.00s Real=0.00s
[10.391s][info][gc,start       ] GC(44) Pause Young (Normal) (G1 Evacuation Pause)
[10.391s][info][gc,task        ] GC(44) Using 12 workers of 13 for evacuation
[10.392s][info][gc,phases      ] GC(44)   Pre Evacuate Collection Set: 0.1ms
[10.393s][info][gc,phases      ] GC(44)   Merge Heap Roots: 0.1ms
[10.393s][info][gc,phases      ] GC(44)   Evacuate Collection Set: 0.4ms
[10.393s][info][gc,phases      ] GC(44)   Post Evacuate Collection Set: 0.5ms
[10.393s][info][gc,phases      ] GC(44)   Other: 0.1ms
[10.393s][info][gc,heap        ] GC(44) Eden regions: 152->0(152)
[10.393s][info][gc,heap        ] GC(44) Survivor regions: 1->1(20)
[10.393s][info][gc,heap        ] GC(44) Old regions: 7->7
[10.393s][info][gc,heap        ] GC(44) Humongous regions: 0->0
[10.393s][info][gc,metaspace   ] GC(44) Metaspace: 9481K(9728K)->9481K(9728K) NonClass: 8425K(8512K)->8425K(8512K) Class: 1056K(1216K)->1056K(1216K)
[10.393s][info][gc             ] GC(44) Pause Young (Normal) (G1 Evacuation Pause) 307M->3M(512M) 1.336ms
[10.393s][info][gc,cpu         ] GC(44) User=0.01s Sys=0.00s Real=0.00s
[10.469s][info][gc,start       ] GC(45) Pause Young (Normal) (G1 Evacuation Pause)
[10.469s][info][gc,task        ] GC(45) Using 12 workers of 13 for evacuation
[10.470s][info][gc,phases      ] GC(45)   Pre Evacuate Collection Set: 0.1ms
[10.470s][info][gc,phases      ] GC(45)   Merge Heap Roots: 0.1ms
[10.470s][info][gc,phases      ] GC(45)   Evacuate Collection Set: 0.4ms
[10.470s][info][gc,phases      ] GC(45)   Post Evacuate Collection Set: 0.4ms
[10.470s][info][gc,phases      ] GC(45)   Other: 0.0ms
[10.470s][info][gc,heap        ] GC(45) Eden regions: 152->0(152)
[10.470s][info][gc,heap        ] GC(45) Survivor regions: 1->1(20)
[10.470s][info][gc,heap        ] GC(45) Old regions: 7->7
[10.470s][info][gc,heap        ] GC(45) Humongous regions: 0->0
[10.470s][info][gc,metaspace   ] GC(45) Metaspace: 9482K(9792K)->9482K(9792K) NonClass: 8426K(8576K)->8426K(8576K) Class: 1056K(1216K)->1056K(1216K)
[10.470s][info][gc             ] GC(45) Pause Young (Normal) (G1 Evacuation Pause) 307M->3M(512M) 1.219ms
[10.470s][info][gc,cpu         ] GC(45) User=0.00s Sys=0.00s Real=0.00s
[10.537s][info][gc,start       ] GC(46) Pause Young (Normal) (G1 Evacuation Pause)
[10.537s][info][gc,task        ] GC(46) Using 12 workers of 13 for evacuation
[10.538s][info][gc,phases      ] GC(46)   Pre Evacuate Collection Set: 0.1ms
[10.538s][info][gc,phases      ] GC(46)   Merge Heap Roots: 0.1ms
[10.538s][info][gc,phases      ] GC(46)   Evacuate Collection Set: 0.4ms
[10.538s][info][gc,phases      ] GC(46)   Post Evacuate Collection Set: 0.3ms
[10.538s][info][gc,phases      ] GC(46)   Other: 0.1ms
[10.538s][info][gc,heap        ] GC(46) Eden regions: 152->0(152)
[10.538s][info][gc,heap        ] GC(46) Survivor regions: 1->1(20)
[10.538s][info][gc,heap        ] GC(46) Old regions: 7->7
[10.538s][info][gc,heap        ] GC(46) Humongous regions: 0->0
[10.538s][info][gc,metaspace   ] GC(46) Metaspace: 9482K(9792K)->9482K(9792K) NonClass: 8426K(8576K)->8426K(8576K) Class: 1056K(1216K)->1056K(1216K)
[10.538s][info][gc             ] GC(46) Pause Young (Normal) (G1 Evacuation Pause) 307M->3M(512M) 1.170ms
[10.538s][info][gc,cpu         ] GC(46) User=0.00s Sys=0.00s Real=0.00s
[10.599s][info][gc,start       ] GC(47) Pause Young (Normal) (G1 Evacuation Pause)
[10.599s][info][gc,task        ] GC(47) Using 12 workers of 13 for evacuation
[10.600s][info][gc,phases      ] GC(47)   Pre Evacuate Collection Set: 0.1ms
[10.600s][info][gc,phases      ] GC(47)   Merge Heap Roots: 0.1ms
[10.600s][info][gc,phases      ] GC(47)   Evacuate Collection Set: 0.3ms
[10.600s][info][gc,phases      ] GC(47)   Post Evacuate Collection Set: 0.4ms
[10.600s][info][gc,phases      ] GC(47)   Other: 0.1ms
[10.600s][info][gc,heap        ] GC(47) Eden regions: 152->0(152)
[10.600s][info][gc,heap        ] GC(47) Survivor regions: 1->1(20)
[10.600s][info][gc,heap        ] GC(47) Old regions: 7->7
[10.600s][info][gc,heap        ] GC(47) Humongous regions: 0->0
[10.600s][info][gc,metaspace   ] GC(47) Metaspace: 9482K(9792K)->9482K(9792K) NonClass: 8426K(8576K)->8426K(8576K) Class: 1056K(1216K)->1056K(1216K)
[10.600s][info][gc             ] GC(47) Pause Young (Normal) (G1 Evacuation Pause) 307M->3M(512M) 1.113ms
[10.600s][info][gc,cpu         ] GC(47) User=0.00s Sys=0.00s Real=0.00s
[10.660s][info][gc,start       ] GC(48) Pause Young (Normal) (G1 Evacuation Pause)
[10.660s][info][gc,task        ] GC(48) Using 12 workers of 13 for evacuation
[10.661s][info][gc,phases      ] GC(48)   Pre Evacuate Collection Set: 0.1ms
[10.661s][info][gc,phases      ] GC(48)   Merge Heap Roots: 0.1ms
[10.661s][info][gc,phases      ] GC(48)   Evacuate Collection Set: 0.3ms
[10.661s][info][gc,phases      ] GC(48)   Post Evacuate Collection Set: 0.5ms
[10.661s][info][gc,phases      ] GC(48)   Other: 0.1ms
[10.661s][info][gc,heap        ] GC(48) Eden regions: 152->0(152)
[10.661s][info][gc,heap        ] GC(48) Survivor regions: 1->1(20)
[10.661s][info][gc,heap        ] GC(48) Old regions: 7->7
[10.661s][info][gc,heap        ] GC(48) Humongous regions: 0->0
[10.661s][info][gc,metaspace   ] GC(48) Metaspace: 9483K(9792K)->9483K(9792K) NonClass: 8426K(8576K)->8426K(8576K) Class: 1056K(1216K)->1056K(1216K)
[10.661s][info][gc             ] GC(48) Pause Young (Normal) (G1 Evacuation Pause) 307M->3M(512M) 1.278ms
[10.661s][info][gc,cpu         ] GC(48) User=0.00s Sys=0.00s Real=0.00s
[10.720s][info][gc,start       ] GC(49) Pause Young (Normal) (G1 Evacuation Pause)
[10.720s][info][gc,task        ] GC(49) Using 12 workers of 13 for evacuation
[10.722s][info][gc,phases      ] GC(49)   Pre Evacuate Collection Set: 0.1ms
[10.722s][info][gc,phases      ] GC(49)   Merge Heap Roots: 0.1ms
[10.722s][info][gc,phases      ] GC(49)   Evacuate Collection Set: 0.4ms
[10.722s][info][gc,phases      ] GC(49)   Post Evacuate Collection Set: 0.5ms
[10.722s][info][gc,phases      ] GC(49)   Other: 0.1ms
[10.722s][info][gc,heap        ] GC(49) Eden regions: 152->0(152)
[10.722s][info][gc,heap        ] GC(49) Survivor regions: 1->1(20)
[10.722s][info][gc,heap        ] GC(49) Old regions: 7->7
[10.722s][info][gc,heap        ] GC(49) Humongous regions: 0->0
[10.722s][info][gc,metaspace   ] GC(49) Metaspace: 9483K(9792K)->9483K(9792K) NonClass: 8426K(8576K)->8426K(8576K) Class: 1056K(1216K)->1056K(1216K)
[10.722s][info][gc             ] GC(49) Pause Young (Normal) (G1 Evacuation Pause) 307M->3M(512M) 1.313ms
[10.722s][info][gc,cpu         ] GC(49) User=0.00s Sys=0.00s Real=0.00s
[10.777s][info][gc,start       ] GC(50) Pause Young (Normal) (G1 Evacuation Pause)
[10.777s][info][gc,task        ] GC(50) Using 12 workers of 13 for evacuation
[10.778s][info][gc,phases      ] GC(50)   Pre Evacuate Collection Set: 0.1ms
[10.778s][info][gc,phases      ] GC(50)   Merge Heap Roots: 0.1ms
[10.778s][info][gc,phases      ] GC(50)   Evacuate Collection Set: 0.3ms
[10.778s][info][gc,phases      ] GC(50)   Post Evacuate Collection Set: 0.4ms
[10.778s][info][gc,phases      ] GC(50)   Other: 0.1ms
[10.778s][info][gc,heap        ] GC(50) Eden regions: 152->0(152)
[10.778s][info][gc,heap        ] GC(50) Survivor regions: 1->1(20)
[10.778s][info][gc,heap        ] GC(50) Old regions: 7->7
[10.778s][info][gc,heap        ] GC(50) Humongous regions: 0->0
[10.778s][info][gc,metaspace   ] GC(50) Metaspace: 9483K(9792K)->9483K(9792K) NonClass: 8426K(8576K)->8426K(8576K) Class: 1056K(1216K)->1056K(1216K)
[10.778s][info][gc             ] GC(50) Pause Young (Normal) (G1 Evacuation Pause) 307M->3M(512M) 1.195ms
[10.778s][info][gc,cpu         ] GC(50) User=0.00s Sys=0.00s Real=0.00s
[10.834s][info][gc,start       ] GC(51) Pause Young (Normal) (G1 Evacuation Pause)
[10.834s][info][gc,task        ] GC(51) Using 12 workers of 13 for evacuation
[10.835s][info][gc,phases      ] GC(51)   Pre Evacuate Collection Set: 0.1ms
[10.835s][info][gc,phases      ] GC(51)   Merge Heap Roots: 0.1ms
[10.835s][info][gc,phases      ] GC(51)   Evacuate Collection Set: 0.3ms
[10.835s][info][gc,phases      ] GC(51)   Post Evacuate Collection Set: 0.4ms
[10.835s][info][gc,phases      ] GC(51)   Other: 0.1ms
[10.835s][info][gc,heap        ] GC(51) Eden regions: 152->0(152)
[10.835s][info][gc,heap        ] GC(51) Survivor regions: 1->1(20)
[10.835s][info][gc,heap        ] GC(51) Old regions: 7->7
[10.835s][info][gc,heap        ] GC(51) Humongous regions: 0->0
[10.835s][info][gc,metaspace   ] GC(51) Metaspace: 9483K(9792K)->9483K(9792K) NonClass: 8426K(8576K)->8426K(8576K) Class: 1056K(1216K)->1056K(1216K)
[10.835s][info][gc             ] GC(51) Pause Young (Normal) (G1 Evacuation Pause) 307M->3M(512M) 1.133ms
[10.835s][info][gc,cpu         ] GC(51) User=0.00s Sys=0.01s Real=0.01s
[10.895s][info][gc,start       ] GC(52) Pause Young (Normal) (G1 Evacuation Pause)
[10.895s][info][gc,task        ] GC(52) Using 12 workers of 13 for evacuation
[10.896s][info][gc,phases      ] GC(52)   Pre Evacuate Collection Set: 0.3ms
[10.896s][info][gc,phases      ] GC(52)   Merge Heap Roots: 0.1ms
[10.896s][info][gc,phases      ] GC(52)   Evacuate Collection Set: 0.3ms
[10.896s][info][gc,phases      ] GC(52)   Post Evacuate Collection Set: 0.5ms
[10.896s][info][gc,phases      ] GC(52)   Other: 0.1ms
[10.896s][info][gc,heap        ] GC(52) Eden regions: 152->0(152)
[10.896s][info][gc,heap        ] GC(52) Survivor regions: 1->1(20)
[10.896s][info][gc,heap        ] GC(52) Old regions: 7->7
[10.896s][info][gc,heap        ] GC(52) Humongous regions: 0->0
[10.896s][info][gc,metaspace   ] GC(52) Metaspace: 9483K(9792K)->9483K(9792K) NonClass: 8426K(8576K)->8426K(8576K) Class: 1056K(1216K)->1056K(1216K)
[10.896s][info][gc             ] GC(52) Pause Young (Normal) (G1 Evacuation Pause) 307M->3M(512M) 1.504ms
[10.896s][info][gc,cpu         ] GC(52) User=0.00s Sys=0.00s Real=0.00s
[10.958s][info][gc,start       ] GC(53) Pause Young (Normal) (G1 Evacuation Pause)
[10.958s][info][gc,task        ] GC(53) Using 12 workers of 13 for evacuation
[10.959s][info][gc,phases      ] GC(53)   Pre Evacuate Collection Set: 0.1ms
[10.959s][info][gc,phases      ] GC(53)   Merge Heap Roots: 0.1ms
[10.959s][info][gc,phases      ] GC(53)   Evacuate Collection Set: 0.3ms
[10.959s][info][gc,phases      ] GC(53)   Post Evacuate Collection Set: 0.4ms
[10.959s][info][gc,phases      ] GC(53)   Other: 0.1ms
[10.959s][info][gc,heap        ] GC(53) Eden regions: 152->0(152)
[10.959s][info][gc,heap        ] GC(53) Survivor regions: 1->1(20)
[10.959s][info][gc,heap        ] GC(53) Old regions: 7->7
[10.959s][info][gc,heap        ] GC(53) Humongous regions: 0->0
[10.959s][info][gc,metaspace   ] GC(53) Metaspace: 9483K(9792K)->9483K(9792K) NonClass: 8426K(8576K)->8426K(8576K) Class: 1056K(1216K)->1056K(1216K)
[10.959s][info][gc             ] GC(53) Pause Young (Normal) (G1 Evacuation Pause) 307M->3M(512M) 1.191ms
[10.959s][info][gc,cpu         ] GC(53) User=0.01s Sys=0.00s Real=0.00s
[11.014s][info][gc,start       ] GC(54) Pause Young (Normal) (G1 Evacuation Pause)
[11.015s][info][gc,task        ] GC(54) Using 12 workers of 13 for evacuation
[11.016s][info][gc,phases      ] GC(54)   Pre Evacuate Collection Set: 0.1ms
[11.016s][info][gc,phases      ] GC(54)   Merge Heap Roots: 0.1ms
[11.016s][info][gc,phases      ] GC(54)   Evacuate Collection Set: 0.4ms
[11.016s][info][gc,phases      ] GC(54)   Post Evacuate Collection Set: 0.5ms
[11.016s][info][gc,phases      ] GC(54)   Other: 0.0ms
[11.016s][info][gc,heap        ] GC(54) Eden regions: 152->0(152)
[11.016s][info][gc,heap        ] GC(54) Survivor regions: 1->1(20)
[11.016s][info][gc,heap        ] GC(54) Old regions: 7->7
[11.016s][info][gc,heap        ] GC(54) Humongous regions: 0->0
[11.016s][info][gc,metaspace   ] GC(54) Metaspace: 9483K(9792K)->9483K(9792K) NonClass: 8426K(8576K)->8426K(8576K) Class: 1056K(1216K)->1056K(1216K)
[11.016s][info][gc             ] GC(54) Pause Young (Normal) (G1 Evacuation Pause) 307M->3M(512M) 1.335ms
[11.016s][info][gc,cpu         ] GC(54) User=0.01s Sys=0.00s Real=0.00s
[11.071s][info][gc,start       ] GC(55) Pause Young (Normal) (G1 Evacuation Pause)
[11.071s][info][gc,task        ] GC(55) Using 12 workers of 13 for evacuation
[11.072s][info][gc,phases      ] GC(55)   Pre Evacuate Collection Set: 0.1ms
[11.072s][info][gc,phases      ] GC(55)   Merge Heap Roots: 0.1ms
[11.072s][info][gc,phases      ] GC(55)   Evacuate Collection Set: 0.4ms
[11.072s][info][gc,phases      ] GC(55)   Post Evacuate Collection Set: 0.4ms
[11.072s][info][gc,phases      ] GC(55)   Other: 0.1ms
[11.072s][info][gc,heap        ] GC(55) Eden regions: 152->0(152)
[11.072s][info][gc,heap        ] GC(55) Survivor regions: 1->1(20)
[11.072s][info][gc,heap        ] GC(55) Old regions: 7->7
[11.072s][info][gc,heap        ] GC(55) Humongous regions: 0->0
[11.072s][info][gc,metaspace   ] GC(55) Metaspace: 9483K(9792K)->9483K(9792K) NonClass: 8426K(8576K)->8426K(8576K) Class: 1056K(1216K)->1056K(1216K)
[11.072s][info][gc             ] GC(55) Pause Young (Normal) (G1 Evacuation Pause) 307M->3M(512M) 1.181ms
[11.072s][info][gc,cpu         ] GC(55) User=0.00s Sys=0.00s Real=0.00s
[11.128s][info][gc,start       ] GC(56) Pause Young (Normal) (G1 Evacuation Pause)
[11.128s][info][gc,task        ] GC(56) Using 12 workers of 13 for evacuation
[11.129s][info][gc,phases      ] GC(56)   Pre Evacuate Collection Set: 0.1ms
[11.129s][info][gc,phases      ] GC(56)   Merge Heap Roots: 0.1ms
[11.129s][info][gc,phases      ] GC(56)   Evacuate Collection Set: 0.4ms
[11.129s][info][gc,phases      ] GC(56)   Post Evacuate Collection Set: 0.4ms
[11.129s][info][gc,phases      ] GC(56)   Other: 0.1ms
[11.129s][info][gc,heap        ] GC(56) Eden regions: 152->0(152)
[11.129s][info][gc,heap        ] GC(56) Survivor regions: 1->1(20)
[11.129s][info][gc,heap        ] GC(56) Old regions: 7->7
[11.129s][info][gc,heap        ] GC(56) Humongous regions: 0->0
[11.129s][info][gc,metaspace   ] GC(56) Metaspace: 9483K(9792K)->9483K(9792K) NonClass: 8426K(8576K)->8426K(8576K) Class: 1056K(1216K)->1056K(1216K)
[11.129s][info][gc             ] GC(56) Pause Young (Normal) (G1 Evacuation Pause) 307M->3M(512M) 1.208ms
[11.129s][info][gc,cpu         ] GC(56) User=0.00s Sys=0.00s Real=0.00s
[11.187s][info][gc,start       ] GC(57) Pause Young (Normal) (G1 Evacuation Pause)
[11.187s][info][gc,task        ] GC(57) Using 12 workers of 13 for evacuation
[11.188s][info][gc,phases      ] GC(57)   Pre Evacuate Collection Set: 0.1ms
[11.188s][info][gc,phases      ] GC(57)   Merge Heap Roots: 0.1ms
[11.188s][info][gc,phases      ] GC(57)   Evacuate Collection Set: 0.3ms
[11.188s][info][gc,phases      ] GC(57)   Post Evacuate Collection Set: 0.2ms
[11.188s][info][gc,phases      ] GC(57)   Other: 0.1ms
[11.188s][info][gc,heap        ] GC(57) Eden regions: 152->0(152)
[11.188s][info][gc,heap        ] GC(57) Survivor regions: 1->1(20)
[11.188s][info][gc,heap        ] GC(57) Old regions: 7->7
[11.188s][info][gc,heap        ] GC(57) Humongous regions: 0->0
[11.188s][info][gc,metaspace   ] GC(57) Metaspace: 9483K(9792K)->9483K(9792K) NonClass: 8426K(8576K)->8426K(8576K) Class: 1056K(1216K)->1056K(1216K)
[11.188s][info][gc             ] GC(57) Pause Young (Normal) (G1 Evacuation Pause) 307M->3M(512M) 0.869ms
[11.188s][info][gc,cpu         ] GC(57) User=0.00s Sys=0.00s Real=0.00s
[11.244s][info][gc,start       ] GC(58) Pause Young (Normal) (G1 Evacuation Pause)
[11.244s][info][gc,task        ] GC(58) Using 12 workers of 13 for evacuation
[11.245s][info][gc,phases      ] GC(58)   Pre Evacuate Collection Set: 0.1ms
[11.246s][info][gc,phases      ] GC(58)   Merge Heap Roots: 0.1ms
[11.246s][info][gc,phases      ] GC(58)   Evacuate Collection Set: 0.3ms
[11.246s][info][gc,phases      ] GC(58)   Post Evacuate Collection Set: 0.4ms
[11.246s][info][gc,phases      ] GC(58)   Other: 0.0ms
[11.246s][info][gc,heap        ] GC(58) Eden regions: 152->0(152)
[11.246s][info][gc,heap        ] GC(58) Survivor regions: 1->1(20)
[11.246s][info][gc,heap        ] GC(58) Old regions: 7->7
[11.246s][info][gc,heap        ] GC(58) Humongous regions: 0->0
[11.246s][info][gc,metaspace   ] GC(58) Metaspace: 9483K(9792K)->9483K(9792K) NonClass: 8426K(8576K)->8426K(8576K) Class: 1056K(1216K)->1056K(1216K)
[11.246s][info][gc             ] GC(58) Pause Young (Normal) (G1 Evacuation Pause) 307M->3M(512M) 1.152ms
[11.246s][info][gc,cpu         ] GC(58) User=0.00s Sys=0.00s Real=0.00s
[11.301s][info][gc,start       ] GC(59) Pause Young (Normal) (G1 Evacuation Pause)
[11.301s][info][gc,task        ] GC(59) Using 12 workers of 13 for evacuation
[11.302s][info][gc,phases      ] GC(59)   Pre Evacuate Collection Set: 0.1ms
[11.302s][info][gc,phases      ] GC(59)   Merge Heap Roots: 0.1ms
[11.302s][info][gc,phases      ] GC(59)   Evacuate Collection Set: 0.3ms
[11.302s][info][gc,phases      ] GC(59)   Post Evacuate Collection Set: 0.4ms
[11.302s][info][gc,phases      ] GC(59)   Other: 0.0ms
[11.302s][info][gc,heap        ] GC(59) Eden regions: 152->0(152)
[11.302s][info][gc,heap        ] GC(59) Survivor regions: 1->1(20)
[11.302s][info][gc,heap        ] GC(59) Old regions: 7->7
[11.302s][info][gc,heap        ] GC(59) Humongous regions: 0->0
[11.302s][info][gc,metaspace   ] GC(59) Metaspace: 9483K(9792K)->9483K(9792K) NonClass: 8426K(8576K)->8426K(8576K) Class: 1056K(1216K)->1056K(1216K)
[11.302s][info][gc             ] GC(59) Pause Young (Normal) (G1 Evacuation Pause) 307M->3M(512M) 1.126ms
[11.302s][info][gc,cpu         ] GC(59) User=0.00s Sys=0.00s Real=0.00s
[11.358s][info][gc,start       ] GC(60) Pause Young (Normal) (G1 Evacuation Pause)
[11.358s][info][gc,task        ] GC(60) Using 12 workers of 13 for evacuation
[11.359s][info][gc,phases      ] GC(60)   Pre Evacuate Collection Set: 0.2ms
[11.359s][info][gc,phases      ] GC(60)   Merge Heap Roots: 0.1ms
[11.359s][info][gc,phases      ] GC(60)   Evacuate Collection Set: 0.3ms
[11.359s][info][gc,phases      ] GC(60)   Post Evacuate Collection Set: 0.4ms
[11.359s][info][gc,phases      ] GC(60)   Other: 0.1ms
[11.359s][info][gc,heap        ] GC(60) Eden regions: 152->0(152)
[11.359s][info][gc,heap        ] GC(60) Survivor regions: 1->1(20)
[11.359s][info][gc,heap        ] GC(60) Old regions: 7->7
[11.359s][info][gc,heap        ] GC(60) Humongous regions: 0->0
[11.359s][info][gc,metaspace   ] GC(60) Metaspace: 9483K(9792K)->9483K(9792K) NonClass: 8426K(8576K)->8426K(8576K) Class: 1056K(1216K)->1056K(1216K)
[11.359s][info][gc             ] GC(60) Pause Young (Normal) (G1 Evacuation Pause) 307M->3M(512M) 1.275ms
[11.359s][info][gc,cpu         ] GC(60) User=0.01s Sys=0.00s Real=0.00s
[11.414s][info][gc,start       ] GC(61) Pause Young (Normal) (G1 Evacuation Pause)
[11.414s][info][gc,task        ] GC(61) Using 12 workers of 13 for evacuation
[11.415s][info][gc,phases      ] GC(61)   Pre Evacuate Collection Set: 0.1ms
[11.415s][info][gc,phases      ] GC(61)   Merge Heap Roots: 0.0ms
[11.415s][info][gc,phases      ] GC(61)   Evacuate Collection Set: 0.3ms
[11.415s][info][gc,phases      ] GC(61)   Post Evacuate Collection Set: 0.4ms
[11.415s][info][gc,phases      ] GC(61)   Other: 0.0ms
[11.415s][info][gc,heap        ] GC(61) Eden regions: 152->0(152)
[11.415s][info][gc,heap        ] GC(61) Survivor regions: 1->1(20)
[11.415s][info][gc,heap        ] GC(61) Old regions: 7->7
[11.415s][info][gc,heap        ] GC(61) Humongous regions: 0->0
[11.415s][info][gc,metaspace   ] GC(61) Metaspace: 9483K(9792K)->9483K(9792K) NonClass: 8426K(8576K)->8426K(8576K) Class: 1056K(1216K)->1056K(1216K)
[11.415s][info][gc             ] GC(61) Pause Young (Normal) (G1 Evacuation Pause) 307M->3M(512M) 1.083ms
[11.415s][info][gc,cpu         ] GC(61) User=0.01s Sys=0.00s Real=0.00s
[11.470s][info][gc,start       ] GC(62) Pause Young (Normal) (G1 Evacuation Pause)
[11.470s][info][gc,task        ] GC(62) Using 12 workers of 13 for evacuation
[11.471s][info][gc,phases      ] GC(62)   Pre Evacuate Collection Set: 0.1ms
[11.471s][info][gc,phases      ] GC(62)   Merge Heap Roots: 0.1ms
[11.471s][info][gc,phases      ] GC(62)   Evacuate Collection Set: 0.4ms
[11.471s][info][gc,phases      ] GC(62)   Post Evacuate Collection Set: 0.5ms
[11.471s][info][gc,phases      ] GC(62)   Other: 0.1ms
[11.471s][info][gc,heap        ] GC(62) Eden regions: 152->0(152)
[11.471s][info][gc,heap        ] GC(62) Survivor regions: 1->1(20)
[11.471s][info][gc,heap        ] GC(62) Old regions: 7->7
[11.471s][info][gc,heap        ] GC(62) Humongous regions: 0->0
[11.471s][info][gc,metaspace   ] GC(62) Metaspace: 9483K(9792K)->9483K(9792K) NonClass: 8426K(8576K)->8426K(8576K) Class: 1056K(1216K)->1056K(1216K)
[11.472s][info][gc             ] GC(62) Pause Young (Normal) (G1 Evacuation Pause) 307M->3M(512M) 1.334ms
[11.472s][info][gc,cpu         ] GC(62) User=0.00s Sys=0.00s Real=0.00s
[11.528s][info][gc,start       ] GC(63) Pause Young (Normal) (G1 Evacuation Pause)
[11.528s][info][gc,task        ] GC(63) Using 12 workers of 13 for evacuation
[11.529s][info][gc,phases      ] GC(63)   Pre Evacuate Collection Set: 0.1ms
[11.529s][info][gc,phases      ] GC(63)   Merge Heap Roots: 0.1ms
[11.529s][info][gc,phases      ] GC(63)   Evacuate Collection Set: 0.4ms
[11.529s][info][gc,phases      ] GC(63)   Post Evacuate Collection Set: 0.5ms
[11.529s][info][gc,phases      ] GC(63)   Other: 0.0ms
[11.529s][info][gc,heap        ] GC(63) Eden regions: 152->0(152)
[11.529s][info][gc,heap        ] GC(63) Survivor regions: 1->1(20)
[11.529s][info][gc,heap        ] GC(63) Old regions: 7->7
[11.529s][info][gc,heap        ] GC(63) Humongous regions: 0->0
[11.529s][info][gc,metaspace   ] GC(63) Metaspace: 9483K(9792K)->9483K(9792K) NonClass: 8426K(8576K)->8426K(8576K) Class: 1056K(1216K)->1056K(1216K)
[11.529s][info][gc             ] GC(63) Pause Young (Normal) (G1 Evacuation Pause) 307M->3M(512M) 1.268ms
[11.529s][info][gc,cpu         ] GC(63) User=0.00s Sys=0.00s Real=0.00s
[11.584s][info][gc,start       ] GC(64) Pause Young (Normal) (G1 Evacuation Pause)
[11.584s][info][gc,task        ] GC(64) Using 12 workers of 13 for evacuation
[11.585s][info][gc,phases      ] GC(64)   Pre Evacuate Collection Set: 0.1ms
[11.585s][info][gc,phases      ] GC(64)   Merge Heap Roots: 0.1ms
[11.585s][info][gc,phases      ] GC(64)   Evacuate Collection Set: 0.4ms
[11.585s][info][gc,phases      ] GC(64)   Post Evacuate Collection Set: 0.4ms
[11.585s][info][gc,phases      ] GC(64)   Other: 0.1ms
[11.585s][info][gc,heap        ] GC(64) Eden regions: 152->0(152)
[11.585s][info][gc,heap        ] GC(64) Survivor regions: 1->1(20)
[11.585s][info][gc,heap        ] GC(64) Old regions: 7->7
[11.586s][info][gc,heap        ] GC(64) Humongous regions: 0->0
[11.586s][info][gc,metaspace   ] GC(64) Metaspace: 9483K(9792K)->9483K(9792K) NonClass: 8426K(8576K)->8426K(8576K) Class: 1056K(1216K)->1056K(1216K)
[11.586s][info][gc             ] GC(64) Pause Young (Normal) (G1 Evacuation Pause) 307M->3M(512M) 1.249ms
[11.586s][info][gc,cpu         ] GC(64) User=0.00s Sys=0.00s Real=0.00s
[11.641s][info][gc,start       ] GC(65) Pause Young (Normal) (G1 Evacuation Pause)
[11.641s][info][gc,task        ] GC(65) Using 12 workers of 13 for evacuation
[11.642s][info][gc,phases      ] GC(65)   Pre Evacuate Collection Set: 0.1ms
[11.642s][info][gc,phases      ] GC(65)   Merge Heap Roots: 0.1ms
[11.642s][info][gc,phases      ] GC(65)   Evacuate Collection Set: 0.2ms
[11.642s][info][gc,phases      ] GC(65)   Post Evacuate Collection Set: 0.3ms
[11.642s][info][gc,phases      ] GC(65)   Other: 0.1ms
[11.642s][info][gc,heap        ] GC(65) Eden regions: 152->0(152)
[11.642s][info][gc,heap        ] GC(65) Survivor regions: 1->1(20)
[11.642s][info][gc,heap        ] GC(65) Old regions: 7->7
[11.642s][info][gc,heap        ] GC(65) Humongous regions: 0->0
[11.642s][info][gc,metaspace   ] GC(65) Metaspace: 9483K(9792K)->9483K(9792K) NonClass: 8426K(8576K)->8426K(8576K) Class: 1056K(1216K)->1056K(1216K)
[11.642s][info][gc             ] GC(65) Pause Young (Normal) (G1 Evacuation Pause) 307M->3M(512M) 0.861ms
[11.642s][info][gc,cpu         ] GC(65) User=0.00s Sys=0.00s Real=0.00s
[11.697s][info][gc,start       ] GC(66) Pause Young (Normal) (G1 Evacuation Pause)
[11.697s][info][gc,task        ] GC(66) Using 12 workers of 13 for evacuation
[11.698s][info][gc,phases      ] GC(66)   Pre Evacuate Collection Set: 0.1ms
[11.698s][info][gc,phases      ] GC(66)   Merge Heap Roots: 0.1ms
[11.698s][info][gc,phases      ] GC(66)   Evacuate Collection Set: 0.4ms
[11.698s][info][gc,phases      ] GC(66)   Post Evacuate Collection Set: 0.5ms
[11.698s][info][gc,phases      ] GC(66)   Other: 0.0ms
[11.698s][info][gc,heap        ] GC(66) Eden regions: 152->0(152)
[11.698s][info][gc,heap        ] GC(66) Survivor regions: 1->1(20)
[11.698s][info][gc,heap        ] GC(66) Old regions: 7->7
[11.698s][info][gc,heap        ] GC(66) Humongous regions: 0->0
[11.698s][info][gc,metaspace   ] GC(66) Metaspace: 9483K(9792K)->9483K(9792K) NonClass: 8426K(8576K)->8426K(8576K) Class: 1056K(1216K)->1056K(1216K)
[11.698s][info][gc             ] GC(66) Pause Young (Normal) (G1 Evacuation Pause) 307M->3M(512M) 1.366ms
[11.698s][info][gc,cpu         ] GC(66) User=0.01s Sys=0.00s Real=0.00s
[11.754s][info][gc,start       ] GC(67) Pause Young (Normal) (G1 Evacuation Pause)
[11.754s][info][gc,task        ] GC(67) Using 12 workers of 13 for evacuation
[11.755s][info][gc,phases      ] GC(67)   Pre Evacuate Collection Set: 0.1ms
[11.755s][info][gc,phases      ] GC(67)   Merge Heap Roots: 0.1ms
[11.755s][info][gc,phases      ] GC(67)   Evacuate Collection Set: 0.4ms
[11.755s][info][gc,phases      ] GC(67)   Post Evacuate Collection Set: 0.5ms
[11.755s][info][gc,phases      ] GC(67)   Other: 0.0ms
[11.755s][info][gc,heap        ] GC(67) Eden regions: 152->0(152)
[11.755s][info][gc,heap        ] GC(67) Survivor regions: 1->1(20)
[11.755s][info][gc,heap        ] GC(67) Old regions: 7->7
[11.755s][info][gc,heap        ] GC(67) Humongous regions: 0->0
[11.755s][info][gc,metaspace   ] GC(67) Metaspace: 9483K(9792K)->9483K(9792K) NonClass: 8426K(8576K)->8426K(8576K) Class: 1056K(1216K)->1056K(1216K)
[11.755s][info][gc             ] GC(67) Pause Young (Normal) (G1 Evacuation Pause) 307M->3M(512M) 1.383ms
[11.755s][info][gc,cpu         ] GC(67) User=0.01s Sys=0.00s Real=0.00s
[11.813s][info][gc,start       ] GC(68) Pause Young (Normal) (G1 Evacuation Pause)
[11.813s][info][gc,task        ] GC(68) Using 12 workers of 13 for evacuation
[11.814s][info][gc,phases      ] GC(68)   Pre Evacuate Collection Set: 0.1ms
[11.814s][info][gc,phases      ] GC(68)   Merge Heap Roots: 0.1ms
[11.814s][info][gc,phases      ] GC(68)   Evacuate Collection Set: 0.3ms
[11.814s][info][gc,phases      ] GC(68)   Post Evacuate Collection Set: 0.4ms
[11.814s][info][gc,phases      ] GC(68)   Other: 0.0ms
[11.814s][info][gc,heap        ] GC(68) Eden regions: 152->0(152)
[11.814s][info][gc,heap        ] GC(68) Survivor regions: 1->1(20)
[11.814s][info][gc,heap        ] GC(68) Old regions: 7->7
[11.814s][info][gc,heap        ] GC(68) Humongous regions: 0->0
[11.814s][info][gc,metaspace   ] GC(68) Metaspace: 9483K(9792K)->9483K(9792K) NonClass: 8426K(8576K)->8426K(8576K) Class: 1056K(1216K)->1056K(1216K)
[11.814s][info][gc             ] GC(68) Pause Young (Normal) (G1 Evacuation Pause) 307M->3M(512M) 1.088ms
[11.814s][info][gc,cpu         ] GC(68) User=0.01s Sys=0.00s Real=0.01s
[11.869s][info][gc,start       ] GC(69) Pause Young (Normal) (G1 Evacuation Pause)
[11.869s][info][gc,task        ] GC(69) Using 12 workers of 13 for evacuation
[11.870s][info][gc,phases      ] GC(69)   Pre Evacuate Collection Set: 0.1ms
[11.870s][info][gc,phases      ] GC(69)   Merge Heap Roots: 0.1ms
[11.870s][info][gc,phases      ] GC(69)   Evacuate Collection Set: 0.4ms
[11.870s][info][gc,phases      ] GC(69)   Post Evacuate Collection Set: 0.4ms
[11.870s][info][gc,phases      ] GC(69)   Other: 0.0ms
[11.870s][info][gc,heap        ] GC(69) Eden regions: 152->0(152)
[11.870s][info][gc,heap        ] GC(69) Survivor regions: 1->1(20)
[11.870s][info][gc,heap        ] GC(69) Old regions: 7->7
[11.870s][info][gc,heap        ] GC(69) Humongous regions: 0->0
[11.870s][info][gc,metaspace   ] GC(69) Metaspace: 9483K(9792K)->9483K(9792K) NonClass: 8426K(8576K)->8426K(8576K) Class: 1056K(1216K)->1056K(1216K)
[11.870s][info][gc             ] GC(69) Pause Young (Normal) (G1 Evacuation Pause) 307M->3M(512M) 1.211ms
[11.870s][info][gc,cpu         ] GC(69) User=0.00s Sys=0.01s Real=0.00s
[11.927s][info][gc,start       ] GC(70) Pause Young (Normal) (G1 Evacuation Pause)
[11.927s][info][gc,task        ] GC(70) Using 12 workers of 13 for evacuation
[11.928s][info][gc,phases      ] GC(70)   Pre Evacuate Collection Set: 0.1ms
[11.928s][info][gc,phases      ] GC(70)   Merge Heap Roots: 0.1ms
[11.928s][info][gc,phases      ] GC(70)   Evacuate Collection Set: 0.4ms
[11.928s][info][gc,phases      ] GC(70)   Post Evacuate Collection Set: 0.4ms
[11.928s][info][gc,phases      ] GC(70)   Other: 0.0ms
[11.928s][info][gc,heap        ] GC(70) Eden regions: 152->0(152)
[11.928s][info][gc,heap        ] GC(70) Survivor regions: 1->1(20)
[11.928s][info][gc,heap        ] GC(70) Old regions: 7->7
[11.928s][info][gc,heap        ] GC(70) Humongous regions: 0->0
[11.928s][info][gc,metaspace   ] GC(70) Metaspace: 9483K(9792K)->9483K(9792K) NonClass: 8426K(8576K)->8426K(8576K) Class: 1056K(1216K)->1056K(1216K)
[11.928s][info][gc             ] GC(70) Pause Young (Normal) (G1 Evacuation Pause) 307M->3M(512M) 1.334ms
[11.928s][info][gc,cpu         ] GC(70) User=0.00s Sys=0.00s Real=0.00s
[11.983s][info][gc,start       ] GC(71) Pause Young (Normal) (G1 Evacuation Pause)
[11.983s][info][gc,task        ] GC(71) Using 12 workers of 13 for evacuation
[11.984s][info][gc,phases      ] GC(71)   Pre Evacuate Collection Set: 0.1ms
[11.984s][info][gc,phases      ] GC(71)   Merge Heap Roots: 0.1ms
[11.984s][info][gc,phases      ] GC(71)   Evacuate Collection Set: 0.3ms
[11.984s][info][gc,phases      ] GC(71)   Post Evacuate Collection Set: 0.4ms
[11.984s][info][gc,phases      ] GC(71)   Other: 0.0ms
[11.984s][info][gc,heap        ] GC(71) Eden regions: 152->0(152)
[11.985s][info][gc,heap        ] GC(71) Survivor regions: 1->1(20)
[11.985s][info][gc,heap        ] GC(71) Old regions: 7->7
[11.985s][info][gc,heap        ] GC(71) Humongous regions: 0->0
[11.985s][info][gc,metaspace   ] GC(71) Metaspace: 9483K(9792K)->9483K(9792K) NonClass: 8426K(8576K)->8426K(8576K) Class: 1056K(1216K)->1056K(1216K)
[11.985s][info][gc             ] GC(71) Pause Young (Normal) (G1 Evacuation Pause) 307M->3M(512M) 1.185ms
[11.985s][info][gc,cpu         ] GC(71) User=0.00s Sys=0.00s Real=0.01s
[12.041s][info][gc,start       ] GC(72) Pause Young (Normal) (G1 Evacuation Pause)
[12.041s][info][gc,task        ] GC(72) Using 12 workers of 13 for evacuation
[12.042s][info][gc,phases      ] GC(72)   Pre Evacuate Collection Set: 0.1ms
[12.042s][info][gc,phases      ] GC(72)   Merge Heap Roots: 0.1ms
[12.042s][info][gc,phases      ] GC(72)   Evacuate Collection Set: 0.4ms
[12.042s][info][gc,phases      ] GC(72)   Post Evacuate Collection Set: 0.5ms
[12.042s][info][gc,phases      ] GC(72)   Other: 0.0ms
[12.042s][info][gc,heap        ] GC(72) Eden regions: 152->0(152)
[12.042s][info][gc,heap        ] GC(72) Survivor regions: 1->1(20)
[12.042s][info][gc,heap        ] GC(72) Old regions: 7->7
[12.042s][info][gc,heap        ] GC(72) Humongous regions: 0->0
[12.042s][info][gc,metaspace   ] GC(72) Metaspace: 9483K(9792K)->9483K(9792K) NonClass: 8426K(8576K)->8426K(8576K) Class: 1056K(1216K)->1056K(1216K)
[12.042s][info][gc             ] GC(72) Pause Young (Normal) (G1 Evacuation Pause) 307M->3M(512M) 1.284ms
[12.042s][info][gc,cpu         ] GC(72) User=0.00s Sys=0.00s Real=0.00s
[12.106s][info][gc,start       ] GC(73) Pause Young (Normal) (G1 Evacuation Pause)
[12.106s][info][gc,task        ] GC(73) Using 12 workers of 13 for evacuation
[12.107s][info][gc,phases      ] GC(73)   Pre Evacuate Collection Set: 0.1ms
[12.107s][info][gc,phases      ] GC(73)   Merge Heap Roots: 0.1ms
[12.107s][info][gc,phases      ] GC(73)   Evacuate Collection Set: 0.3ms
[12.107s][info][gc,phases      ] GC(73)   Post Evacuate Collection Set: 0.4ms
[12.107s][info][gc,phases      ] GC(73)   Other: 0.0ms
[12.107s][info][gc,heap        ] GC(73) Eden regions: 152->0(152)
[12.107s][info][gc,heap        ] GC(73) Survivor regions: 1->1(20)
[12.107s][info][gc,heap        ] GC(73) Old regions: 7->7
[12.107s][info][gc,heap        ] GC(73) Humongous regions: 0->0
[12.107s][info][gc,metaspace   ] GC(73) Metaspace: 9483K(9792K)->9483K(9792K) NonClass: 8426K(8576K)->8426K(8576K) Class: 1056K(1216K)->1056K(1216K)
[12.107s][info][gc             ] GC(73) Pause Young (Normal) (G1 Evacuation Pause) 307M->3M(512M) 1.231ms
[12.107s][info][gc,cpu         ] GC(73) User=0.01s Sys=0.00s Real=0.00s
[12.173s][info][gc,start       ] GC(74) Pause Young (Normal) (G1 Evacuation Pause)
[12.173s][info][gc,task        ] GC(74) Using 12 workers of 13 for evacuation
[12.174s][info][gc,phases      ] GC(74)   Pre Evacuate Collection Set: 0.1ms
[12.174s][info][gc,phases      ] GC(74)   Merge Heap Roots: 0.1ms
[12.174s][info][gc,phases      ] GC(74)   Evacuate Collection Set: 0.4ms
[12.174s][info][gc,phases      ] GC(74)   Post Evacuate Collection Set: 0.5ms
[12.174s][info][gc,phases      ] GC(74)   Other: 0.1ms
[12.174s][info][gc,heap        ] GC(74) Eden regions: 152->0(152)
[12.174s][info][gc,heap        ] GC(74) Survivor regions: 1->1(20)
[12.174s][info][gc,heap        ] GC(74) Old regions: 7->7
[12.174s][info][gc,heap        ] GC(74) Humongous regions: 0->0
[12.174s][info][gc,metaspace   ] GC(74) Metaspace: 9484K(9792K)->9484K(9792K) NonClass: 8427K(8576K)->8427K(8576K) Class: 1056K(1216K)->1056K(1216K)
[12.174s][info][gc             ] GC(74) Pause Young (Normal) (G1 Evacuation Pause) 307M->3M(512M) 1.318ms
[12.174s][info][gc,cpu         ] GC(74) User=0.00s Sys=0.00s Real=0.01s
[12.235s][info][gc,start       ] GC(75) Pause Young (Normal) (G1 Evacuation Pause)
[12.235s][info][gc,task        ] GC(75) Using 12 workers of 13 for evacuation
[12.236s][info][gc,phases      ] GC(75)   Pre Evacuate Collection Set: 0.2ms
[12.236s][info][gc,phases      ] GC(75)   Merge Heap Roots: 0.1ms
[12.236s][info][gc,phases      ] GC(75)   Evacuate Collection Set: 0.3ms
[12.236s][info][gc,phases      ] GC(75)   Post Evacuate Collection Set: 0.4ms
[12.236s][info][gc,phases      ] GC(75)   Other: 0.0ms
[12.236s][info][gc,heap        ] GC(75) Eden regions: 152->0(152)
[12.236s][info][gc,heap        ] GC(75) Survivor regions: 1->1(20)
[12.236s][info][gc,heap        ] GC(75) Old regions: 7->7
[12.236s][info][gc,heap        ] GC(75) Humongous regions: 0->0
[12.236s][info][gc,metaspace   ] GC(75) Metaspace: 9484K(9792K)->9484K(9792K) NonClass: 8427K(8576K)->8427K(8576K) Class: 1056K(1216K)->1056K(1216K)
[12.236s][info][gc             ] GC(75) Pause Young (Normal) (G1 Evacuation Pause) 307M->3M(512M) 1.269ms
[12.236s][info][gc,cpu         ] GC(75) User=0.01s Sys=0.00s Real=0.00s
[12.295s][info][gc,start       ] GC(76) Pause Young (Normal) (G1 Evacuation Pause)
[12.295s][info][gc,task        ] GC(76) Using 12 workers of 13 for evacuation
[12.296s][info][gc,phases      ] GC(76)   Pre Evacuate Collection Set: 0.1ms
[12.296s][info][gc,phases      ] GC(76)   Merge Heap Roots: 0.1ms
[12.296s][info][gc,phases      ] GC(76)   Evacuate Collection Set: 0.3ms
[12.296s][info][gc,phases      ] GC(76)   Post Evacuate Collection Set: 0.3ms
[12.296s][info][gc,phases      ] GC(76)   Other: 0.1ms
[12.296s][info][gc,heap        ] GC(76) Eden regions: 152->0(152)
[12.296s][info][gc,heap        ] GC(76) Survivor regions: 1->1(20)
[12.296s][info][gc,heap        ] GC(76) Old regions: 7->7
[12.296s][info][gc,heap        ] GC(76) Humongous regions: 0->0
[12.296s][info][gc,metaspace   ] GC(76) Metaspace: 9484K(9792K)->9484K(9792K) NonClass: 8427K(8576K)->8427K(8576K) Class: 1056K(1216K)->1056K(1216K)
[12.296s][info][gc             ] GC(76) Pause Young (Normal) (G1 Evacuation Pause) 307M->3M(512M) 1.088ms
[12.296s][info][gc,cpu         ] GC(76) User=0.00s Sys=0.00s Real=0.00s
[12.354s][info][gc,start       ] GC(77) Pause Young (Normal) (G1 Evacuation Pause)
[12.354s][info][gc,task        ] GC(77) Using 12 workers of 13 for evacuation
[12.355s][info][gc,phases      ] GC(77)   Pre Evacuate Collection Set: 0.1ms
[12.355s][info][gc,phases      ] GC(77)   Merge Heap Roots: 0.1ms
[12.355s][info][gc,phases      ] GC(77)   Evacuate Collection Set: 0.3ms
[12.355s][info][gc,phases      ] GC(77)   Post Evacuate Collection Set: 0.4ms
[12.355s][info][gc,phases      ] GC(77)   Other: 0.1ms
[12.355s][info][gc,heap        ] GC(77) Eden regions: 152->0(152)
[12.355s][info][gc,heap        ] GC(77) Survivor regions: 1->1(20)
[12.355s][info][gc,heap        ] GC(77) Old regions: 7->7
[12.355s][info][gc,heap        ] GC(77) Humongous regions: 0->0
[12.355s][info][gc,metaspace   ] GC(77) Metaspace: 9484K(9792K)->9484K(9792K) NonClass: 8427K(8576K)->8427K(8576K) Class: 1056K(1216K)->1056K(1216K)
[12.355s][info][gc             ] GC(77) Pause Young (Normal) (G1 Evacuation Pause) 307M->3M(512M) 1.187ms
[12.355s][info][gc,cpu         ] GC(77) User=0.01s Sys=0.00s Real=0.00s
[12.415s][info][gc,start       ] GC(78) Pause Young (Normal) (G1 Evacuation Pause)
[12.415s][info][gc,task        ] GC(78) Using 12 workers of 13 for evacuation
[12.415s][info][gc,phases      ] GC(78)   Pre Evacuate Collection Set: 0.1ms
[12.415s][info][gc,phases      ] GC(78)   Merge Heap Roots: 0.1ms
[12.415s][info][gc,phases      ] GC(78)   Evacuate Collection Set: 0.3ms
[12.415s][info][gc,phases      ] GC(78)   Post Evacuate Collection Set: 0.2ms
[12.415s][info][gc,phases      ] GC(78)   Other: 0.1ms
[12.415s][info][gc,heap        ] GC(78) Eden regions: 152->0(152)
[12.415s][info][gc,heap        ] GC(78) Survivor regions: 1->1(20)
[12.415s][info][gc,heap        ] GC(78) Old regions: 7->7
[12.415s][info][gc,heap        ] GC(78) Humongous regions: 0->0
[12.415s][info][gc,metaspace   ] GC(78) Metaspace: 9484K(9792K)->9484K(9792K) NonClass: 8427K(8576K)->8427K(8576K) Class: 1056K(1216K)->1056K(1216K)
[12.415s][info][gc             ] GC(78) Pause Young (Normal) (G1 Evacuation Pause) 307M->3M(512M) 0.929ms
[12.415s][info][gc,cpu         ] GC(78) User=0.01s Sys=0.00s Real=0.00s
[12.474s][info][gc,start       ] GC(79) Pause Young (Normal) (G1 Evacuation Pause)
[12.474s][info][gc,task        ] GC(79) Using 12 workers of 13 for evacuation
[12.475s][info][gc,phases      ] GC(79)   Pre Evacuate Collection Set: 0.1ms
[12.475s][info][gc,phases      ] GC(79)   Merge Heap Roots: 0.1ms
[12.475s][info][gc,phases      ] GC(79)   Evacuate Collection Set: 0.3ms
[12.475s][info][gc,phases      ] GC(79)   Post Evacuate Collection Set: 0.3ms
[12.475s][info][gc,phases      ] GC(79)   Other: 0.1ms
[12.475s][info][gc,heap        ] GC(79) Eden regions: 152->0(152)
[12.475s][info][gc,heap        ] GC(79) Survivor regions: 1->1(20)
[12.475s][info][gc,heap        ] GC(79) Old regions: 7->7
[12.475s][info][gc,heap        ] GC(79) Humongous regions: 0->0
[12.475s][info][gc,metaspace   ] GC(79) Metaspace: 9484K(9792K)->9484K(9792K) NonClass: 8427K(8576K)->8427K(8576K) Class: 1056K(1216K)->1056K(1216K)
[12.475s][info][gc             ] GC(79) Pause Young (Normal) (G1 Evacuation Pause) 307M->3M(512M) 0.909ms
[12.475s][info][gc,cpu         ] GC(79) User=0.00s Sys=0.00s Real=0.00s
[12.534s][info][gc,start       ] GC(80) Pause Young (Normal) (G1 Evacuation Pause)
[12.534s][info][gc,task        ] GC(80) Using 12 workers of 13 for evacuation
[12.535s][info][gc,phases      ] GC(80)   Pre Evacuate Collection Set: 0.1ms
[12.535s][info][gc,phases      ] GC(80)   Merge Heap Roots: 0.1ms
[12.535s][info][gc,phases      ] GC(80)   Evacuate Collection Set: 0.4ms
[12.535s][info][gc,phases      ] GC(80)   Post Evacuate Collection Set: 0.4ms
[12.535s][info][gc,phases      ] GC(80)   Other: 0.1ms
[12.535s][info][gc,heap        ] GC(80) Eden regions: 152->0(152)
[12.535s][info][gc,heap        ] GC(80) Survivor regions: 1->1(20)
[12.535s][info][gc,heap        ] GC(80) Old regions: 7->7
[12.535s][info][gc,heap        ] GC(80) Humongous regions: 0->0
[12.535s][info][gc,metaspace   ] GC(80) Metaspace: 9484K(9792K)->9484K(9792K) NonClass: 8427K(8576K)->8427K(8576K) Class: 1056K(1216K)->1056K(1216K)
[12.535s][info][gc             ] GC(80) Pause Young (Normal) (G1 Evacuation Pause) 307M->3M(512M) 1.231ms
[12.535s][info][gc,cpu         ] GC(80) User=0.01s Sys=0.01s Real=0.00s
[12.595s][info][gc,start       ] GC(81) Pause Young (Normal) (G1 Evacuation Pause)
[12.595s][info][gc,task        ] GC(81) Using 12 workers of 13 for evacuation
[12.597s][info][gc,phases      ] GC(81)   Pre Evacuate Collection Set: 0.1ms
[12.597s][info][gc,phases      ] GC(81)   Merge Heap Roots: 0.1ms
[12.597s][info][gc,phases      ] GC(81)   Evacuate Collection Set: 0.4ms
[12.597s][info][gc,phases      ] GC(81)   Post Evacuate Collection Set: 0.5ms
[12.597s][info][gc,phases      ] GC(81)   Other: 0.0ms
[12.597s][info][gc,heap        ] GC(81) Eden regions: 152->0(152)
[12.597s][info][gc,heap        ] GC(81) Survivor regions: 1->1(20)
[12.597s][info][gc,heap        ] GC(81) Old regions: 7->7
[12.597s][info][gc,heap        ] GC(81) Humongous regions: 0->0
[12.597s][info][gc,metaspace   ] GC(81) Metaspace: 9484K(9792K)->9484K(9792K) NonClass: 8427K(8576K)->8427K(8576K) Class: 1056K(1216K)->1056K(1216K)
[12.597s][info][gc             ] GC(81) Pause Young (Normal) (G1 Evacuation Pause) 307M->3M(512M) 1.384ms
[12.597s][info][gc,cpu         ] GC(81) User=0.00s Sys=0.00s Real=0.00s
[12.653s][info][gc,start       ] GC(82) Pause Young (Normal) (G1 Evacuation Pause)
[12.653s][info][gc,task        ] GC(82) Using 12 workers of 13 for evacuation
[12.655s][info][gc,phases      ] GC(82)   Pre Evacuate Collection Set: 0.1ms
[12.655s][info][gc,phases      ] GC(82)   Merge Heap Roots: 0.1ms
[12.655s][info][gc,phases      ] GC(82)   Evacuate Collection Set: 0.4ms
[12.655s][info][gc,phases      ] GC(82)   Post Evacuate Collection Set: 0.4ms
[12.655s][info][gc,phases      ] GC(82)   Other: 0.1ms
[12.655s][info][gc,heap        ] GC(82) Eden regions: 152->0(152)
[12.655s][info][gc,heap        ] GC(82) Survivor regions: 1->1(20)
[12.655s][info][gc,heap        ] GC(82) Old regions: 7->7
[12.655s][info][gc,heap        ] GC(82) Humongous regions: 0->0
[12.655s][info][gc,metaspace   ] GC(82) Metaspace: 9484K(9792K)->9484K(9792K) NonClass: 8427K(8576K)->8427K(8576K) Class: 1056K(1216K)->1056K(1216K)
[12.655s][info][gc             ] GC(82) Pause Young (Normal) (G1 Evacuation Pause) 307M->3M(512M) 1.284ms
[12.655s][info][gc,cpu         ] GC(82) User=0.00s Sys=0.00s Real=0.01s
[12.711s][info][gc,start       ] GC(83) Pause Young (Normal) (G1 Evacuation Pause)
[12.711s][info][gc,task        ] GC(83) Using 12 workers of 13 for evacuation
[12.712s][info][gc,phases      ] GC(83)   Pre Evacuate Collection Set: 0.1ms
[12.712s][info][gc,phases      ] GC(83)   Merge Heap Roots: 0.1ms
[12.712s][info][gc,phases      ] GC(83)   Evacuate Collection Set: 0.3ms
[12.712s][info][gc,phases      ] GC(83)   Post Evacuate Collection Set: 0.3ms
[12.712s][info][gc,phases      ] GC(83)   Other: 0.1ms
[12.712s][info][gc,heap        ] GC(83) Eden regions: 152->0(152)
[12.712s][info][gc,heap        ] GC(83) Survivor regions: 1->1(20)
[12.712s][info][gc,heap        ] GC(83) Old regions: 7->7
[12.712s][info][gc,heap        ] GC(83) Humongous regions: 0->0
[12.712s][info][gc,metaspace   ] GC(83) Metaspace: 9484K(9792K)->9484K(9792K) NonClass: 8427K(8576K)->8427K(8576K) Class: 1056K(1216K)->1056K(1216K)
[12.712s][info][gc             ] GC(83) Pause Young (Normal) (G1 Evacuation Pause) 307M->3M(512M) 1.080ms
[12.712s][info][gc,cpu         ] GC(83) User=0.00s Sys=0.00s Real=0.00s
[12.768s][info][gc,start       ] GC(84) Pause Young (Normal) (G1 Evacuation Pause)
[12.768s][info][gc,task        ] GC(84) Using 12 workers of 13 for evacuation
[12.769s][info][gc,phases      ] GC(84)   Pre Evacuate Collection Set: 0.1ms
[12.769s][info][gc,phases      ] GC(84)   Merge Heap Roots: 0.1ms
[12.769s][info][gc,phases      ] GC(84)   Evacuate Collection Set: 0.3ms
[12.769s][info][gc,phases      ] GC(84)   Post Evacuate Collection Set: 0.3ms
[12.769s][info][gc,phases      ] GC(84)   Other: 0.0ms
[12.769s][info][gc,heap        ] GC(84) Eden regions: 152->0(152)
[12.769s][info][gc,heap        ] GC(84) Survivor regions: 1->1(20)
[12.769s][info][gc,heap        ] GC(84) Old regions: 7->7
[12.769s][info][gc,heap        ] GC(84) Humongous regions: 0->0
[12.769s][info][gc,metaspace   ] GC(84) Metaspace: 9484K(9792K)->9484K(9792K) NonClass: 8427K(8576K)->8427K(8576K) Class: 1056K(1216K)->1056K(1216K)
[12.769s][info][gc             ] GC(84) Pause Young (Normal) (G1 Evacuation Pause) 307M->3M(512M) 0.903ms
[12.769s][info][gc,cpu         ] GC(84) User=0.00s Sys=0.00s Real=0.00s
[12.828s][info][gc,start       ] GC(85) Pause Young (Normal) (G1 Evacuation Pause)
[12.828s][info][gc,task        ] GC(85) Using 12 workers of 13 for evacuation
[12.830s][info][gc,phases      ] GC(85)   Pre Evacuate Collection Set: 0.1ms
[12.830s][info][gc,phases      ] GC(85)   Merge Heap Roots: 0.1ms
[12.830s][info][gc,phases      ] GC(85)   Evacuate Collection Set: 0.3ms
[12.830s][info][gc,phases      ] GC(85)   Post Evacuate Collection Set: 0.5ms
[12.830s][info][gc,phases      ] GC(85)   Other: 0.1ms
[12.830s][info][gc,heap        ] GC(85) Eden regions: 152->0(152)
[12.830s][info][gc,heap        ] GC(85) Survivor regions: 1->1(20)
[12.830s][info][gc,heap        ] GC(85) Old regions: 7->7
[12.830s][info][gc,heap        ] GC(85) Humongous regions: 0->0
[12.830s][info][gc,metaspace   ] GC(85) Metaspace: 9484K(9792K)->9484K(9792K) NonClass: 8427K(8576K)->8427K(8576K) Class: 1056K(1216K)->1056K(1216K)
[12.830s][info][gc             ] GC(85) Pause Young (Normal) (G1 Evacuation Pause) 307M->3M(512M) 1.236ms
[12.830s][info][gc,cpu         ] GC(85) User=0.00s Sys=0.00s Real=0.00s
[12.887s][info][gc,start       ] GC(86) Pause Young (Normal) (G1 Evacuation Pause)
[12.887s][info][gc,task        ] GC(86) Using 12 workers of 13 for evacuation
[12.888s][info][gc,phases      ] GC(86)   Pre Evacuate Collection Set: 0.1ms
[12.888s][info][gc,phases      ] GC(86)   Merge Heap Roots: 0.1ms
[12.888s][info][gc,phases      ] GC(86)   Evacuate Collection Set: 0.5ms
[12.888s][info][gc,phases      ] GC(86)   Post Evacuate Collection Set: 0.5ms
[12.888s][info][gc,phases      ] GC(86)   Other: 0.0ms
[12.888s][info][gc,heap        ] GC(86) Eden regions: 152->0(152)
[12.888s][info][gc,heap        ] GC(86) Survivor regions: 1->1(20)
[12.888s][info][gc,heap        ] GC(86) Old regions: 7->7
[12.888s][info][gc,heap        ] GC(86) Humongous regions: 0->0
[12.888s][info][gc,metaspace   ] GC(86) Metaspace: 9484K(9792K)->9484K(9792K) NonClass: 8427K(8576K)->8427K(8576K) Class: 1056K(1216K)->1056K(1216K)
[12.888s][info][gc             ] GC(86) Pause Young (Normal) (G1 Evacuation Pause) 307M->3M(512M) 1.444ms
[12.888s][info][gc,cpu         ] GC(86) User=0.00s Sys=0.00s Real=0.00s
[12.947s][info][gc,start       ] GC(87) Pause Young (Normal) (G1 Evacuation Pause)
[12.947s][info][gc,task        ] GC(87) Using 12 workers of 13 for evacuation
[12.948s][info][gc,phases      ] GC(87)   Pre Evacuate Collection Set: 0.1ms
[12.948s][info][gc,phases      ] GC(87)   Merge Heap Roots: 0.1ms
[12.948s][info][gc,phases      ] GC(87)   Evacuate Collection Set: 0.3ms
[12.948s][info][gc,phases      ] GC(87)   Post Evacuate Collection Set: 0.2ms
[12.948s][info][gc,phases      ] GC(87)   Other: 0.0ms
[12.948s][info][gc,heap        ] GC(87) Eden regions: 152->0(152)
[12.948s][info][gc,heap        ] GC(87) Survivor regions: 1->1(20)
[12.948s][info][gc,heap        ] GC(87) Old regions: 7->7
[12.948s][info][gc,heap        ] GC(87) Humongous regions: 0->0
[12.948s][info][gc,metaspace   ] GC(87) Metaspace: 9484K(9792K)->9484K(9792K) NonClass: 8427K(8576K)->8427K(8576K) Class: 1056K(1216K)->1056K(1216K)
[12.948s][info][gc             ] GC(87) Pause Young (Normal) (G1 Evacuation Pause) 307M->3M(512M) 0.905ms
[12.948s][info][gc,cpu         ] GC(87) User=0.00s Sys=0.00s Real=0.00s
[13.003s][info][gc,start       ] GC(88) Pause Young (Normal) (G1 Evacuation Pause)
[13.003s][info][gc,task        ] GC(88) Using 12 workers of 13 for evacuation
[13.004s][info][gc,phases      ] GC(88)   Pre Evacuate Collection Set: 0.1ms
[13.004s][info][gc,phases      ] GC(88)   Merge Heap Roots: 0.1ms
[13.004s][info][gc,phases      ] GC(88)   Evacuate Collection Set: 0.3ms
[13.004s][info][gc,phases      ] GC(88)   Post Evacuate Collection Set: 0.4ms
[13.004s][info][gc,phases      ] GC(88)   Other: 0.1ms
[13.004s][info][gc,heap        ] GC(88) Eden regions: 152->0(152)
[13.004s][info][gc,heap        ] GC(88) Survivor regions: 1->1(20)
[13.004s][info][gc,heap        ] GC(88) Old regions: 7->7
[13.004s][info][gc,heap        ] GC(88) Humongous regions: 0->0
[13.004s][info][gc,metaspace   ] GC(88) Metaspace: 9484K(9792K)->9484K(9792K) NonClass: 8427K(8576K)->8427K(8576K) Class: 1056K(1216K)->1056K(1216K)
[13.004s][info][gc             ] GC(88) Pause Young (Normal) (G1 Evacuation Pause) 307M->3M(512M) 1.164ms
[13.004s][info][gc,cpu         ] GC(88) User=0.00s Sys=0.01s Real=0.01s
[13.059s][info][gc,start       ] GC(89) Pause Young (Normal) (G1 Evacuation Pause)
[13.059s][info][gc,task        ] GC(89) Using 12 workers of 13 for evacuation
[13.060s][info][gc,phases      ] GC(89)   Pre Evacuate Collection Set: 0.1ms
[13.060s][info][gc,phases      ] GC(89)   Merge Heap Roots: 0.1ms
[13.060s][info][gc,phases      ] GC(89)   Evacuate Collection Set: 0.4ms
[13.060s][info][gc,phases      ] GC(89)   Post Evacuate Collection Set: 0.4ms
[13.060s][info][gc,phases      ] GC(89)   Other: 0.1ms
[13.060s][info][gc,heap        ] GC(89) Eden regions: 152->0(152)
[13.060s][info][gc,heap        ] GC(89) Survivor regions: 1->1(20)
[13.060s][info][gc,heap        ] GC(89) Old regions: 7->7
[13.060s][info][gc,heap        ] GC(89) Humongous regions: 0->0
[13.060s][info][gc,metaspace   ] GC(89) Metaspace: 9484K(9792K)->9484K(9792K) NonClass: 8427K(8576K)->8427K(8576K) Class: 1056K(1216K)->1056K(1216K)
[13.060s][info][gc             ] GC(89) Pause Young (Normal) (G1 Evacuation Pause) 307M->3M(512M) 1.315ms
[13.060s][info][gc,cpu         ] GC(89) User=0.00s Sys=0.00s Real=0.00s
[13.115s][info][gc,start       ] GC(90) Pause Young (Normal) (G1 Evacuation Pause)
[13.115s][info][gc,task        ] GC(90) Using 12 workers of 13 for evacuation
[13.116s][info][gc,phases      ] GC(90)   Pre Evacuate Collection Set: 0.1ms
[13.116s][info][gc,phases      ] GC(90)   Merge Heap Roots: 0.1ms
[13.116s][info][gc,phases      ] GC(90)   Evacuate Collection Set: 0.3ms
[13.116s][info][gc,phases      ] GC(90)   Post Evacuate Collection Set: 0.4ms
[13.116s][info][gc,phases      ] GC(90)   Other: 0.0ms
[13.116s][info][gc,heap        ] GC(90) Eden regions: 152->0(152)
[13.116s][info][gc,heap        ] GC(90) Survivor regions: 1->1(20)
[13.116s][info][gc,heap        ] GC(90) Old regions: 7->7
[13.116s][info][gc,heap        ] GC(90) Humongous regions: 0->0
[13.116s][info][gc,metaspace   ] GC(90) Metaspace: 9484K(9792K)->9484K(9792K) NonClass: 8427K(8576K)->8427K(8576K) Class: 1056K(1216K)->1056K(1216K)
[13.116s][info][gc             ] GC(90) Pause Young (Normal) (G1 Evacuation Pause) 307M->3M(512M) 1.166ms
[13.116s][info][gc,cpu         ] GC(90) User=0.01s Sys=0.00s Real=0.00s
[13.177s][info][gc,start       ] GC(91) Pause Young (Normal) (G1 Evacuation Pause)
[13.177s][info][gc,task        ] GC(91) Using 12 workers of 13 for evacuation
[13.178s][info][gc,phases      ] GC(91)   Pre Evacuate Collection Set: 0.1ms
[13.178s][info][gc,phases      ] GC(91)   Merge Heap Roots: 0.1ms
[13.178s][info][gc,phases      ] GC(91)   Evacuate Collection Set: 0.2ms
[13.178s][info][gc,phases      ] GC(91)   Post Evacuate Collection Set: 0.2ms
[13.178s][info][gc,phases      ] GC(91)   Other: 0.0ms
[13.178s][info][gc,heap        ] GC(91) Eden regions: 152->0(152)
[13.178s][info][gc,heap        ] GC(91) Survivor regions: 1->1(20)
[13.178s][info][gc,heap        ] GC(91) Old regions: 7->7
[13.178s][info][gc,heap        ] GC(91) Humongous regions: 0->0
[13.178s][info][gc,metaspace   ] GC(91) Metaspace: 9484K(9792K)->9484K(9792K) NonClass: 8427K(8576K)->8427K(8576K) Class: 1056K(1216K)->1056K(1216K)
[13.178s][info][gc             ] GC(91) Pause Young (Normal) (G1 Evacuation Pause) 307M->3M(512M) 0.871ms
[13.178s][info][gc,cpu         ] GC(91) User=0.00s Sys=0.00s Real=0.00s
[13.238s][info][gc,start       ] GC(92) Pause Young (Normal) (G1 Evacuation Pause)
[13.238s][info][gc,task        ] GC(92) Using 12 workers of 13 for evacuation
[13.239s][info][gc,phases      ] GC(92)   Pre Evacuate Collection Set: 0.1ms
[13.239s][info][gc,phases      ] GC(92)   Merge Heap Roots: 0.1ms
[13.239s][info][gc,phases      ] GC(92)   Evacuate Collection Set: 0.3ms
[13.239s][info][gc,phases      ] GC(92)   Post Evacuate Collection Set: 0.3ms
[13.239s][info][gc,phases      ] GC(92)   Other: 0.1ms
[13.239s][info][gc,heap        ] GC(92) Eden regions: 152->0(152)
[13.239s][info][gc,heap        ] GC(92) Survivor regions: 1->1(20)
[13.239s][info][gc,heap        ] GC(92) Old regions: 7->7
[13.239s][info][gc,heap        ] GC(92) Humongous regions: 0->0
[13.239s][info][gc,metaspace   ] GC(92) Metaspace: 9484K(9792K)->9484K(9792K) NonClass: 8427K(8576K)->8427K(8576K) Class: 1056K(1216K)->1056K(1216K)
[13.239s][info][gc             ] GC(92) Pause Young (Normal) (G1 Evacuation Pause) 307M->3M(512M) 0.974ms
[13.239s][info][gc,cpu         ] GC(92) User=0.00s Sys=0.00s Real=0.00s
[13.299s][info][gc,start       ] GC(93) Pause Young (Normal) (G1 Evacuation Pause)
[13.299s][info][gc,task        ] GC(93) Using 12 workers of 13 for evacuation
[13.300s][info][gc,phases      ] GC(93)   Pre Evacuate Collection Set: 0.1ms
[13.300s][info][gc,phases      ] GC(93)   Merge Heap Roots: 0.1ms
[13.300s][info][gc,phases      ] GC(93)   Evacuate Collection Set: 0.2ms
[13.300s][info][gc,phases      ] GC(93)   Post Evacuate Collection Set: 0.2ms
[13.300s][info][gc,phases      ] GC(93)   Other: 0.0ms
[13.300s][info][gc,heap        ] GC(93) Eden regions: 152->0(152)
[13.300s][info][gc,heap        ] GC(93) Survivor regions: 1->1(20)
[13.300s][info][gc,heap        ] GC(93) Old regions: 7->7
[13.300s][info][gc,heap        ] GC(93) Humongous regions: 0->0
[13.300s][info][gc,metaspace   ] GC(93) Metaspace: 9484K(9792K)->9484K(9792K) NonClass: 8427K(8576K)->8427K(8576K) Class: 1056K(1216K)->1056K(1216K)
[13.300s][info][gc             ] GC(93) Pause Young (Normal) (G1 Evacuation Pause) 307M->3M(512M) 0.827ms
[13.300s][info][gc,cpu         ] GC(93) User=0.01s Sys=0.01s Real=0.00s
[13.364s][info][gc,start       ] GC(94) Pause Young (Normal) (G1 Evacuation Pause)
[13.364s][info][gc,task        ] GC(94) Using 12 workers of 13 for evacuation
[13.365s][info][gc,phases      ] GC(94)   Pre Evacuate Collection Set: 0.1ms
[13.365s][info][gc,phases      ] GC(94)   Merge Heap Roots: 0.1ms
[13.365s][info][gc,phases      ] GC(94)   Evacuate Collection Set: 0.3ms
[13.365s][info][gc,phases      ] GC(94)   Post Evacuate Collection Set: 0.3ms
[13.365s][info][gc,phases      ] GC(94)   Other: 0.1ms
[13.365s][info][gc,heap        ] GC(94) Eden regions: 152->0(152)
[13.365s][info][gc,heap        ] GC(94) Survivor regions: 1->1(20)
[13.365s][info][gc,heap        ] GC(94) Old regions: 7->7
[13.365s][info][gc,heap        ] GC(94) Humongous regions: 0->0
[13.365s][info][gc,metaspace   ] GC(94) Metaspace: 9484K(9792K)->9484K(9792K) NonClass: 8427K(8576K)->8427K(8576K) Class: 1056K(1216K)->1056K(1216K)
[13.365s][info][gc             ] GC(94) Pause Young (Normal) (G1 Evacuation Pause) 307M->3M(512M) 1.103ms
[13.365s][info][gc,cpu         ] GC(94) User=0.00s Sys=0.00s Real=0.00s
[13.421s][info][gc,start       ] GC(95) Pause Young (Normal) (G1 Evacuation Pause)
[13.421s][info][gc,task        ] GC(95) Using 12 workers of 13 for evacuation
[13.422s][info][gc,phases      ] GC(95)   Pre Evacuate Collection Set: 0.1ms
[13.422s][info][gc,phases      ] GC(95)   Merge Heap Roots: 0.1ms
[13.422s][info][gc,phases      ] GC(95)   Evacuate Collection Set: 0.4ms
[13.422s][info][gc,phases      ] GC(95)   Post Evacuate Collection Set: 0.5ms
[13.422s][info][gc,phases      ] GC(95)   Other: 0.0ms
[13.422s][info][gc,heap        ] GC(95) Eden regions: 152->0(152)
[13.422s][info][gc,heap        ] GC(95) Survivor regions: 1->1(20)
[13.422s][info][gc,heap        ] GC(95) Old regions: 7->7
[13.422s][info][gc,heap        ] GC(95) Humongous regions: 0->0
[13.422s][info][gc,metaspace   ] GC(95) Metaspace: 9484K(9792K)->9484K(9792K) NonClass: 8427K(8576K)->8427K(8576K) Class: 1056K(1216K)->1056K(1216K)
[13.422s][info][gc             ] GC(95) Pause Young (Normal) (G1 Evacuation Pause) 307M->3M(512M) 1.231ms
[13.422s][info][gc,cpu         ] GC(95) User=0.00s Sys=0.00s Real=0.00s
[13.486s][info][gc,start       ] GC(96) Pause Young (Normal) (G1 Evacuation Pause)
[13.486s][info][gc,task        ] GC(96) Using 12 workers of 13 for evacuation
[13.486s][info][gc,phases      ] GC(96)   Pre Evacuate Collection Set: 0.1ms
[13.487s][info][gc,phases      ] GC(96)   Merge Heap Roots: 0.1ms
[13.487s][info][gc,phases      ] GC(96)   Evacuate Collection Set: 0.3ms
[13.487s][info][gc,phases      ] GC(96)   Post Evacuate Collection Set: 0.3ms
[13.487s][info][gc,phases      ] GC(96)   Other: 0.0ms
[13.487s][info][gc,heap        ] GC(96) Eden regions: 152->0(152)
[13.487s][info][gc,heap        ] GC(96) Survivor regions: 1->1(20)
[13.487s][info][gc,heap        ] GC(96) Old regions: 7->7
[13.487s][info][gc,heap        ] GC(96) Humongous regions: 0->0
[13.487s][info][gc,metaspace   ] GC(96) Metaspace: 9484K(9792K)->9484K(9792K) NonClass: 8427K(8576K)->8427K(8576K) Class: 1056K(1216K)->1056K(1216K)
[13.487s][info][gc             ] GC(96) Pause Young (Normal) (G1 Evacuation Pause) 307M->3M(512M) 0.882ms
[13.487s][info][gc,cpu         ] GC(96) User=0.00s Sys=0.00s Real=0.00s
[13.545s][info][gc,start       ] GC(97) Pause Young (Normal) (G1 Evacuation Pause)
[13.545s][info][gc,task        ] GC(97) Using 12 workers of 13 for evacuation
[13.546s][info][gc,phases      ] GC(97)   Pre Evacuate Collection Set: 0.1ms
[13.546s][info][gc,phases      ] GC(97)   Merge Heap Roots: 0.1ms
[13.546s][info][gc,phases      ] GC(97)   Evacuate Collection Set: 0.4ms
[13.546s][info][gc,phases      ] GC(97)   Post Evacuate Collection Set: 0.5ms
[13.546s][info][gc,phases      ] GC(97)   Other: 0.1ms
[13.546s][info][gc,heap        ] GC(97) Eden regions: 152->0(152)
[13.546s][info][gc,heap        ] GC(97) Survivor regions: 1->1(20)
[13.546s][info][gc,heap        ] GC(97) Old regions: 7->7
[13.546s][info][gc,heap        ] GC(97) Humongous regions: 0->0
[13.546s][info][gc,metaspace   ] GC(97) Metaspace: 9484K(9792K)->9484K(9792K) NonClass: 8428K(8576K)->8428K(8576K) Class: 1056K(1216K)->1056K(1216K)
[13.546s][info][gc             ] GC(97) Pause Young (Normal) (G1 Evacuation Pause) 307M->3M(512M) 1.359ms
[13.546s][info][gc,cpu         ] GC(97) User=0.01s Sys=0.01s Real=0.00s
[13.580s][info][gc,heap,exit   ] Heap
[13.580s][info][gc,heap,exit   ]  garbage-first heap   total 524288K, used 191847K [0x0000000700000000, 0x0000000800000000)
[13.580s][info][gc,heap,exit   ]   region size 2048K, 93 young (190464K), 1 survivors (2048K)
[13.580s][info][gc,heap,exit   ]  Metaspace       used 9485K, committed 9792K, reserved 1114112K
[13.580s][info][gc,heap,exit   ]   class space    used 1056K, committed 1216K, reserved 1048576K
